Archive member included to satisfy reference by file (symbol)

c:/program files (x86)/gnu tools arm embedded/5.4 2016q2/bin/../lib/gcc/arm-none-eabi/5.4.1/../../../../arm-none-eabi/lib/armv7-m\libg.a(lib_a-memcpy.o)
                              ..\obj\queue.o (memcpy)
c:/program files (x86)/gnu tools arm embedded/5.4 2016q2/bin/../lib/gcc/arm-none-eabi/5.4.1/../../../../arm-none-eabi/lib/armv7-m\libg.a(lib_a-memset.o)
                              ..\obj\tasks.o (memset)
c:/program files (x86)/gnu tools arm embedded/5.4 2016q2/bin/../lib/gcc/arm-none-eabi/5.4.1/../../../../arm-none-eabi/lib/armv7-m\libg.a(lib_a-strncpy.o)
                              ..\obj\tasks.o (strncpy)

Allocating common symbols
Common symbol       size              file

SysTickCounter      0x4               ..\obj\kit1768.o

Discarded input sections

 .text          0x00000000        0x0 ..\obj\kit1768.o
 .data          0x00000000        0x0 ..\obj\kit1768.o
 .bss           0x00000000        0x0 ..\obj\kit1768.o
 .rodata        0x00000000        0xa ..\obj\kit1768.o
 .text.KIT1768_10msDelay
                0x00000000       0x28 ..\obj\kit1768.o
 .text.KIT1768_Init
                0x00000000       0xa8 ..\obj\kit1768.o
 .text.KIT1768_Led_Enable
                0x00000000       0x30 ..\obj\kit1768.o
 .text.KIT1768_Led_Ein
                0x00000000       0xa0 ..\obj\kit1768.o
 .text.KIT1768_Alle_Led_Ein
                0x00000000       0x4c ..\obj\kit1768.o
 .text.KIT1768_Led_Aus
                0x00000000       0xa0 ..\obj\kit1768.o
 .text.KIT1768_Alle_Led_Aus
                0x00000000       0x44 ..\obj\kit1768.o
 .text.KIT1768_Segment_Ein
                0x00000000       0xd4 ..\obj\kit1768.o
 .text.KIT1768_Lese_Taste
                0x00000000      0x104 ..\obj\kit1768.o
 .text.KIT1768_Lese_Alle_Tasten
                0x00000000       0x48 ..\obj\kit1768.o
 .text.KIT1768_Lese_Schalter
                0x00000000      0x104 ..\obj\kit1768.o
 .text.KIT1768_Lese_Alle_Schalter
                0x00000000       0x48 ..\obj\kit1768.o
 .text          0x00000000        0x0 ..\obj\lpc17xx_clkpwr.o
 .data          0x00000000        0x0 ..\obj\lpc17xx_clkpwr.o
 .bss           0x00000000        0x0 ..\obj\lpc17xx_clkpwr.o
 .text.CLKPWR_SetPCLKDiv
                0x00000000       0x8c ..\obj\lpc17xx_clkpwr.o
 .text.CLKPWR_GetPCLKSEL
                0x00000000       0x48 ..\obj\lpc17xx_clkpwr.o
 .text.CLKPWR_GetPCLK
                0x00000000       0x64 ..\obj\lpc17xx_clkpwr.o
 .text.CLKPWR_ConfigPPWR
                0x00000000       0x58 ..\obj\lpc17xx_clkpwr.o
 .text.CLKPWR_Sleep
                0x00000000       0x1c ..\obj\lpc17xx_clkpwr.o
 .text.CLKPWR_DeepSleep
                0x00000000       0x24 ..\obj\lpc17xx_clkpwr.o
 .text.CLKPWR_PowerDown
                0x00000000       0x24 ..\obj\lpc17xx_clkpwr.o
 .text.CLKPWR_DeepPowerDown
                0x00000000       0x24 ..\obj\lpc17xx_clkpwr.o
 .debug_info    0x00000000      0x67d ..\obj\lpc17xx_clkpwr.o
 .debug_abbrev  0x00000000      0x1c7 ..\obj\lpc17xx_clkpwr.o
 .debug_aranges
                0x00000000       0x58 ..\obj\lpc17xx_clkpwr.o
 .debug_ranges  0x00000000       0x48 ..\obj\lpc17xx_clkpwr.o
 .debug_line    0x00000000      0x34e ..\obj\lpc17xx_clkpwr.o
 .debug_str     0x00000000      0x439 ..\obj\lpc17xx_clkpwr.o
 .comment       0x00000000       0x6f ..\obj\lpc17xx_clkpwr.o
 .debug_frame   0x00000000      0x12c ..\obj\lpc17xx_clkpwr.o
 .ARM.attributes
                0x00000000       0x33 ..\obj\lpc17xx_clkpwr.o
 .text          0x00000000        0x0 ..\obj\system_LPC17xx.o
 .data          0x00000000        0x4 ..\obj\system_LPC17xx.o
 .bss           0x00000000        0x0 ..\obj\system_LPC17xx.o
 .text.SystemCoreClockUpdate
                0x00000000      0x164 ..\obj\system_LPC17xx.o
 .text          0x00000000        0x0 ..\obj\lpc17xx_emac.o
 .data          0x00000000        0x0 ..\obj\lpc17xx_emac.o
 .bss           0x00000000     0x2a64 ..\obj\lpc17xx_emac.o
 .rodata        0x00000000        0x7 ..\obj\lpc17xx_emac.o
 .text.rx_descr_init
                0x00000000       0x94 ..\obj\lpc17xx_emac.o
 .text.tx_descr_init
                0x00000000       0x84 ..\obj\lpc17xx_emac.o
 .text.write_PHY
                0x00000000       0x58 ..\obj\lpc17xx_emac.o
 .text.read_PHY
                0x00000000       0x60 ..\obj\lpc17xx_emac.o
 .text.setEmacAddr
                0x00000000       0x54 ..\obj\lpc17xx_emac.o
 .text.emac_CRCCalc
                0x00000000       0xec ..\obj\lpc17xx_emac.o
 .text.EMAC_Init
                0x00000000      0x1b0 ..\obj\lpc17xx_emac.o
 .text.EMAC_DeInit
                0x00000000       0x28 ..\obj\lpc17xx_emac.o
 .text.EMAC_CheckPHYStatus
                0x00000000       0x70 ..\obj\lpc17xx_emac.o
 .text.EMAC_SetPHYMode
                0x00000000       0xe8 ..\obj\lpc17xx_emac.o
 .text.EMAC_UpdatePHYStatus
                0x00000000       0xa4 ..\obj\lpc17xx_emac.o
 .text.EMAC_SetHashFilter
                0x00000000       0x90 ..\obj\lpc17xx_emac.o
 .text.EMAC_SetFilterMode
                0x00000000       0x48 ..\obj\lpc17xx_emac.o
 .text.EMAC_GetWoLStatus
                0x00000000       0x34 ..\obj\lpc17xx_emac.o
 .text.EMAC_WritePacketBuffer
                0x00000000       0x6c ..\obj\lpc17xx_emac.o
 .text.EMAC_ReadPacketBuffer
                0x00000000       0x60 ..\obj\lpc17xx_emac.o
 .text.EMAC_IntCmd
                0x00000000       0x48 ..\obj\lpc17xx_emac.o
 .text.EMAC_IntGetStatus
                0x00000000       0x34 ..\obj\lpc17xx_emac.o
 .text.EMAC_CheckReceiveIndex
                0x00000000       0x28 ..\obj\lpc17xx_emac.o
 .text.EMAC_CheckTransmitIndex
                0x00000000       0x30 ..\obj\lpc17xx_emac.o
 .text.EMAC_CheckReceiveDataStatus
                0x00000000       0x38 ..\obj\lpc17xx_emac.o
 .text.EMAC_GetReceiveDataSize
                0x00000000       0x2c ..\obj\lpc17xx_emac.o
 .text.EMAC_UpdateRxConsumeIndex
                0x00000000       0x34 ..\obj\lpc17xx_emac.o
 .text.EMAC_UpdateTxProduceIndex
                0x00000000       0x34 ..\obj\lpc17xx_emac.o
 .debug_info    0x00000000      0xcb1 ..\obj\lpc17xx_emac.o
 .debug_abbrev  0x00000000      0x248 ..\obj\lpc17xx_emac.o
 .debug_aranges
                0x00000000       0xd8 ..\obj\lpc17xx_emac.o
 .debug_ranges  0x00000000       0xc8 ..\obj\lpc17xx_emac.o
 .debug_line    0x00000000      0x5e0 ..\obj\lpc17xx_emac.o
 .debug_str     0x00000000      0x744 ..\obj\lpc17xx_emac.o
 .comment       0x00000000       0x6f ..\obj\lpc17xx_emac.o
 .debug_frame   0x00000000      0x3a8 ..\obj\lpc17xx_emac.o
 .ARM.attributes
                0x00000000       0x33 ..\obj\lpc17xx_emac.o
 .text          0x00000000        0x0 ..\obj\common.o
 .data          0x00000000        0x0 ..\obj\common.o
 .bss           0x00000000        0x0 ..\obj\common.o
 .text.vApplicationStackOverflowHook
                0x00000000       0x2c ..\obj\common.o
 .debug_info    0x00000000       0xac ..\obj\common.o
 .debug_abbrev  0x00000000       0x6e ..\obj\common.o
 .debug_aranges
                0x00000000       0x20 ..\obj\common.o
 .debug_ranges  0x00000000       0x10 ..\obj\common.o
 .debug_line    0x00000000      0x10d ..\obj\common.o
 .debug_str     0x00000000      0x195 ..\obj\common.o
 .comment       0x00000000       0x6f ..\obj\common.o
 .debug_frame   0x00000000       0x30 ..\obj\common.o
 .ARM.attributes
                0x00000000       0x33 ..\obj\common.o
 .text          0x00000000        0x0 ..\obj\main.o
 .data          0x00000000        0x0 ..\obj\main.o
 .bss           0x00000000        0x0 ..\obj\main.o
 .text          0x00000000        0x0 ..\obj\lpc17xx_gpio.o
 .data          0x00000000        0x0 ..\obj\lpc17xx_gpio.o
 .bss           0x00000000        0x0 ..\obj\lpc17xx_gpio.o
 .text.GPIO_GetPointer
                0x00000000       0x70 ..\obj\lpc17xx_gpio.o
 .text.FIO_HalfWordGetPointer
                0x00000000       0x70 ..\obj\lpc17xx_gpio.o
 .text.FIO_ByteGetPointer
                0x00000000       0x70 ..\obj\lpc17xx_gpio.o
 .text.GPIO_SetDir
                0x00000000       0x4c ..\obj\lpc17xx_gpio.o
 .text.GPIO_SetValue
                0x00000000       0x2c ..\obj\lpc17xx_gpio.o
 .text.GPIO_ClearValue
                0x00000000       0x2c ..\obj\lpc17xx_gpio.o
 .text.GPIO_ReadValue
                0x00000000       0x2c ..\obj\lpc17xx_gpio.o
 .text.GPIO_IntCmd
                0x00000000       0x70 ..\obj\lpc17xx_gpio.o
 .text.GPIO_GetIntStatus
                0x00000000       0xa0 ..\obj\lpc17xx_gpio.o
 .text.GPIO_ClearInt
                0x00000000       0x38 ..\obj\lpc17xx_gpio.o
 .text.FIO_SetDir
                0x00000000       0x24 ..\obj\lpc17xx_gpio.o
 .text.FIO_SetValue
                0x00000000       0x20 ..\obj\lpc17xx_gpio.o
 .text.FIO_ClearValue
                0x00000000       0x20 ..\obj\lpc17xx_gpio.o
 .text.FIO_ReadValue
                0x00000000       0x1c ..\obj\lpc17xx_gpio.o
 .text.FIO_IntCmd
                0x00000000       0x24 ..\obj\lpc17xx_gpio.o
 .text.FIO_GetIntStatus
                0x00000000       0x28 ..\obj\lpc17xx_gpio.o
 .text.FIO_ClearInt
                0x00000000       0x20 ..\obj\lpc17xx_gpio.o
 .text.FIO_SetMask
                0x00000000       0x4c ..\obj\lpc17xx_gpio.o
 .text.FIO_HalfWordSetDir
                0x00000000       0xa4 ..\obj\lpc17xx_gpio.o
 .text.FIO_HalfWordSetMask
                0x00000000       0xa4 ..\obj\lpc17xx_gpio.o
 .text.FIO_HalfWordSetValue
                0x00000000       0x40 ..\obj\lpc17xx_gpio.o
 .text.FIO_HalfWordClearValue
                0x00000000       0x40 ..\obj\lpc17xx_gpio.o
 .text.FIO_HalfWordReadValue
                0x00000000       0x40 ..\obj\lpc17xx_gpio.o
 .text.FIO_ByteSetDir
                0x00000000       0x7c ..\obj\lpc17xx_gpio.o
 .text.FIO_ByteSetMask
                0x00000000       0x88 ..\obj\lpc17xx_gpio.o
 .text.FIO_ByteSetValue
                0x00000000       0x3c ..\obj\lpc17xx_gpio.o
 .text.FIO_ByteClearValue
                0x00000000       0x3c ..\obj\lpc17xx_gpio.o
 .text.FIO_ByteReadValue
                0x00000000       0x3c ..\obj\lpc17xx_gpio.o
 .debug_info    0x00000000      0xd59 ..\obj\lpc17xx_gpio.o
 .debug_abbrev  0x00000000      0x20c ..\obj\lpc17xx_gpio.o
 .debug_aranges
                0x00000000       0xf8 ..\obj\lpc17xx_gpio.o
 .debug_ranges  0x00000000       0xe8 ..\obj\lpc17xx_gpio.o
 .debug_line    0x00000000      0x530 ..\obj\lpc17xx_gpio.o
 .debug_str     0x00000000      0x603 ..\obj\lpc17xx_gpio.o
 .comment       0x00000000       0x6f ..\obj\lpc17xx_gpio.o
 .debug_frame   0x00000000      0x428 ..\obj\lpc17xx_gpio.o
 .ARM.attributes
                0x00000000       0x33 ..\obj\lpc17xx_gpio.o
 .text          0x00000000        0x0 ..\obj\tasks.o
 .data          0x00000000        0x0 ..\obj\tasks.o
 .bss           0x00000000      0x164 ..\obj\tasks.o
 .text.xTaskGenericCreate
                0x00000000      0x148 ..\obj\tasks.o
 .text.vTaskDelete
                0x00000000       0x98 ..\obj\tasks.o
 .text.vTaskDelayUntil
                0x00000000       0xd4 ..\obj\tasks.o
 .text.vTaskDelay
                0x00000000       0x8c ..\obj\tasks.o
 .text.uxTaskPriorityGet
                0x00000000       0x34 ..\obj\tasks.o
 .text.vTaskPrioritySet
                0x00000000       0xfc ..\obj\tasks.o
 .text.vTaskSuspend
                0x00000000       0x70 ..\obj\tasks.o
 .text.xTaskIsTaskSuspended
                0x00000000       0x44 ..\obj\tasks.o
 .text.vTaskResume
                0x00000000       0x90 ..\obj\tasks.o
 .text.xTaskResumeFromISR
                0x00000000       0xa0 ..\obj\tasks.o
 .rodata        0x00000000        0x5 ..\obj\tasks.o
 .text.vTaskStartScheduler
                0x00000000       0x5c ..\obj\tasks.o
 .text.vTaskEndScheduler
                0x00000000       0x20 ..\obj\tasks.o
 .text.vTaskSuspendAll
                0x00000000       0x1c ..\obj\tasks.o
 .text.xTaskResumeAll
                0x00000000      0x100 ..\obj\tasks.o
 .text.xTaskGetTickCount
                0x00000000       0x24 ..\obj\tasks.o
 .text.uxTaskGetNumberOfTasks
                0x00000000       0x14 ..\obj\tasks.o
 .text.vTaskIncrementTick
                0x00000000       0xf0 ..\obj\tasks.o
 .text.vTaskSwitchContext
                0x00000000       0x90 ..\obj\tasks.o
 .text.vTaskPlaceOnEventList
                0x00000000       0x9c ..\obj\tasks.o
 .text.xTaskRemoveFromEventList
                0x00000000       0xac ..\obj\tasks.o
 .text.vTaskSetTimeOutState
                0x00000000       0x2c ..\obj\tasks.o
 .text.xTaskCheckForTimeOut
                0x00000000       0x88 ..\obj\tasks.o
 .text.vTaskMissedYield
                0x00000000       0x18 ..\obj\tasks.o
 .text.prvIdleTask
                0x00000000       0x20 ..\obj\tasks.o
 .text.prvInitialiseTCBVariables
                0x00000000       0x6c ..\obj\tasks.o
 .text.prvInitialiseTaskLists
                0x00000000       0x80 ..\obj\tasks.o
 .text.prvCheckTasksWaitingTermination
                0x00000000       0x84 ..\obj\tasks.o
 .text.prvAllocateTCBAndStack
                0x00000000       0x64 ..\obj\tasks.o
 .text.prvDeleteTCB
                0x00000000       0x20 ..\obj\tasks.o
 .text.xTaskGetCurrentTaskHandle
                0x00000000       0x1c ..\obj\tasks.o
 .text.vTaskPriorityInherit
                0x00000000       0xa4 ..\obj\tasks.o
 .text.vTaskPriorityDisinherit
                0x00000000       0x7c ..\obj\tasks.o
 .debug_info    0x00000000      0xc61 ..\obj\tasks.o
 .debug_abbrev  0x00000000      0x1e9 ..\obj\tasks.o
 .debug_aranges
                0x00000000      0x118 ..\obj\tasks.o
 .debug_ranges  0x00000000      0x120 ..\obj\tasks.o
 .debug_line    0x00000000      0x70f ..\obj\tasks.o
 .debug_str     0x00000000      0x8fd ..\obj\tasks.o
 .comment       0x00000000       0x6f ..\obj\tasks.o
 .debug_frame   0x00000000      0x494 ..\obj\tasks.o
 .ARM.attributes
                0x00000000       0x33 ..\obj\tasks.o
 .text          0x00000000        0x0 ..\obj\startup_LPC17xx.o
 .data          0x00000000        0x0 ..\obj\startup_LPC17xx.o
 .bss           0x00000000        0x0 ..\obj\startup_LPC17xx.o
 .text          0x00000000        0x0 ..\obj\lpc17xx_libcfg_default.o
 .data          0x00000000        0x0 ..\obj\lpc17xx_libcfg_default.o
 .bss           0x00000000        0x0 ..\obj\lpc17xx_libcfg_default.o
 .text.check_failed
                0x00000000        0xc ..\obj\lpc17xx_libcfg_default.o
 .debug_info    0x00000000       0xd3 ..\obj\lpc17xx_libcfg_default.o
 .debug_abbrev  0x00000000       0x67 ..\obj\lpc17xx_libcfg_default.o
 .debug_aranges
                0x00000000       0x20 ..\obj\lpc17xx_libcfg_default.o
 .debug_ranges  0x00000000       0x10 ..\obj\lpc17xx_libcfg_default.o
 .debug_line    0x00000000      0x164 ..\obj\lpc17xx_libcfg_default.o
 .debug_str     0x00000000      0x1a7 ..\obj\lpc17xx_libcfg_default.o
 .comment       0x00000000       0x6f ..\obj\lpc17xx_libcfg_default.o
 .debug_frame   0x00000000       0x2c ..\obj\lpc17xx_libcfg_default.o
 .ARM.attributes
                0x00000000       0x33 ..\obj\lpc17xx_libcfg_default.o
 .text          0x00000000        0x0 ..\obj\lpc17xx_pinsel.o
 .data          0x00000000        0x0 ..\obj\lpc17xx_pinsel.o
 .bss           0x00000000        0x0 ..\obj\lpc17xx_pinsel.o
 .text.set_PinFunc
                0x00000000       0x84 ..\obj\lpc17xx_pinsel.o
 .text.set_ResistorMode
                0x00000000       0x84 ..\obj\lpc17xx_pinsel.o
 .text.set_OpenDrainMode
                0x00000000       0x6c ..\obj\lpc17xx_pinsel.o
 .text.PINSEL_ConfigTraceFunc
                0x00000000       0x40 ..\obj\lpc17xx_pinsel.o
 .text.PINSEL_SetI2C0Pins
                0x00000000       0x38 ..\obj\lpc17xx_pinsel.o
 .text.PINSEL_ConfigPin
                0x00000000       0x48 ..\obj\lpc17xx_pinsel.o
 .debug_info    0x00000000      0x472 ..\obj\lpc17xx_pinsel.o
 .debug_abbrev  0x00000000      0x13e ..\obj\lpc17xx_pinsel.o
 .debug_aranges
                0x00000000       0x48 ..\obj\lpc17xx_pinsel.o
 .debug_ranges  0x00000000       0x38 ..\obj\lpc17xx_pinsel.o
 .debug_line    0x00000000      0x2e0 ..\obj\lpc17xx_pinsel.o
 .debug_str     0x00000000      0x40c ..\obj\lpc17xx_pinsel.o
 .comment       0x00000000       0x6f ..\obj\lpc17xx_pinsel.o
 .debug_frame   0x00000000       0xfc ..\obj\lpc17xx_pinsel.o
 .ARM.attributes
                0x00000000       0x33 ..\obj\lpc17xx_pinsel.o
 .text          0x00000000        0x0 ..\obj\list.o
 .data          0x00000000        0x0 ..\obj\list.o
 .bss           0x00000000        0x0 ..\obj\list.o
 .text.vListInitialise
                0x00000000       0x40 ..\obj\list.o
 .text.vListInitialiseItem
                0x00000000       0x18 ..\obj\list.o
 .text.vListInsertEnd
                0x00000000       0x50 ..\obj\list.o
 .text.vListInsert
                0x00000000       0x70 ..\obj\list.o
 .text.vListRemove
                0x00000000       0x50 ..\obj\list.o
 .debug_info    0x00000000      0x286 ..\obj\list.o
 .debug_abbrev  0x00000000       0xba ..\obj\list.o
 .debug_aranges
                0x00000000       0x40 ..\obj\list.o
 .debug_ranges  0x00000000       0x30 ..\obj\list.o
 .debug_line    0x00000000      0x1df ..\obj\list.o
 .debug_str     0x00000000      0x2a7 ..\obj\list.o
 .comment       0x00000000       0x6f ..\obj\list.o
 .debug_frame   0x00000000       0xd8 ..\obj\list.o
 .ARM.attributes
                0x00000000       0x33 ..\obj\list.o
 .text          0x00000000        0x0 ..\obj\queue.o
 .data          0x00000000        0x0 ..\obj\queue.o
 .bss           0x00000000        0x0 ..\obj\queue.o
 .text.xQueueCreate
                0x00000000       0xb8 ..\obj\queue.o
 .text.xQueueCreateMutex
                0x00000000       0x78 ..\obj\queue.o
 .text.xQueueGiveMutexRecursive
                0x00000000       0x48 ..\obj\queue.o
 .text.xQueueTakeMutexRecursive
                0x00000000       0x50 ..\obj\queue.o
 .text.xQueueGenericSend
                0x00000000      0x108 ..\obj\queue.o
 .text.xQueueGenericSendFromISR
                0x00000000       0x80 ..\obj\queue.o
 .text.xQueueGenericReceive
                0x00000000      0x168 ..\obj\queue.o
 .text.xQueueReceiveFromISR
                0x00000000       0x84 ..\obj\queue.o
 .text.uxQueueMessagesWaiting
                0x00000000       0x20 ..\obj\queue.o
 .text.uxQueueMessagesWaitingFromISR
                0x00000000       0x1c ..\obj\queue.o
 .text.vQueueDelete
                0x00000000       0x20 ..\obj\queue.o
 .text.prvCopyDataToQueue
                0x00000000       0xb8 ..\obj\queue.o
 .text.prvCopyDataFromQueue
                0x00000000       0x4c ..\obj\queue.o
 .text.prvUnlockQueue
                0x00000000       0x98 ..\obj\queue.o
 .text.prvIsQueueEmpty
                0x00000000       0x2c ..\obj\queue.o
 .text.xQueueIsQueueEmptyFromISR
                0x00000000       0x24 ..\obj\queue.o
 .text.prvIsQueueFull
                0x00000000       0x30 ..\obj\queue.o
 .text.xQueueIsQueueFullFromISR
                0x00000000       0x28 ..\obj\queue.o
 .debug_info    0x00000000      0x76d ..\obj\queue.o
 .debug_abbrev  0x00000000      0x16c ..\obj\queue.o
 .debug_aranges
                0x00000000       0xa8 ..\obj\queue.o
 .debug_ranges  0x00000000       0x98 ..\obj\queue.o
 .debug_line    0x00000000      0x41d ..\obj\queue.o
 .debug_str     0x00000000      0x576 ..\obj\queue.o
 .comment       0x00000000       0x6f ..\obj\queue.o
 .debug_frame   0x00000000      0x2ac ..\obj\queue.o
 .ARM.attributes
                0x00000000       0x33 ..\obj\queue.o
 .text          0x00000000        0x0 ..\obj\port.o
 .data          0x00000000        0x4 ..\obj\port.o
 .bss           0x00000000        0x0 ..\obj\port.o
 .rodata        0x00000000        0x4 ..\obj\port.o
 .text.pxPortInitialiseStack
                0x00000000       0x50 ..\obj\port.o
 .text.vPortSVCHandler
                0x00000000       0x24 ..\obj\port.o
 .text.vPortStartFirstTask
                0x00000000       0x14 ..\obj\port.o
 .text.xPortStartScheduler
                0x00000000       0x38 ..\obj\port.o
 .text.vPortEndScheduler
                0x00000000        0xc ..\obj\port.o
 .text.vPortYieldFromISR
                0x00000000       0x18 ..\obj\port.o
 .text.vPortEnterCritical
                0x00000000       0x24 ..\obj\port.o
 .text.vPortExitCritical
                0x00000000       0x2c ..\obj\port.o
 .text.xPortPendSVHandler
                0x00000000       0x40 ..\obj\port.o
 .text.xPortSysTickHandler
                0x00000000       0x34 ..\obj\port.o
 .text.prvSetupTimerInterrupt
                0x00000000       0x24 ..\obj\port.o
 .debug_info    0x00000000      0x1bd ..\obj\port.o
 .debug_abbrev  0x00000000      0x109 ..\obj\port.o
 .debug_aranges
                0x00000000       0x70 ..\obj\port.o
 .debug_ranges  0x00000000       0x60 ..\obj\port.o
 .debug_line    0x00000000      0x1ea ..\obj\port.o
 .debug_str     0x00000000      0x291 ..\obj\port.o
 .comment       0x00000000       0x6f ..\obj\port.o
 .debug_frame   0x00000000      0x148 ..\obj\port.o
 .ARM.attributes
                0x00000000       0x33 ..\obj\port.o
 .text          0x00000000        0x0 ..\obj\croutine.o
 .data          0x00000000        0x0 ..\obj\croutine.o
 .bss           0x00000000       0x80 ..\obj\croutine.o
 .text.xCoRoutineCreate
                0x00000000       0xcc ..\obj\croutine.o
 .text.vCoRoutineAddToDelayedList
                0x00000000       0x84 ..\obj\croutine.o
 .text.prvCheckPendingReadyList
                0x00000000       0x8c ..\obj\croutine.o
 .text.prvCheckDelayedList
                0x00000000      0x108 ..\obj\croutine.o
 .text.vCoRoutineSchedule
                0x00000000       0xa0 ..\obj\croutine.o
 .text.prvInitialiseCoRoutineLists
                0x00000000       0x6c ..\obj\croutine.o
 .text.xCoRoutineRemoveFromEventList
                0x00000000       0x5c ..\obj\croutine.o
 .debug_info    0x00000000      0x476 ..\obj\croutine.o
 .debug_abbrev  0x00000000      0x185 ..\obj\croutine.o
 .debug_aranges
                0x00000000       0x50 ..\obj\croutine.o
 .debug_ranges  0x00000000       0x40 ..\obj\croutine.o
 .debug_line    0x00000000      0x2e2 ..\obj\croutine.o
 .debug_str     0x00000000      0x484 ..\obj\croutine.o
 .comment       0x00000000       0x6f ..\obj\croutine.o
 .debug_frame   0x00000000      0x10c ..\obj\croutine.o
 .ARM.attributes
                0x00000000       0x33 ..\obj\croutine.o
 .text          0x00000000        0x0 ..\obj\heap_2.o
 .data          0x00000000        0x0 ..\obj\heap_2.o
 .bss           0x00000000     0xc818 ..\obj\heap_2.o
 .rodata        0x00000000        0x2 ..\obj\heap_2.o
 .text.pvPortMalloc
                0x00000000      0x14c ..\obj\heap_2.o
 .text.vPortFree
                0x00000000       0x74 ..\obj\heap_2.o
 .text.xPortGetFreeHeapSize
                0x00000000       0x14 ..\obj\heap_2.o
 .text.vPortInitialiseBlocks
                0x00000000        0xc ..\obj\heap_2.o
 .debug_info    0x00000000      0x2a9 ..\obj\heap_2.o
 .debug_abbrev  0x00000000      0x166 ..\obj\heap_2.o
 .debug_aranges
                0x00000000       0x38 ..\obj\heap_2.o
 .debug_ranges  0x00000000       0x28 ..\obj\heap_2.o
 .debug_line    0x00000000      0x19b ..\obj\heap_2.o
 .debug_str     0x00000000      0x2d2 ..\obj\heap_2.o
 .comment       0x00000000       0x6f ..\obj\heap_2.o
 .debug_frame   0x00000000       0x98 ..\obj\heap_2.o
 .ARM.attributes
                0x00000000       0x33 ..\obj\heap_2.o
 .text          0x00000000       0xec c:/program files (x86)/gnu tools arm embedded/5.4 2016q2/bin/../lib/gcc/arm-none-eabi/5.4.1/../../../../arm-none-eabi/lib/armv7-m\libg.a(lib_a-memcpy.o)
 .data          0x00000000        0x0 c:/program files (x86)/gnu tools arm embedded/5.4 2016q2/bin/../lib/gcc/arm-none-eabi/5.4.1/../../../../arm-none-eabi/lib/armv7-m\libg.a(lib_a-memcpy.o)
 .bss           0x00000000        0x0 c:/program files (x86)/gnu tools arm embedded/5.4 2016q2/bin/../lib/gcc/arm-none-eabi/5.4.1/../../../../arm-none-eabi/lib/armv7-m\libg.a(lib_a-memcpy.o)
 .ARM.attributes
                0x00000000       0x1b c:/program files (x86)/gnu tools arm embedded/5.4 2016q2/bin/../lib/gcc/arm-none-eabi/5.4.1/../../../../arm-none-eabi/lib/armv7-m\libg.a(lib_a-memcpy.o)
 .text          0x00000000        0x0 c:/program files (x86)/gnu tools arm embedded/5.4 2016q2/bin/../lib/gcc/arm-none-eabi/5.4.1/../../../../arm-none-eabi/lib/armv7-m\libg.a(lib_a-memset.o)
 .data          0x00000000        0x0 c:/program files (x86)/gnu tools arm embedded/5.4 2016q2/bin/../lib/gcc/arm-none-eabi/5.4.1/../../../../arm-none-eabi/lib/armv7-m\libg.a(lib_a-memset.o)
 .bss           0x00000000        0x0 c:/program files (x86)/gnu tools arm embedded/5.4 2016q2/bin/../lib/gcc/arm-none-eabi/5.4.1/../../../../arm-none-eabi/lib/armv7-m\libg.a(lib_a-memset.o)
 .text.memset   0x00000000       0x9c c:/program files (x86)/gnu tools arm embedded/5.4 2016q2/bin/../lib/gcc/arm-none-eabi/5.4.1/../../../../arm-none-eabi/lib/armv7-m\libg.a(lib_a-memset.o)
 .debug_frame   0x00000000       0x34 c:/program files (x86)/gnu tools arm embedded/5.4 2016q2/bin/../lib/gcc/arm-none-eabi/5.4.1/../../../../arm-none-eabi/lib/armv7-m\libg.a(lib_a-memset.o)
 .ARM.attributes
                0x00000000       0x2d c:/program files (x86)/gnu tools arm embedded/5.4 2016q2/bin/../lib/gcc/arm-none-eabi/5.4.1/../../../../arm-none-eabi/lib/armv7-m\libg.a(lib_a-memset.o)
 .text          0x00000000        0x0 c:/program files (x86)/gnu tools arm embedded/5.4 2016q2/bin/../lib/gcc/arm-none-eabi/5.4.1/../../../../arm-none-eabi/lib/armv7-m\libg.a(lib_a-strncpy.o)
 .data          0x00000000        0x0 c:/program files (x86)/gnu tools arm embedded/5.4 2016q2/bin/../lib/gcc/arm-none-eabi/5.4.1/../../../../arm-none-eabi/lib/armv7-m\libg.a(lib_a-strncpy.o)
 .bss           0x00000000        0x0 c:/program files (x86)/gnu tools arm embedded/5.4 2016q2/bin/../lib/gcc/arm-none-eabi/5.4.1/../../../../arm-none-eabi/lib/armv7-m\libg.a(lib_a-strncpy.o)
 .text.strncpy  0x00000000       0x68 c:/program files (x86)/gnu tools arm embedded/5.4 2016q2/bin/../lib/gcc/arm-none-eabi/5.4.1/../../../../arm-none-eabi/lib/armv7-m\libg.a(lib_a-strncpy.o)
 .debug_frame   0x00000000       0x34 c:/program files (x86)/gnu tools arm embedded/5.4 2016q2/bin/../lib/gcc/arm-none-eabi/5.4.1/../../../../arm-none-eabi/lib/armv7-m\libg.a(lib_a-strncpy.o)
 .ARM.attributes
                0x00000000       0x2d c:/program files (x86)/gnu tools arm embedded/5.4 2016q2/bin/../lib/gcc/arm-none-eabi/5.4.1/../../../../arm-none-eabi/lib/armv7-m\libg.a(lib_a-strncpy.o)

Memory Configuration

Name             Origin             Length             Attributes
rom              0x00000000         0x00080000         xr
ram              0x10000000         0x00008000         xrw
ram1             0x2007c000         0x00008000         xrw
*default*        0x00000000         0xffffffff

Linker script and memory map

                0x10008000                _eram = 0x10008000

.text           0x00000000      0x2b0
 *(.isr_vector)
 .isr_vector    0x00000000       0xcc ..\obj\startup_LPC17xx.o
                0x00000000                g_pfnVectors
 *(.text*)
 .text.SysTick_Handler
                0x000000cc       0x24 ..\obj\kit1768.o
                0x000000cc                SysTick_Handler
 .text.SystemInit
                0x000000f0      0x150 ..\obj\system_LPC17xx.o
                0x000000f0                SystemInit
 .text.main     0x00000240        0x8 ..\obj\main.o
                0x00000240                main
 .text.Default_Reset_Handler
                0x00000248       0x60 ..\obj\startup_LPC17xx.o
                0x00000248                Default_Reset_Handler
                0x00000248                Reset_Handler
 .text.Default_Handler
                0x000002a8        0x8 ..\obj\startup_LPC17xx.o
                0x000002a8                TIMER2_IRQHandler
                0x000002a8                DebugMon_Handler
                0x000002a8                RIT_IRQHandler
                0x000002a8                I2C0_IRQHandler
                0x000002a8                HardFault_Handler
                0x000002a8                USBActivity_IRQHandler
                0x000002a8                PWM1_IRQHandler
                0x000002a8                PendSV_Handler
                0x000002a8                NMI_Handler
                0x000002a8                I2C1_IRQHandler
                0x000002a8                EINT2_IRQHandler
                0x000002a8                UART1_IRQHandler
                0x000002a8                EINT3_IRQHandler
                0x000002a8                CANActivity_IRQHandler
                0x000002a8                TIMER3_IRQHandler
                0x000002a8                UART0_IRQHandler
                0x000002a8                UsageFault_Handler
                0x000002a8                PLL0_IRQHandler
                0x000002a8                CAN_IRQHandler
                0x000002a8                PLL1_IRQHandler
                0x000002a8                SSP0_IRQHandler
                0x000002a8                I2S_IRQHandler
                0x000002a8                I2C2_IRQHandler
                0x000002a8                RTC_IRQHandler
                0x000002a8                TIMER0_IRQHandler
                0x000002a8                SPI_IRQHandler
                0x000002a8                EINT1_IRQHandler
                0x000002a8                TIMER1_IRQHandler
                0x000002a8                UART2_IRQHandler
                0x000002a8                ADC_IRQHandler
                0x000002a8                SSP1_IRQHandler
                0x000002a8                USB_IRQHandler
                0x000002a8                BOD_IRQHandler
                0x000002a8                MemManage_Handler
                0x000002a8                WDT_IRQHandler
                0x000002a8                SVC_Handler
                0x000002a8                QEI_IRQHandler
                0x000002a8                EINT0_IRQHandler
                0x000002a8                DMA_IRQHandler
                0x000002a8                BusFault_Handler
                0x000002a8                UART3_IRQHandler
                0x000002a8                MCPWM_IRQHandler
                0x000002a8                ENET_IRQHandler
 *(.init)
 *(.fini)
 *crtbegin.o(.ctors)
 *crtbegin?.o(.ctors)
 *(EXCLUDE_FILE(*crtend.o *crtend?.o) .ctors)
 *(SORT(.ctors.*))
 *(.ctors)
 *crtbegin.o(.dtors)
 *crtbegin?.o(.dtors)
 *(EXCLUDE_FILE(*crtend.o *crtend?.o) .dtors)
 *(SORT(.dtors.*))
 *(.dtors)
 *(.rodata*)
 *(.eh_fram e*)

.glue_7         0x000002b0        0x0
 .glue_7        0x000002b0        0x0 linker stubs

.glue_7t        0x000002b0        0x0
 .glue_7t       0x000002b0        0x0 linker stubs

.vfp11_veneer   0x000002b0        0x0
 .vfp11_veneer  0x000002b0        0x0 linker stubs

.v4_bx          0x000002b0        0x0
 .v4_bx         0x000002b0        0x0 linker stubs

.iplt           0x000002b0        0x0
 .iplt          0x000002b0        0x0 ..\obj\kit1768.o

.rel.dyn        0x000002b0        0x0
 .rel.iplt      0x000002b0        0x0 ..\obj\kit1768.o

.ARM.extab
 *(.ARM.extab* .gnu.linkonce.armextab.*)
                0x000002b0                __exidx_start = .

.ARM.exidx
 *(.ARM.exidx* .gnu.linkonce.armexidx.*)
                0x000002b0                __exidx_end = .
                0x000002b0                __etext = .
                0x000002b0                _sidata = __etext

.data           0x10000000        0x0 load address 0x000002b0
                0x10000000                __data_start__ = .
                0x10000000                _sdata = __data_start__
 *(vtable)
 *(.data*)
                0x10000000                . = ALIGN (0x4)
                [!provide]                PROVIDE (__preinit_array_start, .)
 *(.preinit_array)
                [!provide]                PROVIDE (__preinit_array_end, .)
                0x10000000                . = ALIGN (0x4)
                [!provide]                PROVIDE (__init_array_start, .)
 *(SORT(.init_array.*))
 *(.init_array)
                [!provide]                PROVIDE (__init_array_end, .)
                0x10000000                . = ALIGN (0x4)
                [!provide]                PROVIDE (__fini_array_start, .)
 *(SORT(.fini_array.*))
 *(.fini_array)
                [!provide]                PROVIDE (__fini_array_end, .)
 *(.jcr*)
                0x10000000                . = ALIGN (0x4)
                0x10000000                __data_end__ = .
                0x10000000                _edata = __data_end__

.igot.plt       0x10000000        0x0
 .igot.plt      0x10000000        0x0 ..\obj\kit1768.o

.bss            0x10000000        0x4
                0x10000000                . = ALIGN (0x4)
                0x10000000                __bss_start__ = .
                0x10000000                _sbss = __bss_start__
 *(.bss*)
 *(COMMON)
 COMMON         0x10000000        0x4 ..\obj\kit1768.o
                0x10000000                SysTickCounter
                0x10000004                . = ALIGN (0x4)
                0x10000004                __bss_end__ = .
                0x10000004                _ebss = __bss_end__

.heap           0x10000004        0x0
                0x10000004                __end__ = .
                0x10000004                _end = __end__
                0x10000004                end = __end__
 *(.heap*)
                0x10000004                __HeapLimit = .

.co_stack       0x10000004      0x404
                0x10000008                . = ALIGN (0x8)
 *fill*         0x10000004        0x4 
 *(.co_stack .co_stack.*)
 .co_stack      0x10000008      0x400 ..\obj\startup_LPC17xx.o
                0x10000008                pulStack
                0x10008000                __StackTop = (ORIGIN (ram) + LENGTH (ram))
                0x10007bfc                __StackLimit = (__StackTop - SIZEOF (.co_stack))
                [!provide]                PROVIDE (__stack, __StackTop)
                0x00000001                ASSERT ((__StackLimit >= __HeapLimit), region ram  overflowed with stack)
LOAD ..\obj\kit1768.o
LOAD ..\obj\lpc17xx_clkpwr.o
LOAD ..\obj\system_LPC17xx.o
LOAD ..\obj\lpc17xx_emac.o
LOAD ..\obj\common.o
LOAD ..\obj\main.o
LOAD ..\obj\lpc17xx_gpio.o
LOAD ..\obj\tasks.o
LOAD ..\obj\startup_LPC17xx.o
LOAD ..\obj\lpc17xx_libcfg_default.o
LOAD ..\obj\lpc17xx_pinsel.o
LOAD ..\obj\list.o
LOAD ..\obj\queue.o
LOAD ..\obj\port.o
LOAD ..\obj\croutine.o
LOAD ..\obj\heap_2.o
START GROUP
LOAD c:/program files (x86)/gnu tools arm embedded/5.4 2016q2/bin/../lib/gcc/arm-none-eabi/5.4.1/armv7-m\libgcc.a
LOAD c:/program files (x86)/gnu tools arm embedded/5.4 2016q2/bin/../lib/gcc/arm-none-eabi/5.4.1/../../../../arm-none-eabi/lib/armv7-m\libg.a
LOAD c:/program files (x86)/gnu tools arm embedded/5.4 2016q2/bin/../lib/gcc/arm-none-eabi/5.4.1/../../../../arm-none-eabi/lib/armv7-m\libc.a
END GROUP
OUTPUT(M3WebBackBone.elf elf32-littlearm)

.debug_info     0x00000000      0x97d
 .debug_info    0x00000000      0x376 ..\obj\kit1768.o
 .debug_info    0x00000376      0x4db ..\obj\system_LPC17xx.o
 .debug_info    0x00000851       0x3e ..\obj\main.o
 .debug_info    0x0000088f       0xee ..\obj\startup_LPC17xx.o

.debug_abbrev   0x00000000      0x362
 .debug_abbrev  0x00000000      0x183 ..\obj\kit1768.o
 .debug_abbrev  0x00000183      0x101 ..\obj\system_LPC17xx.o
 .debug_abbrev  0x00000284       0x37 ..\obj\main.o
 .debug_abbrev  0x000002bb       0xa7 ..\obj\startup_LPC17xx.o

.debug_aranges  0x00000000       0xf0
 .debug_aranges
                0x00000000       0x80 ..\obj\kit1768.o
 .debug_aranges
                0x00000080       0x28 ..\obj\system_LPC17xx.o
 .debug_aranges
                0x000000a8       0x20 ..\obj\main.o
 .debug_aranges
                0x000000c8       0x28 ..\obj\startup_LPC17xx.o

.debug_ranges   0x00000000       0xb0
 .debug_ranges  0x00000000       0x70 ..\obj\kit1768.o
 .debug_ranges  0x00000070       0x18 ..\obj\system_LPC17xx.o
 .debug_ranges  0x00000088       0x10 ..\obj\main.o
 .debug_ranges  0x00000098       0x18 ..\obj\startup_LPC17xx.o

.debug_line     0x00000000      0x69a
 .debug_line    0x00000000      0x354 ..\obj\kit1768.o
 .debug_line    0x00000354      0x223 ..\obj\system_LPC17xx.o
 .debug_line    0x00000577       0x72 ..\obj\main.o
 .debug_line    0x000005e9       0xb1 ..\obj\startup_LPC17xx.o

.debug_str      0x00000000      0x61e
 .debug_str     0x00000000      0x2e1 ..\obj\kit1768.o
                                0x329 (size before relaxing)
 .debug_str     0x000002e1      0x239 ..\obj\system_LPC17xx.o
                                0x372 (size before relaxing)
 .debug_str     0x0000051a       0x45 ..\obj\main.o
                                 0xc1 (size before relaxing)
 .debug_str     0x0000055f       0xbf ..\obj\startup_LPC17xx.o
                                0x156 (size before relaxing)

.comment        0x00000000       0x6e
 .comment       0x00000000       0x6e ..\obj\kit1768.o
                                 0x6f (size before relaxing)
 .comment       0x0000006e       0x6f ..\obj\system_LPC17xx.o
 .comment       0x0000006e       0x6f ..\obj\main.o
 .comment       0x0000006e       0x6f ..\obj\startup_LPC17xx.o

.ARM.attributes
                0x00000000       0x31
 .ARM.attributes
                0x00000000       0x33 ..\obj\kit1768.o
 .ARM.attributes
                0x00000033       0x33 ..\obj\system_LPC17xx.o
 .ARM.attributes
                0x00000066       0x33 ..\obj\main.o
 .ARM.attributes
                0x00000099       0x33 ..\obj\startup_LPC17xx.o

.debug_frame    0x00000000      0x2a0
 .debug_frame   0x00000000      0x1dc ..\obj\kit1768.o
 .debug_frame   0x000001dc       0x50 ..\obj\system_LPC17xx.o
 .debug_frame   0x0000022c       0x28 ..\obj\main.o
 .debug_frame   0x00000254       0x4c ..\obj\startup_LPC17xx.o
