Archive member included to satisfy reference by file (symbol)

c:/program files (x86)/gnu tools arm embedded/5.4 2016q2/bin/../lib/gcc/arm-none-eabi/5.4.1/armv7-m\libgcc.a(_aeabi_uldivmod.o)
                              ..\obj\ff_format.o (__aeabi_uldivmod)
c:/program files (x86)/gnu tools arm embedded/5.4 2016q2/bin/../lib/gcc/arm-none-eabi/5.4.1/armv7-m\libgcc.a(_udivmoddi4.o)
                              c:/program files (x86)/gnu tools arm embedded/5.4 2016q2/bin/../lib/gcc/arm-none-eabi/5.4.1/armv7-m\libgcc.a(_aeabi_uldivmod.o) (__udivmoddi4)
c:/program files (x86)/gnu tools arm embedded/5.4 2016q2/bin/../lib/gcc/arm-none-eabi/5.4.1/armv7-m\libgcc.a(_dvmd_tls.o)
                              c:/program files (x86)/gnu tools arm embedded/5.4 2016q2/bin/../lib/gcc/arm-none-eabi/5.4.1/armv7-m\libgcc.a(_aeabi_uldivmod.o) (__aeabi_ldiv0)
c:/program files (x86)/gnu tools arm embedded/5.4 2016q2/bin/../lib/gcc/arm-none-eabi/5.4.1/../../../../arm-none-eabi/lib/armv7-m\libg.a(lib_a-memcmp.o)
                              ..\obj\ff_dev_support.o (memcmp)
c:/program files (x86)/gnu tools arm embedded/5.4 2016q2/bin/../lib/gcc/arm-none-eabi/5.4.1/../../../../arm-none-eabi/lib/armv7-m\libg.a(lib_a-memcpy.o)
                              ..\obj\FreeRTOS_TCP_server.o (memcpy)
c:/program files (x86)/gnu tools arm embedded/5.4 2016q2/bin/../lib/gcc/arm-none-eabi/5.4.1/../../../../arm-none-eabi/lib/armv7-m\libg.a(lib_a-memmove.o)
                              ..\obj\FreeRTOS_IP.o (memmove)
c:/program files (x86)/gnu tools arm embedded/5.4 2016q2/bin/../lib/gcc/arm-none-eabi/5.4.1/../../../../arm-none-eabi/lib/armv7-m\libg.a(lib_a-memset.o)
                              ..\obj\FreeRTOS_TCP_server.o (memset)
c:/program files (x86)/gnu tools arm embedded/5.4 2016q2/bin/../lib/gcc/arm-none-eabi/5.4.1/../../../../arm-none-eabi/lib/armv7-m\libg.a(lib_a-rand.o)
                              ..\obj\ff_format.o (rand)
c:/program files (x86)/gnu tools arm embedded/5.4 2016q2/bin/../lib/gcc/arm-none-eabi/5.4.1/../../../../arm-none-eabi/lib/armv7-m\libg.a(lib_a-snprintf.o)
                              ..\obj\ff_dev_support.o (snprintf)
c:/program files (x86)/gnu tools arm embedded/5.4 2016q2/bin/../lib/gcc/arm-none-eabi/5.4.1/../../../../arm-none-eabi/lib/armv7-m\libg.a(lib_a-sprintf.o)
                              ..\obj\ff_dir.o (sprintf)
c:/program files (x86)/gnu tools arm embedded/5.4 2016q2/bin/../lib/gcc/arm-none-eabi/5.4.1/../../../../arm-none-eabi/lib/armv7-m\libg.a(lib_a-strchr.o)
                              ..\obj\FreeRTOS_HTTP_server.o (strchr)
c:/program files (x86)/gnu tools arm embedded/5.4 2016q2/bin/../lib/gcc/arm-none-eabi/5.4.1/../../../../arm-none-eabi/lib/armv7-m\libg.a(lib_a-strcmp.o)
                              ..\obj\ff_dev_support.o (strcmp)
c:/program files (x86)/gnu tools arm embedded/5.4 2016q2/bin/../lib/gcc/arm-none-eabi/5.4.1/../../../../arm-none-eabi/lib/armv7-m\libg.a(lib_a-strcpy.o)
                              ..\obj\FreeRTOS_HTTP_server.o (strcpy)
c:/program files (x86)/gnu tools arm embedded/5.4 2016q2/bin/../lib/gcc/arm-none-eabi/5.4.1/../../../../arm-none-eabi/lib/armv7-m\libg.a(lib_a-strlen-stub.o)
                              ..\obj\FreeRTOS_TCP_server.o (strlen)
c:/program files (x86)/gnu tools arm embedded/5.4 2016q2/bin/../lib/gcc/arm-none-eabi/5.4.1/../../../../arm-none-eabi/lib/armv7-m\libg.a(lib_a-strncpy.o)
                              ..\obj\ff_file.o (strncpy)
c:/program files (x86)/gnu tools arm embedded/5.4 2016q2/bin/../lib/gcc/arm-none-eabi/5.4.1/../../../../arm-none-eabi/lib/armv7-m\libg.a(lib_a-svfprintf.o)
                              c:/program files (x86)/gnu tools arm embedded/5.4 2016q2/bin/../lib/gcc/arm-none-eabi/5.4.1/../../../../arm-none-eabi/lib/armv7-m\libg.a(lib_a-snprintf.o) (_svfprintf_r)
c:/program files (x86)/gnu tools arm embedded/5.4 2016q2/bin/../lib/gcc/arm-none-eabi/5.4.1/../../../../arm-none-eabi/lib/armv7-m\libg.a(lib_a-dtoa.o)
                              c:/program files (x86)/gnu tools arm embedded/5.4 2016q2/bin/../lib/gcc/arm-none-eabi/5.4.1/../../../../arm-none-eabi/lib/armv7-m\libg.a(lib_a-svfprintf.o) (_dtoa_r)
c:/program files (x86)/gnu tools arm embedded/5.4 2016q2/bin/../lib/gcc/arm-none-eabi/5.4.1/../../../../arm-none-eabi/lib/armv7-m\libg.a(lib_a-impure.o)
                              c:/program files (x86)/gnu tools arm embedded/5.4 2016q2/bin/../lib/gcc/arm-none-eabi/5.4.1/../../../../arm-none-eabi/lib/armv7-m\libg.a(lib_a-rand.o) (_impure_ptr)
c:/program files (x86)/gnu tools arm embedded/5.4 2016q2/bin/../lib/gcc/arm-none-eabi/5.4.1/../../../../arm-none-eabi/lib/armv7-m\libg.a(lib_a-locale.o)
                              c:/program files (x86)/gnu tools arm embedded/5.4 2016q2/bin/../lib/gcc/arm-none-eabi/5.4.1/../../../../arm-none-eabi/lib/armv7-m\libg.a(lib_a-svfprintf.o) (_localeconv_r)
[...]
Memory Configuration

Name             Origin             Length             Attributes
rom              0x00000000         0x00080000         xr
ram              0x10000000         0x00008000         xrw
ram1             0x2007c000         0x00008000         xrw
*default*        0x00000000         0xffffffff

Linker script and memory map

                0x10008000                _eram = 0x10008000

.text           0x00000000     0x4124
 *(.isr_vector)
 .isr_vector    0x00000000       0xcc ..\obj\startup_LPC17xx.o
                0x00000000                g_pfnVectors
 *(.text*)
 .text.vProcessGeneratedUDPPacket
                0x000000cc       0x94 ..\obj\FreeRTOS_UDP_IP.o
                0x000000cc                vProcessGeneratedUDPPacket
 .text.xProcessReceivedUDPPacket
                0x00000160       0x58 ..\obj\FreeRTOS_UDP_IP.o
                0x00000160                xProcessReceivedUDPPacket
 .text.uxStreamBufferAdd
                0x000001b8       0xb0 ..\obj\FreeRTOS_Stream_Buffer.o
                0x000001b8                uxStreamBufferAdd
 .text.uxStreamBufferGet
                0x00000268       0x82 ..\obj\FreeRTOS_Stream_Buffer.o
                0x00000268                uxStreamBufferGet
 .text.InitializeClocks
                0x000002ea        0x4 ..\obj\configurationManager.o
                0x000002ea                InitializeClocks
 *fill*         0x000002ee        0x2 
 .text.SysTick_Handler
                0x000002f0       0x14 ..\obj\kit1768.o
                0x000002f0                SysTick_Handler
 .text.CLKPWR_ConfigPPWR
                0x00000304       0x38 ..\obj\lpc17xx_clkpwr.o
                0x00000304                CLKPWR_ConfigPPWR
 .text.prvIPTimerCheck
                0x0000033c       0x4e ..\obj\FreeRTOS_IP.o
 *fill*         0x0000038a        0x2 
 .text.xIsCallingFromIPTask
                0x0000038c       0x18 ..\obj\FreeRTOS_IP.o
                0x0000038c                xIsCallingFromIPTask
 .text.FreeRTOS_IPInit
                0x000003a4       0xb0 ..\obj\FreeRTOS_IP.o
                0x000003a4                FreeRTOS_IPInit
 .text.xSendEventStructToIPTask
                0x00000454       0x54 ..\obj\FreeRTOS_IP.o
                0x00000454                xSendEventStructToIPTask
 .text.FreeRTOS_NetworkDown
                0x000004a8       0x20 ..\obj\FreeRTOS_IP.o
                0x000004a8                FreeRTOS_NetworkDown
 .text.xSendEventToIPTask
                0x000004c8       0x16 ..\obj\FreeRTOS_IP.o
                0x000004c8                xSendEventToIPTask
 *fill*         0x000004de        0x2 
 .text.vIPNetworkUpCalls
                0x000004e0       0x30 ..\obj\FreeRTOS_IP.o
                0x000004e0                vIPNetworkUpCalls
 .text.vReturnEthernetFrame
                0x00000510       0x2c ..\obj\FreeRTOS_IP.o
                0x00000510                vReturnEthernetFrame
 .text.prvIPTask
                0x0000053c      0x334 ..\obj\FreeRTOS_IP.o
 .text.xIPIsNetworkTaskReady
                0x00000870        0xc ..\obj\FreeRTOS_IP.o
                0x00000870                xIPIsNetworkTaskReady
 .text.SystemInit
                0x0000087c       0xec ..\obj\system_LPC17xx.o
                0x0000087c                SystemInit
 .text.read_PHY
                0x00000968       0x2e ..\obj\lpc17xx_emac.o
 .text.write_PHY.constprop.1
                0x00000996       0x22 ..\obj\lpc17xx_emac.o
 .text.EMAC_UpdatePHYStatus
                0x000009b8       0x52 ..\obj\lpc17xx_emac.o
                0x000009b8                EMAC_UpdatePHYStatus
 *fill*         0x00000a0a        0x2 
 .text.EMAC_SetPHYMode
                0x00000a0c       0x78 ..\obj\lpc17xx_emac.o
                0x00000a0c                EMAC_SetPHYMode
 .text.EMAC_Init
                0x00000a84      0x1a4 ..\obj\lpc17xx_emac.o
                0x00000a84                EMAC_Init
 .text.xTCPWindowRxFind
                0x00000c28       0x1e ..\obj\FreeRTOS_TCP_WIN.o
 .text.xTCPWindowPeekHead
                0x00000c46        0xe ..\obj\FreeRTOS_TCP_WIN.o
 .text.prvTCPWindowTxHasSpace
                0x00000c54       0x38 ..\obj\FreeRTOS_TCP_WIN.o
 .text.xTCPWindowGetHead
                0x00000c8c       0x12 ..\obj\FreeRTOS_TCP_WIN.o
 .text.vListInsertGeneric
                0x00000c9e       0x14 ..\obj\FreeRTOS_TCP_WIN.o
                0x00000c9e                vListInsertGeneric
 *fill*         0x00000cb2        0x2 
 .text.vTCPWindowFree
                0x00000cb4       0x38 ..\obj\FreeRTOS_TCP_WIN.o
 .text.prvTCPWindowTxCheckAck
                0x00000cec       0xd8 ..\obj\FreeRTOS_TCP_WIN.o
 .text.xTCPWindowNew
                0x00000dc4       0x60 ..\obj\FreeRTOS_TCP_WIN.o
 .text.xTCPWindowRxEmpty
                0x00000e24       0x16 ..\obj\FreeRTOS_TCP_WIN.o
                0x00000e24                xTCPWindowRxEmpty
 .text.vTCPWindowDestroy
                0x00000e3a       0x3a ..\obj\FreeRTOS_TCP_WIN.o
                0x00000e3a                vTCPWindowDestroy
 .text.vTCPWindowInit
                0x00000e74       0x46 ..\obj\FreeRTOS_TCP_WIN.o
                0x00000e74                vTCPWindowInit
 *fill*         0x00000eba        0x2 
 .text.vTCPWindowCreate
                0x00000ebc       0xa8 ..\obj\FreeRTOS_TCP_WIN.o
                0x00000ebc                vTCPWindowCreate
 .text.lTCPWindowRxCheck
                0x00000f64       0xf8 ..\obj\FreeRTOS_TCP_WIN.o
                0x00000f64                lTCPWindowRxCheck
 .text.lTCPWindowTxAdd
                0x0000105c       0xc0 ..\obj\FreeRTOS_TCP_WIN.o
                0x0000105c                lTCPWindowTxAdd
 .text.xTCPWindowTxDone
                0x0000111c        0xc ..\obj\FreeRTOS_TCP_WIN.o
                0x0000111c                xTCPWindowTxDone
 .text.xTCPWindowTxHasData
                0x00001128       0x60 ..\obj\FreeRTOS_TCP_WIN.o
                0x00001128                xTCPWindowTxHasData
 .text.ulTCPWindowTxGet
                0x00001188       0xe2 ..\obj\FreeRTOS_TCP_WIN.o
                0x00001188                ulTCPWindowTxGet
 .text.ulTCPWindowTxAck
                0x0000126a       0x14 ..\obj\FreeRTOS_TCP_WIN.o
                0x0000126a                ulTCPWindowTxAck
 .text.ulTCPWindowTxSack
                0x0000127e       0x64 ..\obj\FreeRTOS_TCP_WIN.o
                0x0000127e                ulTCPWindowTxSack
 *fill*         0x000012e2        0x2 
 .text.vARPRefreshCacheEntry
                0x000012e4       0xf4 ..\obj\FreeRTOS_ARP.o
                0x000012e4                vARPRefreshCacheEntry
 .text.eARPProcessPacket
                0x000013d8       0x9c ..\obj\FreeRTOS_ARP.o
                0x000013d8                eARPProcessPacket
 .text.eARPGetCacheEntry
                0x00001474       0x70 ..\obj\FreeRTOS_ARP.o
                0x00001474                eARPGetCacheEntry
 .text.vARPGenerateRequestPacket
                0x000014e4       0x48 ..\obj\FreeRTOS_ARP.o
                0x000014e4                vARPGenerateRequestPacket
 .text.FreeRTOS_OutputARPRequest
                0x0000152c       0x24 ..\obj\FreeRTOS_ARP.o
                0x0000152c                FreeRTOS_OutputARPRequest
 .text.vARPAgeCache
                0x00001550       0x68 ..\obj\FreeRTOS_ARP.o
                0x00001550                vARPAgeCache
 .text.startup.main
                0x000015b8       0x20 ..\obj\main.o
                0x000015b8                main
 .text.prvSocketSetMSS
                0x000015d8       0x2c ..\obj\FreeRTOS_TCP_IP.o
 .text.prvTCPCreateWindow
                0x00001604       0x2c ..\obj\FreeRTOS_TCP_IP.o
 .text.prvTCPNextTimeout
                0x00001630       0x7e ..\obj\FreeRTOS_TCP_IP.o
 *fill*         0x000016ae        0x2 
 .text.prvTCPReturnPacket.constprop.4
                0x000016b0      0x17c ..\obj\FreeRTOS_TCP_IP.o
 .text.prvTCPSendReset
                0x0000182c       0x1e ..\obj\FreeRTOS_TCP_IP.o
 .text.prvTCPAddTxData
                0x0000184a       0x54 ..\obj\FreeRTOS_TCP_IP.o
 .text.vTCPStateChange
                0x0000189e      0x10c ..\obj\FreeRTOS_TCP_IP.o
                0x0000189e                vTCPStateChange
 *fill*         0x000019aa        0x2 
 .text.prvTCPPrepareSend
                0x000019ac      0x220 ..\obj\FreeRTOS_TCP_IP.o
 .text.prvTCPSendRepeated
                0x00001bcc       0x32 ..\obj\FreeRTOS_TCP_IP.o
 *fill*         0x00001bfe        0x2 
 .text.xTCPSocketCheck
                0x00001c00      0x248 ..\obj\FreeRTOS_TCP_IP.o
                0x00001c00                xTCPSocketCheck
 .text.prvTCPHandleFin.isra.3
                0x00001e48       0xce ..\obj\FreeRTOS_TCP_IP.o
 *fill*         0x00001f16        0x2 
 .text.xProcessReceivedTCPPacket
                0x00001f18      0x93c ..\obj\FreeRTOS_TCP_IP.o
                0x00001f18                xProcessReceivedTCPPacket
 .text.xTCPCheckNewClient
                0x00002854       0x40 ..\obj\FreeRTOS_TCP_IP.o
                0x00002854                xTCPCheckNewClient
 .text.prvAddNewTaskToReadyList
                0x00002894       0xd8 ..\obj\tasks.o
 .text.prvResetNextTaskUnblockTime
                0x0000296c       0x24 ..\obj\tasks.o
 .text.prvInitialiseNewTask.isra.2
                0x00002990       0x96 ..\obj\tasks.o
 *fill*         0x00002a26        0x2 
 .text.prvAddCurrentTaskToDelayedList
                0x00002a28       0x68 ..\obj\tasks.o
 .text.xTaskCreate
                0x00002a90       0x5a ..\obj\tasks.o
                0x00002a90                xTaskCreate
 *fill*         0x00002aea        0x2 
 .text.vTaskSuspendAll
                0x00002aec       0x14 ..\obj\tasks.o
                0x00002aec                vTaskSuspendAll
 .text.xTaskGetTickCount
                0x00002b00        0xc ..\obj\tasks.o
                0x00002b00                xTaskGetTickCount
 .text.xTaskIncrementTick
                0x00002b0c       0xd0 ..\obj\tasks.o
                0x00002b0c                xTaskIncrementTick
 .text.xTaskResumeAll
                0x00002bdc       0xc0 ..\obj\tasks.o
                0x00002bdc                xTaskResumeAll
 .text.vTaskDelay
                0x00002c9c       0x30 ..\obj\tasks.o
                0x00002c9c                vTaskDelay
 .text.vTaskPlaceOnEventList
                0x00002ccc       0x20 ..\obj\tasks.o
                0x00002ccc                vTaskPlaceOnEventList
 .text.xTaskRemoveFromEventList
                0x00002cec       0x64 ..\obj\tasks.o
                0x00002cec                xTaskRemoveFromEventList
 .text.vTaskRemoveFromUnorderedEventList
                0x00002d50       0x50 ..\obj\tasks.o
                0x00002d50                vTaskRemoveFromUnorderedEventList
 .text.vTaskSetTimeOutState
                0x00002da0       0x14 ..\obj\tasks.o
                0x00002da0                vTaskSetTimeOutState
 .text.xTaskCheckForTimeOut
                0x00002db4       0x4c ..\obj\tasks.o
                0x00002db4                xTaskCheckForTimeOut
 .text.vTaskMissedYield
                0x00002e00       0x10 ..\obj\tasks.o
                0x00002e00                vTaskMissedYield
 .text.xTaskGetCurrentTaskHandle
                0x00002e10        0xc ..\obj\tasks.o
                0x00002e10                xTaskGetCurrentTaskHandle
 .text.vTaskPriorityInherit
                0x00002e1c       0x70 ..\obj\tasks.o
                0x00002e1c                vTaskPriorityInherit
 .text.xTaskPriorityDisinherit
                0x00002e8c       0x58 ..\obj\tasks.o
                0x00002e8c                xTaskPriorityDisinherit
 .text.pvTaskIncrementMutexHeldCount
                0x00002ee4       0x18 ..\obj\tasks.o
                0x00002ee4                pvTaskIncrementMutexHeldCount
 .text.Default_Handler
                0x00002efc        0x2 ..\obj\startup_LPC17xx.o
                0x00002efc                TIMER2_IRQHandler
                0x00002efc                DebugMon_Handler
                0x00002efc                RIT_IRQHandler
                0x00002efc                I2C0_IRQHandler
                0x00002efc                HardFault_Handler
                0x00002efc                USBActivity_IRQHandler
                0x00002efc                PWM1_IRQHandler
                0x00002efc                PendSV_Handler
                0x00002efc                NMI_Handler
                0x00002efc                I2C1_IRQHandler
                0x00002efc                EINT2_IRQHandler
                0x00002efc                UART1_IRQHandler
                0x00002efc                EINT3_IRQHandler
                0x00002efc                CANActivity_IRQHandler
                0x00002efc                TIMER3_IRQHandler
                0x00002efc                UART0_IRQHandler
                0x00002efc                UsageFault_Handler
                0x00002efc                PLL0_IRQHandler
                0x00002efc                CAN_IRQHandler
                0x00002efc                PLL1_IRQHandler
                0x00002efc                SSP0_IRQHandler
                0x00002efc                I2S_IRQHandler
                0x00002efc                I2C2_IRQHandler
                0x00002efc                RTC_IRQHandler
                0x00002efc                TIMER0_IRQHandler
                0x00002efc                SPI_IRQHandler
                0x00002efc                EINT1_IRQHandler
                0x00002efc                TIMER1_IRQHandler
                0x00002efc                UART2_IRQHandler
                0x00002efc                ADC_IRQHandler
                0x00002efc                SSP1_IRQHandler
                0x00002efc                USB_IRQHandler
                0x00002efc                BOD_IRQHandler
                0x00002efc                MemManage_Handler
                0x00002efc                WDT_IRQHandler
                0x00002efc                SVC_Handler
                0x00002efc                QEI_IRQHandler
                0x00002efc                EINT0_IRQHandler
                0x00002efc                DMA_IRQHandler
                0x00002efc                BusFault_Handler
                0x00002efc                UART3_IRQHandler
                0x00002efc                MCPWM_IRQHandler
                0x00002efc                ENET_IRQHandler
 *fill*         0x00002efe        0x2 
 .text.Default_Reset_Handler
                0x00002f00       0x48 ..\obj\startup_LPC17xx.o
                0x00002f00                Default_Reset_Handler
                0x00002f00                Reset_Handler
 .text.xNetworkInterfaceInitialise
                0x00002f48       0x2c ..\obj\NetworkInterface.o
                0x00002f48                xNetworkInterfaceInitialise
 .text.xNetworkInterfaceOutput
                0x00002f74        0x4 ..\obj\NetworkInterface.o
                0x00002f74                xNetworkInterfaceOutput
 .text.xNetworkBuffersInitialise
                0x00002f78       0x60 ..\obj\BufferAllocation_2.o
                0x00002f78                xNetworkBuffersInitialise
 .text.vReleaseNetworkBuffer
                0x00002fd8        0xa ..\obj\BufferAllocation_2.o
                0x00002fd8                vReleaseNetworkBuffer
 *fill*         0x00002fe2        0x2 
 .text.vReleaseNetworkBufferAndDescriptor
                0x00002fe4       0x48 ..\obj\BufferAllocation_2.o
                0x00002fe4                vReleaseNetworkBufferAndDescriptor
 .text.pxGetNetworkBufferWithDescriptor
                0x0000302c       0x80 ..\obj\BufferAllocation_2.o
                0x0000302c                pxGetNetworkBufferWithDescriptor
 .text.vListInitialise
                0x000030ac       0x16 ..\obj\list.o
                0x000030ac                vListInitialise
 .text.vListInitialiseItem
                0x000030c2        0x6 ..\obj\list.o
                0x000030c2                vListInitialiseItem
 .text.vListInsertEnd
                0x000030c8       0x18 ..\obj\list.o
                0x000030c8                vListInsertEnd
 .text.vListInsert
                0x000030e0       0x30 ..\obj\list.o
                0x000030e0                vListInsert
 .text.uxListRemove
                0x00003110       0x20 ..\obj\list.o
                0x00003110                uxListRemove
 .text.prvTaskExitError
                0x00003130       0x12 ..\obj\port.o
 *fill*         0x00003142        0x2 
 .text.pxPortInitialiseStack
                0x00003144       0x24 ..\obj\port.o
                0x00003144                pxPortInitialiseStack
 .text.vPortEnterCritical
                0x00003168       0x20 ..\obj\port.o
                0x00003168                vPortEnterCritical
 .text.vPortExitCritical
                0x00003188       0x14 ..\obj\port.o
                0x00003188                vPortExitCritical
 .text.prvCopyDataToQueue
                0x0000319c       0x70 ..\obj\queue.o
 .text.prvCopyDataFromQueue
                0x0000320c       0x28 ..\obj\queue.o
 .text.prvUnlockQueue
                0x00003234       0x6c ..\obj\queue.o
 .text.xQueueGenericReset
                0x000032a0       0x6c ..\obj\queue.o
                0x000032a0                xQueueGenericReset
 .text.xQueueGenericCreate
                0x0000330c       0x34 ..\obj\queue.o
                0x0000330c                xQueueGenericCreate
 .text.xQueueCreateCountingSemaphore
                0x00003340       0x12 ..\obj\queue.o
                0x00003340                xQueueCreateCountingSemaphore
 *fill*         0x00003352        0x2 
 .text.xQueueGenericSend
                0x00003354       0xf8 ..\obj\queue.o
                0x00003354                xQueueGenericSend
 .text.xQueueGenericReceive
                0x0000344c      0x134 ..\obj\queue.o
                0x0000344c                xQueueGenericReceive
 .text.uxQueueMessagesWaiting
                0x00003580       0x12 ..\obj\queue.o
                0x00003580                uxQueueMessagesWaiting
 *fill*         0x00003592        0x2 
 .text.vQueueAddToRegistry
                0x00003594       0x28 ..\obj\queue.o
                0x00003594                vQueueAddToRegistry
 .text.vQueueUnregisterQueue
                0x000035bc       0x28 ..\obj\queue.o
                0x000035bc                vQueueUnregisterQueue
 .text.vQueueDelete
                0x000035e4       0x1a ..\obj\queue.o
                0x000035e4                vQueueDelete
 .text.xEventGroupCreate
                0x000035fe       0x1c ..\obj\event_groups.o
                0x000035fe                xEventGroupCreate
 .text.xEventGroupClearBits
                0x0000361a       0x1a ..\obj\event_groups.o
                0x0000361a                xEventGroupClearBits
 .text.xEventGroupSetBits
                0x00003634       0x58 ..\obj\event_groups.o
                0x00003634                xEventGroupSetBits
 .text.vEventGroupDelete
                0x0000368c       0x2a ..\obj\event_groups.o
                0x0000368c                vEventGroupDelete
 *fill*         0x000036b6        0x2 
 .text.pvPortMalloc
                0x000036b8       0xbc ..\obj\heap_2.o
                0x000036b8                pvPortMalloc
 .text.vPortFree
                0x00003774       0x40 ..\obj\heap_2.o
                0x00003774                vPortFree
 .text.uxStreamBufferGetSpace
                0x000037b4       0x14 ..\obj\FreeRTOS_Sockets.o
 .text.uxStreamBufferGetSize
                0x000037c8       0x12 ..\obj\FreeRTOS_Sockets.o
 .text.pxListFindListItemWithValue
                0x000037da       0x2a ..\obj\FreeRTOS_Sockets.o
 .text.vNetworkSocketsInit
                0x00003804       0x54 ..\obj\FreeRTOS_Sockets.o
                0x00003804                vNetworkSocketsInit
 .text.FreeRTOS_socket
                0x00003858       0x9c ..\obj\FreeRTOS_Sockets.o
                0x00003858                FreeRTOS_socket
 .text.vSocketBind
                0x000038f4       0xc4 ..\obj\FreeRTOS_Sockets.o
                0x000038f4                vSocketBind
 .text.FreeRTOS_closesocket
                0x000039b8       0x2c ..\obj\FreeRTOS_Sockets.o
                0x000039b8                FreeRTOS_closesocket
 .text.vSocketClose
                0x000039e4       0xa0 ..\obj\FreeRTOS_Sockets.o
                0x000039e4                vSocketClose
 .text.pxUDPSocketLookup
                0x00003a84       0x14 ..\obj\FreeRTOS_Sockets.o
                0x00003a84                pxUDPSocketLookup
 .text.vSocketWakeUpUser
                0x00003a98       0x34 ..\obj\FreeRTOS_Sockets.o
                0x00003a98                vSocketWakeUpUser
 .text.xTCPTimerCheck
                0x00003acc       0x84 ..\obj\FreeRTOS_Sockets.o
                0x00003acc                xTCPTimerCheck
 .text.pxTCPSocketLookup
                0x00003b50       0x44 ..\obj\FreeRTOS_Sockets.o
                0x00003b50                pxTCPSocketLookup
 .text.lTCPAddRxdata
                0x00003b94       0xda ..\obj\FreeRTOS_Sockets.o
                0x00003b94                lTCPAddRxdata
 .text.FreeRTOS_tx_space
                0x00003c6e       0x1c ..\obj\FreeRTOS_Sockets.o
                0x00003c6e                FreeRTOS_tx_space
 .text.FreeRTOS_rx_size
                0x00003c8a       0x16 ..\obj\FreeRTOS_Sockets.o
                0x00003c8a                FreeRTOS_rx_size
 .text.vSocketSelect
                0x00003ca0      0x10c ..\obj\FreeRTOS_Sockets.o
                0x00003ca0                vSocketSelect
 .text.memcmp   0x00003dac       0x64 c:/program files (x86)/gnu tools arm embedded/5.4 2016q2/bin/../lib/gcc/arm-none-eabi/5.4.1/../../../../arm-none-eabi/lib/armv7-m\libg.a(lib_a-memcmp.o)
                0x00003dac                memcmp
 .text          0x00003e10       0xec c:/program files (x86)/gnu tools arm embedded/5.4 2016q2/bin/../lib/gcc/arm-none-eabi/5.4.1/../../../../arm-none-eabi/lib/armv7-m\libg.a(lib_a-memcpy.o)
                0x00003e10                memcpy
 .text.memmove  0x00003efc       0xc8 c:/program files (x86)/gnu tools arm embedded/5.4 2016q2/bin/../lib/gcc/arm-none-eabi/5.4.1/../../../../arm-none-eabi/lib/armv7-m\libg.a(lib_a-memmove.o)
                0x00003efc                memmove
 .text.memset   0x00003fc4       0x9c c:/program files (x86)/gnu tools arm embedded/5.4 2016q2/bin/../lib/gcc/arm-none-eabi/5.4.1/../../../../arm-none-eabi/lib/armv7-m\libg.a(lib_a-memset.o)
                0x00003fc4                memset
 .text.rand     0x00004060       0x40 c:/program files (x86)/gnu tools arm embedded/5.4 2016q2/bin/../lib/gcc/arm-none-eabi/5.4.1/../../../../arm-none-eabi/lib/armv7-m\libg.a(lib_a-rand.o)
                0x00004060                rand
 *(.init)
 *(.fini)
 *crtbegin.o(.ctors)
 *crtbegin?.o(.ctors)
 *(EXCLUDE_FILE(*crtend.o *crtend?.o) .ctors)
 *(SORT(.ctors.*))
 *(.ctors)
 *crtbegin.o(.dtors)
 *crtbegin?.o(.dtors)
 *(EXCLUDE_FILE(*crtend.o *crtend?.o) .dtors)
 *(SORT(.dtors.*))
 *(.dtors)
 *(.rodata*)
 .rodata        0x000040a0       0x16 ..\obj\FreeRTOS_IP.o
                0x000040b0                xBroadcastMACAddress
 .rodata.str1.1
                0x000040b6       0x10 ..\obj\FreeRTOS_IP.o
 .rodata        0x000040c6        0x7 ..\obj\lpc17xx_emac.o
                0x000040c6                EMAC_clkdiv
 .rodata        0x000040cd       0x26 ..\obj\FreeRTOS_ARP.o
 .rodata        0x000040f3       0x16 ..\obj\main.o
                0x000040f3                APP_DEFAULT_NAMESERVER
                0x000040f7                APP_DEFAULT_GATEWAY
                0x000040fb                APP_DEFAULT_NETMASK
                0x000040ff                APP_DEFAULT_IP_ADDRESS
                0x00004103                ETHERNET_MAC_ADDRESS
 .rodata        0x00004109        0x6 ..\obj\NetworkInterface.o
 *fill*         0x0000410f        0x1 
 .rodata        0x00004110        0x4 ..\obj\BufferAllocation_2.o
                0x00004110                xBufferAllocFixedSize
 .rodata.str1.1
                0x00004114        0xa ..\obj\BufferAllocation_2.o
 *fill*         0x0000411e        0x2 
 .rodata.str1.4
                0x00004120        0x4 c:/program files (x86)/gnu tools arm embedded/5.4 2016q2/bin/../lib/gcc/arm-none-eabi/5.4.1/../../../../arm-none-eabi/lib/armv7-m\libg.a(lib_a-impure.o)
                                  0x2 (size before relaxing)
 *(.eh_fram e*)

.glue_7         0x00004124        0x0
 .glue_7        0x00004124        0x0 linker stubs

.glue_7t        0x00004124        0x0
 .glue_7t       0x00004124        0x0 linker stubs

.vfp11_veneer   0x00004124        0x0
 .vfp11_veneer  0x00004124        0x0 linker stubs

.v4_bx          0x00004124        0x0
 .v4_bx         0x00004124        0x0 linker stubs

.iplt           0x00004124        0x0
 .iplt          0x00004124        0x0 ..\obj\FreeRTOS_TCP_server.o

.rel.dyn        0x00004124        0x0
 .rel.iplt      0x00004124        0x0 ..\obj\FreeRTOS_TCP_server.o

.ARM.extab
 *(.ARM.extab* .gnu.linkonce.armextab.*)
                0x00004124                __exidx_start = .

.ARM.exidx
 *(.ARM.exidx* .gnu.linkonce.armexidx.*)
                0x00004124                __exidx_end = .
                0x00004124                __etext = .
                0x00004124                _sidata = __etext

.data           0x10000000      0x454 load address 0x00004124
                0x10000000                __data_start__ = .
                0x10000000                _sdata = __data_start__
 *(vtable)
 *(.data*)
 .data          0x10000000       0x18 ..\obj\FreeRTOS_UDP_IP.o
                0x10000000                xDefaultPartUDPPacketHeader
 .data          0x10000018        0x4 ..\obj\system_LPC17xx.o
                0x10000018                SystemCoreClock
 .data          0x1000001c        0x4 ..\obj\port.o
 .data          0x10000020        0x4 ..\obj\heap_2.o
 *fill*         0x10000024        0x4 
 .data.impure_data
                0x10000028      0x428 c:/program files (x86)/gnu tools arm embedded/5.4 2016q2/bin/../lib/gcc/arm-none-eabi/5.4.1/../../../../arm-none-eabi/lib/armv7-m\libg.a(lib_a-impure.o)
 .data._impure_ptr
                0x10000450        0x4 c:/program files (x86)/gnu tools arm embedded/5.4 2016q2/bin/../lib/gcc/arm-none-eabi/5.4.1/../../../../arm-none-eabi/lib/armv7-m\libg.a(lib_a-impure.o)
                0x10000450                _impure_ptr
                0x10000454                . = ALIGN (0x4)
                [!provide]                PROVIDE (__preinit_array_start, .)
 *(.preinit_array)
                [!provide]                PROVIDE (__preinit_array_end, .)
                0x10000454                . = ALIGN (0x4)
                [!provide]                PROVIDE (__init_array_start, .)
 *(SORT(.init_array.*))
 *(.init_array)
                [!provide]                PROVIDE (__init_array_end, .)
                0x10000454                . = ALIGN (0x4)
                [!provide]                PROVIDE (__fini_array_start, .)
 *(SORT(.fini_array.*))
 *(.fini_array)
                [!provide]                PROVIDE (__fini_array_end, .)
 *(.jcr*)
                0x10000454                . = ALIGN (0x4)
                0x10000454                __data_end__ = .
                0x10000454                _edata = __data_end__

.igot.plt       0x10000454        0x0 load address 0x00004578
 .igot.plt      0x10000454        0x0 ..\obj\FreeRTOS_TCP_server.o

.bss            0x10000458     0x63f4 load address 0x00004580
                0x10000458                . = ALIGN (0x4)
                0x10000458                __bss_start__ = .
                0x10000458                _sbss = __bss_start__
 *(.bss*)
 .bss           0x10000458       0x6e ..\obj\FreeRTOS_IP.o
                0x1000045c                xNetworkEventQueue
                0x10000464                xNetworkAddressing
                0x10000478                xDefaultAddressing
                0x100004c4                usPacketIdentifier
 *fill*         0x100004c6        0x2 
 .bss           0x100004c8     0x2a64 ..\obj\lpc17xx_emac.o
 .bss           0x10002f2c       0x1c ..\obj\FreeRTOS_TCP_WIN.o
                0x10002f44                xTCPWindowLoggingLevel
 .bss           0x10002f48       0x4c ..\obj\FreeRTOS_ARP.o
 .bss           0x10002f94        0x4 ..\obj\FreeRTOS_TCP_IP.o
                0x10002f94                ulNextInitialSequenceNumber
 .bss           0x10002f98      0x100 ..\obj\tasks.o
                0x10002f9c                pxCurrentTCB
 .bss           0x10003098      0xf1c ..\obj\BufferAllocation_2.o
 .bss           0x10003fb4     0x2814 ..\obj\heap_2.o
 .bss           0x100067c8        0x8 ..\obj\FreeRTOS_Sockets.o
 *(COMMON)
 COMMON         0x100067d0        0x4 ..\obj\kit1768.o
                0x100067d0                SysTickCounter
 COMMON         0x100067d4       0x50 ..\obj\queue.o
                0x100067d4                xQueueRegistry
 COMMON         0x10006824       0x28 ..\obj\FreeRTOS_Sockets.o
                0x10006824                xBoundTCPSocketsList
                0x10006838                xBoundUDPSocketsList
                0x1000684c                . = ALIGN (0x4)
                0x1000684c                __bss_end__ = .
                0x1000684c                _ebss = __bss_end__

.heap           0x1000684c        0x0
                0x1000684c                __end__ = .
                0x1000684c                _end = __end__
                0x1000684c                end = __end__
 *(.heap*)
                0x1000684c                __HeapLimit = .

.co_stack       0x1000684c      0x404 load address 0x0000a974
                0x10006850                . = ALIGN (0x8)
 *fill*         0x1000684c        0x4 
 *(.co_stack .co_stack.*)
 .co_stack      0x10006850      0x400 ..\obj\startup_LPC17xx.o
                0x10006850                pulStack
                0x10008000                __StackTop = (ORIGIN (ram) + LENGTH (ram))
                0x10007bfc                __StackLimit = (__StackTop - SIZEOF (.co_stack))
                [!provide]                PROVIDE (__stack, __StackTop)
                0x00000001                ASSERT ((__StackLimit >= __HeapLimit), region ram  overflowed with stack)
LOAD ..\obj\FreeRTOS_TCP_server.o
LOAD ..\obj\ff_dev_support.o
LOAD ..\obj\FreeRTOS_UDP_IP.o
LOAD ..\obj\FreeRTOS_Stream_Buffer.o
LOAD ..\obj\FreeRTOS_DNS.o
LOAD ..\obj\configurationManager.o
LOAD ..\obj\kit1768.o
LOAD ..\obj\lpc17xx_clkpwr.o
LOAD ..\obj\FreeRTOS_HTTP_server.o
LOAD ..\obj\FreeRTOS_IP.o
LOAD ..\obj\system_LPC17xx.o
LOAD ..\obj\lpc17xx_emac.o
LOAD ..\obj\ff_file.o
LOAD ..\obj\ff_crc.o
LOAD ..\obj\FreeRTOS_TCP_WIN.o
LOAD ..\obj\ff_time.o
LOAD ..\obj\FreeRTOS_ARP.o
LOAD ..\obj\main.o
LOAD ..\obj\FreeRTOS_TCP_IP.o
LOAD ..\obj\timers.o
LOAD ..\obj\ff_string.o
LOAD ..\obj\ff_dir.o
LOAD ..\obj\ff_format.o
LOAD ..\obj\lpc17xx_gpio.o
LOAD ..\obj\tasks.o
LOAD ..\obj\startup_LPC17xx.o
LOAD ..\obj\lpc17xx_libcfg_default.o
LOAD ..\obj\NetworkInterface.o
LOAD ..\obj\lpc17xx_pinsel.o
LOAD ..\obj\BufferAllocation_2.o
LOAD ..\obj\list.o
LOAD ..\obj\ff_memory.o
LOAD ..\obj\port.o
LOAD ..\obj\queue.o
LOAD ..\obj\ff_ioman.o
LOAD ..\obj\ff_fat.o
LOAD ..\obj\ff_stdio.o
LOAD ..\obj\event_groups.o
LOAD ..\obj\ff_locking.o
LOAD ..\obj\FreeRTOS_HTTP_commands.o
LOAD ..\obj\ff_error.o
LOAD ..\obj\FreeRTOS_DHCP.o
LOAD ..\obj\heap_2.o
LOAD ..\obj\ff_ramdisk.o
LOAD ..\obj\FreeRTOS_Sockets.o
LOAD ..\obj\ff_sys.o
START GROUP
LOAD c:/program files (x86)/gnu tools arm embedded/5.4 2016q2/bin/../lib/gcc/arm-none-eabi/5.4.1/armv7-m\libgcc.a
LOAD c:/program files (x86)/gnu tools arm embedded/5.4 2016q2/bin/../lib/gcc/arm-none-eabi/5.4.1/../../../../arm-none-eabi/lib/armv7-m\libg.a
LOAD c:/program files (x86)/gnu tools arm embedded/5.4 2016q2/bin/../lib/gcc/arm-none-eabi/5.4.1/../../../../arm-none-eabi/lib/armv7-m\libc.a
END GROUP
OUTPUT(m3webbackbone.elf elf32-littlearm)

.debug_info     0x00000000    0x140c7
 .debug_info    0x00000000      0xfc1 ..\obj\FreeRTOS_UDP_IP.o
 .debug_info    0x00000fc1      0x636 ..\obj\FreeRTOS_Stream_Buffer.o
 .debug_info    0x000015f7       0xaf ..\obj\configurationManager.o
 .debug_info    0x000016a6      0x7c0 ..\obj\kit1768.o
 .debug_info    0x00001e66      0x695 ..\obj\lpc17xx_clkpwr.o
 .debug_info    0x000024fb     0x26b7 ..\obj\FreeRTOS_IP.o
 .debug_info    0x00004bb2      0x4db ..\obj\system_LPC17xx.o
 .debug_info    0x0000508d      0xe64 ..\obj\lpc17xx_emac.o
 .debug_info    0x00005ef1     0x167d ..\obj\FreeRTOS_TCP_WIN.o
 .debug_info    0x0000756e      0x8ec ..\obj\FreeRTOS_ARP.o
 .debug_info    0x00007e5a      0x1c8 ..\obj\main.o
 .debug_info    0x00008022     0x310e ..\obj\FreeRTOS_TCP_IP.o
 .debug_info    0x0000b130     0x221e ..\obj\tasks.o
 .debug_info    0x0000d34e      0x114 ..\obj\startup_LPC17xx.o
 .debug_info    0x0000d462      0x31d ..\obj\NetworkInterface.o
 .debug_info    0x0000d77f      0x6c4 ..\obj\BufferAllocation_2.o
 .debug_info    0x0000de43      0x29d ..\obj\list.o
 .debug_info    0x0000e0e0      0x2fa ..\obj\port.o
 .debug_info    0x0000e3da     0x19f4 ..\obj\queue.o
 .debug_info    0x0000fdce      0xa33 ..\obj\event_groups.o
 .debug_info    0x00010801      0x347 ..\obj\heap_2.o
 .debug_info    0x00010b48     0x357f ..\obj\FreeRTOS_Sockets.o

.debug_abbrev   0x00000000     0x330a
 .debug_abbrev  0x00000000      0x2b3 ..\obj\FreeRTOS_UDP_IP.o
 .debug_abbrev  0x000002b3      0x19b ..\obj\FreeRTOS_Stream_Buffer.o
 .debug_abbrev  0x0000044e       0x78 ..\obj\configurationManager.o
 .debug_abbrev  0x000004c6      0x200 ..\obj\kit1768.o
 .debug_abbrev  0x000006c6      0x1e0 ..\obj\lpc17xx_clkpwr.o
 .debug_abbrev  0x000008a6      0x468 ..\obj\FreeRTOS_IP.o
 .debug_abbrev  0x00000d0e      0x101 ..\obj\system_LPC17xx.o
 .debug_abbrev  0x00000e0f      0x303 ..\obj\lpc17xx_emac.o
 .debug_abbrev  0x00001112      0x315 ..\obj\FreeRTOS_TCP_WIN.o
 .debug_abbrev  0x00001427      0x29f ..\obj\FreeRTOS_ARP.o
 .debug_abbrev  0x000016c6       0xdf ..\obj\main.o
 .debug_abbrev  0x000017a5      0x47b ..\obj\FreeRTOS_TCP_IP.o
 .debug_abbrev  0x00001c20      0x38f ..\obj\tasks.o
 .debug_abbrev  0x00001faf       0xe1 ..\obj\startup_LPC17xx.o
 .debug_abbrev  0x00002090      0x18b ..\obj\NetworkInterface.o
 .debug_abbrev  0x0000221b      0x200 ..\obj\BufferAllocation_2.o
 .debug_abbrev  0x0000241b       0xda ..\obj\list.o
 .debug_abbrev  0x000024f5      0x1d8 ..\obj\port.o
 .debug_abbrev  0x000026cd      0x34c ..\obj\queue.o
 .debug_abbrev  0x00002a19      0x270 ..\obj\event_groups.o
 .debug_abbrev  0x00002c89      0x1c1 ..\obj\heap_2.o
 .debug_abbrev  0x00002e4a      0x4c0 ..\obj\FreeRTOS_Sockets.o

.debug_loc      0x00000000     0xb6ca
 .debug_loc     0x00000000      0x125 ..\obj\FreeRTOS_UDP_IP.o
 .debug_loc     0x00000125      0x322 ..\obj\FreeRTOS_Stream_Buffer.o
 .debug_loc     0x00000447      0x473 ..\obj\kit1768.o
 .debug_loc     0x000008ba      0x1a9 ..\obj\lpc17xx_clkpwr.o
 .debug_loc     0x00000a63      0xfff ..\obj\FreeRTOS_IP.o
 .debug_loc     0x00001a62      0x7ee ..\obj\lpc17xx_emac.o
 .debug_loc     0x00002250     0x1180 ..\obj\FreeRTOS_TCP_WIN.o
 .debug_loc     0x000033d0      0x353 ..\obj\FreeRTOS_ARP.o
 .debug_loc     0x00003723     0x215f ..\obj\FreeRTOS_TCP_IP.o
 .debug_loc     0x00005882     0x15f3 ..\obj\tasks.o
 .debug_loc     0x00006e75       0x2b ..\obj\startup_LPC17xx.o
 .debug_loc     0x00006ea0       0x34 ..\obj\NetworkInterface.o
 .debug_loc     0x00006ed4      0x385 ..\obj\BufferAllocation_2.o
 .debug_loc     0x00007259       0x94 ..\obj\list.o
 .debug_loc     0x000072ed       0xa8 ..\obj\port.o
 .debug_loc     0x00007395     0x132d ..\obj\queue.o
 .debug_loc     0x000086c2      0x70c ..\obj\event_groups.o
 .debug_loc     0x00008dce      0x24a ..\obj\heap_2.o
 .debug_loc     0x00009018     0x26b2 ..\obj\FreeRTOS_Sockets.o

.debug_aranges  0x00000000      0xb00
 .debug_aranges
                0x00000000       0x28 ..\obj\FreeRTOS_UDP_IP.o
 .debug_aranges
                0x00000028       0x28 ..\obj\FreeRTOS_Stream_Buffer.o
 .debug_aranges
                0x00000050       0x28 ..\obj\configurationManager.o
 .debug_aranges
                0x00000078       0x80 ..\obj\kit1768.o
 .debug_aranges
                0x000000f8       0x58 ..\obj\lpc17xx_clkpwr.o
 .debug_aranges
                0x00000150      0x100 ..\obj\FreeRTOS_IP.o
 .debug_aranges
                0x00000250       0x28 ..\obj\system_LPC17xx.o
 .debug_aranges
                0x00000278       0xb8 ..\obj\lpc17xx_emac.o
 .debug_aranges
                0x00000330       0xb0 ..\obj\FreeRTOS_TCP_WIN.o
 .debug_aranges
                0x000003e0       0x58 ..\obj\FreeRTOS_ARP.o
 .debug_aranges
                0x00000438       0x20 ..\obj\main.o
 .debug_aranges
                0x00000458       0x80 ..\obj\FreeRTOS_TCP_IP.o
 .debug_aranges
                0x000004d8      0x1a0 ..\obj\tasks.o
 .debug_aranges
                0x00000678       0x28 ..\obj\startup_LPC17xx.o
 .debug_aranges
                0x000006a0       0x38 ..\obj\NetworkInterface.o
 .debug_aranges
                0x000006d8       0x58 ..\obj\BufferAllocation_2.o
 .debug_aranges
                0x00000730       0x40 ..\obj\list.o
 .debug_aranges
                0x00000770       0x70 ..\obj\port.o
 .debug_aranges
                0x000007e0      0x100 ..\obj\queue.o
 .debug_aranges
                0x000008e0       0x68 ..\obj\event_groups.o
 .debug_aranges
                0x00000948       0x38 ..\obj\heap_2.o
 .debug_aranges
                0x00000980      0x180 ..\obj\FreeRTOS_Sockets.o

.debug_ranges   0x00000000     0x1350
 .debug_ranges  0x00000000       0x40 ..\obj\FreeRTOS_UDP_IP.o
 .debug_ranges  0x00000040       0x98 ..\obj\FreeRTOS_Stream_Buffer.o
 .debug_ranges  0x000000d8       0x18 ..\obj\configurationManager.o
 .debug_ranges  0x000000f0       0x88 ..\obj\kit1768.o
 .debug_ranges  0x00000178       0x48 ..\obj\lpc17xx_clkpwr.o
 .debug_ranges  0x000001c0      0x2e8 ..\obj\FreeRTOS_IP.o
 .debug_ranges  0x000004a8       0x18 ..\obj\system_LPC17xx.o
 .debug_ranges  0x000004c0      0x130 ..\obj\lpc17xx_emac.o
 .debug_ranges  0x000005f0      0x1b8 ..\obj\FreeRTOS_TCP_WIN.o
 .debug_ranges  0x000007a8       0x68 ..\obj\FreeRTOS_ARP.o
 .debug_ranges  0x00000810       0x10 ..\obj\main.o
 .debug_ranges  0x00000820      0x320 ..\obj\FreeRTOS_TCP_IP.o
 .debug_ranges  0x00000b40      0x220 ..\obj\tasks.o
 .debug_ranges  0x00000d60       0x18 ..\obj\startup_LPC17xx.o
 .debug_ranges  0x00000d78       0x28 ..\obj\NetworkInterface.o
 .debug_ranges  0x00000da0       0x48 ..\obj\BufferAllocation_2.o
 .debug_ranges  0x00000de8       0x30 ..\obj\list.o
 .debug_ranges  0x00000e18       0x60 ..\obj\port.o
 .debug_ranges  0x00000e78      0x140 ..\obj\queue.o
 .debug_ranges  0x00000fb8       0x70 ..\obj\event_groups.o
 .debug_ranges  0x00001028       0x40 ..\obj\heap_2.o
 .debug_ranges  0x00001068      0x2e8 ..\obj\FreeRTOS_Sockets.o

.debug_line     0x00000000     0x6aee
 .debug_line    0x00000000      0x446 ..\obj\FreeRTOS_UDP_IP.o
 .debug_line    0x00000446      0x3ba ..\obj\FreeRTOS_Stream_Buffer.o
 .debug_line    0x00000800       0xfb ..\obj\configurationManager.o
 .debug_line    0x000008fb      0x39d ..\obj\kit1768.o
 .debug_line    0x00000c98      0x2be ..\obj\lpc17xx_clkpwr.o
 .debug_line    0x00000f56      0x8e8 ..\obj\FreeRTOS_IP.o
 .debug_line    0x0000183e      0x232 ..\obj\system_LPC17xx.o
 .debug_line    0x00001a70      0x4c1 ..\obj\lpc17xx_emac.o
 .debug_line    0x00001f31      0x715 ..\obj\FreeRTOS_TCP_WIN.o
 .debug_line    0x00002646      0x52e ..\obj\FreeRTOS_ARP.o
 .debug_line    0x00002b74      0x1f9 ..\obj\main.o
 .debug_line    0x00002d6d      0xac1 ..\obj\FreeRTOS_TCP_IP.o
 .debug_line    0x0000382e      0xa6c ..\obj\tasks.o
 .debug_line    0x0000429a       0xb8 ..\obj\startup_LPC17xx.o
 .debug_line    0x00004352      0x398 ..\obj\NetworkInterface.o
 .debug_line    0x000046ea      0x45b ..\obj\BufferAllocation_2.o
 .debug_line    0x00004b45      0x26a ..\obj\list.o
 .debug_line    0x00004daf      0x2b1 ..\obj\port.o
 .debug_line    0x00005060      0x714 ..\obj\queue.o
 .debug_line    0x00005774      0x38d ..\obj\event_groups.o
 .debug_line    0x00005b01      0x317 ..\obj\heap_2.o
 .debug_line    0x00005e18      0xcd6 ..\obj\FreeRTOS_Sockets.o

.debug_str      0x00000000     0x563a
 .debug_str     0x00000000      0xd75 ..\obj\FreeRTOS_UDP_IP.o
                                0xec3 (size before relaxing)
 .debug_str     0x00000d75      0x183 ..\obj\FreeRTOS_Stream_Buffer.o
                                0x34d (size before relaxing)
 .debug_str     0x00000ef8       0x95 ..\obj\configurationManager.o
                                0x195 (size before relaxing)
 .debug_str     0x00000f8d      0x220 ..\obj\kit1768.o
                                0x36c (size before relaxing)
 .debug_str     0x000011ad      0x2e9 ..\obj\lpc17xx_clkpwr.o
                                0x43c (size before relaxing)
 .debug_str     0x00001496      0xe58 ..\obj\FreeRTOS_IP.o
                               0x1c71 (size before relaxing)
 .debug_str     0x000022ee       0x75 ..\obj\system_LPC17xx.o
                                0x37c (size before relaxing)
 .debug_str     0x00002363      0x501 ..\obj\lpc17xx_emac.o
                                0x759 (size before relaxing)
 .debug_str     0x00002864      0x481 ..\obj\FreeRTOS_TCP_WIN.o
                                0x9af (size before relaxing)
 .debug_str     0x00002ce5      0x179 ..\obj\FreeRTOS_ARP.o
                                0x8f1 (size before relaxing)
 .debug_str     0x00002e5e       0xc0 ..\obj\main.o
                                0x214 (size before relaxing)
 .debug_str     0x00002f1e      0x5c3 ..\obj\FreeRTOS_TCP_IP.o
                               0x1788 (size before relaxing)
 .debug_str     0x000034e1      0xc1d ..\obj\tasks.o
                                0xfa3 (size before relaxing)
 .debug_str     0x000040fe       0xc9 ..\obj\startup_LPC17xx.o
                                0x170 (size before relaxing)
 .debug_str     0x000041c7       0xd1 ..\obj\NetworkInterface.o
                                0x40f (size before relaxing)
 .debug_str     0x00004298      0x1da ..\obj\BufferAllocation_2.o
                                0x637 (size before relaxing)
 .debug_str     0x00004472       0x67 ..\obj\list.o
                                0x2b3 (size before relaxing)
 .debug_str     0x000044d9       0xeb ..\obj\port.o
                                0x317 (size before relaxing)
 .debug_str     0x000045c4      0x4ec ..\obj\queue.o
                                0xa73 (size before relaxing)
 .debug_str     0x00004ab0      0x2a7 ..\obj\event_groups.o
                                0x6de (size before relaxing)
 .debug_str     0x00004d57      0x161 ..\obj\heap_2.o
                                0x31d (size before relaxing)
 .debug_str     0x00004eb8      0x782 ..\obj\FreeRTOS_Sockets.o
                               0x19f5 (size before relaxing)

.comment        0x00000000       0x6e
 .comment       0x00000000       0x6e ..\obj\FreeRTOS_UDP_IP.o
                                 0x6f (size before relaxing)
 .comment       0x0000006e       0x6f ..\obj\FreeRTOS_Stream_Buffer.o
 .comment       0x0000006e       0x6f ..\obj\configurationManager.o
 .comment       0x0000006e       0x6f ..\obj\kit1768.o
 .comment       0x0000006e       0x6f ..\obj\lpc17xx_clkpwr.o
 .comment       0x0000006e       0x6f ..\obj\FreeRTOS_IP.o
 .comment       0x0000006e       0x6f ..\obj\system_LPC17xx.o
 .comment       0x0000006e       0x6f ..\obj\lpc17xx_emac.o
 .comment       0x0000006e       0x6f ..\obj\FreeRTOS_TCP_WIN.o
 .comment       0x0000006e       0x6f ..\obj\FreeRTOS_ARP.o
 .comment       0x0000006e       0x6f ..\obj\main.o
 .comment       0x0000006e       0x6f ..\obj\FreeRTOS_TCP_IP.o
 .comment       0x0000006e       0x6f ..\obj\tasks.o
 .comment       0x0000006e       0x6f ..\obj\startup_LPC17xx.o
 .comment       0x0000006e       0x6f ..\obj\NetworkInterface.o
 .comment       0x0000006e       0x6f ..\obj\BufferAllocation_2.o
 .comment       0x0000006e       0x6f ..\obj\list.o
 .comment       0x0000006e       0x6f ..\obj\port.o
 .comment       0x0000006e       0x6f ..\obj\queue.o
 .comment       0x0000006e       0x6f ..\obj\event_groups.o
 .comment       0x0000006e       0x6f ..\obj\heap_2.o
 .comment       0x0000006e       0x6f ..\obj\FreeRTOS_Sockets.o

.ARM.attributes
                0x00000000       0x31
 .ARM.attributes
                0x00000000       0x33 ..\obj\FreeRTOS_UDP_IP.o
 .ARM.attributes
                0x00000033       0x33 ..\obj\FreeRTOS_Stream_Buffer.o
 .ARM.attributes
                0x00000066       0x33 ..\obj\configurationManager.o
 .ARM.attributes
                0x00000099       0x33 ..\obj\kit1768.o
 .ARM.attributes
                0x000000cc       0x33 ..\obj\lpc17xx_clkpwr.o
 .ARM.attributes
                0x000000ff       0x33 ..\obj\FreeRTOS_IP.o
 .ARM.attributes
                0x00000132       0x33 ..\obj\system_LPC17xx.o
 .ARM.attributes
                0x00000165       0x33 ..\obj\lpc17xx_emac.o
 .ARM.attributes
                0x00000198       0x33 ..\obj\FreeRTOS_TCP_WIN.o
 .ARM.attributes
                0x000001cb       0x33 ..\obj\FreeRTOS_ARP.o
 .ARM.attributes
                0x000001fe       0x33 ..\obj\main.o
 .ARM.attributes
                0x00000231       0x33 ..\obj\FreeRTOS_TCP_IP.o
 .ARM.attributes
                0x00000264       0x33 ..\obj\tasks.o
 .ARM.attributes
                0x00000297       0x33 ..\obj\startup_LPC17xx.o
 .ARM.attributes
                0x000002ca       0x33 ..\obj\NetworkInterface.o
 .ARM.attributes
                0x000002fd       0x33 ..\obj\BufferAllocation_2.o
 .ARM.attributes
                0x00000330       0x33 ..\obj\list.o
 .ARM.attributes
                0x00000363       0x33 ..\obj\port.o
 .ARM.attributes
                0x00000396       0x33 ..\obj\queue.o
 .ARM.attributes
                0x000003c9       0x33 ..\obj\event_groups.o
 .ARM.attributes
                0x000003fc       0x33 ..\obj\heap_2.o
 .ARM.attributes
                0x0000042f       0x33 ..\obj\FreeRTOS_Sockets.o
 .ARM.attributes
                0x00000462       0x2d c:/program files (x86)/gnu tools arm embedded/5.4 2016q2/bin/../lib/gcc/arm-none-eabi/5.4.1/../../../../arm-none-eabi/lib/armv7-m\libg.a(lib_a-memcmp.o)
 .ARM.attributes
                0x0000048f       0x1b c:/program files (x86)/gnu tools arm embedded/5.4 2016q2/bin/../lib/gcc/arm-none-eabi/5.4.1/../../../../arm-none-eabi/lib/armv7-m\libg.a(lib_a-memcpy.o)
 .ARM.attributes
                0x000004aa       0x2d c:/program files (x86)/gnu tools arm embedded/5.4 2016q2/bin/../lib/gcc/arm-none-eabi/5.4.1/../../../../arm-none-eabi/lib/armv7-m\libg.a(lib_a-memmove.o)
 .ARM.attributes
                0x000004d7       0x2d c:/program files (x86)/gnu tools arm embedded/5.4 2016q2/bin/../lib/gcc/arm-none-eabi/5.4.1/../../../../arm-none-eabi/lib/armv7-m\libg.a(lib_a-memset.o)
 .ARM.attributes
                0x00000504       0x2d c:/program files (x86)/gnu tools arm embedded/5.4 2016q2/bin/../lib/gcc/arm-none-eabi/5.4.1/../../../../arm-none-eabi/lib/armv7-m\libg.a(lib_a-rand.o)
 .ARM.attributes
                0x00000531       0x2d c:/program files (x86)/gnu tools arm embedded/5.4 2016q2/bin/../lib/gcc/arm-none-eabi/5.4.1/../../../../arm-none-eabi/lib/armv7-m\libg.a(lib_a-impure.o)

.debug_frame    0x00000000     0x1ecc
 .debug_frame   0x00000000       0x50 ..\obj\FreeRTOS_UDP_IP.o
 .debug_frame   0x00000050       0x58 ..\obj\FreeRTOS_Stream_Buffer.o
 .debug_frame   0x000000a8       0x50 ..\obj\configurationManager.o
 .debug_frame   0x000000f8      0x144 ..\obj\kit1768.o
 .debug_frame   0x0000023c       0xa8 ..\obj\lpc17xx_clkpwr.o
 .debug_frame   0x000002e4      0x2c4 ..\obj\FreeRTOS_IP.o
 .debug_frame   0x000005a8       0x38 ..\obj\system_LPC17xx.o
 .debug_frame   0x000005e0      0x1a0 ..\obj\lpc17xx_emac.o
 .debug_frame   0x00000780      0x22c ..\obj\FreeRTOS_TCP_WIN.o
 .debug_frame   0x000009ac       0xf4 ..\obj\FreeRTOS_ARP.o
 .debug_frame   0x00000aa0       0x28 ..\obj\main.o
 .debug_frame   0x00000ac8      0x1ac ..\obj\FreeRTOS_TCP_IP.o
 .debug_frame   0x00000c74      0x560 ..\obj\tasks.o
 .debug_frame   0x000011d4       0x3c ..\obj\startup_LPC17xx.o
 .debug_frame   0x00001210       0x58 ..\obj\NetworkInterface.o
 .debug_frame   0x00001268       0xdc ..\obj\BufferAllocation_2.o
 .debug_frame   0x00001344       0x6c ..\obj\list.o
 .debug_frame   0x000013b0       0xd0 ..\obj\port.o
 .debug_frame   0x00001480      0x320 ..\obj\queue.o
 .debug_frame   0x000017a0      0x110 ..\obj\event_groups.o
 .debug_frame   0x000018b0       0x74 ..\obj\heap_2.o
 .debug_frame   0x00001924      0x4d0 ..\obj\FreeRTOS_Sockets.o
 .debug_frame   0x00001df4       0x38 c:/program files (x86)/gnu tools arm embedded/5.4 2016q2/bin/../lib/gcc/arm-none-eabi/5.4.1/../../../../arm-none-eabi/lib/armv7-m\libg.a(lib_a-memcmp.o)
 .debug_frame   0x00001e2c       0x30 c:/program files (x86)/gnu tools arm embedded/5.4 2016q2/bin/../lib/gcc/arm-none-eabi/5.4.1/../../../../arm-none-eabi/lib/armv7-m\libg.a(lib_a-memmove.o)
 .debug_frame   0x00001e5c       0x34 c:/program files (x86)/gnu tools arm embedded/5.4 2016q2/bin/../lib/gcc/arm-none-eabi/5.4.1/../../../../arm-none-eabi/lib/armv7-m\libg.a(lib_a-memset.o)
 .debug_frame   0x00001e90       0x3c c:/program files (x86)/gnu tools arm embedded/5.4 2016q2/bin/../lib/gcc/arm-none-eabi/5.4.1/../../../../arm-none-eabi/lib/armv7-m\libg.a(lib_a-rand.o)
