Archive member included to satisfy reference by file (symbol)

C:\Program Files (x86)\GNU Tools ARM Embedded\5.4 2016q2\arm-none-eabi\lib\armv7-m\libc.a(lib_a-memcmp.o)
                              ..\obj\ff_dev_support.o (memcmp)
C:\Program Files (x86)\GNU Tools ARM Embedded\5.4 2016q2\arm-none-eabi\lib\armv7-m\libc.a(lib_a-memcpy.o)
                              ..\obj\FreeRTOS_TCP_server.o (memcpy)
C:\Program Files (x86)\GNU Tools ARM Embedded\5.4 2016q2\arm-none-eabi\lib\armv7-m\libc.a(lib_a-memmove.o)
                              ..\obj\FreeRTOS_IP.o (memmove)
C:\Program Files (x86)\GNU Tools ARM Embedded\5.4 2016q2\arm-none-eabi\lib\armv7-m\libc.a(lib_a-memset.o)
                              ..\obj\FreeRTOS_TCP_server.o (memset)
C:\Program Files (x86)\GNU Tools ARM Embedded\5.4 2016q2\arm-none-eabi\lib\armv7-m\libc.a(lib_a-rand.o)
                              ..\obj\ff_format.o (rand)
C:\Program Files (x86)\GNU Tools ARM Embedded\5.4 2016q2\arm-none-eabi\lib\armv7-m\libc.a(lib_a-snprintf.o)
                              ..\obj\ff_dev_support.o (snprintf)
C:\Program Files (x86)\GNU Tools ARM Embedded\5.4 2016q2\arm-none-eabi\lib\armv7-m\libc.a(lib_a-sprintf.o)
                              ..\obj\ff_dir.o (sprintf)
C:\Program Files (x86)\GNU Tools ARM Embedded\5.4 2016q2\arm-none-eabi\lib\armv7-m\libc.a(lib_a-strchr.o)
                              ..\obj\FreeRTOS_HTTP_server.o (strchr)
C:\Program Files (x86)\GNU Tools ARM Embedded\5.4 2016q2\arm-none-eabi\lib\armv7-m\libc.a(lib_a-strcmp.o)
                              ..\obj\ff_dev_support.o (strcmp)
C:\Program Files (x86)\GNU Tools ARM Embedded\5.4 2016q2\arm-none-eabi\lib\armv7-m\libc.a(lib_a-strcpy.o)
                              ..\obj\FreeRTOS_HTTP_server.o (strcpy)
C:\Program Files (x86)\GNU Tools ARM Embedded\5.4 2016q2\arm-none-eabi\lib\armv7-m\libc.a(lib_a-strlen-stub.o)
                              ..\obj\FreeRTOS_TCP_server.o (strlen)
C:\Program Files (x86)\GNU Tools ARM Embedded\5.4 2016q2\arm-none-eabi\lib\armv7-m\libc.a(lib_a-strncpy.o)
                              ..\obj\ff_file.o (strncpy)
C:\Program Files (x86)\GNU Tools ARM Embedded\5.4 2016q2\arm-none-eabi\lib\armv7-m\libc.a(lib_a-svfprintf.o)
                              C:\Program Files (x86)\GNU Tools ARM Embedded\5.4 2016q2\arm-none-eabi\lib\armv7-m\libc.a(lib_a-snprintf.o) (_svfprintf_r)
C:\Program Files (x86)\GNU Tools ARM Embedded\5.4 2016q2\arm-none-eabi\lib\armv7-m\libc.a(lib_a-dtoa.o)
                              C:\Program Files (x86)\GNU Tools ARM Embedded\5.4 2016q2\arm-none-eabi\lib\armv7-m\libc.a(lib_a-svfprintf.o) (_dtoa_r)
C:\Program Files (x86)\GNU Tools ARM Embedded\5.4 2016q2\arm-none-eabi\lib\armv7-m\libc.a(lib_a-impure.o)
                              C:\Program Files (x86)\GNU Tools ARM Embedded\5.4 2016q2\arm-none-eabi\lib\armv7-m\libc.a(lib_a-rand.o) (_impure_ptr)
C:\Program Files (x86)\GNU Tools ARM Embedded\5.4 2016q2\arm-none-eabi\lib\armv7-m\libc.a(lib_a-locale.o)
                              C:\Program Files (x86)\GNU Tools ARM Embedded\5.4 2016q2\arm-none-eabi\lib\armv7-m\libc.a(lib_a-svfprintf.o) (_localeconv_r)
C:\Program Files (x86)\GNU Tools ARM Embedded\5.4 2016q2\arm-none-eabi\lib\armv7-m\libc.a(lib_a-mallocr.o)
                              C:\Program Files (x86)\GNU Tools ARM Embedded\5.4 2016q2\arm-none-eabi\lib\armv7-m\libc.a(lib_a-svfprintf.o) (_malloc_r)
C:\Program Files (x86)\GNU Tools ARM Embedded\5.4 2016q2\arm-none-eabi\lib\armv7-m\libc.a(lib_a-memchr-stub.o)
                              C:\Program Files (x86)\GNU Tools ARM Embedded\5.4 2016q2\arm-none-eabi\lib\armv7-m\libc.a(lib_a-svfprintf.o) (memchr)
C:\Program Files (x86)\GNU Tools ARM Embedded\5.4 2016q2\arm-none-eabi\lib\armv7-m\libc.a(lib_a-mlock.o)
                              C:\Program Files (x86)\GNU Tools ARM Embedded\5.4 2016q2\arm-none-eabi\lib\armv7-m\libc.a(lib_a-mallocr.o) (__malloc_lock)
C:\Program Files (x86)\GNU Tools ARM Embedded\5.4 2016q2\arm-none-eabi\lib\armv7-m\libc.a(lib_a-mprec.o)
                              C:\Program Files (x86)\GNU Tools ARM Embedded\5.4 2016q2\arm-none-eabi\lib\armv7-m\libc.a(lib_a-dtoa.o) (_Balloc)
C:\Program Files (x86)\GNU Tools ARM Embedded\5.4 2016q2\arm-none-eabi\lib\armv7-m\libc.a(lib_a-sbrkr.o)
                              C:\Program Files (x86)\GNU Tools ARM Embedded\5.4 2016q2\arm-none-eabi\lib\armv7-m\libc.a(lib_a-mallocr.o) (_sbrk_r)
C:\Program Files (x86)\GNU Tools ARM Embedded\5.4 2016q2\arm-none-eabi\lib\armv7-m\libc.a(lib_a-svfiprintf.o)
                              C:\Program Files (x86)\GNU Tools ARM Embedded\5.4 2016q2\arm-none-eabi\lib\armv7-m\libc.a(lib_a-svfprintf.o) (__ssprint_r)
C:\Program Files (x86)\GNU Tools ARM Embedded\5.4 2016q2\arm-none-eabi\lib\armv7-m\libc.a(lib_a-callocr.o)
                              C:\Program Files (x86)\GNU Tools ARM Embedded\5.4 2016q2\arm-none-eabi\lib\armv7-m\libc.a(lib_a-mprec.o) (_calloc_r)
[...]
Memory Configuration

Name             Origin             Length             Attributes
rom              0x00000000         0x00080000         xr
ram              0x10000000         0x00008000         xrw
ram1             0x2007c000         0x00008000         xrw
*default*        0x00000000         0xffffffff

Linker script and memory map

                0x10008000                _eram = 0x10008000

.text           0x00000000    0x14c9c
 *(.isr_vector)
 .isr_vector    0x00000000       0xcc ..\obj\startup_LPC17xx.o
                0x00000000                g_pfnVectors
 *(.text*)
 .text.FreeRTOS_CreateTCPServer
                0x000000cc      0x198 ..\obj\FreeRTOS_TCP_server.o
                0x000000cc                FreeRTOS_CreateTCPServer
 .text.prvReceiveNewClient
                0x00000264      0x108 ..\obj\FreeRTOS_TCP_server.o
 .text.FreeRTOS_TCPServerWork
                0x0000036c       0xec ..\obj\FreeRTOS_TCP_server.o
                0x0000036c                FreeRTOS_TCPServerWork
 .text.strnew   0x00000458       0x3c ..\obj\FreeRTOS_TCP_server.o
 .text.prvRemoveSlash
                0x00000494       0x40 ..\obj\FreeRTOS_TCP_server.o
 .text.pxFindFile
                0x000004d4       0xe0 ..\obj\ff_dev_support.o
                0x000004d4                pxFindFile
 .text.xCheckDevicePath
                0x000005b4       0x60 ..\obj\ff_dev_support.o
                0x000005b4                xCheckDevicePath
 .text.FF_Device_Open
                0x00000614       0x78 ..\obj\ff_dev_support.o
                0x00000614                FF_Device_Open
 .text.FF_Device_Close
                0x0000068c       0x28 ..\obj\ff_dev_support.o
                0x0000068c                FF_Device_Close
 .text.FF_Device_Read
                0x000006b4       0x24 ..\obj\ff_dev_support.o
                0x000006b4                FF_Device_Read
 .text.vProcessGeneratedUDPPacket
                0x000006d8      0x12c ..\obj\FreeRTOS_UDP_IP.o
                0x000006d8                vProcessGeneratedUDPPacket
 .text.xProcessReceivedUDPPacket
                0x00000804       0xa8 ..\obj\FreeRTOS_UDP_IP.o
                0x00000804                xProcessReceivedUDPPacket
 .text.FreeRTOS_min_uint32
                0x000008ac       0x20 ..\obj\FreeRTOS_Stream_Buffer.o
 .text.uxStreamBufferSpace
                0x000008cc       0x3c ..\obj\FreeRTOS_Stream_Buffer.o
 .text.uxStreamBufferDistance
                0x00000908       0x3c ..\obj\FreeRTOS_Stream_Buffer.o
 .text.uxStreamBufferGetSpace
                0x00000944       0x28 ..\obj\FreeRTOS_Stream_Buffer.o
 .text.uxStreamBufferGetSize
                0x0000096c       0x28 ..\obj\FreeRTOS_Stream_Buffer.o
 .text.xStreamBufferLessThenEqual
                0x00000994       0x68 ..\obj\FreeRTOS_Stream_Buffer.o
 .text.uxStreamBufferAdd
                0x000009fc       0xfc ..\obj\FreeRTOS_Stream_Buffer.o
                0x000009fc                uxStreamBufferAdd
 .text.uxStreamBufferGet
                0x00000af8       0xe8 ..\obj\FreeRTOS_Stream_Buffer.o
                0x00000af8                uxStreamBufferGet
 .text.InitializeClocks
                0x00000be0        0xc ..\obj\configurationManager.o
                0x00000be0                InitializeClocks
 .text.InitializeLPC1768Clock
                0x00000bec        0xc ..\obj\configurationManager.o
                0x00000bec                InitializeLPC1768Clock
 .text.vHTTPClientDelete
                0x00000bf8       0x44 ..\obj\FreeRTOS_HTTP_server.o
                0x00000bf8                vHTTPClientDelete
 .text.prvFileClose
                0x00000c3c       0x30 ..\obj\FreeRTOS_HTTP_server.o
 .text.prvSendReply
                0x00000c6c       0xa0 ..\obj\FreeRTOS_HTTP_server.o
 .text.prvSendFile
                0x00000d0c      0x13c ..\obj\FreeRTOS_HTTP_server.o
 .text.prvOpenURL
                0x00000e48       0x9c ..\obj\FreeRTOS_HTTP_server.o
 .text.prvProcessCmd
                0x00000ee4       0x34 ..\obj\FreeRTOS_HTTP_server.o
 .text.xHTTPClientWork
                0x00000f18      0x154 ..\obj\FreeRTOS_HTTP_server.o
                0x00000f18                xHTTPClientWork
 .text.pcGetContentsType
                0x0000106c       0x98 ..\obj\FreeRTOS_HTTP_server.o
 .text.prvIPTask
                0x00001104      0x158 ..\obj\FreeRTOS_IP.o
 .text.xIsCallingFromIPTask
                0x0000125c       0x2c ..\obj\FreeRTOS_IP.o
                0x0000125c                xIsCallingFromIPTask
 .text.prvHandleEthernetPacket
                0x00001288       0x2c ..\obj\FreeRTOS_IP.o
 .text.prvCalculateSleepTime
                0x000012b4       0x50 ..\obj\FreeRTOS_IP.o
 .text.prvCheckNetworkTimers
                0x00001304       0xb0 ..\obj\FreeRTOS_IP.o
 .text.prvIPTimerStart
                0x000013b4       0x48 ..\obj\FreeRTOS_IP.o
 .text.prvIPTimerReload
                0x000013fc       0x20 ..\obj\FreeRTOS_IP.o
 .text.prvIPTimerCheck
                0x0000141c       0x60 ..\obj\FreeRTOS_IP.o
 .text.FreeRTOS_NetworkDown
                0x0000147c       0x38 ..\obj\FreeRTOS_IP.o
                0x0000147c                FreeRTOS_NetworkDown
 .text.FreeRTOS_IPInit
                0x000014b4      0x16c ..\obj\FreeRTOS_IP.o
                0x000014b4                FreeRTOS_IPInit
 .text.xSendEventToIPTask
                0x00001620       0x2c ..\obj\FreeRTOS_IP.o
                0x00001620                xSendEventToIPTask
 .text.xSendEventStructToIPTask
                0x0000164c       0x94 ..\obj\FreeRTOS_IP.o
                0x0000164c                xSendEventStructToIPTask
 .text.prvProcessNetworkDownEvent
                0x000016e0       0x34 ..\obj\FreeRTOS_IP.o
 .text.vIPNetworkUpCalls
                0x00001714       0x20 ..\obj\FreeRTOS_IP.o
                0x00001714                vIPNetworkUpCalls
 .text.prvProcessEthernetPacket
                0x00001734       0x7c ..\obj\FreeRTOS_IP.o
 .text.prvAllowIPPacket
                0x000017b0       0x88 ..\obj\FreeRTOS_IP.o
 .text.prvProcessIPPacket
                0x00001838      0x158 ..\obj\FreeRTOS_IP.o
 .text.prvProcessICMPEchoRequest
                0x00001990       0xac ..\obj\FreeRTOS_IP.o
 .text.prvProcessICMPPacket
                0x00001a3c       0x34 ..\obj\FreeRTOS_IP.o
 .text.vReturnEthernetFrame
                0x00001a70       0x40 ..\obj\FreeRTOS_IP.o
                0x00001a70                vReturnEthernetFrame
 .text.FreeRTOS_GetIPAddress
                0x00001ab0       0x14 ..\obj\FreeRTOS_IP.o
                0x00001ab0                FreeRTOS_GetIPAddress
 .text.xIPIsNetworkTaskReady
                0x00001ac4       0x14 ..\obj\FreeRTOS_IP.o
                0x00001ac4                xIPIsNetworkTaskReady
 .text.SystemInit
                0x00001ad8      0x150 ..\obj\system_LPC17xx.o
                0x00001ad8                SystemInit
 .text.FF_PRINTF
                0x00001c28       0x10 ..\obj\ff_file.o
 .text.FF_getRealLBA
                0x00001c38       0x24 ..\obj\ff_file.o
 .text.FF_InitFATBuffers
                0x00001c5c       0x28 ..\obj\ff_file.o
 .text.FF_GetModeBits
                0x00001c84      0x1cc ..\obj\ff_file.o
                0x00001c84                FF_GetModeBits
 .text.prvAllocFileHandle
                0x00001e50       0x78 ..\obj\ff_file.o
 .text.FF_Open  0x00001ec8      0x454 ..\obj\ff_file.o
                0x00001ec8                FF_Open
 .text.FF_GetSequentialClusters
                0x0000231c       0xa4 ..\obj\ff_file.o
 .text.FF_ReadClusters
                0x000023c0      0x108 ..\obj\ff_file.o
 .text.FF_FileLBA
                0x000024c8       0x64 ..\obj\ff_file.o
 .text.FF_SetCluster
                0x0000252c       0xb0 ..\obj\ff_file.o
 .text.FF_ReadPartial
                0x000025dc       0xe4 ..\obj\ff_file.o
 .text.FF_Read  0x000026c0      0x39c ..\obj\ff_file.o
                0x000026c0                FF_Read
 .text.FF_CheckValid
                0x00002a5c       0x84 ..\obj\ff_file.o
                0x00002a5c                FF_CheckValid
 .text.FF_Close
                0x00002ae0      0x25c ..\obj\ff_file.o
                0x00002ae0                FF_Close
 .text.FF_Truncate
                0x00002d3c      0x18c ..\obj\ff_file.o
 .text.FF_GetCRC16
                0x00002ec8       0x68 ..\obj\ff_crc.o
                0x00002ec8                FF_GetCRC16
 .text.FreeRTOS_min_int32
                0x00002f30       0x20 ..\obj\FreeRTOS_TCP_WIN.o
 .text.FreeRTOS_min_uint32
                0x00002f50       0x20 ..\obj\FreeRTOS_TCP_WIN.o
 .text.xSequenceLessThanOrEqual
                0x00002f70       0x20 ..\obj\FreeRTOS_TCP_WIN.o
 .text.xSequenceLessThan
                0x00002f90       0x24 ..\obj\FreeRTOS_TCP_WIN.o
 .text.xSequenceGreaterThan
                0x00002fb4       0x24 ..\obj\FreeRTOS_TCP_WIN.o
 .text.xSequenceGreaterThanOrEqual
                0x00002fd8       0x20 ..\obj\FreeRTOS_TCP_WIN.o
 .text.vListInsertFifo
                0x00002ff8       0x20 ..\obj\FreeRTOS_TCP_WIN.o
 .text.vTCPTimerSet
                0x00003018       0x1c ..\obj\FreeRTOS_TCP_WIN.o
 .text.ulTimerGetAge
                0x00003034       0x20 ..\obj\FreeRTOS_TCP_WIN.o
 .text.vListInsertGeneric
                0x00003054       0x44 ..\obj\FreeRTOS_TCP_WIN.o
                0x00003054                vListInsertGeneric
 .text.prvCreateSectors
                0x00003098       0xa0 ..\obj\FreeRTOS_TCP_WIN.o
 .text.xTCPWindowRxFind
                0x00003138       0x4c ..\obj\FreeRTOS_TCP_WIN.o
 .text.xTCPWindowNew
                0x00003184       0x98 ..\obj\FreeRTOS_TCP_WIN.o
 .text.xTCPWindowRxEmpty
                0x0000321c       0x44 ..\obj\FreeRTOS_TCP_WIN.o
                0x0000321c                xTCPWindowRxEmpty
 .text.xTCPWindowGetHead
                0x00003260       0x3c ..\obj\FreeRTOS_TCP_WIN.o
 .text.xTCPWindowPeekHead
                0x0000329c       0x38 ..\obj\FreeRTOS_TCP_WIN.o
 .text.vTCPWindowFree
                0x000032d4       0x58 ..\obj\FreeRTOS_TCP_WIN.o
 .text.vTCPWindowDestroy
                0x0000332c       0x64 ..\obj\FreeRTOS_TCP_WIN.o
                0x0000332c                vTCPWindowDestroy
 .text.vTCPWindowCreate
                0x00003390       0x70 ..\obj\FreeRTOS_TCP_WIN.o
                0x00003390                vTCPWindowCreate
 .text.vTCPWindowInit
                0x00003400       0xb4 ..\obj\FreeRTOS_TCP_WIN.o
                0x00003400                vTCPWindowInit
 .text.xTCPWindowRxConfirm
                0x000034b4       0x98 ..\obj\FreeRTOS_TCP_WIN.o
 .text.lTCPWindowRxCheck
                0x0000354c      0x1bc ..\obj\FreeRTOS_TCP_WIN.o
                0x0000354c                lTCPWindowRxCheck
 .text.lTCPIncrementTxPosition
                0x00003708       0x30 ..\obj\FreeRTOS_TCP_WIN.o
 .text.lTCPWindowTxAdd
                0x00003738      0x168 ..\obj\FreeRTOS_TCP_WIN.o
                0x00003738                lTCPWindowTxAdd
 .text.xTCPWindowTxDone
                0x000038a0       0x24 ..\obj\FreeRTOS_TCP_WIN.o
                0x000038a0                xTCPWindowTxDone
 .text.prvTCPWindowTxHasSpace
                0x000038c4       0x8c ..\obj\FreeRTOS_TCP_WIN.o
 .text.xTCPWindowTxHasData
                0x00003950       0xc0 ..\obj\FreeRTOS_TCP_WIN.o
                0x00003950                xTCPWindowTxHasData
 .text.ulTCPWindowTxGet
                0x00003a10      0x18c ..\obj\FreeRTOS_TCP_WIN.o
                0x00003a10                ulTCPWindowTxGet
 .text.prvTCPWindowTxCheckAck
                0x00003b9c      0x188 ..\obj\FreeRTOS_TCP_WIN.o
 .text.prvTCPWindowFastRetransmit
                0x00003d24       0xac ..\obj\FreeRTOS_TCP_WIN.o
 .text.ulTCPWindowTxAck
                0x00003dd0       0x3c ..\obj\FreeRTOS_TCP_WIN.o
                0x00003dd0                ulTCPWindowTxAck
 .text.ulTCPWindowTxSack
                0x00003e0c       0x48 ..\obj\FreeRTOS_TCP_WIN.o
                0x00003e0c                ulTCPWindowTxSack
 .text.write_PHY
                0x00003e54       0x54 ..\obj\landtiger2_emac.o
                0x00003e54                write_PHY
 .text.read_PHY
                0x00003ea8       0x64 ..\obj\landtiger2_emac.o
                0x00003ea8                read_PHY
 .text.rx_descr_init
                0x00003f0c       0xb0 ..\obj\landtiger2_emac.o
                0x00003f0c                rx_descr_init
 .text.tx_descr_init
                0x00003fbc       0x9c ..\obj\landtiger2_emac.o
                0x00003fbc                tx_descr_init
 .text.InitializeEthernetMAC
                0x00004058      0x25c ..\obj\landtiger2_emac.o
                0x00004058                InitializeEthernetMAC
 .text.eARPProcessPacket
                0x000042b4      0x100 ..\obj\FreeRTOS_ARP.o
                0x000042b4                eARPProcessPacket
 .text.vARPRefreshCacheEntry
                0x000043b4      0x1f0 ..\obj\FreeRTOS_ARP.o
                0x000043b4                vARPRefreshCacheEntry
 .text.eARPGetCacheEntry
                0x000045a4       0xa8 ..\obj\FreeRTOS_ARP.o
                0x000045a4                eARPGetCacheEntry
 .text.prvCacheLookup
                0x0000464c       0x80 ..\obj\FreeRTOS_ARP.o
 .text.vARPAgeCache
                0x000046cc      0x11c ..\obj\FreeRTOS_ARP.o
                0x000046cc                vARPAgeCache
 .text.FreeRTOS_OutputARPRequest
                0x000047e8       0x34 ..\obj\FreeRTOS_ARP.o
                0x000047e8                FreeRTOS_OutputARPRequest
 .text.vARPGenerateRequestPacket
                0x0000481c       0x84 ..\obj\FreeRTOS_ARP.o
                0x0000481c                vARPGenerateRequestPacket
 .text.main     0x000048a0       0x58 ..\obj\main.o
                0x000048a0                main
 .text.prvWebServerTask
                0x000048f8       0x3c ..\obj\main.o
                0x000048f8                prvWebServerTask
 .text.FreeRTOS_max_int32
                0x00004934       0x20 ..\obj\FreeRTOS_TCP_IP.o
 .text.FreeRTOS_min_int32
                0x00004954       0x20 ..\obj\FreeRTOS_TCP_IP.o
 .text.FreeRTOS_min_uint32
                0x00004974       0x20 ..\obj\FreeRTOS_TCP_IP.o
 .text.uxStreamBufferSpace
                0x00004994       0x3c ..\obj\FreeRTOS_TCP_IP.o
 .text.uxStreamBufferDistance
                0x000049d0       0x3c ..\obj\FreeRTOS_TCP_IP.o
 .text.uxStreamBufferGetSpace
                0x00004a0c       0x28 ..\obj\FreeRTOS_TCP_IP.o
 .text.uxStreamBufferFrontSpace
                0x00004a34       0x28 ..\obj\FreeRTOS_TCP_IP.o
 .text.uxStreamBufferMidSpace
                0x00004a5c       0x28 ..\obj\FreeRTOS_TCP_IP.o
 .text.vStreamBufferMoveMid
                0x00004a84       0x4c ..\obj\FreeRTOS_TCP_IP.o
 .text.ulChar2u32
                0x00004ad0       0x34 ..\obj\FreeRTOS_TCP_IP.o
 .text.usChar2u16
                0x00004b04       0x28 ..\obj\FreeRTOS_TCP_IP.o
 .text.prvTCPSocketIsActive
                0x00004b2c       0x54 ..\obj\FreeRTOS_TCP_IP.o
 .text.prvTCPStatusAgeCheck
                0x00004b80       0xac ..\obj\FreeRTOS_TCP_IP.o
 .text.xTCPSocketCheck
                0x00004c2c       0xc4 ..\obj\FreeRTOS_TCP_IP.o
                0x00004c2c                xTCPSocketCheck
 .text.prvTCPSendPacket
                0x00004cf0       0xb8 ..\obj\FreeRTOS_TCP_IP.o
 .text.prvTCPSendRepeated
                0x00004da8       0x5c ..\obj\FreeRTOS_TCP_IP.o
 .text.prvTCPReturnPacket
                0x00004e04      0x364 ..\obj\FreeRTOS_TCP_IP.o
 .text.prvTCPCreateWindow
                0x00005168       0x50 ..\obj\FreeRTOS_TCP_IP.o
 .text.prvTCPPrepareConnect
                0x000051b8      0x1b0 ..\obj\FreeRTOS_TCP_IP.o
 .text.prvCheckOptions
                0x00005368      0x1e0 ..\obj\FreeRTOS_TCP_IP.o
 .text.prvWinScaleFactor
                0x00005548       0x40 ..\obj\FreeRTOS_TCP_IP.o
 .text.prvSetSynAckOptions
                0x00005588       0xa8 ..\obj\FreeRTOS_TCP_IP.o
 .text.prvTCPTouchSocket
                0x00005630       0x48 ..\obj\FreeRTOS_TCP_IP.o
 .text.vTCPStateChange
                0x00005678      0x19c ..\obj\FreeRTOS_TCP_IP.o
                0x00005678                vTCPStateChange
 .text.prvTCPBufferResize
                0x00005814       0xc0 ..\obj\FreeRTOS_TCP_IP.o
 .text.prvTCPPrepareSend
                0x000058d4      0x2d0 ..\obj\FreeRTOS_TCP_IP.o
 .text.prvTCPNextTimeout
                0x00005ba4       0xf4 ..\obj\FreeRTOS_TCP_IP.o
 .text.prvTCPAddTxData
                0x00005c98       0x54 ..\obj\FreeRTOS_TCP_IP.o
 .text.prvTCPHandleFin
                0x00005cec      0x14c ..\obj\FreeRTOS_TCP_IP.o
 .text.prvCheckRxData
                0x00005e38       0xd0 ..\obj\FreeRTOS_TCP_IP.o
 .text.prvStoreRxData
                0x00005f08       0xe8 ..\obj\FreeRTOS_TCP_IP.o
 .text.prvSetOptions
                0x00005ff0       0xbc ..\obj\FreeRTOS_TCP_IP.o
 .text.prvHandleSynReceived
                0x000060ac      0x184 ..\obj\FreeRTOS_TCP_IP.o
 .text.prvHandleEstablished
                0x00006230      0x22c ..\obj\FreeRTOS_TCP_IP.o
 .text.prvSendData
                0x0000645c      0x17c ..\obj\FreeRTOS_TCP_IP.o
 .text.prvTCPHandleState
                0x000065d8      0x220 ..\obj\FreeRTOS_TCP_IP.o
 .text.prvTCPSendReset
                0x000067f8       0x38 ..\obj\FreeRTOS_TCP_IP.o
 .text.prvSocketSetMSS
                0x00006830       0x78 ..\obj\FreeRTOS_TCP_IP.o
 .text.xProcessReceivedTCPPacket
                0x000068a8      0x234 ..\obj\FreeRTOS_TCP_IP.o
                0x000068a8                xProcessReceivedTCPPacket
 .text.prvHandleListen
                0x00006adc      0x160 ..\obj\FreeRTOS_TCP_IP.o
 .text.prvTCPSocketCopy
                0x00006c3c       0xec ..\obj\FreeRTOS_TCP_IP.o
 .text.xTCPCheckNewClient
                0x00006d28       0x88 ..\obj\FreeRTOS_TCP_IP.o
                0x00006d28                xTCPCheckNewClient
 .text.xTimerCreateTimerTask
                0x00006db0       0x74 ..\obj\timers.o
                0x00006db0                xTimerCreateTimerTask
 .text.xTimerGenericCommand
                0x00006e24       0x80 ..\obj\timers.o
                0x00006e24                xTimerGenericCommand
 .text.prvProcessExpiredTimer
                0x00006ea4       0x64 ..\obj\timers.o
 .text.prvTimerTask
                0x00006f08       0x24 ..\obj\timers.o
 .text.prvProcessTimerOrBlockTask
                0x00006f2c       0x9c ..\obj\timers.o
 .text.prvGetNextExpireTime
                0x00006fc8       0x48 ..\obj\timers.o
 .text.prvSampleTimeNow
                0x00007010       0x40 ..\obj\timers.o
 .text.prvInsertTimerInActiveList
                0x00007050       0x84 ..\obj\timers.o
 .text.prvProcessReceivedCommands
                0x000070d4       0xf8 ..\obj\timers.o
 .text.prvSwitchTimerLists
                0x000071cc       0xa8 ..\obj\timers.o
 .text.prvCheckForValidListAndQueue
                0x00007274       0x80 ..\obj\timers.o
 .text.FF_tolower
                0x000072f4       0x64 ..\obj\ff_string.o
                0x000072f4                FF_tolower
 .text.FF_strmatch
                0x00007358       0x7c ..\obj\ff_string.o
                0x00007358                FF_strmatch
 .text.FF_strtok
                0x000073d4      0x108 ..\obj\ff_string.o
                0x000073d4                FF_strtok
 .text.FF_getRealLBA
                0x000074dc       0x24 ..\obj\ff_dir.o
 .text.FF_InitFATBuffers
                0x00007500       0x28 ..\obj\ff_dir.o
 .text.FF_getChar
                0x00007528       0x1c ..\obj\ff_dir.o
 .text.FF_getShort
                0x00007544       0x2c ..\obj\ff_dir.o
 .text.FF_getLong
                0x00007570       0x38 ..\obj\ff_dir.o
 .text.FF_putChar
                0x000075a8       0x24 ..\obj\ff_dir.o
 .text.FF_putShort
                0x000075cc       0x34 ..\obj\ff_dir.o
 .text.FF_putLong
                0x00007600       0x40 ..\obj\ff_dir.o
 .text.FF_isEndOfDir
                0x00007640       0x20 ..\obj\ff_dir.o
 .text.FF_isDeleted
                0x00007660       0x20 ..\obj\ff_dir.o
 .text.prvToLower
                0x00007680       0x30 ..\obj\ff_dir.o
 .text.strcasecmp
                0x000076b0       0x54 ..\obj\ff_dir.o
                0x000076b0                strcasecmp
 .text.FF_ShortNameExists
                0x00007704      0x12c ..\obj\ff_dir.o
 .text.FF_FindEntryInDir
                0x00007830      0x244 ..\obj\ff_dir.o
                0x00007830                FF_FindEntryInDir
 .text.FF_FindDir
                0x00007a74      0x164 ..\obj\ff_dir.o
                0x00007a74                FF_FindDir
 .text.FF_ProcessShortName
                0x00007bd8       0x7c ..\obj\ff_dir.o
 .text.FF_PopulateShortDirent
                0x00007c54       0x84 ..\obj\ff_dir.o
                0x00007c54                FF_PopulateShortDirent
 .text.FF_InitEntryFetch
                0x00007cd8       0x7c ..\obj\ff_dir.o
                0x00007cd8                FF_InitEntryFetch
 .text.FF_CleanupEntryFetch
                0x00007d54       0x34 ..\obj\ff_dir.o
                0x00007d54                FF_CleanupEntryFetch
 .text.FF_Traverse
                0x00007d88       0xd0 ..\obj\ff_dir.o
 .text.FF_FetchEntryWithContext
                0x00007e58      0x134 ..\obj\ff_dir.o
                0x00007e58                FF_FetchEntryWithContext
 .text.FF_PushEntryWithContext
                0x00007f8c      0x12c ..\obj\ff_dir.o
                0x00007f8c                FF_PushEntryWithContext
 .text.FF_GetEntry
                0x000080b8       0xf8 ..\obj\ff_dir.o
                0x000080b8                FF_GetEntry
 .text.FF_FindFreeDirent
                0x000081b0      0x188 ..\obj\ff_dir.o
 .text.FF_PutEntry
                0x00008338       0xe4 ..\obj\ff_dir.o
                0x00008338                FF_PutEntry
 .text.FF_ValidShortChar
                0x0000841c       0x50 ..\obj\ff_dir.o
 .text.FF_CreateShortName
                0x0000846c      0x1e8 ..\obj\ff_dir.o
                0x0000846c                FF_CreateShortName
 .text.FF_FindShortName
                0x00008654      0x224 ..\obj\ff_dir.o
                0x00008654                FF_FindShortName
 .text.FF_ExtendDirectory
                0x00008878      0x100 ..\obj\ff_dir.o
                0x00008878                FF_ExtendDirectory
 .text.FF_MakeNameCompliant
                0x00008978       0x60 ..\obj\ff_dir.o
 .text.FF_CreateDirent
                0x000089d8      0x1ac ..\obj\ff_dir.o
                0x000089d8                FF_CreateDirent
 .text.FF_CreateFile
                0x00008b84       0xd0 ..\obj\ff_dir.o
                0x00008b84                FF_CreateFile
 .text.vApplicationGetIdleTaskMemory
                0x00008c54       0x34 ..\obj\staticAllocationImpl.o
                0x00008c54                vApplicationGetIdleTaskMemory
 .text.vApplicationGetTimerTaskMemory
                0x00008c88       0x30 ..\obj\staticAllocationImpl.o
                0x00008c88                vApplicationGetTimerTaskMemory
 .text.xTaskCreateStatic
                0x00008cb8       0x60 ..\obj\tasks.o
                0x00008cb8                xTaskCreateStatic
 .text.xTaskCreate
                0x00008d18       0x8c ..\obj\tasks.o
                0x00008d18                xTaskCreate
 .text.prvInitialiseNewTask
                0x00008da4      0x100 ..\obj\tasks.o
 .text.prvAddNewTaskToReadyList
                0x00008ea4       0xd4 ..\obj\tasks.o
 .text.vTaskDelay
                0x00008f78       0x48 ..\obj\tasks.o
                0x00008f78                vTaskDelay
 .text.vTaskPrioritySet
                0x00008fc0      0x140 ..\obj\tasks.o
                0x00008fc0                vTaskPrioritySet
 .text.vTaskStartScheduler
                0x00009100       0xac ..\obj\tasks.o
                0x00009100                vTaskStartScheduler
 .text.vTaskSuspendAll
                0x000091ac       0x1c ..\obj\tasks.o
                0x000091ac                vTaskSuspendAll
 .text.prvGetExpectedIdleTime
                0x000091c8       0x74 ..\obj\tasks.o
 .text.xTaskResumeAll
                0x0000923c      0x11c ..\obj\tasks.o
                0x0000923c                xTaskResumeAll
 .text.xTaskGetTickCount
                0x00009358       0x1c ..\obj\tasks.o
                0x00009358                xTaskGetTickCount
 .text.vTaskStepTick
                0x00009374       0x24 ..\obj\tasks.o
                0x00009374                vTaskStepTick
 .text.xTaskIncrementTick
                0x00009398      0x13c ..\obj\tasks.o
                0x00009398                xTaskIncrementTick
 .text.vTaskSwitchContext
                0x000094d4       0x8c ..\obj\tasks.o
                0x000094d4                vTaskSwitchContext
 .text.vTaskPlaceOnEventList
                0x00009560       0x2c ..\obj\tasks.o
                0x00009560                vTaskPlaceOnEventList
 .text.vTaskPlaceOnUnorderedEventList
                0x0000958c       0x3c ..\obj\tasks.o
                0x0000958c                vTaskPlaceOnUnorderedEventList
 .text.vTaskPlaceOnEventListRestricted
                0x000095c8       0x3c ..\obj\tasks.o
                0x000095c8                vTaskPlaceOnEventListRestricted
 .text.xTaskRemoveFromEventList
                0x00009604       0xac ..\obj\tasks.o
                0x00009604                xTaskRemoveFromEventList
 .text.vTaskRemoveFromUnorderedEventList
                0x000096b0       0x84 ..\obj\tasks.o
                0x000096b0                vTaskRemoveFromUnorderedEventList
 .text.vTaskSetTimeOutState
                0x00009734       0x2c ..\obj\tasks.o
                0x00009734                vTaskSetTimeOutState
 .text.xTaskCheckForTimeOut
                0x00009760       0x88 ..\obj\tasks.o
                0x00009760                xTaskCheckForTimeOut
 .text.vTaskMissedYield
                0x000097e8       0x18 ..\obj\tasks.o
                0x000097e8                vTaskMissedYield
 .text.prvIdleTask
                0x00009800       0x54 ..\obj\tasks.o
 .text.eTaskConfirmSleepModeStatus
                0x00009854       0x5c ..\obj\tasks.o
                0x00009854                eTaskConfirmSleepModeStatus
 .text.vTaskSetThreadLocalStoragePointer
                0x000098b0       0x40 ..\obj\tasks.o
                0x000098b0                vTaskSetThreadLocalStoragePointer
 .text.pvTaskGetThreadLocalStoragePointer
                0x000098f0       0x48 ..\obj\tasks.o
                0x000098f0                pvTaskGetThreadLocalStoragePointer
 .text.prvInitialiseTaskLists
                0x00009938       0x80 ..\obj\tasks.o
 .text.prvCheckTasksWaitingTermination
                0x000099b8       0x78 ..\obj\tasks.o
 .text.prvDeleteTCB
                0x00009a30       0x3c ..\obj\tasks.o
 .text.prvResetNextTaskUnblockTime
                0x00009a6c       0x48 ..\obj\tasks.o
 .text.xTaskGetCurrentTaskHandle
                0x00009ab4       0x1c ..\obj\tasks.o
                0x00009ab4                xTaskGetCurrentTaskHandle
 .text.xTaskGetSchedulerState
                0x00009ad0       0x3c ..\obj\tasks.o
                0x00009ad0                xTaskGetSchedulerState
 .text.vTaskPriorityInherit
                0x00009b0c       0xec ..\obj\tasks.o
                0x00009b0c                vTaskPriorityInherit
 .text.xTaskPriorityDisinherit
                0x00009bf8       0xc8 ..\obj\tasks.o
                0x00009bf8                xTaskPriorityDisinherit
 .text.uxTaskResetEventItemValue
                0x00009cc0       0x30 ..\obj\tasks.o
                0x00009cc0                uxTaskResetEventItemValue
 .text.pvTaskIncrementMutexHeldCount
                0x00009cf0       0x28 ..\obj\tasks.o
                0x00009cf0                pvTaskIncrementMutexHeldCount
 .text.ulTaskNotifyTake
                0x00009d18       0x90 ..\obj\tasks.o
                0x00009d18                ulTaskNotifyTake
 .text.prvAddCurrentTaskToDelayedList
                0x00009da8       0xcc ..\obj\tasks.o
 .text.Default_Reset_Handler
                0x00009e74       0x60 ..\obj\startup_LPC17xx.o
                0x00009e74                Default_Reset_Handler
                0x00009e74                Reset_Handler
 .text.Default_Handler
                0x00009ed4        0x8 ..\obj\startup_LPC17xx.o
                0x00009ed4                TIMER2_IRQHandler
                0x00009ed4                DebugMon_Handler
                0x00009ed4                RIT_IRQHandler
                0x00009ed4                I2C0_IRQHandler
                0x00009ed4                HardFault_Handler
                0x00009ed4                USBActivity_IRQHandler
                0x00009ed4                PWM1_IRQHandler
                0x00009ed4                NMI_Handler
                0x00009ed4                I2C1_IRQHandler
                0x00009ed4                EINT2_IRQHandler
                0x00009ed4                UART1_IRQHandler
                0x00009ed4                EINT3_IRQHandler
                0x00009ed4                CANActivity_IRQHandler
                0x00009ed4                TIMER3_IRQHandler
                0x00009ed4                UART0_IRQHandler
                0x00009ed4                UsageFault_Handler
                0x00009ed4                PLL0_IRQHandler
                0x00009ed4                CAN_IRQHandler
                0x00009ed4                PLL1_IRQHandler
                0x00009ed4                SSP0_IRQHandler
                0x00009ed4                I2S_IRQHandler
                0x00009ed4                I2C2_IRQHandler
                0x00009ed4                RTC_IRQHandler
                0x00009ed4                TIMER0_IRQHandler
                0x00009ed4                SPI_IRQHandler
                0x00009ed4                EINT1_IRQHandler
                0x00009ed4                TIMER1_IRQHandler
                0x00009ed4                UART2_IRQHandler
                0x00009ed4                ADC_IRQHandler
                0x00009ed4                SSP1_IRQHandler
                0x00009ed4                USB_IRQHandler
                0x00009ed4                BOD_IRQHandler
                0x00009ed4                MemManage_Handler
                0x00009ed4                WDT_IRQHandler
                0x00009ed4                QEI_IRQHandler
                0x00009ed4                EINT0_IRQHandler
                0x00009ed4                DMA_IRQHandler
                0x00009ed4                BusFault_Handler
                0x00009ed4                UART3_IRQHandler
                0x00009ed4                MCPWM_IRQHandler
                0x00009ed4                ENET_IRQHandler
 .text.prvEMACTask
                0x00009edc        0xc ..\obj\NetworkInterface.o
 .text.xNetworkInterfaceInitialise
                0x00009ee8       0x48 ..\obj\NetworkInterface.o
                0x00009ee8                xNetworkInterfaceInitialise
 .text.xNetworkInterfaceOutput
                0x00009f30       0x18 ..\obj\NetworkInterface.o
                0x00009f30                xNetworkInterfaceOutput
 .text.xNetworkBuffersInitialise
                0x00009f48       0xdc ..\obj\BufferAllocation_2.o
                0x00009f48                xNetworkBuffersInitialise
 .text.vReleaseNetworkBuffer
                0x0000a024       0x24 ..\obj\BufferAllocation_2.o
                0x0000a024                vReleaseNetworkBuffer
 .text.pxGetNetworkBufferWithDescriptor
                0x0000a048       0xdc ..\obj\BufferAllocation_2.o
                0x0000a048                pxGetNetworkBufferWithDescriptor
 .text.vReleaseNetworkBufferAndDescriptor
                0x0000a124       0x68 ..\obj\BufferAllocation_2.o
                0x0000a124                vReleaseNetworkBufferAndDescriptor
 .text.vListInitialise
                0x0000a18c       0x40 ..\obj\list.o
                0x0000a18c                vListInitialise
 .text.vListInitialiseItem
                0x0000a1cc       0x18 ..\obj\list.o
                0x0000a1cc                vListInitialiseItem
 .text.vListInsertEnd
                0x0000a1e4       0x48 ..\obj\list.o
                0x0000a1e4                vListInsertEnd
 .text.vListInsert
                0x0000a22c       0x70 ..\obj\list.o
                0x0000a22c                vListInsert
 .text.uxListRemove
                0x0000a29c       0x54 ..\obj\list.o
                0x0000a29c                uxListRemove
 .text.pxPortInitialiseStack
                0x0000a2f0       0x58 ..\obj\port.o
                0x0000a2f0                pxPortInitialiseStack
 .text.prvTaskExitError
                0x0000a348       0x1c ..\obj\port.o
 *fill*         0x0000a364        0xc 
 .text.SVC_Handler
                0x0000a370       0x28 ..\obj\port.o
                0x0000a370                SVC_Handler
 .text.prvPortStartFirstTask
                0x0000a398       0x20 ..\obj\port.o
 .text.xPortStartScheduler
                0x0000a3b8       0x3c ..\obj\port.o
                0x0000a3b8                xPortStartScheduler
 .text.vPortEnterCritical
                0x0000a3f4       0x30 ..\obj\port.o
                0x0000a3f4                vPortEnterCritical
 .text.vPortExitCritical
                0x0000a424       0x30 ..\obj\port.o
                0x0000a424                vPortExitCritical
 *fill*         0x0000a454        0xc 
 .text.PendSV_Handler
                0x0000a460       0x48 ..\obj\port.o
                0x0000a460                PendSV_Handler
 .text.SysTick_Handler
                0x0000a4a8       0x40 ..\obj\port.o
                0x0000a4a8                SysTick_Handler
 .text.vPortSuppressTicksAndSleep
                0x0000a4e8      0x184 ..\obj\port.o
                0x0000a4e8                vPortSuppressTicksAndSleep
 .text.vPortSetupTimerInterrupt
                0x0000a66c       0x60 ..\obj\port.o
                0x0000a66c                vPortSetupTimerInterrupt
 .text.xQueueGenericReset
                0x0000a6cc       0xb4 ..\obj\queue.o
                0x0000a6cc                xQueueGenericReset
 .text.xQueueGenericCreateStatic
                0x0000a780       0x40 ..\obj\queue.o
                0x0000a780                xQueueGenericCreateStatic
 .text.xQueueGenericCreate
                0x0000a7c0       0x60 ..\obj\queue.o
                0x0000a7c0                xQueueGenericCreate
 .text.prvInitialiseNewQueue
                0x0000a820       0x40 ..\obj\queue.o
 .text.xQueueGiveMutexRecursive
                0x0000a860       0x4c ..\obj\queue.o
                0x0000a860                xQueueGiveMutexRecursive
 .text.xQueueTakeMutexRecursive
                0x0000a8ac       0x54 ..\obj\queue.o
                0x0000a8ac                xQueueTakeMutexRecursive
 .text.xQueueCreateCountingSemaphore
                0x0000a900       0x2c ..\obj\queue.o
                0x0000a900                xQueueCreateCountingSemaphore
 .text.xQueueGenericSend
                0x0000a92c      0x154 ..\obj\queue.o
                0x0000a92c                xQueueGenericSend
 .text.xQueueGenericSendFromISR
                0x0000aa80       0xb0 ..\obj\queue.o
                0x0000aa80                xQueueGenericSendFromISR
 .text.xQueueGenericReceive
                0x0000ab30      0x1b0 ..\obj\queue.o
                0x0000ab30                xQueueGenericReceive
 .text.uxQueueMessagesWaiting
                0x0000ace0       0x20 ..\obj\queue.o
                0x0000ace0                uxQueueMessagesWaiting
 .text.vQueueDelete
                0x0000ad00       0x2c ..\obj\queue.o
                0x0000ad00                vQueueDelete
 .text.prvCopyDataToQueue
                0x0000ad2c       0xd4 ..\obj\queue.o
 .text.prvCopyDataFromQueue
                0x0000ae00       0x4c ..\obj\queue.o
 .text.prvUnlockQueue
                0x0000ae4c       0xa4 ..\obj\queue.o
 .text.prvIsQueueEmpty
                0x0000aef0       0x2c ..\obj\queue.o
 .text.prvIsQueueFull
                0x0000af1c       0x30 ..\obj\queue.o
 .text.vQueueAddToRegistry
                0x0000af4c       0x50 ..\obj\queue.o
                0x0000af4c                vQueueAddToRegistry
 .text.vQueueUnregisterQueue
                0x0000af9c       0x50 ..\obj\queue.o
                0x0000af9c                vQueueUnregisterQueue
 .text.vQueueWaitForMessageRestricted
                0x0000afec       0x68 ..\obj\queue.o
                0x0000afec                vQueueWaitForMessageRestricted
 .text.FF_PRINTF
                0x0000b054       0x10 ..\obj\ff_ioman.o
 .text.FF_getLong
                0x0000b064       0x38 ..\obj\ff_ioman.o
 .text.FF_putLong
                0x0000b09c       0x40 ..\obj\ff_ioman.o
 .text.FF_FlushCache
                0x0000b0dc      0x160 ..\obj\ff_ioman.o
                0x0000b0dc                FF_FlushCache
 .text.FF_GetBuffer
                0x0000b23c      0x258 ..\obj\ff_ioman.o
                0x0000b23c                FF_GetBuffer
 .text.FF_ReleaseBuffer
                0x0000b494       0x48 ..\obj\ff_ioman.o
                0x0000b494                FF_ReleaseBuffer
 .text.FF_BlockRead
                0x0000b4dc       0xa0 ..\obj\ff_ioman.o
                0x0000b4dc                FF_BlockRead
 .text.FF_BlockWrite
                0x0000b57c       0xa0 ..\obj\ff_ioman.o
                0x0000b57c                FF_BlockWrite
 .text.FF_IncreaseFreeClusters
                0x0000b61c      0x110 ..\obj\ff_ioman.o
                0x0000b61c                FF_IncreaseFreeClusters
 .text.FF_DecreaseFreeClusters
                0x0000b72c      0x108 ..\obj\ff_ioman.o
                0x0000b72c                FF_DecreaseFreeClusters
 .text.FF_getRealLBA
                0x0000b834       0x24 ..\obj\ff_fat.o
 .text.FF_InitFATBuffers
                0x0000b858       0x28 ..\obj\ff_fat.o
 .text.FF_getShort
                0x0000b880       0x2c ..\obj\ff_fat.o
 .text.FF_getLong
                0x0000b8ac       0x38 ..\obj\ff_fat.o
 .text.FF_putShort
                0x0000b8e4       0x34 ..\obj\ff_fat.o
 .text.FF_putLong
                0x0000b918       0x40 ..\obj\ff_fat.o
 .text.FF_Cluster2LBA
                0x0000b958       0x48 ..\obj\ff_fat.o
                0x0000b958                FF_Cluster2LBA
 .text.FF_getClusterChainNumber
                0x0000b9a0       0x3c ..\obj\ff_fat.o
                0x0000b9a0                FF_getClusterChainNumber
 .text.FF_getMajorBlockNumber
                0x0000b9dc       0x58 ..\obj\ff_fat.o
                0x0000b9dc                FF_getMajorBlockNumber
 .text.FF_getMinorBlockNumber
                0x0000ba34       0x74 ..\obj\ff_fat.o
                0x0000ba34                FF_getMinorBlockNumber
 .text.FF_getMinorBlockEntry
                0x0000baa8       0x7c ..\obj\ff_fat.o
                0x0000baa8                FF_getMinorBlockEntry
 .text.FF_ReleaseFATBuffers
                0x0000bb24       0x5c ..\obj\ff_fat.o
                0x0000bb24                FF_ReleaseFATBuffers
 .text.prvGetFromFATBuffers
                0x0000bb80       0xa4 ..\obj\ff_fat.o
                0x0000bb80                prvGetFromFATBuffers
 .text.FF_getFATEntry
                0x0000bc24      0x190 ..\obj\ff_fat.o
                0x0000bc24                FF_getFATEntry
 .text.FF_ClearCluster
                0x0000bdb4       0xc4 ..\obj\ff_fat.o
                0x0000bdb4                FF_ClearCluster
 .text.FF_TraverseFAT
                0x0000be78       0xc8 ..\obj\ff_fat.o
                0x0000be78                FF_TraverseFAT
 .text.FF_FindEndOfChain
                0x0000bf40       0x48 ..\obj\ff_fat.o
                0x0000bf40                FF_FindEndOfChain
 .text.FF_isEndOfChain
                0x0000bf88       0x6c ..\obj\ff_fat.o
                0x0000bf88                FF_isEndOfChain
 .text.FF_putFATEntry
                0x0000bff4      0x204 ..\obj\ff_fat.o
                0x0000bff4                FF_putFATEntry
 .text.FF_FindFreeCluster
                0x0000c1f8      0x1e8 ..\obj\ff_fat.o
                0x0000c1f8                FF_FindFreeCluster
 .text.FF_CreateClusterChain
                0x0000c3e0       0x4c ..\obj\ff_fat.o
                0x0000c3e0                FF_CreateClusterChain
 .text.FF_GetChainLength
                0x0000c42c       0x90 ..\obj\ff_fat.o
                0x0000c42c                FF_GetChainLength
 .text.FF_UnlinkClusterChain
                0x0000c4bc      0x130 ..\obj\ff_fat.o
                0x0000c4bc                FF_UnlinkClusterChain
 .text.FF_CountFreeClusters
                0x0000c5ec      0x174 ..\obj\ff_fat.o
                0x0000c5ec                FF_CountFreeClusters
 .text.stdioSET_ERRNO
                0x0000c760       0x1c ..\obj\ff_stdio.o
 .text.stdioSET_FF_ERROR
                0x0000c77c       0x1c ..\obj\ff_stdio.o
 .text.ff_fopen
                0x0000c798       0x78 ..\obj\ff_stdio.o
                0x0000c798                ff_fopen
 .text.ff_fclose
                0x0000c810       0x48 ..\obj\ff_stdio.o
                0x0000c810                ff_fclose
 .text.ff_fread
                0x0000c858       0x60 ..\obj\ff_stdio.o
                0x0000c858                ff_fread
 .text.prvFFErrorToErrno
                0x0000c8b8      0x29c ..\obj\ff_stdio.o
 .text.pxFindCWD
                0x0000cb54       0x40 ..\obj\ff_stdio.o
 .text.prvProcessRelativePaths
                0x0000cb94       0xcc ..\obj\ff_stdio.o
 .text.prvABSPath
                0x0000cc60       0x80 ..\obj\ff_stdio.o
 .text.xEventGroupCreate
                0x0000cce0       0x34 ..\obj\event_groups.o
                0x0000cce0                xEventGroupCreate
 .text.xEventGroupWaitBits
                0x0000cd14      0x110 ..\obj\event_groups.o
                0x0000cd14                xEventGroupWaitBits
 .text.xEventGroupClearBits
                0x0000ce24       0x34 ..\obj\event_groups.o
                0x0000ce24                xEventGroupClearBits
 .text.xEventGroupSetBits
                0x0000ce58       0xdc ..\obj\event_groups.o
                0x0000ce58                xEventGroupSetBits
 .text.vEventGroupDelete
                0x0000cf34       0x48 ..\obj\event_groups.o
                0x0000cf34                vEventGroupDelete
 .text.prvTestWaitCondition
                0x0000cf7c       0x44 ..\obj\event_groups.o
 .text.FF_PendSemaphore
                0x0000cfc0       0x1c ..\obj\ff_locking.o
                0x0000cfc0                FF_PendSemaphore
 .text.FF_ReleaseSemaphore
                0x0000cfdc       0x18 ..\obj\ff_locking.o
                0x0000cfdc                FF_ReleaseSemaphore
 .text.FF_LockDirectory
                0x0000cff4       0x40 ..\obj\ff_locking.o
                0x0000cff4                FF_LockDirectory
 .text.FF_UnlockDirectory
                0x0000d034       0x1c ..\obj\ff_locking.o
                0x0000d034                FF_UnlockDirectory
 .text.FF_Has_Lock
                0x0000d050       0x48 ..\obj\ff_locking.o
                0x0000d050                FF_Has_Lock
 .text.FF_Assert_Lock
                0x0000d098       0x18 ..\obj\ff_locking.o
                0x0000d098                FF_Assert_Lock
 .text.FF_LockFAT
                0x0000d0b0       0x48 ..\obj\ff_locking.o
                0x0000d0b0                FF_LockFAT
 .text.FF_UnlockFAT
                0x0000d0f8       0x24 ..\obj\ff_locking.o
                0x0000d0f8                FF_UnlockFAT
 .text.FF_BufferWait
                0x0000d11c       0x50 ..\obj\ff_locking.o
                0x0000d11c                FF_BufferWait
 .text.FF_BufferProceed
                0x0000d16c       0x1c ..\obj\ff_locking.o
                0x0000d16c                FF_BufferProceed
 .text.webCodename
                0x0000d188       0x9c ..\obj\FreeRTOS_HTTP_commands.o
                0x0000d188                webCodename
 .text.pvPortMalloc
                0x0000d224      0x11c ..\obj\heap_2.o
                0x0000d224                pvPortMalloc
 .text.vPortFree
                0x0000d340       0x74 ..\obj\heap_2.o
                0x0000d340                vPortFree
 .text.prvHeapInit
                0x0000d3b4       0x50 ..\obj\heap_2.o
 .text.FreeRTOS_max_uint32
                0x0000d404       0x20 ..\obj\FreeRTOS_Sockets.o
 .text.FreeRTOS_min_int32
                0x0000d424       0x20 ..\obj\FreeRTOS_Sockets.o
 .text.FreeRTOS_min_uint32
                0x0000d444       0x20 ..\obj\FreeRTOS_Sockets.o
 .text.FreeRTOS_round_up
                0x0000d464       0x28 ..\obj\FreeRTOS_Sockets.o
 .text.vStreamBufferClear
                0x0000d48c       0x2c ..\obj\FreeRTOS_Sockets.o
 .text.uxStreamBufferSpace
                0x0000d4b8       0x3c ..\obj\FreeRTOS_Sockets.o
 .text.uxStreamBufferDistance
                0x0000d4f4       0x3c ..\obj\FreeRTOS_Sockets.o
 .text.uxStreamBufferGetSpace
                0x0000d530       0x28 ..\obj\FreeRTOS_Sockets.o
 .text.uxStreamBufferFrontSpace
                0x0000d558       0x28 ..\obj\FreeRTOS_Sockets.o
 .text.uxStreamBufferGetSize
                0x0000d580       0x28 ..\obj\FreeRTOS_Sockets.o
 .text.uxStreamBufferGetPtr
                0x0000d5a8       0x40 ..\obj\FreeRTOS_Sockets.o
 .text.prvValidSocket
                0x0000d5e8       0x58 ..\obj\FreeRTOS_Sockets.o
 .text.vNetworkSocketsInit
                0x0000d640       0x8c ..\obj\FreeRTOS_Sockets.o
                0x0000d640                vNetworkSocketsInit
 .text.prvDetermineSocketSize
                0x0000d6cc       0x64 ..\obj\FreeRTOS_Sockets.o
 .text.FreeRTOS_socket
                0x0000d730      0x134 ..\obj\FreeRTOS_Sockets.o
                0x0000d730                FreeRTOS_socket
 .text.FreeRTOS_CreateSocketSet
                0x0000d864       0x44 ..\obj\FreeRTOS_Sockets.o
                0x0000d864                FreeRTOS_CreateSocketSet
 .text.FreeRTOS_DeleteSocketSet
                0x0000d8a8       0x24 ..\obj\FreeRTOS_Sockets.o
                0x0000d8a8                FreeRTOS_DeleteSocketSet
 .text.FreeRTOS_FD_SET
                0x0000d8cc       0x4c ..\obj\FreeRTOS_Sockets.o
                0x0000d8cc                FreeRTOS_FD_SET
 .text.FreeRTOS_FD_CLR
                0x0000d918       0x48 ..\obj\FreeRTOS_Sockets.o
                0x0000d918                FreeRTOS_FD_CLR
 .text.FreeRTOS_select
                0x0000d960       0x7c ..\obj\FreeRTOS_Sockets.o
                0x0000d960                FreeRTOS_select
 .text.prvFindSelectedSocket
                0x0000d9dc       0x5c ..\obj\FreeRTOS_Sockets.o
 .text.FreeRTOS_bind
                0x0000da38       0xc0 ..\obj\FreeRTOS_Sockets.o
                0x0000da38                FreeRTOS_bind
 .text.vSocketBind
                0x0000daf8       0xd0 ..\obj\FreeRTOS_Sockets.o
                0x0000daf8                vSocketBind
 .text.FreeRTOS_closesocket
                0x0000dbc8       0x4c ..\obj\FreeRTOS_Sockets.o
                0x0000dbc8                FreeRTOS_closesocket
 .text.vSocketClose
                0x0000dc14       0xc0 ..\obj\FreeRTOS_Sockets.o
                0x0000dc14                vSocketClose
 .text.prvTCPSetSocketCount
                0x0000dcd4       0x6c ..\obj\FreeRTOS_Sockets.o
 .text.FreeRTOS_setsockopt
                0x0000dd40      0x32c ..\obj\FreeRTOS_Sockets.o
                0x0000dd40                FreeRTOS_setsockopt
 .text.prvGetPrivatePortNumber
                0x0000e06c       0x98 ..\obj\FreeRTOS_Sockets.o
 .text.pxListFindListItemWithValue
                0x0000e104       0x54 ..\obj\FreeRTOS_Sockets.o
 .text.pxUDPSocketLookup
                0x0000e158       0x30 ..\obj\FreeRTOS_Sockets.o
                0x0000e158                pxUDPSocketLookup
 .text.vSocketWakeUpUser
                0x0000e188       0x78 ..\obj\FreeRTOS_Sockets.o
                0x0000e188                vSocketWakeUpUser
 .text.FreeRTOS_accept
                0x0000e200      0x19c ..\obj\FreeRTOS_Sockets.o
                0x0000e200                FreeRTOS_accept
 .text.FreeRTOS_recv
                0x0000e39c      0x1a8 ..\obj\FreeRTOS_Sockets.o
                0x0000e39c                FreeRTOS_recv
 .text.prvTCPSendCheck
                0x0000e544       0x9c ..\obj\FreeRTOS_Sockets.o
 .text.FreeRTOS_send
                0x0000e5e0      0x180 ..\obj\FreeRTOS_Sockets.o
                0x0000e5e0                FreeRTOS_send
 .text.FreeRTOS_listen
                0x0000e760       0xd8 ..\obj\FreeRTOS_Sockets.o
                0x0000e760                FreeRTOS_listen
 .text.xTCPTimerCheck
                0x0000e838       0xe4 ..\obj\FreeRTOS_Sockets.o
                0x0000e838                xTCPTimerCheck
 .text.pxTCPSocketLookup
                0x0000e91c       0x8c ..\obj\FreeRTOS_Sockets.o
                0x0000e91c                pxTCPSocketLookup
 .text.prvTCPCreateStream
                0x0000e9a8       0xbc ..\obj\FreeRTOS_Sockets.o
 .text.lTCPAddRxdata
                0x0000ea64       0xc4 ..\obj\FreeRTOS_Sockets.o
                0x0000ea64                lTCPAddRxdata
 .text.FreeRTOS_tx_space
                0x0000eb28       0x48 ..\obj\FreeRTOS_Sockets.o
                0x0000eb28                FreeRTOS_tx_space
 .text.FreeRTOS_tx_size
                0x0000eb70       0x44 ..\obj\FreeRTOS_Sockets.o
                0x0000eb70                FreeRTOS_tx_size
 .text.FreeRTOS_rx_size
                0x0000ebb4       0x44 ..\obj\FreeRTOS_Sockets.o
                0x0000ebb4                FreeRTOS_rx_size
 .text.vSocketSelect
                0x0000ebf8      0x210 ..\obj\FreeRTOS_Sockets.o
                0x0000ebf8                vSocketSelect
 .text.FF_Mounted
                0x0000ee08       0x28 ..\obj\ff_sys.o
 .text.FF_FS_Find
                0x0000ee30       0xf8 ..\obj\ff_sys.o
                0x0000ee30                FF_FS_Find
 .text.memcmp   0x0000ef28       0x64 C:\Program Files (x86)\GNU Tools ARM Embedded\5.4 2016q2\arm-none-eabi\lib\armv7-m\libc.a(lib_a-memcmp.o)
                0x0000ef28                memcmp
 .text          0x0000ef8c       0xec C:\Program Files (x86)\GNU Tools ARM Embedded\5.4 2016q2\arm-none-eabi\lib\armv7-m\libc.a(lib_a-memcpy.o)
                0x0000ef8c                memcpy
 .text.memmove  0x0000f078       0xc8 C:\Program Files (x86)\GNU Tools ARM Embedded\5.4 2016q2\arm-none-eabi\lib\armv7-m\libc.a(lib_a-memmove.o)
                0x0000f078                memmove
 .text.memset   0x0000f140       0x9c C:\Program Files (x86)\GNU Tools ARM Embedded\5.4 2016q2\arm-none-eabi\lib\armv7-m\libc.a(lib_a-memset.o)
                0x0000f140                memset
 .text.rand     0x0000f1dc       0x40 C:\Program Files (x86)\GNU Tools ARM Embedded\5.4 2016q2\arm-none-eabi\lib\armv7-m\libc.a(lib_a-rand.o)
                0x0000f1dc                rand
 .text.snprintf
                0x0000f21c       0x98 C:\Program Files (x86)\GNU Tools ARM Embedded\5.4 2016q2\arm-none-eabi\lib\armv7-m\libc.a(lib_a-snprintf.o)
                0x0000f21c                snprintf
 .text.sprintf  0x0000f2b4       0x4c C:\Program Files (x86)\GNU Tools ARM Embedded\5.4 2016q2\arm-none-eabi\lib\armv7-m\libc.a(lib_a-sprintf.o)
                0x0000f2b4                sprintf
 .text.strchr   0x0000f300       0xd0 C:\Program Files (x86)\GNU Tools ARM Embedded\5.4 2016q2\arm-none-eabi\lib\armv7-m\libc.a(lib_a-strchr.o)
                0x0000f300                strchr
 .text          0x0000f3d0      0x1bc C:\Program Files (x86)\GNU Tools ARM Embedded\5.4 2016q2\arm-none-eabi\lib\armv7-m\libc.a(lib_a-strcmp.o)
                0x0000f3d0                strcmp
 .text.strcpy   0x0000f58c       0xbc C:\Program Files (x86)\GNU Tools ARM Embedded\5.4 2016q2\arm-none-eabi\lib\armv7-m\libc.a(lib_a-strcpy.o)
                0x0000f58c                strcpy
 .text.strlen   0x0000f648       0x5c C:\Program Files (x86)\GNU Tools ARM Embedded\5.4 2016q2\arm-none-eabi\lib\armv7-m\libc.a(lib_a-strlen-stub.o)
                0x0000f648                strlen
 .text.strncpy  0x0000f6a4       0x68 C:\Program Files (x86)\GNU Tools ARM Embedded\5.4 2016q2\arm-none-eabi\lib\armv7-m\libc.a(lib_a-strncpy.o)
                0x0000f6a4                strncpy
 .text._svfprintf_r
                0x0000f70c     0x175c C:\Program Files (x86)\GNU Tools ARM Embedded\5.4 2016q2\arm-none-eabi\lib\armv7-m\libc.a(lib_a-svfprintf.o)
                0x0000f70c                _svfprintf_r
 .text.quorem   0x00010e68      0x12c C:\Program Files (x86)\GNU Tools ARM Embedded\5.4 2016q2\arm-none-eabi\lib\armv7-m\libc.a(lib_a-dtoa.o)
 *fill*         0x00010f94        0x4 
 .text._dtoa_r  0x00010f98      0xe4c C:\Program Files (x86)\GNU Tools ARM Embedded\5.4 2016q2\arm-none-eabi\lib\armv7-m\libc.a(lib_a-dtoa.o)
                0x00010f98                _dtoa_r
 .text._localeconv_r
                0x00011de4        0x8 C:\Program Files (x86)\GNU Tools ARM Embedded\5.4 2016q2\arm-none-eabi\lib\armv7-m\libc.a(lib_a-locale.o)
                0x00011de4                _localeconv_r
 .text._malloc_r
                0x00011dec      0x558 C:\Program Files (x86)\GNU Tools ARM Embedded\5.4 2016q2\arm-none-eabi\lib\armv7-m\libc.a(lib_a-mallocr.o)
                0x00011dec                _malloc_r
 .text.memchr   0x00012344       0x8c C:\Program Files (x86)\GNU Tools ARM Embedded\5.4 2016q2\arm-none-eabi\lib\armv7-m\libc.a(lib_a-memchr-stub.o)
                0x00012344                memchr
 .text.__malloc_lock
                0x000123d0        0x4 C:\Program Files (x86)\GNU Tools ARM Embedded\5.4 2016q2\arm-none-eabi\lib\armv7-m\libc.a(lib_a-mlock.o)
                0x000123d0                __malloc_lock
 .text.__malloc_unlock
                0x000123d4        0x4 C:\Program Files (x86)\GNU Tools ARM Embedded\5.4 2016q2\arm-none-eabi\lib\armv7-m\libc.a(lib_a-mlock.o)
                0x000123d4                __malloc_unlock
 .text._Balloc  0x000123d8       0x50 C:\Program Files (x86)\GNU Tools ARM Embedded\5.4 2016q2\arm-none-eabi\lib\armv7-m\libc.a(lib_a-mprec.o)
                0x000123d8                _Balloc
 .text._Bfree   0x00012428       0x14 C:\Program Files (x86)\GNU Tools ARM Embedded\5.4 2016q2\arm-none-eabi\lib\armv7-m\libc.a(lib_a-mprec.o)
                0x00012428                _Bfree
 .text.__multadd
                0x0001243c       0x80 C:\Program Files (x86)\GNU Tools ARM Embedded\5.4 2016q2\arm-none-eabi\lib\armv7-m\libc.a(lib_a-mprec.o)
                0x0001243c                __multadd
 .text.__hi0bits
                0x000124bc       0x40 C:\Program Files (x86)\GNU Tools ARM Embedded\5.4 2016q2\arm-none-eabi\lib\armv7-m\libc.a(lib_a-mprec.o)
                0x000124bc                __hi0bits
 .text.__lo0bits
                0x000124fc       0x5c C:\Program Files (x86)\GNU Tools ARM Embedded\5.4 2016q2\arm-none-eabi\lib\armv7-m\libc.a(lib_a-mprec.o)
                0x000124fc                __lo0bits
 .text.__i2b    0x00012558       0x14 C:\Program Files (x86)\GNU Tools ARM Embedded\5.4 2016q2\arm-none-eabi\lib\armv7-m\libc.a(lib_a-mprec.o)
                0x00012558                __i2b
 .text.__multiply
                0x0001256c      0x13c C:\Program Files (x86)\GNU Tools ARM Embedded\5.4 2016q2\arm-none-eabi\lib\armv7-m\libc.a(lib_a-mprec.o)
                0x0001256c                __multiply
 .text.__pow5mult
                0x000126a8       0xa0 C:\Program Files (x86)\GNU Tools ARM Embedded\5.4 2016q2\arm-none-eabi\lib\armv7-m\libc.a(lib_a-mprec.o)
                0x000126a8                __pow5mult
 .text.__lshift
                0x00012748       0xac C:\Program Files (x86)\GNU Tools ARM Embedded\5.4 2016q2\arm-none-eabi\lib\armv7-m\libc.a(lib_a-mprec.o)
                0x00012748                __lshift
 .text.__mcmp   0x000127f4       0x40 C:\Program Files (x86)\GNU Tools ARM Embedded\5.4 2016q2\arm-none-eabi\lib\armv7-m\libc.a(lib_a-mprec.o)
                0x000127f4                __mcmp
 .text.__mdiff  0x00012834      0x128 C:\Program Files (x86)\GNU Tools ARM Embedded\5.4 2016q2\arm-none-eabi\lib\armv7-m\libc.a(lib_a-mprec.o)
                0x00012834                __mdiff
 .text.__d2b    0x0001295c       0xa8 C:\Program Files (x86)\GNU Tools ARM Embedded\5.4 2016q2\arm-none-eabi\lib\armv7-m\libc.a(lib_a-mprec.o)
                0x0001295c                __d2b
 .text._sbrk_r  0x00012a04       0x24 C:\Program Files (x86)\GNU Tools ARM Embedded\5.4 2016q2\arm-none-eabi\lib\armv7-m\libc.a(lib_a-sbrkr.o)
                0x00012a04                _sbrk_r
 .text.__ssprint_r
                0x00012a28      0x100 C:\Program Files (x86)\GNU Tools ARM Embedded\5.4 2016q2\arm-none-eabi\lib\armv7-m\libc.a(lib_a-svfiprintf.o)
                0x00012a28                __ssprint_r
 .text._calloc_r
                0x00012b28       0x60 C:\Program Files (x86)\GNU Tools ARM Embedded\5.4 2016q2\arm-none-eabi\lib\armv7-m\libc.a(lib_a-callocr.o)
                0x00012b28                _calloc_r
 .text._malloc_trim_r
                0x00012b88       0x9c C:\Program Files (x86)\GNU Tools ARM Embedded\5.4 2016q2\arm-none-eabi\lib\armv7-m\libc.a(lib_a-freer.o)
                0x00012b88                _malloc_trim_r
 .text._free_r  0x00012c24      0x1d0 C:\Program Files (x86)\GNU Tools ARM Embedded\5.4 2016q2\arm-none-eabi\lib\armv7-m\libc.a(lib_a-freer.o)
                0x00012c24                _free_r
 .text._realloc_r
                0x00012df4      0x3d4 C:\Program Files (x86)\GNU Tools ARM Embedded\5.4 2016q2\arm-none-eabi\lib\armv7-m\libc.a(lib_a-reallocr.o)
                0x00012df4                _realloc_r
 .text._sbrk    0x000131c8       0x1c C:\Program Files (x86)\GNU Tools ARM Embedded\5.4 2016q2\arm-none-eabi\lib\armv7-m\libnosys.a(sbrk.o)
                0x000131c8                _sbrk
 .text          0x000131e4      0x370 C:\Program Files (x86)\GNU Tools ARM Embedded\5.4 2016q2\lib\gcc\arm-none-eabi\5.4.1\armv7-m\libgcc.a(_arm_addsubdf3.o)
                0x000131e4                __aeabi_drsub
                0x000131ec                __aeabi_dsub
                0x000131ec                __subdf3
                0x000131f0                __aeabi_dadd
                0x000131f0                __adddf3
                0x00013468                __floatunsidf
                0x00013468                __aeabi_ui2d
                0x00013488                __floatsidf
                0x00013488                __aeabi_i2d
                0x000134ac                __aeabi_f2d
                0x000134ac                __extendsfdf2
                0x000134e8                __floatundidf
                0x000134e8                __aeabi_ul2d
                0x000134f8                __floatdidf
                0x000134f8                __aeabi_l2d
 .text          0x00013554      0x424 C:\Program Files (x86)\GNU Tools ARM Embedded\5.4 2016q2\lib\gcc\arm-none-eabi\5.4.1\armv7-m\libgcc.a(_arm_muldivdf3.o)
                0x00013554                __aeabi_dmul
                0x00013554                __muldf3
                0x000137a8                __divdf3
                0x000137a8                __aeabi_ddiv
 .text          0x00013978      0x110 C:\Program Files (x86)\GNU Tools ARM Embedded\5.4 2016q2\lib\gcc\arm-none-eabi\5.4.1\armv7-m\libgcc.a(_arm_cmpdf2.o)
                0x00013978                __gtdf2
                0x00013978                __gedf2
                0x00013980                __ltdf2
                0x00013980                __ledf2
                0x00013988                __nedf2
                0x00013988                __eqdf2
                0x00013988                __cmpdf2
                0x00013a04                __aeabi_cdrcmple
                0x00013a14                __aeabi_cdcmpeq
                0x00013a14                __aeabi_cdcmple
                0x00013a24                __aeabi_dcmpeq
                0x00013a38                __aeabi_dcmplt
                0x00013a4c                __aeabi_dcmple
                0x00013a60                __aeabi_dcmpge
                0x00013a74                __aeabi_dcmpgt
 .text          0x00013a88       0x2c C:\Program Files (x86)\GNU Tools ARM Embedded\5.4 2016q2\lib\gcc\arm-none-eabi\5.4.1\armv7-m\libgcc.a(_arm_unorddf2.o)
                0x00013a88                __unorddf2
                0x00013a88                __aeabi_dcmpun
 .text          0x00013ab4       0x50 C:\Program Files (x86)\GNU Tools ARM Embedded\5.4 2016q2\lib\gcc\arm-none-eabi\5.4.1\armv7-m\libgcc.a(_arm_fixdfsi.o)
                0x00013ab4                __aeabi_d2iz
                0x00013ab4                __fixdfsi
 .text          0x00013b04       0x30 C:\Program Files (x86)\GNU Tools ARM Embedded\5.4 2016q2\lib\gcc\arm-none-eabi\5.4.1\armv7-m\libgcc.a(_aeabi_uldivmod.o)
                0x00013b04                __aeabi_uldivmod
 .text          0x00013b34      0x2ec C:\Program Files (x86)\GNU Tools ARM Embedded\5.4 2016q2\lib\gcc\arm-none-eabi\5.4.1\armv7-m\libgcc.a(_udivmoddi4.o)
                0x00013b34                __udivmoddi4
 .text          0x00013e20        0x4 C:\Program Files (x86)\GNU Tools ARM Embedded\5.4 2016q2\lib\gcc\arm-none-eabi\5.4.1\armv7-m\libgcc.a(_dvmd_tls.o)
                0x00013e20                __aeabi_idiv0
                0x00013e20                __aeabi_ldiv0
 *(.init)
 *(.fini)
 *crtbegin.o(.ctors)
 *crtbegin?.o(.ctors)
 *(EXCLUDE_FILE(*crtend.o *crtend?.o) .ctors)
 *(SORT(.ctors.*))
 *(.ctors)
 *crtbegin.o(.dtors)
 *crtbegin?.o(.dtors)
 *(EXCLUDE_FILE(*crtend.o *crtend?.o) .dtors)
 *(SORT(.dtors.*))
 *(.dtors)
 *(.rodata*)
 .rodata        0x00013e24       0x17 ..\obj\FreeRTOS_TCP_server.o
 *fill*         0x00013e3b        0x1 
 .rodata        0x00013e3c        0xb ..\obj\ff_dev_support.o
                0x00013e3c                pcDevicePath
 *fill*         0x00013e47        0x1 
 .rodata        0x00013e48      0x14d ..\obj\FreeRTOS_HTTP_server.o
 *fill*         0x00013f95        0x3 
 .rodata        0x00013f98       0x28 ..\obj\FreeRTOS_IP.o
                0x00013f98                xBroadcastMACAddress
 .rodata        0x00013fc0       0x26 ..\obj\ff_file.o
 *fill*         0x00013fe6        0x2 
 .rodata        0x00013fe8      0x700 ..\obj\ff_crc.o
                0x00013fe8                crc32_table
 .rodata        0x000146e8       0x26 ..\obj\FreeRTOS_ARP.o
 *fill*         0x0001470e        0x2 
 .rodata        0x00014710       0x3c ..\obj\main.o
                0x00014710                ETHERNET_MAC_ADDRESS
                0x00014718                APP_DEFAULT_IP_ADDRESS
                0x0001471c                APP_DEFAULT_NETMASK
                0x00014720                APP_DEFAULT_GATEWAY
                0x00014724                APP_DEFAULT_NAMESERVER
 .rodata        0x0001474c        0xd ..\obj\timers.o
 *fill*         0x00014759        0x3 
 .rodata        0x0001475c       0x26 ..\obj\ff_dir.o
 *fill*         0x00014782        0x2 
 .rodata        0x00014784        0x5 ..\obj\tasks.o
 *fill*         0x00014789        0x3 
 .rodata        0x0001478c        0xc ..\obj\NetworkInterface.o
 .rodata        0x00014798        0xe ..\obj\BufferAllocation_2.o
                0x00014798                xBufferAllocFixedSize
 *fill*         0x000147a6        0x2 
 .rodata        0x000147a8      0x19a ..\obj\ff_ioman.o
 *fill*         0x00014942        0x2 
 .rodata        0x00014944       0x4a ..\obj\ff_stdio.o
 *fill*         0x0001498e        0x2 
 .rodata        0x00014990      0x13c ..\obj\FreeRTOS_HTTP_commands.o
                0x000149d8                xWebCommands
 .rodata        0x00014acc       0x4b ..\obj\ff_sys.o
 *fill*         0x00014b17        0x1 
 .rodata.blanks.7055
                0x00014b18       0x10 C:\Program Files (x86)\GNU Tools ARM Embedded\5.4 2016q2\arm-none-eabi\lib\armv7-m\libc.a(lib_a-svfprintf.o)
 .rodata.str1.4
                0x00014b28       0x42 C:\Program Files (x86)\GNU Tools ARM Embedded\5.4 2016q2\arm-none-eabi\lib\armv7-m\libc.a(lib_a-svfprintf.o)
 *fill*         0x00014b6a        0x2 
 .rodata.zeroes.7056
                0x00014b6c       0x10 C:\Program Files (x86)\GNU Tools ARM Embedded\5.4 2016q2\arm-none-eabi\lib\armv7-m\libc.a(lib_a-svfprintf.o)
 .rodata.str1.4
                0x00014b7c       0x10 C:\Program Files (x86)\GNU Tools ARM Embedded\5.4 2016q2\arm-none-eabi\lib\armv7-m\libc.a(lib_a-dtoa.o)
                                 0x12 (size before relaxing)
 .rodata.str1.4
                0x00014b8c        0x2 C:\Program Files (x86)\GNU Tools ARM Embedded\5.4 2016q2\arm-none-eabi\lib\armv7-m\libc.a(lib_a-impure.o)
 *fill*         0x00014b8e        0x2 
 .rodata.str1.4
                0x00014b90        0xc C:\Program Files (x86)\GNU Tools ARM Embedded\5.4 2016q2\arm-none-eabi\lib\armv7-m\libc.a(lib_a-locale.o)
                                 0x12 (size before relaxing)
 *fill*         0x00014b9c        0x4 
 .rodata.__mprec_tens
                0x00014ba0       0xc8 C:\Program Files (x86)\GNU Tools ARM Embedded\5.4 2016q2\arm-none-eabi\lib\armv7-m\libc.a(lib_a-mprec.o)
                0x00014ba0                __mprec_tens
 .rodata.__mprec_bigtens
                0x00014c68       0x28 C:\Program Files (x86)\GNU Tools ARM Embedded\5.4 2016q2\arm-none-eabi\lib\armv7-m\libc.a(lib_a-mprec.o)
                0x00014c68                __mprec_bigtens
 .rodata.p05.5396
                0x00014c90        0xc C:\Program Files (x86)\GNU Tools ARM Embedded\5.4 2016q2\arm-none-eabi\lib\armv7-m\libc.a(lib_a-mprec.o)
 *(.eh_fram e*)

.glue_7         0x00014c9c        0x0
 .glue_7        0x00014c9c        0x0 linker stubs

.glue_7t        0x00014c9c        0x0
 .glue_7t       0x00014c9c        0x0 linker stubs

.vfp11_veneer   0x00014c9c        0x0
 .vfp11_veneer  0x00014c9c        0x0 linker stubs

.v4_bx          0x00014c9c        0x0
 .v4_bx         0x00014c9c        0x0 linker stubs

.iplt           0x00014c9c        0x0
 .iplt          0x00014c9c        0x0 ..\obj\FreeRTOS_TCP_server.o

.ARM.extab
 *(.ARM.extab* .gnu.linkonce.armextab.*)
                0x00014c9c                __exidx_start = .

.ARM.exidx      0x00014c9c        0x8
 *(.ARM.exidx* .gnu.linkonce.armexidx.*)
 .ARM.exidx     0x00014c9c        0x8 C:\Program Files (x86)\GNU Tools ARM Embedded\5.4 2016q2\lib\gcc\arm-none-eabi\5.4.1\armv7-m\libgcc.a(_udivmoddi4.o)
                0x00014ca4                __exidx_end = .
                0x00014ca4                __etext = .
                0x00014ca4                _sidata = __etext

.rel.dyn        0x00014ca4        0x0
 .rel.iplt      0x00014ca4        0x0 ..\obj\FreeRTOS_TCP_server.o

.data           0x10000000      0x8fc load address 0x00014ca4
                0x10000000                __data_start__ = .
                0x10000000                _sdata = __data_start__
 *(vtable)
 *(.data*)
 .data          0x10000000       0x18 ..\obj\FreeRTOS_UDP_IP.o
                0x10000000                xDefaultPartUDPPacketHeader
 .data          0x10000018       0x68 ..\obj\FreeRTOS_HTTP_server.o
 .data          0x10000080        0x4 ..\obj\port.o
 .data          0x10000084        0x4 ..\obj\heap_2.o
 .data.impure_data
                0x10000088      0x428 C:\Program Files (x86)\GNU Tools ARM Embedded\5.4 2016q2\arm-none-eabi\lib\armv7-m\libc.a(lib_a-impure.o)
 .data._impure_ptr
                0x100004b0        0x4 C:\Program Files (x86)\GNU Tools ARM Embedded\5.4 2016q2\arm-none-eabi\lib\armv7-m\libc.a(lib_a-impure.o)
                0x100004b0                _impure_ptr
 .data.lconv    0x100004b4       0x38 C:\Program Files (x86)\GNU Tools ARM Embedded\5.4 2016q2\arm-none-eabi\lib\armv7-m\libc.a(lib_a-locale.o)
 .data.__malloc_av_
                0x100004ec      0x408 C:\Program Files (x86)\GNU Tools ARM Embedded\5.4 2016q2\arm-none-eabi\lib\armv7-m\libc.a(lib_a-mallocr.o)
                0x100004ec                __malloc_av_
 .data.__malloc_trim_threshold
                0x100008f4        0x4 C:\Program Files (x86)\GNU Tools ARM Embedded\5.4 2016q2\arm-none-eabi\lib\armv7-m\libc.a(lib_a-mallocr.o)
                0x100008f4                __malloc_trim_threshold
 .data.__malloc_sbrk_base
                0x100008f8        0x4 C:\Program Files (x86)\GNU Tools ARM Embedded\5.4 2016q2\arm-none-eabi\lib\armv7-m\libc.a(lib_a-mallocr.o)
                0x100008f8                __malloc_sbrk_base
                0x100008fc                . = ALIGN (0x4)
                [!provide]                PROVIDE (__preinit_array_start, .)
 *(.preinit_array)
                [!provide]                PROVIDE (__preinit_array_end, .)
                0x100008fc                . = ALIGN (0x4)
                [!provide]                PROVIDE (__init_array_start, .)
 *(SORT(.init_array.*))
 *(.init_array)
                [!provide]                PROVIDE (__init_array_end, .)
                0x100008fc                . = ALIGN (0x4)
                [!provide]                PROVIDE (__fini_array_start, .)
 *(SORT(.fini_array.*))
 *(.fini_array)
                [!provide]                PROVIDE (__fini_array_end, .)
 *(.jcr*)
                0x100008fc                . = ALIGN (0x4)
                0x100008fc                __data_end__ = .
                0x100008fc                _edata = __data_end__

.igot.plt       0x100008fc        0x0 load address 0x000155a0
 .igot.plt      0x100008fc        0x0 ..\obj\FreeRTOS_TCP_server.o

.bss            0x100008fc     0x4504 load address 0x000155a0
                0x100008fc                . = ALIGN (0x4)
                0x100008fc                __bss_start__ = .
                0x100008fc                _sbss = __bss_start__
 *(.bss*)
 .bss           0x100008fc       0x70 ..\obj\FreeRTOS_IP.o
                0x100008fc                xNetworkEventQueue
                0x10000900                usPacketIdentifier
                0x10000904                xNetworkAddressing
                0x10000918                xDefaultAddressing
 .bss           0x1000096c       0x1c ..\obj\FreeRTOS_TCP_WIN.o
                0x10000984                xTCPWindowLoggingLevel
 .bss           0x10000988       0x4c ..\obj\FreeRTOS_ARP.o
 .bss           0x100009d4        0x4 ..\obj\main.o
 .bss           0x100009d8        0x4 ..\obj\FreeRTOS_TCP_IP.o
                0x100009d8                ulNextInitialSequenceNumber
 .bss           0x100009dc       0xfc ..\obj\timers.o
 .bss           0x10000ad8      0x6f8 ..\obj\staticAllocationImpl.o
 .bss           0x100011d0      0x140 ..\obj\tasks.o
                0x100011d0                pxCurrentTCB
 .bss           0x10001310        0x4 ..\obj\NetworkInterface.o
 .bss           0x10001314      0xf1c ..\obj\BufferAllocation_2.o
 .bss           0x10002230        0xc ..\obj\port.o
 .bss           0x1000223c     0x2814 ..\obj\heap_2.o
 .bss           0x10004a50        0x8 ..\obj\FreeRTOS_Sockets.o
 .bss           0x10004a58       0xc4 ..\obj\ff_sys.o
 .bss.__malloc_max_total_mem
                0x10004b1c        0x4 C:\Program Files (x86)\GNU Tools ARM Embedded\5.4 2016q2\arm-none-eabi\lib\armv7-m\libc.a(lib_a-mallocr.o)
                0x10004b1c                __malloc_max_total_mem
 .bss.__malloc_max_sbrked_mem
                0x10004b20        0x4 C:\Program Files (x86)\GNU Tools ARM Embedded\5.4 2016q2\arm-none-eabi\lib\armv7-m\libc.a(lib_a-mallocr.o)
                0x10004b20                __malloc_max_sbrked_mem
 .bss.__malloc_top_pad
                0x10004b24        0x4 C:\Program Files (x86)\GNU Tools ARM Embedded\5.4 2016q2\arm-none-eabi\lib\armv7-m\libc.a(lib_a-mallocr.o)
                0x10004b24                __malloc_top_pad
 .bss.__malloc_current_mallinfo
                0x10004b28       0x28 C:\Program Files (x86)\GNU Tools ARM Embedded\5.4 2016q2\arm-none-eabi\lib\armv7-m\libc.a(lib_a-mallocr.o)
                0x10004b28                __malloc_current_mallinfo
 .bss.heap_end.4167
                0x10004b50        0x4 C:\Program Files (x86)\GNU Tools ARM Embedded\5.4 2016q2\arm-none-eabi\lib\armv7-m\libnosys.a(sbrk.o)
 *(COMMON)
 COMMON         0x10004b54      0x180 ..\obj\ff_dev_support.o
                0x10004b54                xFiles
 COMMON         0x10004cd4      0x100 ..\obj\queue.o
                0x10004cd4                xQueueRegistry
 COMMON         0x10004dd4       0x28 ..\obj\FreeRTOS_Sockets.o
                0x10004dd4                xBoundTCPSocketsList
                0x10004de8                xBoundUDPSocketsList
 COMMON         0x10004dfc        0x4 C:\Program Files (x86)\GNU Tools ARM Embedded\5.4 2016q2\arm-none-eabi\lib\armv7-m\libc.a(lib_a-reent.o)
                0x10004dfc                errno
                0x10004e00                . = ALIGN (0x4)
                0x10004e00                __bss_end__ = .
                0x10004e00                _ebss = __bss_end__

.heap           0x10004e00        0x0
                0x10004e00                __end__ = .
                0x10004e00                _end = __end__
                0x10004e00                end = __end__
 *(.heap*)
                0x10004e00                __HeapLimit = .

.co_stack       0x10004e00      0x400 load address 0x00019aa4
                0x10004e00                . = ALIGN (0x8)
 *(.co_stack .co_stack.*)
 .co_stack      0x10004e00      0x400 ..\obj\startup_LPC17xx.o
                0x10004e00                pulStack
                0x10008000                __StackTop = (ORIGIN (ram) + LENGTH (ram))
                0x10007c00                __StackLimit = (__StackTop - SIZEOF (.co_stack))
                [!provide]                PROVIDE (__stack, __StackTop)
                0x00000001                ASSERT ((__StackLimit >= __HeapLimit), region ram  overflowed with stack)
LOAD C:\Program Files (x86)\GNU Tools ARM Embedded\5.4 2016q2\arm-none-eabi\lib\armv7-m\libc.a
LOAD ..\obj\FreeRTOS_TCP_server.o
LOAD ..\obj\ff_dev_support.o
LOAD ..\obj\FreeRTOS_UDP_IP.o
LOAD ..\obj\FreeRTOS_Stream_Buffer.o
LOAD ..\obj\FreeRTOS_DNS.o
LOAD ..\obj\configurationManager.o
LOAD ..\obj\lpc17xx_clkpwr.o
LOAD ..\obj\FreeRTOS_HTTP_server.o
LOAD ..\obj\FreeRTOS_IP.o
LOAD ..\obj\system_LPC17xx.o
LOAD ..\obj\lpc17xx_emac.o
LOAD ..\obj\ff_file.o
LOAD ..\obj\ff_crc.o
LOAD ..\obj\FreeRTOS_TCP_WIN.o
LOAD ..\obj\ff_time.o
LOAD ..\obj\landtiger2_emac.o
LOAD ..\obj\FreeRTOS_ARP.o
LOAD ..\obj\main.o
LOAD ..\obj\FreeRTOS_TCP_IP.o
LOAD ..\obj\timers.o
LOAD ..\obj\ff_string.o
LOAD ..\obj\ff_dir.o
LOAD ..\obj\ff_format.o
LOAD ..\obj\lpc17xx_gpio.o
LOAD ..\obj\staticAllocationImpl.o
LOAD ..\obj\tasks.o
LOAD ..\obj\startup_LPC17xx.o
LOAD ..\obj\lpc17xx_libcfg_default.o
LOAD ..\obj\NetworkInterface.o
LOAD ..\obj\lpc17xx_pinsel.o
LOAD ..\obj\BufferAllocation_2.o
LOAD ..\obj\list.o
LOAD ..\obj\ff_memory.o
LOAD ..\obj\port.o
LOAD ..\obj\queue.o
LOAD ..\obj\ff_ioman.o
LOAD ..\obj\ff_fat.o
LOAD ..\obj\ff_stdio.o
LOAD ..\obj\event_groups.o
LOAD ..\obj\ff_locking.o
LOAD ..\obj\FreeRTOS_HTTP_commands.o
LOAD ..\obj\ff_error.o
LOAD ..\obj\FreeRTOS_DHCP.o
LOAD ..\obj\heap_2.o
LOAD ..\obj\ff_ramdisk.o
LOAD ..\obj\FreeRTOS_Sockets.o
LOAD ..\obj\ff_sys.o
LOAD C:\Program Files (x86)\GNU Tools ARM Embedded\5.4 2016q2\arm-none-eabi\lib\armv7-m\libc.a
LOAD C:\Program Files (x86)\GNU Tools ARM Embedded\5.4 2016q2\arm-none-eabi\lib\armv7-m\libm.a
LOAD C:\Program Files (x86)\GNU Tools ARM Embedded\5.4 2016q2\arm-none-eabi\lib\armv7-m\libg.a
LOAD C:\Program Files (x86)\GNU Tools ARM Embedded\5.4 2016q2\arm-none-eabi\lib\armv7-m\libnosys.a
LOAD C:\Program Files (x86)\GNU Tools ARM Embedded\5.4 2016q2\lib\gcc\arm-none-eabi\5.4.1\armv7-m\libgcc.a
START GROUP
LOAD C:\Program Files (x86)\GNU Tools ARM Embedded\5.4 2016q2\lib\gcc\arm-none-eabi\5.4.1\armv7-m\libgcc.a
LOAD C:\Program Files (x86)\GNU Tools ARM Embedded\5.4 2016q2\arm-none-eabi\lib\armv7-m\libg.a
LOAD C:\Program Files (x86)\GNU Tools ARM Embedded\5.4 2016q2\arm-none-eabi\lib\armv7-m\libc.a
END GROUP
OUTPUT(m3webbackbone.elf elf32-littlearm)

.debug_info     0x00000000    0x19861
 .debug_info    0x00000000      0x634 ..\obj\FreeRTOS_TCP_server.o
 .debug_info    0x00000634      0x98b ..\obj\ff_dev_support.o
 .debug_info    0x00000fbf      0xe53 ..\obj\FreeRTOS_UDP_IP.o
 .debug_info    0x00001e12      0x454 ..\obj\FreeRTOS_Stream_Buffer.o
 .debug_info    0x00002266       0xac ..\obj\configurationManager.o
 .debug_info    0x00002312      0xcea ..\obj\FreeRTOS_HTTP_server.o
 .debug_info    0x00002ffc     0x1e64 ..\obj\FreeRTOS_IP.o
 .debug_info    0x00004e60      0x4db ..\obj\system_LPC17xx.o
 .debug_info    0x0000533b     0x190f ..\obj\ff_file.o
 .debug_info    0x00006c4a      0x233 ..\obj\ff_crc.o
 .debug_info    0x00006e7d     0x1020 ..\obj\FreeRTOS_TCP_WIN.o
 .debug_info    0x00007e9d      0xb22 ..\obj\landtiger2_emac.o
 .debug_info    0x000089bf      0x78e ..\obj\FreeRTOS_ARP.o
 .debug_info    0x0000914d      0x37b ..\obj\main.o
 .debug_info    0x000094c8     0x21c6 ..\obj\FreeRTOS_TCP_IP.o
 .debug_info    0x0000b68e      0xd52 ..\obj\timers.o
 .debug_info    0x0000c3e0      0x3c9 ..\obj\ff_string.o
 .debug_info    0x0000c7a9     0x18c4 ..\obj\ff_dir.o
 .debug_info    0x0000e06d      0x2e8 ..\obj\staticAllocationImpl.o
 .debug_info    0x0000e355     0x18cb ..\obj\tasks.o
 .debug_info    0x0000fc20       0xee ..\obj\startup_LPC17xx.o
 .debug_info    0x0000fd0e      0x30d ..\obj\NetworkInterface.o
 .debug_info    0x0001001b      0x49b ..\obj\BufferAllocation_2.o
 .debug_info    0x000104b6      0x2a0 ..\obj\list.o
 .debug_info    0x00010756      0x3ae ..\obj\port.o
 .debug_info    0x00010b04     0x1178 ..\obj\queue.o
 .debug_info    0x00011c7c     0x1288 ..\obj\ff_ioman.o
 .debug_info    0x00012f04     0x1278 ..\obj\ff_fat.o
 .debug_info    0x0001417c     0x1522 ..\obj\ff_stdio.o
 .debug_info    0x0001569e      0x7ba ..\obj\event_groups.o
 .debug_info    0x00015e58      0x735 ..\obj\ff_locking.o
 .debug_info    0x0001658d      0x1b0 ..\obj\FreeRTOS_HTTP_commands.o
 .debug_info    0x0001673d      0x2df ..\obj\heap_2.o
 .debug_info    0x00016a1c     0x2629 ..\obj\FreeRTOS_Sockets.o
 .debug_info    0x00019045      0x81c ..\obj\ff_sys.o

.debug_abbrev   0x00000000     0x4018
 .debug_abbrev  0x00000000      0x1e2 ..\obj\FreeRTOS_TCP_server.o
 .debug_abbrev  0x000001e2      0x186 ..\obj\ff_dev_support.o
 .debug_abbrev  0x00000368      0x244 ..\obj\FreeRTOS_UDP_IP.o
 .debug_abbrev  0x000005ac      0x10a ..\obj\FreeRTOS_Stream_Buffer.o
 .debug_abbrev  0x000006b6       0x54 ..\obj\configurationManager.o
 .debug_abbrev  0x0000070a      0x288 ..\obj\FreeRTOS_HTTP_server.o
 .debug_abbrev  0x00000992      0x320 ..\obj\FreeRTOS_IP.o
 .debug_abbrev  0x00000cb2      0x101 ..\obj\system_LPC17xx.o
 .debug_abbrev  0x00000db3      0x28d ..\obj\ff_file.o
 .debug_abbrev  0x00001040       0xeb ..\obj\ff_crc.o
 .debug_abbrev  0x0000112b      0x225 ..\obj\FreeRTOS_TCP_WIN.o
 .debug_abbrev  0x00001350      0x27c ..\obj\landtiger2_emac.o
 .debug_abbrev  0x000015cc      0x1e7 ..\obj\FreeRTOS_ARP.o
 .debug_abbrev  0x000017b3      0x18b ..\obj\main.o
 .debug_abbrev  0x0000193e      0x34a ..\obj\FreeRTOS_TCP_IP.o
 .debug_abbrev  0x00001c88      0x1f7 ..\obj\timers.o
 .debug_abbrev  0x00001e7f      0x10d ..\obj\ff_string.o
 .debug_abbrev  0x00001f8c      0x272 ..\obj\ff_dir.o
 .debug_abbrev  0x000021fe       0xc3 ..\obj\staticAllocationImpl.o
 .debug_abbrev  0x000022c1      0x29e ..\obj\tasks.o
 .debug_abbrev  0x0000255f       0xa7 ..\obj\startup_LPC17xx.o
 .debug_abbrev  0x00002606      0x152 ..\obj\NetworkInterface.o
 .debug_abbrev  0x00002758      0x176 ..\obj\BufferAllocation_2.o
 .debug_abbrev  0x000028ce       0xbc ..\obj\list.o
 .debug_abbrev  0x0000298a      0x1f7 ..\obj\port.o
 .debug_abbrev  0x00002b81      0x265 ..\obj\queue.o
 .debug_abbrev  0x00002de6      0x29f ..\obj\ff_ioman.o
 .debug_abbrev  0x00003085      0x23b ..\obj\ff_fat.o
 .debug_abbrev  0x000032c0      0x23b ..\obj\ff_stdio.o
 .debug_abbrev  0x000034fb      0x1e2 ..\obj\event_groups.o
 .debug_abbrev  0x000036dd      0x151 ..\obj\ff_locking.o
 .debug_abbrev  0x0000382e       0xe5 ..\obj\FreeRTOS_HTTP_commands.o
 .debug_abbrev  0x00003913      0x150 ..\obj\heap_2.o
 .debug_abbrev  0x00003a63      0x3a0 ..\obj\FreeRTOS_Sockets.o
 .debug_abbrev  0x00003e03      0x215 ..\obj\ff_sys.o

.debug_aranges  0x00000000     0x15c0
 .debug_aranges
                0x00000000       0x40 ..\obj\FreeRTOS_TCP_server.o
 .debug_aranges
                0x00000040       0x58 ..\obj\ff_dev_support.o
 .debug_aranges
                0x00000098       0x28 ..\obj\FreeRTOS_UDP_IP.o
 .debug_aranges
                0x000000c0       0x58 ..\obj\FreeRTOS_Stream_Buffer.o
 .debug_aranges
                0x00000118       0x38 ..\obj\configurationManager.o
 .debug_aranges
                0x00000150       0x58 ..\obj\FreeRTOS_HTTP_server.o
 .debug_aranges
                0x000001a8      0x158 ..\obj\FreeRTOS_IP.o
 .debug_aranges
                0x00000300       0x28 ..\obj\system_LPC17xx.o
 .debug_aranges
                0x00000328      0x130 ..\obj\ff_file.o
 .debug_aranges
                0x00000458       0x30 ..\obj\ff_crc.o
 .debug_aranges
                0x00000488      0x118 ..\obj\FreeRTOS_TCP_WIN.o
 .debug_aranges
                0x000005a0       0x98 ..\obj\landtiger2_emac.o
 .debug_aranges
                0x00000638       0x60 ..\obj\FreeRTOS_ARP.o
 .debug_aranges
                0x00000698       0x38 ..\obj\main.o
 .debug_aranges
                0x000006d0      0x168 ..\obj\FreeRTOS_TCP_IP.o
 .debug_aranges
                0x00000838       0xc0 ..\obj\timers.o
 .debug_aranges
                0x000008f8       0x50 ..\obj\ff_string.o
 .debug_aranges
                0x00000948      0x148 ..\obj\ff_dir.o
 .debug_aranges
                0x00000a90       0x28 ..\obj\staticAllocationImpl.o
 .debug_aranges
                0x00000ab8      0x1d0 ..\obj\tasks.o
 .debug_aranges
                0x00000c88       0x28 ..\obj\startup_LPC17xx.o
 .debug_aranges
                0x00000cb0       0x40 ..\obj\NetworkInterface.o
 .debug_aranges
                0x00000cf0       0x58 ..\obj\BufferAllocation_2.o
 .debug_aranges
                0x00000d48       0x40 ..\obj\list.o
 .debug_aranges
                0x00000d88       0x78 ..\obj\port.o
 .debug_aranges
                0x00000e00      0x118 ..\obj\queue.o
 .debug_aranges
                0x00000f18       0xf0 ..\obj\ff_ioman.o
 .debug_aranges
                0x00001008       0xe8 ..\obj\ff_fat.o
 .debug_aranges
                0x000010f0      0x120 ..\obj\ff_stdio.o
 .debug_aranges
                0x00001210       0x70 ..\obj\event_groups.o
 .debug_aranges
                0x00001280       0x80 ..\obj\ff_locking.o
 .debug_aranges
                0x00001300       0x20 ..\obj\FreeRTOS_HTTP_commands.o
 .debug_aranges
                0x00001320       0x40 ..\obj\heap_2.o
 .debug_aranges
                0x00001360      0x208 ..\obj\FreeRTOS_Sockets.o
 .debug_aranges
                0x00001568       0x58 ..\obj\ff_sys.o

.debug_ranges   0x00000000     0x1450
 .debug_ranges  0x00000000       0x30 ..\obj\FreeRTOS_TCP_server.o
 .debug_ranges  0x00000030       0x48 ..\obj\ff_dev_support.o
 .debug_ranges  0x00000078       0x18 ..\obj\FreeRTOS_UDP_IP.o
 .debug_ranges  0x00000090       0x48 ..\obj\FreeRTOS_Stream_Buffer.o
 .debug_ranges  0x000000d8       0x28 ..\obj\configurationManager.o
 .debug_ranges  0x00000100       0x48 ..\obj\FreeRTOS_HTTP_server.o
 .debug_ranges  0x00000148      0x148 ..\obj\FreeRTOS_IP.o
 .debug_ranges  0x00000290       0x18 ..\obj\system_LPC17xx.o
 .debug_ranges  0x000002a8      0x150 ..\obj\ff_file.o
 .debug_ranges  0x000003f8       0x20 ..\obj\ff_crc.o
 .debug_ranges  0x00000418      0x108 ..\obj\FreeRTOS_TCP_WIN.o
 .debug_ranges  0x00000520       0x88 ..\obj\landtiger2_emac.o
 .debug_ranges  0x000005a8       0x50 ..\obj\FreeRTOS_ARP.o
 .debug_ranges  0x000005f8       0x28 ..\obj\main.o
 .debug_ranges  0x00000620      0x170 ..\obj\FreeRTOS_TCP_IP.o
 .debug_ranges  0x00000790       0xb0 ..\obj\timers.o
 .debug_ranges  0x00000840       0x40 ..\obj\ff_string.o
 .debug_ranges  0x00000880      0x150 ..\obj\ff_dir.o
 .debug_ranges  0x000009d0       0x18 ..\obj\staticAllocationImpl.o
 .debug_ranges  0x000009e8      0x1c0 ..\obj\tasks.o
 .debug_ranges  0x00000ba8       0x18 ..\obj\startup_LPC17xx.o
 .debug_ranges  0x00000bc0       0x30 ..\obj\NetworkInterface.o
 .debug_ranges  0x00000bf0       0x48 ..\obj\BufferAllocation_2.o
 .debug_ranges  0x00000c38       0x30 ..\obj\list.o
 .debug_ranges  0x00000c68       0x68 ..\obj\port.o
 .debug_ranges  0x00000cd0      0x108 ..\obj\queue.o
 .debug_ranges  0x00000dd8      0x110 ..\obj\ff_ioman.o
 .debug_ranges  0x00000ee8       0xd8 ..\obj\ff_fat.o
 .debug_ranges  0x00000fc0      0x110 ..\obj\ff_stdio.o
 .debug_ranges  0x000010d0       0x60 ..\obj\event_groups.o
 .debug_ranges  0x00001130       0x70 ..\obj\ff_locking.o
 .debug_ranges  0x000011a0       0x10 ..\obj\FreeRTOS_HTTP_commands.o
 .debug_ranges  0x000011b0       0x30 ..\obj\heap_2.o
 .debug_ranges  0x000011e0      0x228 ..\obj\FreeRTOS_Sockets.o
 .debug_ranges  0x00001408       0x48 ..\obj\ff_sys.o

.debug_line     0x00000000     0xb3cc
 .debug_line    0x00000000      0x3dd ..\obj\FreeRTOS_TCP_server.o
 .debug_line    0x000003dd      0x375 ..\obj\ff_dev_support.o
 .debug_line    0x00000752      0x3f7 ..\obj\FreeRTOS_UDP_IP.o
 .debug_line    0x00000b49      0x3c3 ..\obj\FreeRTOS_Stream_Buffer.o
 .debug_line    0x00000f0c       0xbf ..\obj\configurationManager.o
 .debug_line    0x00000fcb      0x554 ..\obj\FreeRTOS_HTTP_server.o
 .debug_line    0x0000151f      0x86f ..\obj\FreeRTOS_IP.o
 .debug_line    0x00001d8e      0x239 ..\obj\system_LPC17xx.o
 .debug_line    0x00001fc7      0xa29 ..\obj\ff_file.o
 .debug_line    0x000029f0      0x17b ..\obj\ff_crc.o
 .debug_line    0x00002b6b      0x7d3 ..\obj\FreeRTOS_TCP_WIN.o
 .debug_line    0x0000333e      0x3d2 ..\obj\landtiger2_emac.o
 .debug_line    0x00003710      0x4a7 ..\obj\FreeRTOS_ARP.o
 .debug_line    0x00003bb7      0x31f ..\obj\main.o
 .debug_line    0x00003ed6      0xbee ..\obj\FreeRTOS_TCP_IP.o
 .debug_line    0x00004ac4      0x4cc ..\obj\timers.o
 .debug_line    0x00004f90      0x308 ..\obj\ff_string.o
 .debug_line    0x00005298      0xad8 ..\obj\ff_dir.o
 .debug_line    0x00005d70      0x231 ..\obj\staticAllocationImpl.o
 .debug_line    0x00005fa1      0xb58 ..\obj\tasks.o
 .debug_line    0x00006af9       0xbb ..\obj\startup_LPC17xx.o
 .debug_line    0x00006bb4      0x409 ..\obj\NetworkInterface.o
 .debug_line    0x00006fbd      0x43e ..\obj\BufferAllocation_2.o
 .debug_line    0x000073fb      0x26b ..\obj\list.o
 .debug_line    0x00007666      0x318 ..\obj\port.o
 .debug_line    0x0000797e      0x70f ..\obj\queue.o
 .debug_line    0x0000808d      0x8a0 ..\obj\ff_ioman.o
 .debug_line    0x0000892d      0x69d ..\obj\ff_fat.o
 .debug_line    0x00008fca      0x7be ..\obj\ff_stdio.o
 .debug_line    0x00009788      0x380 ..\obj\event_groups.o
 .debug_line    0x00009b08      0x373 ..\obj\ff_locking.o
 .debug_line    0x00009e7b      0x177 ..\obj\FreeRTOS_HTTP_commands.o
 .debug_line    0x00009ff2      0x2cb ..\obj\heap_2.o
 .debug_line    0x0000a2bd      0xd41 ..\obj\FreeRTOS_Sockets.o
 .debug_line    0x0000affe      0x3ce ..\obj\ff_sys.o

.debug_str      0x00000000     0x80a4
 .debug_str     0x00000000      0x4a8 ..\obj\FreeRTOS_TCP_server.o
                                0x55e (size before relaxing)
 .debug_str     0x000004a8      0x5ea ..\obj\ff_dev_support.o
                                0x7fd (size before relaxing)
 .debug_str     0x00000a92      0xa9b ..\obj\FreeRTOS_UDP_IP.o
                                0xdce (size before relaxing)
 .debug_str     0x0000152d      0x173 ..\obj\FreeRTOS_Stream_Buffer.o
                                0x346 (size before relaxing)
 .debug_str     0x000016a0       0xaa ..\obj\configurationManager.o
                                0x1aa (size before relaxing)
 .debug_str     0x0000174a      0x313 ..\obj\FreeRTOS_HTTP_server.o
                                0xac5 (size before relaxing)
 .debug_str     0x00001a5d      0xc07 ..\obj\FreeRTOS_IP.o
                               0x19dd (size before relaxing)
 .debug_str     0x00002664      0x22e ..\obj\system_LPC17xx.o
                                0x37c (size before relaxing)
 .debug_str     0x00002892      0x53a ..\obj\ff_file.o
                                0xbad (size before relaxing)
 .debug_str     0x00002dcc       0xcd ..\obj\ff_crc.o
                                0x228 (size before relaxing)
 .debug_str     0x00002e99      0x434 ..\obj\FreeRTOS_TCP_WIN.o
                                0x96c (size before relaxing)
 .debug_str     0x000032cd      0x45e ..\obj\landtiger2_emac.o
                                0x735 (size before relaxing)
 .debug_str     0x0000372b      0x1da ..\obj\FreeRTOS_ARP.o
                                0x885 (size before relaxing)
 .debug_str     0x00003905      0x17b ..\obj\main.o
                                0x3aa (size before relaxing)
 .debug_str     0x00003a80      0x59d ..\obj\FreeRTOS_TCP_IP.o
                               0x15b1 (size before relaxing)
 .debug_str     0x0000401d      0x617 ..\obj\timers.o
                                0x8f9 (size before relaxing)
 .debug_str     0x00004634      0x14a ..\obj\ff_string.o
                                0x2fd (size before relaxing)
 .debug_str     0x0000477e      0x4c3 ..\obj\ff_dir.o
                                0xc47 (size before relaxing)
 .debug_str     0x00004c41      0x141 ..\obj\staticAllocationImpl.o
                                0x371 (size before relaxing)
 .debug_str     0x00004d82      0xbb5 ..\obj\tasks.o
                                0xfe0 (size before relaxing)
 .debug_str     0x00005937       0xc9 ..\obj\startup_LPC17xx.o
                                0x160 (size before relaxing)
 .debug_str     0x00005a00      0x111 ..\obj\NetworkInterface.o
                                0x42e (size before relaxing)
 .debug_str     0x00005b11      0x21a ..\obj\BufferAllocation_2.o
                                0x54f (size before relaxing)
 .debug_str     0x00005d2b       0xb3 ..\obj\list.o
                                0x2b3 (size before relaxing)
 .debug_str     0x00005dde      0x227 ..\obj\port.o
                                0x42e (size before relaxing)
 .debug_str     0x00006005      0x4f5 ..\obj\queue.o
                                0x912 (size before relaxing)
 .debug_str     0x000064fa      0x524 ..\obj\ff_ioman.o
                                0xb26 (size before relaxing)
 .debug_str     0x00006a1e      0x312 ..\obj\ff_fat.o
                                0x93a (size before relaxing)
 .debug_str     0x00006d30      0x49b ..\obj\ff_stdio.o
                                0xc34 (size before relaxing)
 .debug_str     0x000071cb      0x2ba ..\obj\event_groups.o
                                0x618 (size before relaxing)
 .debug_str     0x00007485      0x143 ..\obj\ff_locking.o
                                0x66a (size before relaxing)
 .debug_str     0x000075c8       0x7b ..\obj\FreeRTOS_HTTP_commands.o
                                0x329 (size before relaxing)
 .debug_str     0x00007643      0x178 ..\obj\heap_2.o
                                0x2fe (size before relaxing)
 .debug_str     0x000077bb      0x7fd ..\obj\FreeRTOS_Sockets.o
                               0x179b (size before relaxing)
 .debug_str     0x00007fb8       0xec ..\obj\ff_sys.o
                                0x690 (size before relaxing)

.comment        0x00000000       0x6e
 .comment       0x00000000       0x6e ..\obj\FreeRTOS_TCP_server.o
                                 0x6f (size before relaxing)
 .comment       0x0000006e       0x6f ..\obj\ff_dev_support.o
 .comment       0x0000006e       0x6f ..\obj\FreeRTOS_UDP_IP.o
 .comment       0x0000006e       0x6f ..\obj\FreeRTOS_Stream_Buffer.o
 .comment       0x0000006e       0x6f ..\obj\configurationManager.o
 .comment       0x0000006e       0x6f ..\obj\FreeRTOS_HTTP_server.o
 .comment       0x0000006e       0x6f ..\obj\FreeRTOS_IP.o
 .comment       0x0000006e       0x6f ..\obj\system_LPC17xx.o
 .comment       0x0000006e       0x6f ..\obj\ff_file.o
 .comment       0x0000006e       0x6f ..\obj\ff_crc.o
 .comment       0x0000006e       0x6f ..\obj\FreeRTOS_TCP_WIN.o
 .comment       0x0000006e       0x6f ..\obj\landtiger2_emac.o
 .comment       0x0000006e       0x6f ..\obj\FreeRTOS_ARP.o
 .comment       0x0000006e       0x6f ..\obj\main.o
 .comment       0x0000006e       0x6f ..\obj\FreeRTOS_TCP_IP.o
 .comment       0x0000006e       0x6f ..\obj\timers.o
 .comment       0x0000006e       0x6f ..\obj\ff_string.o
 .comment       0x0000006e       0x6f ..\obj\ff_dir.o
 .comment       0x0000006e       0x6f ..\obj\staticAllocationImpl.o
 .comment       0x0000006e       0x6f ..\obj\tasks.o
 .comment       0x0000006e       0x6f ..\obj\startup_LPC17xx.o
 .comment       0x0000006e       0x6f ..\obj\NetworkInterface.o
 .comment       0x0000006e       0x6f ..\obj\BufferAllocation_2.o
 .comment       0x0000006e       0x6f ..\obj\list.o
 .comment       0x0000006e       0x6f ..\obj\port.o
 .comment       0x0000006e       0x6f ..\obj\queue.o
 .comment       0x0000006e       0x6f ..\obj\ff_ioman.o
 .comment       0x0000006e       0x6f ..\obj\ff_fat.o
 .comment       0x0000006e       0x6f ..\obj\ff_stdio.o
 .comment       0x0000006e       0x6f ..\obj\event_groups.o
 .comment       0x0000006e       0x6f ..\obj\ff_locking.o
 .comment       0x0000006e       0x6f ..\obj\FreeRTOS_HTTP_commands.o
 .comment       0x0000006e       0x6f ..\obj\heap_2.o
 .comment       0x0000006e       0x6f ..\obj\FreeRTOS_Sockets.o
 .comment       0x0000006e       0x6f ..\obj\ff_sys.o

.ARM.attributes
                0x00000000       0x31
 .ARM.attributes
                0x00000000       0x33 ..\obj\FreeRTOS_TCP_server.o
 .ARM.attributes
                0x00000033       0x33 ..\obj\ff_dev_support.o
 .ARM.attributes
                0x00000066       0x33 ..\obj\FreeRTOS_UDP_IP.o
 .ARM.attributes
                0x00000099       0x33 ..\obj\FreeRTOS_Stream_Buffer.o
 .ARM.attributes
                0x000000cc       0x33 ..\obj\configurationManager.o
 .ARM.attributes
                0x000000ff       0x33 ..\obj\FreeRTOS_HTTP_server.o
 .ARM.attributes
                0x00000132       0x33 ..\obj\FreeRTOS_IP.o
 .ARM.attributes
                0x00000165       0x33 ..\obj\system_LPC17xx.o
 .ARM.attributes
                0x00000198       0x33 ..\obj\ff_file.o
 .ARM.attributes
                0x000001cb       0x33 ..\obj\ff_crc.o
 .ARM.attributes
                0x000001fe       0x33 ..\obj\FreeRTOS_TCP_WIN.o
 .ARM.attributes
                0x00000231       0x33 ..\obj\landtiger2_emac.o
 .ARM.attributes
                0x00000264       0x33 ..\obj\FreeRTOS_ARP.o
 .ARM.attributes
                0x00000297       0x33 ..\obj\main.o
 .ARM.attributes
                0x000002ca       0x33 ..\obj\FreeRTOS_TCP_IP.o
 .ARM.attributes
                0x000002fd       0x33 ..\obj\timers.o
 .ARM.attributes
                0x00000330       0x33 ..\obj\ff_string.o
 .ARM.attributes
                0x00000363       0x33 ..\obj\ff_dir.o
 .ARM.attributes
                0x00000396       0x33 ..\obj\staticAllocationImpl.o
 .ARM.attributes