Archive member included to satisfy reference by file (symbol)

c:/program files (x86)/gnu tools arm embedded/5.4 2016q2/bin/../lib/gcc/arm-none-eabi/5.4.1/armv7-m\libgcc.a(_aeabi_uldivmod.o)
                              ..\obj\ff_format.o (__aeabi_uldivmod)
c:/program files (x86)/gnu tools arm embedded/5.4 2016q2/bin/../lib/gcc/arm-none-eabi/5.4.1/armv7-m\libgcc.a(_udivmoddi4.o)
                              c:/program files (x86)/gnu tools arm embedded/5.4 2016q2/bin/../lib/gcc/arm-none-eabi/5.4.1/armv7-m\libgcc.a(_aeabi_uldivmod.o) (__udivmoddi4)
c:/program files (x86)/gnu tools arm embedded/5.4 2016q2/bin/../lib/gcc/arm-none-eabi/5.4.1/armv7-m\libgcc.a(_dvmd_tls.o)
                              c:/program files (x86)/gnu tools arm embedded/5.4 2016q2/bin/../lib/gcc/arm-none-eabi/5.4.1/armv7-m\libgcc.a(_aeabi_uldivmod.o) (__aeabi_ldiv0)
c:/program files (x86)/gnu tools arm embedded/5.4 2016q2/bin/../lib/gcc/arm-none-eabi/5.4.1/../../../../arm-none-eabi/lib/armv7-m\libg.a(lib_a-memcmp.o)
                              ..\obj\ff_dev_support.o (memcmp)
c:/program files (x86)/gnu tools arm embedded/5.4 2016q2/bin/../lib/gcc/arm-none-eabi/5.4.1/../../../../arm-none-eabi/lib/armv7-m\libg.a(lib_a-memcpy.o)
                              ..\obj\FreeRTOS_TCP_server.o (memcpy)
c:/program files (x86)/gnu tools arm embedded/5.4 2016q2/bin/../lib/gcc/arm-none-eabi/5.4.1/../../../../arm-none-eabi/lib/armv7-m\libg.a(lib_a-memmove.o)
                              ..\obj\FreeRTOS_IP.o (memmove)
c:/program files (x86)/gnu tools arm embedded/5.4 2016q2/bin/../lib/gcc/arm-none-eabi/5.4.1/../../../../arm-none-eabi/lib/armv7-m\libg.a(lib_a-memset.o)
                              ..\obj\FreeRTOS_TCP_server.o (memset)
c:/program files (x86)/gnu tools arm embedded/5.4 2016q2/bin/../lib/gcc/arm-none-eabi/5.4.1/../../../../arm-none-eabi/lib/armv7-m\libg.a(lib_a-rand.o)
                              ..\obj\ff_format.o (rand)
c:/program files (x86)/gnu tools arm embedded/5.4 2016q2/bin/../lib/gcc/arm-none-eabi/5.4.1/../../../../arm-none-eabi/lib/armv7-m\libg.a(lib_a-snprintf.o)
                              ..\obj\ff_dev_support.o (snprintf)
c:/program files (x86)/gnu tools arm embedded/5.4 2016q2/bin/../lib/gcc/arm-none-eabi/5.4.1/../../../../arm-none-eabi/lib/armv7-m\libg.a(lib_a-sprintf.o)
                              ..\obj\ff_dir.o (sprintf)
c:/program files (x86)/gnu tools arm embedded/5.4 2016q2/bin/../lib/gcc/arm-none-eabi/5.4.1/../../../../arm-none-eabi/lib/armv7-m\libg.a(lib_a-strchr.o)
                              ..\obj\FreeRTOS_HTTP_server.o (strchr)
c:/program files (x86)/gnu tools arm embedded/5.4 2016q2/bin/../lib/gcc/arm-none-eabi/5.4.1/../../../../arm-none-eabi/lib/armv7-m\libg.a(lib_a-strcmp.o)
                              ..\obj\ff_dev_support.o (strcmp)
c:/program files (x86)/gnu tools arm embedded/5.4 2016q2/bin/../lib/gcc/arm-none-eabi/5.4.1/../../../../arm-none-eabi/lib/armv7-m\libg.a(lib_a-strcpy.o)
                              ..\obj\FreeRTOS_HTTP_server.o (strcpy)
c:/program files (x86)/gnu tools arm embedded/5.4 2016q2/bin/../lib/gcc/arm-none-eabi/5.4.1/../../../../arm-none-eabi/lib/armv7-m\libg.a(lib_a-strlen-stub.o)
                              ..\obj\FreeRTOS_TCP_server.o (strlen)
c:/program files (x86)/gnu tools arm embedded/5.4 2016q2/bin/../lib/gcc/arm-none-eabi/5.4.1/../../../../arm-none-eabi/lib/armv7-m\libg.a(lib_a-strncpy.o)
                              ..\obj\ff_file.o (strncpy)
c:/program files (x86)/gnu tools arm embedded/5.4 2016q2/bin/../lib/gcc/arm-none-eabi/5.4.1/../../../../arm-none-eabi/lib/armv7-m\libg.a(lib_a-svfprintf.o)
                              c:/program files (x86)/gnu tools arm embedded/5.4 2016q2/bin/../lib/gcc/arm-none-eabi/5.4.1/../../../../arm-none-eabi/lib/armv7-m\libg.a(lib_a-snprintf.o) (_svfprintf_r)
c:/program files (x86)/gnu tools arm embedded/5.4 2016q2/bin/../lib/gcc/arm-none-eabi/5.4.1/../../../../arm-none-eabi/lib/armv7-m\libg.a(lib_a-dtoa.o)
                              c:/program files (x86)/gnu tools arm embedded/5.4 2016q2/bin/../lib/gcc/arm-none-eabi/5.4.1/../../../../arm-none-eabi/lib/armv7-m\libg.a(lib_a-svfprintf.o) (_dtoa_r)
c:/program files (x86)/gnu tools arm embedded/5.4 2016q2/bin/../lib/gcc/arm-none-eabi/5.4.1/../../../../arm-none-eabi/lib/armv7-m\libg.a(lib_a-impure.o)
                              c:/program files (x86)/gnu tools arm embedded/5.4 2016q2/bin/../lib/gcc/arm-none-eabi/5.4.1/../../../../arm-none-eabi/lib/armv7-m\libg.a(lib_a-rand.o) (_impure_ptr)
c:/program files (x86)/gnu tools arm embedded/5.4 2016q2/bin/../lib/gcc/arm-none-eabi/5.4.1/../../../../arm-none-eabi/lib/armv7-m\libg.a(lib_a-locale.o)
                              c:/program files (x86)/gnu tools arm embedded/5.4 2016q2/bin/../lib/gcc/arm-none-eabi/5.4.1/../../../../arm-none-eabi/lib/armv7-m\libg.a(lib_a-svfprintf.o) (_localeconv_r)
[...]
Memory Configuration

Name             Origin             Length             Attributes
rom              0x00000000         0x00080000         xr
ram              0x10000000         0x00008000         xrw
ram1             0x2007c000         0x00008000         xrw
*default*        0x00000000         0xffffffff

Linker script and memory map

                0x10008000                _eram = 0x10008000

.text           0x00000000     0x47c0
 *(.isr_vector)
 .isr_vector    0x00000000       0xcc ..\obj\startup_LPC17xx.o
                0x00000000                g_pfnVectors
 *(.text*)
 .text.vProcessGeneratedUDPPacket
                0x000000cc       0x94 ..\obj\FreeRTOS_UDP_IP.o
                0x000000cc                vProcessGeneratedUDPPacket
 .text.xProcessReceivedUDPPacket
                0x00000160       0x58 ..\obj\FreeRTOS_UDP_IP.o
                0x00000160                xProcessReceivedUDPPacket
 .text.uxStreamBufferAdd
                0x000001b8       0xb0 ..\obj\FreeRTOS_Stream_Buffer.o
                0x000001b8                uxStreamBufferAdd
 .text.uxStreamBufferGet
                0x00000268       0x82 ..\obj\FreeRTOS_Stream_Buffer.o
                0x00000268                uxStreamBufferGet
 .text.InitializeClocks
                0x000002ea        0x4 ..\obj\configurationManager.o
                0x000002ea                InitializeClocks
 *fill*         0x000002ee        0x2 
 .text.SysTick_Handler
                0x000002f0       0x14 ..\obj\kit1768.o
                0x000002f0                SysTick_Handler
 .text.CLKPWR_ConfigPPWR
                0x00000304       0x38 ..\obj\lpc17xx_clkpwr.o
                0x00000304                CLKPWR_ConfigPPWR
 .text.prvIPTimerCheck
                0x0000033c       0x4e ..\obj\FreeRTOS_IP.o
 *fill*         0x0000038a        0x2 
 .text.xIsCallingFromIPTask
                0x0000038c       0x18 ..\obj\FreeRTOS_IP.o
                0x0000038c                xIsCallingFromIPTask
 .text.FreeRTOS_IPInit
                0x000003a4       0xb0 ..\obj\FreeRTOS_IP.o
                0x000003a4                FreeRTOS_IPInit
 .text.xSendEventStructToIPTask
                0x00000454       0x54 ..\obj\FreeRTOS_IP.o
                0x00000454                xSendEventStructToIPTask
 .text.FreeRTOS_NetworkDown
                0x000004a8       0x20 ..\obj\FreeRTOS_IP.o
                0x000004a8                FreeRTOS_NetworkDown
 .text.xSendEventToIPTask
                0x000004c8       0x16 ..\obj\FreeRTOS_IP.o
                0x000004c8                xSendEventToIPTask
 *fill*         0x000004de        0x2 
 .text.vIPNetworkUpCalls
                0x000004e0       0x30 ..\obj\FreeRTOS_IP.o
                0x000004e0                vIPNetworkUpCalls
 .text.vReturnEthernetFrame
                0x00000510       0x2c ..\obj\FreeRTOS_IP.o
                0x00000510                vReturnEthernetFrame
 .text.prvIPTask
                0x0000053c      0x334 ..\obj\FreeRTOS_IP.o
 .text.xIPIsNetworkTaskReady
                0x00000870        0xc ..\obj\FreeRTOS_IP.o
                0x00000870                xIPIsNetworkTaskReady
 .text.SystemInit
                0x0000087c       0xec ..\obj\system_LPC17xx.o
                0x0000087c                SystemInit
 .text.read_PHY
                0x00000968       0x2e ..\obj\lpc17xx_emac.o
 .text.write_PHY.constprop.1
                0x00000996       0x22 ..\obj\lpc17xx_emac.o
 .text.EMAC_UpdatePHYStatus
                0x000009b8       0x52 ..\obj\lpc17xx_emac.o
                0x000009b8                EMAC_UpdatePHYStatus
 *fill*         0x00000a0a        0x2 
 .text.EMAC_SetPHYMode
                0x00000a0c       0x78 ..\obj\lpc17xx_emac.o
                0x00000a0c                EMAC_SetPHYMode
 .text.EMAC_Init
                0x00000a84      0x1a4 ..\obj\lpc17xx_emac.o
                0x00000a84                EMAC_Init
 .text.EMAC_WritePacketBuffer
                0x00000c28       0x44 ..\obj\lpc17xx_emac.o
                0x00000c28                EMAC_WritePacketBuffer
 .text.xTCPWindowRxFind
                0x00000c6c       0x1e ..\obj\FreeRTOS_TCP_WIN.o
 .text.xTCPWindowPeekHead
                0x00000c8a        0xe ..\obj\FreeRTOS_TCP_WIN.o
 .text.prvTCPWindowTxHasSpace
                0x00000c98       0x38 ..\obj\FreeRTOS_TCP_WIN.o
 .text.xTCPWindowGetHead
                0x00000cd0       0x12 ..\obj\FreeRTOS_TCP_WIN.o
 .text.vListInsertGeneric
                0x00000ce2       0x14 ..\obj\FreeRTOS_TCP_WIN.o
                0x00000ce2                vListInsertGeneric
 *fill*         0x00000cf6        0x2 
 .text.vTCPWindowFree
                0x00000cf8       0x38 ..\obj\FreeRTOS_TCP_WIN.o
 .text.prvTCPWindowTxCheckAck
                0x00000d30       0xd8 ..\obj\FreeRTOS_TCP_WIN.o
 .text.xTCPWindowNew
                0x00000e08       0x60 ..\obj\FreeRTOS_TCP_WIN.o
 .text.xTCPWindowRxEmpty
                0x00000e68       0x16 ..\obj\FreeRTOS_TCP_WIN.o
                0x00000e68                xTCPWindowRxEmpty
 .text.vTCPWindowDestroy
                0x00000e7e       0x3a ..\obj\FreeRTOS_TCP_WIN.o
                0x00000e7e                vTCPWindowDestroy
 .text.vTCPWindowInit
                0x00000eb8       0x46 ..\obj\FreeRTOS_TCP_WIN.o
                0x00000eb8                vTCPWindowInit
 *fill*         0x00000efe        0x2 
 .text.vTCPWindowCreate
                0x00000f00       0xa8 ..\obj\FreeRTOS_TCP_WIN.o
                0x00000f00                vTCPWindowCreate
 .text.lTCPWindowRxCheck
                0x00000fa8       0xf8 ..\obj\FreeRTOS_TCP_WIN.o
                0x00000fa8                lTCPWindowRxCheck
 .text.lTCPWindowTxAdd
                0x000010a0       0xc0 ..\obj\FreeRTOS_TCP_WIN.o
                0x000010a0                lTCPWindowTxAdd
 .text.xTCPWindowTxDone
                0x00001160        0xc ..\obj\FreeRTOS_TCP_WIN.o
                0x00001160                xTCPWindowTxDone
 .text.xTCPWindowTxHasData
                0x0000116c       0x60 ..\obj\FreeRTOS_TCP_WIN.o
                0x0000116c                xTCPWindowTxHasData
 .text.ulTCPWindowTxGet
                0x000011cc       0xe2 ..\obj\FreeRTOS_TCP_WIN.o
                0x000011cc                ulTCPWindowTxGet
 .text.ulTCPWindowTxAck
                0x000012ae       0x14 ..\obj\FreeRTOS_TCP_WIN.o
                0x000012ae                ulTCPWindowTxAck
 .text.ulTCPWindowTxSack
                0x000012c2       0x64 ..\obj\FreeRTOS_TCP_WIN.o
                0x000012c2                ulTCPWindowTxSack
 *fill*         0x00001326        0x2 
 .text.vARPRefreshCacheEntry
                0x00001328       0xf4 ..\obj\FreeRTOS_ARP.o
                0x00001328                vARPRefreshCacheEntry
 .text.eARPProcessPacket
                0x0000141c       0x9c ..\obj\FreeRTOS_ARP.o
                0x0000141c                eARPProcessPacket
 .text.eARPGetCacheEntry
                0x000014b8       0x70 ..\obj\FreeRTOS_ARP.o
                0x000014b8                eARPGetCacheEntry
 .text.vARPGenerateRequestPacket
                0x00001528       0x48 ..\obj\FreeRTOS_ARP.o
                0x00001528                vARPGenerateRequestPacket
 .text.FreeRTOS_OutputARPRequest
                0x00001570       0x24 ..\obj\FreeRTOS_ARP.o
                0x00001570                FreeRTOS_OutputARPRequest
 .text.vARPAgeCache
                0x00001594       0x68 ..\obj\FreeRTOS_ARP.o
                0x00001594                vARPAgeCache
 .text.prvServerWorkTask
                0x000015fc        0x2 ..\obj\main.o
                0x000015fc                prvServerWorkTask
 *fill*         0x000015fe        0x2 
 .text.startup.main
                0x00001600       0x44 ..\obj\main.o
                0x00001600                main
 .text.prvSocketSetMSS
                0x00001644       0x2c ..\obj\FreeRTOS_TCP_IP.o
 .text.prvTCPCreateWindow
                0x00001670       0x2c ..\obj\FreeRTOS_TCP_IP.o
 .text.prvTCPNextTimeout
                0x0000169c       0x7e ..\obj\FreeRTOS_TCP_IP.o
 *fill*         0x0000171a        0x2 
 .text.prvTCPReturnPacket.constprop.4
                0x0000171c      0x17c ..\obj\FreeRTOS_TCP_IP.o
 .text.prvTCPSendReset
                0x00001898       0x1e ..\obj\FreeRTOS_TCP_IP.o
 .text.prvTCPAddTxData
                0x000018b6       0x54 ..\obj\FreeRTOS_TCP_IP.o
 .text.vTCPStateChange
                0x0000190a      0x10c ..\obj\FreeRTOS_TCP_IP.o
                0x0000190a                vTCPStateChange
 *fill*         0x00001a16        0x2 
 .text.prvTCPPrepareSend
                0x00001a18      0x220 ..\obj\FreeRTOS_TCP_IP.o
 .text.prvTCPSendRepeated
                0x00001c38       0x32 ..\obj\FreeRTOS_TCP_IP.o
 *fill*         0x00001c6a        0x2 
 .text.xTCPSocketCheck
                0x00001c6c      0x248 ..\obj\FreeRTOS_TCP_IP.o
                0x00001c6c                xTCPSocketCheck
 .text.prvTCPHandleFin.isra.3
                0x00001eb4       0xce ..\obj\FreeRTOS_TCP_IP.o
 *fill*         0x00001f82        0x2 
 .text.xProcessReceivedTCPPacket
                0x00001f84      0x93c ..\obj\FreeRTOS_TCP_IP.o
                0x00001f84                xProcessReceivedTCPPacket
 .text.xTCPCheckNewClient
                0x000028c0       0x40 ..\obj\FreeRTOS_TCP_IP.o
                0x000028c0                xTCPCheckNewClient
 .text.prvCheckForValidListAndQueue
                0x00002900       0x50 ..\obj\timers.o
 .text.prvInsertTimerInActiveList
                0x00002950       0x38 ..\obj\timers.o
 .text.xTimerCreateTimerTask
                0x00002988       0x50 ..\obj\timers.o
                0x00002988                xTimerCreateTimerTask
 .text.xTimerGenericCommand
                0x000029d8       0x40 ..\obj\timers.o
                0x000029d8                xTimerGenericCommand
 .text.prvSwitchTimerLists
                0x00002a18       0x68 ..\obj\timers.o
 .text.prvTimerTask
                0x00002a80      0x170 ..\obj\timers.o
 .text.vApplicationGetIdleTaskMemory
                0x00002bf0       0x14 ..\obj\staticAllocationImpl.o
                0x00002bf0                vApplicationGetIdleTaskMemory
 .text.vApplicationGetTimerTaskMemory
                0x00002c04       0x1c ..\obj\staticAllocationImpl.o
                0x00002c04                vApplicationGetTimerTaskMemory
 .text.prvAddNewTaskToReadyList
                0x00002c20       0xd8 ..\obj\tasks.o
 .text.prvResetNextTaskUnblockTime
                0x00002cf8       0x24 ..\obj\tasks.o
 .text.prvInitialiseNewTask.isra.2
                0x00002d1c       0x96 ..\obj\tasks.o
 .text.prvDeleteTCB
                0x00002db2       0x22 ..\obj\tasks.o
 .text.prvAddCurrentTaskToDelayedList
                0x00002dd4       0x68 ..\obj\tasks.o
 .text.xTaskCreateStatic
                0x00002e3c       0x36 ..\obj\tasks.o
                0x00002e3c                xTaskCreateStatic
 .text.xTaskCreate
                0x00002e72       0x5a ..\obj\tasks.o
                0x00002e72                xTaskCreate
 .text.vTaskStartScheduler
                0x00002ecc       0x6c ..\obj\tasks.o
                0x00002ecc                vTaskStartScheduler
 .text.vTaskSuspendAll
                0x00002f38       0x14 ..\obj\tasks.o
                0x00002f38                vTaskSuspendAll
 .text.xTaskGetTickCount
                0x00002f4c        0xc ..\obj\tasks.o
                0x00002f4c                xTaskGetTickCount
 .text.xTaskIncrementTick
                0x00002f58       0xd0 ..\obj\tasks.o
                0x00002f58                xTaskIncrementTick
 .text.xTaskResumeAll
                0x00003028       0xc0 ..\obj\tasks.o
                0x00003028                xTaskResumeAll
 .text.vTaskDelay
                0x000030e8       0x30 ..\obj\tasks.o
                0x000030e8                vTaskDelay
 .text.prvIdleTask
                0x00003118       0x6c ..\obj\tasks.o
 .text.vTaskPlaceOnEventList
                0x00003184       0x20 ..\obj\tasks.o
                0x00003184                vTaskPlaceOnEventList
 .text.vTaskPlaceOnEventListRestricted
                0x000031a4       0x2c ..\obj\tasks.o
                0x000031a4                vTaskPlaceOnEventListRestricted
 .text.xTaskRemoveFromEventList
                0x000031d0       0x64 ..\obj\tasks.o
                0x000031d0                xTaskRemoveFromEventList
 .text.vTaskRemoveFromUnorderedEventList
                0x00003234       0x50 ..\obj\tasks.o
                0x00003234                vTaskRemoveFromUnorderedEventList
 .text.vTaskSetTimeOutState
                0x00003284       0x14 ..\obj\tasks.o
                0x00003284                vTaskSetTimeOutState
 .text.xTaskCheckForTimeOut
                0x00003298       0x4c ..\obj\tasks.o
                0x00003298                xTaskCheckForTimeOut
 .text.vTaskMissedYield
                0x000032e4       0x10 ..\obj\tasks.o
                0x000032e4                vTaskMissedYield
 .text.xTaskGetCurrentTaskHandle
                0x000032f4        0xc ..\obj\tasks.o
                0x000032f4                xTaskGetCurrentTaskHandle
 .text.xTaskGetSchedulerState
                0x00003300       0x20 ..\obj\tasks.o
                0x00003300                xTaskGetSchedulerState
 .text.vTaskPriorityInherit
                0x00003320       0x70 ..\obj\tasks.o
                0x00003320                vTaskPriorityInherit
 .text.xTaskPriorityDisinherit
                0x00003390       0x58 ..\obj\tasks.o
                0x00003390                xTaskPriorityDisinherit
 .text.pvTaskIncrementMutexHeldCount
                0x000033e8       0x18 ..\obj\tasks.o
                0x000033e8                pvTaskIncrementMutexHeldCount
 .text.Default_Handler
                0x00003400        0x2 ..\obj\startup_LPC17xx.o
                0x00003400                TIMER2_IRQHandler
                0x00003400                DebugMon_Handler
                0x00003400                RIT_IRQHandler
                0x00003400                I2C0_IRQHandler
                0x00003400                HardFault_Handler
                0x00003400                USBActivity_IRQHandler
                0x00003400                PWM1_IRQHandler
                0x00003400                PendSV_Handler
                0x00003400                NMI_Handler
                0x00003400                I2C1_IRQHandler
                0x00003400                EINT2_IRQHandler
                0x00003400                UART1_IRQHandler
                0x00003400                EINT3_IRQHandler
                0x00003400                CANActivity_IRQHandler
                0x00003400                TIMER3_IRQHandler
                0x00003400                UART0_IRQHandler
                0x00003400                UsageFault_Handler
                0x00003400                PLL0_IRQHandler
                0x00003400                CAN_IRQHandler
                0x00003400                PLL1_IRQHandler
                0x00003400                SSP0_IRQHandler
                0x00003400                I2S_IRQHandler
                0x00003400                I2C2_IRQHandler
                0x00003400                RTC_IRQHandler
                0x00003400                TIMER0_IRQHandler
                0x00003400                SPI_IRQHandler
                0x00003400                EINT1_IRQHandler
                0x00003400                TIMER1_IRQHandler
                0x00003400                UART2_IRQHandler
                0x00003400                ADC_IRQHandler
                0x00003400                SSP1_IRQHandler
                0x00003400                USB_IRQHandler
                0x00003400                BOD_IRQHandler
                0x00003400                MemManage_Handler
                0x00003400                WDT_IRQHandler
                0x00003400                SVC_Handler
                0x00003400                QEI_IRQHandler
                0x00003400                EINT0_IRQHandler
                0x00003400                DMA_IRQHandler
                0x00003400                BusFault_Handler
                0x00003400                UART3_IRQHandler
                0x00003400                MCPWM_IRQHandler
                0x00003400                ENET_IRQHandler
 *fill*         0x00003402        0x2 
 .text.Default_Reset_Handler
                0x00003404       0x48 ..\obj\startup_LPC17xx.o
                0x00003404                Default_Reset_Handler
                0x00003404                Reset_Handler
 .text.prvEMACHandlerTask
                0x0000344c        0x2 ..\obj\NetworkInterface.o
 *fill*         0x0000344e        0x2 
 .text.xNetworkInterfaceInitialise
                0x00003450       0x40 ..\obj\NetworkInterface.o
                0x00003450                xNetworkInterfaceInitialise
 .text.xNetworkInterfaceOutput
                0x00003490       0x1a ..\obj\NetworkInterface.o
                0x00003490                xNetworkInterfaceOutput
 *fill*         0x000034aa        0x2 
 .text.xNetworkBuffersInitialise
                0x000034ac       0x60 ..\obj\BufferAllocation_2.o
                0x000034ac                xNetworkBuffersInitialise
 .text.vReleaseNetworkBuffer
                0x0000350c        0xa ..\obj\BufferAllocation_2.o
                0x0000350c                vReleaseNetworkBuffer
 *fill*         0x00003516        0x2 
 .text.vReleaseNetworkBufferAndDescriptor
                0x00003518       0x48 ..\obj\BufferAllocation_2.o
                0x00003518                vReleaseNetworkBufferAndDescriptor
 .text.pxGetNetworkBufferWithDescriptor
                0x00003560       0x80 ..\obj\BufferAllocation_2.o
                0x00003560                pxGetNetworkBufferWithDescriptor
 .text.vListInitialise
                0x000035e0       0x16 ..\obj\list.o
                0x000035e0                vListInitialise
 .text.vListInitialiseItem
                0x000035f6        0x6 ..\obj\list.o
                0x000035f6                vListInitialiseItem
 .text.vListInsertEnd
                0x000035fc       0x18 ..\obj\list.o
                0x000035fc                vListInsertEnd
 .text.vListInsert
                0x00003614       0x30 ..\obj\list.o
                0x00003614                vListInsert
 .text.uxListRemove
                0x00003644       0x20 ..\obj\list.o
                0x00003644                uxListRemove
 .text.prvTaskExitError
                0x00003664       0x12 ..\obj\port.o
 *fill*         0x00003676        0x2 
 .text.prvPortStartFirstTask
                0x00003678       0x20 ..\obj\port.o
 .text.pxPortInitialiseStack
                0x00003698       0x24 ..\obj\port.o
                0x00003698                pxPortInitialiseStack
 .text.vPortEnterCritical
                0x000036bc       0x20 ..\obj\port.o
                0x000036bc                vPortEnterCritical
 .text.vPortExitCritical
                0x000036dc       0x14 ..\obj\port.o
                0x000036dc                vPortExitCritical
 .text.vPortSetupTimerInterrupt
                0x000036f0       0x28 ..\obj\port.o
                0x000036f0                vPortSetupTimerInterrupt
 .text.xPortStartScheduler
                0x00003718       0x30 ..\obj\port.o
                0x00003718                xPortStartScheduler
 .text.prvCopyDataToQueue
                0x00003748       0x70 ..\obj\queue.o
 .text.prvCopyDataFromQueue
                0x000037b8       0x28 ..\obj\queue.o
 .text.prvUnlockQueue
                0x000037e0       0x6c ..\obj\queue.o
 .text.xQueueGenericReset
                0x0000384c       0x6c ..\obj\queue.o
                0x0000384c                xQueueGenericReset
 .text.xQueueGenericCreateStatic
                0x000038b8       0x24 ..\obj\queue.o
                0x000038b8                xQueueGenericCreateStatic
 .text.xQueueGenericCreate
                0x000038dc       0x34 ..\obj\queue.o
                0x000038dc                xQueueGenericCreate
 .text.xQueueCreateCountingSemaphore
                0x00003910       0x12 ..\obj\queue.o
                0x00003910                xQueueCreateCountingSemaphore
 *fill*         0x00003922        0x2 
 .text.xQueueGenericSend
                0x00003924       0xf8 ..\obj\queue.o
                0x00003924                xQueueGenericSend
 .text.xQueueGenericSendFromISR
                0x00003a1c       0x62 ..\obj\queue.o
                0x00003a1c                xQueueGenericSendFromISR
 *fill*         0x00003a7e        0x2 
 .text.xQueueGenericReceive
                0x00003a80      0x134 ..\obj\queue.o
                0x00003a80                xQueueGenericReceive
 .text.uxQueueMessagesWaiting
                0x00003bb4       0x12 ..\obj\queue.o
                0x00003bb4                uxQueueMessagesWaiting
 *fill*         0x00003bc6        0x2 
 .text.vQueueAddToRegistry
                0x00003bc8       0x28 ..\obj\queue.o
                0x00003bc8                vQueueAddToRegistry
 .text.vQueueUnregisterQueue
                0x00003bf0       0x28 ..\obj\queue.o
                0x00003bf0                vQueueUnregisterQueue
 .text.vQueueDelete
                0x00003c18       0x1a ..\obj\queue.o
                0x00003c18                vQueueDelete
 .text.vQueueWaitForMessageRestricted
                0x00003c32       0x46 ..\obj\queue.o
                0x00003c32                vQueueWaitForMessageRestricted
 .text.xEventGroupCreate
                0x00003c78       0x1c ..\obj\event_groups.o
                0x00003c78                xEventGroupCreate
 .text.xEventGroupClearBits
                0x00003c94       0x1a ..\obj\event_groups.o
                0x00003c94                xEventGroupClearBits
 .text.xEventGroupSetBits
                0x00003cae       0x58 ..\obj\event_groups.o
                0x00003cae                xEventGroupSetBits
 .text.vEventGroupDelete
                0x00003d06       0x2a ..\obj\event_groups.o
                0x00003d06                vEventGroupDelete
 .text.pvPortMalloc
                0x00003d30       0xbc ..\obj\heap_2.o
                0x00003d30                pvPortMalloc
 .text.vPortFree
                0x00003dec       0x40 ..\obj\heap_2.o
                0x00003dec                vPortFree
 .text.uxStreamBufferGetSpace
                0x00003e2c       0x14 ..\obj\FreeRTOS_Sockets.o
 .text.uxStreamBufferGetSize
                0x00003e40       0x12 ..\obj\FreeRTOS_Sockets.o
 .text.pxListFindListItemWithValue
                0x00003e52       0x2a ..\obj\FreeRTOS_Sockets.o
 .text.vNetworkSocketsInit
                0x00003e7c       0x54 ..\obj\FreeRTOS_Sockets.o
                0x00003e7c                vNetworkSocketsInit
 .text.FreeRTOS_socket
                0x00003ed0       0x9c ..\obj\FreeRTOS_Sockets.o
                0x00003ed0                FreeRTOS_socket
 .text.vSocketBind
                0x00003f6c       0xc4 ..\obj\FreeRTOS_Sockets.o
                0x00003f6c                vSocketBind
 .text.FreeRTOS_closesocket
                0x00004030       0x2c ..\obj\FreeRTOS_Sockets.o
                0x00004030                FreeRTOS_closesocket
 .text.vSocketClose
                0x0000405c       0xa0 ..\obj\FreeRTOS_Sockets.o
                0x0000405c                vSocketClose
 .text.pxUDPSocketLookup
                0x000040fc       0x14 ..\obj\FreeRTOS_Sockets.o
                0x000040fc                pxUDPSocketLookup
 .text.vSocketWakeUpUser
                0x00004110       0x34 ..\obj\FreeRTOS_Sockets.o
                0x00004110                vSocketWakeUpUser
 .text.xTCPTimerCheck
                0x00004144       0x84 ..\obj\FreeRTOS_Sockets.o
                0x00004144                xTCPTimerCheck
 .text.pxTCPSocketLookup
                0x000041c8       0x44 ..\obj\FreeRTOS_Sockets.o
                0x000041c8                pxTCPSocketLookup
 .text.lTCPAddRxdata
                0x0000420c       0xda ..\obj\FreeRTOS_Sockets.o
                0x0000420c                lTCPAddRxdata
 .text.FreeRTOS_tx_space
                0x000042e6       0x1c ..\obj\FreeRTOS_Sockets.o
                0x000042e6                FreeRTOS_tx_space
 .text.FreeRTOS_rx_size
                0x00004302       0x16 ..\obj\FreeRTOS_Sockets.o
                0x00004302                FreeRTOS_rx_size
 .text.vSocketSelect
                0x00004318      0x10c ..\obj\FreeRTOS_Sockets.o
                0x00004318                vSocketSelect
 .text.memcmp   0x00004424       0x64 c:/program files (x86)/gnu tools arm embedded/5.4 2016q2/bin/../lib/gcc/arm-none-eabi/5.4.1/../../../../arm-none-eabi/lib/armv7-m\libg.a(lib_a-memcmp.o)
                0x00004424                memcmp
 .text          0x00004488       0xec c:/program files (x86)/gnu tools arm embedded/5.4 2016q2/bin/../lib/gcc/arm-none-eabi/5.4.1/../../../../arm-none-eabi/lib/armv7-m\libg.a(lib_a-memcpy.o)
                0x00004488                memcpy
 .text.memmove  0x00004574       0xc8 c:/program files (x86)/gnu tools arm embedded/5.4 2016q2/bin/../lib/gcc/arm-none-eabi/5.4.1/../../../../arm-none-eabi/lib/armv7-m\libg.a(lib_a-memmove.o)
                0x00004574                memmove
 .text.memset   0x0000463c       0x9c c:/program files (x86)/gnu tools arm embedded/5.4 2016q2/bin/../lib/gcc/arm-none-eabi/5.4.1/../../../../arm-none-eabi/lib/armv7-m\libg.a(lib_a-memset.o)
                0x0000463c                memset
 .text.rand     0x000046d8       0x40 c:/program files (x86)/gnu tools arm embedded/5.4 2016q2/bin/../lib/gcc/arm-none-eabi/5.4.1/../../../../arm-none-eabi/lib/armv7-m\libg.a(lib_a-rand.o)
                0x000046d8                rand
 *(.init)
 *(.fini)
 *crtbegin.o(.ctors)
 *crtbegin?.o(.ctors)
 *(EXCLUDE_FILE(*crtend.o *crtend?.o) .ctors)
 *(SORT(.ctors.*))
 *(.ctors)
 *crtbegin.o(.dtors)
 *crtbegin?.o(.dtors)
 *(EXCLUDE_FILE(*crtend.o *crtend?.o) .dtors)
 *(SORT(.dtors.*))
 *(.dtors)
 *(.rodata*)
 .rodata        0x00004718       0x16 ..\obj\FreeRTOS_IP.o
                0x00004728                xBroadcastMACAddress
 .rodata.str1.1
                0x0000472e       0x10 ..\obj\FreeRTOS_IP.o
 .rodata        0x0000473e        0x7 ..\obj\lpc17xx_emac.o
                0x0000473e                EMAC_clkdiv
 .rodata        0x00004745       0x26 ..\obj\FreeRTOS_ARP.o
 .rodata        0x0000476b       0x16 ..\obj\main.o
                0x0000476b                APP_DEFAULT_NAMESERVER
                0x0000476f                APP_DEFAULT_GATEWAY
                0x00004773                APP_DEFAULT_NETMASK
                0x00004777                APP_DEFAULT_IP_ADDRESS
                0x0000477b                ETHERNET_MAC_ADDRESS
 .rodata.str1.1
                0x00004781        0xc ..\obj\main.o
 .rodata.str1.1
                0x0000478d        0xd ..\obj\timers.o
 .rodata.str1.1
                0x0000479a        0x5 ..\obj\tasks.o
 .rodata.str1.1
                0x0000479f        0xc ..\obj\NetworkInterface.o
 *fill*         0x000047ab        0x1 
 .rodata        0x000047ac        0x4 ..\obj\BufferAllocation_2.o
                0x000047ac                xBufferAllocFixedSize
 .rodata.str1.1
                0x000047b0        0xa ..\obj\BufferAllocation_2.o
 *fill*         0x000047ba        0x2 
 .rodata.str1.4
                0x000047bc        0x4 c:/program files (x86)/gnu tools arm embedded/5.4 2016q2/bin/../lib/gcc/arm-none-eabi/5.4.1/../../../../arm-none-eabi/lib/armv7-m\libg.a(lib_a-impure.o)
                                  0x2 (size before relaxing)
 *(.eh_fram e*)

.glue_7         0x000047c0        0x0
 .glue_7        0x000047c0        0x0 linker stubs

.glue_7t        0x000047c0        0x0
 .glue_7t       0x000047c0        0x0 linker stubs

.vfp11_veneer   0x000047c0        0x0
 .vfp11_veneer  0x000047c0        0x0 linker stubs

.v4_bx          0x000047c0        0x0
 .v4_bx         0x000047c0        0x0 linker stubs

.iplt           0x000047c0        0x0
 .iplt          0x000047c0        0x0 ..\obj\FreeRTOS_TCP_server.o

.rel.dyn        0x000047c0        0x0
 .rel.iplt      0x000047c0        0x0 ..\obj\FreeRTOS_TCP_server.o

.ARM.extab
 *(.ARM.extab* .gnu.linkonce.armextab.*)
                0x000047c0                __exidx_start = .

.ARM.exidx
 *(.ARM.exidx* .gnu.linkonce.armexidx.*)
                0x000047c0                __exidx_end = .
                0x000047c0                __etext = .
                0x000047c0                _sidata = __etext

.data           0x10000000      0x454 load address 0x000047c0
                0x10000000                __data_start__ = .
                0x10000000                _sdata = __data_start__
 *(vtable)
 *(.data*)
 .data          0x10000000       0x18 ..\obj\FreeRTOS_UDP_IP.o
                0x10000000                xDefaultPartUDPPacketHeader
 .data          0x10000018        0x4 ..\obj\system_LPC17xx.o
                0x10000018                SystemCoreClock
 .data          0x1000001c        0x4 ..\obj\port.o
 .data          0x10000020        0x4 ..\obj\heap_2.o
 *fill*         0x10000024        0x4 
 .data.impure_data
                0x10000028      0x428 c:/program files (x86)/gnu tools arm embedded/5.4 2016q2/bin/../lib/gcc/arm-none-eabi/5.4.1/../../../../arm-none-eabi/lib/armv7-m\libg.a(lib_a-impure.o)
 .data._impure_ptr
                0x10000450        0x4 c:/program files (x86)/gnu tools arm embedded/5.4 2016q2/bin/../lib/gcc/arm-none-eabi/5.4.1/../../../../arm-none-eabi/lib/armv7-m\libg.a(lib_a-impure.o)
                0x10000450                _impure_ptr
                0x10000454                . = ALIGN (0x4)
                [!provide]                PROVIDE (__preinit_array_start, .)
 *(.preinit_array)
                [!provide]                PROVIDE (__preinit_array_end, .)
                0x10000454                . = ALIGN (0x4)
                [!provide]                PROVIDE (__init_array_start, .)
 *(SORT(.init_array.*))
 *(.init_array)
                [!provide]                PROVIDE (__init_array_end, .)
                0x10000454                . = ALIGN (0x4)
                [!provide]                PROVIDE (__fini_array_start, .)
 *(SORT(.fini_array.*))
 *(.fini_array)
                [!provide]                PROVIDE (__fini_array_end, .)
 *(.jcr*)
                0x10000454                . = ALIGN (0x4)
                0x10000454                __data_end__ = .
                0x10000454                _edata = __data_end__

.igot.plt       0x10000454        0x0 load address 0x00004c14
 .igot.plt      0x10000454        0x0 ..\obj\FreeRTOS_TCP_server.o

.bss            0x10000458     0x6bd8 load address 0x00004c18
                0x10000458                . = ALIGN (0x4)
                0x10000458                __bss_start__ = .
                0x10000458                _sbss = __bss_start__
 *(.bss*)
 .bss           0x10000458       0x6e ..\obj\FreeRTOS_IP.o
                0x1000045c                xNetworkEventQueue
                0x10000464                xNetworkAddressing
                0x10000478                xDefaultAddressing
                0x100004c4                usPacketIdentifier
 *fill*         0x100004c6        0x2 
 .bss           0x100004c8     0x2a64 ..\obj\lpc17xx_emac.o
 .bss           0x10002f2c       0x1c ..\obj\FreeRTOS_TCP_WIN.o
                0x10002f44                xTCPWindowLoggingLevel
 .bss           0x10002f48       0x4c ..\obj\FreeRTOS_ARP.o
 .bss           0x10002f94        0x4 ..\obj\main.o
 .bss           0x10002f98        0x4 ..\obj\FreeRTOS_TCP_IP.o
                0x10002f98                ulNextInitialSequenceNumber
 .bss           0x10002f9c       0xfc ..\obj\timers.o
 .bss           0x10003098      0x6e0 ..\obj\staticAllocationImpl.o
 .bss           0x10003778      0x100 ..\obj\tasks.o
                0x1000377c                pxCurrentTCB
 .bss           0x10003878        0x4 ..\obj\NetworkInterface.o
 .bss           0x1000387c      0xf1c ..\obj\BufferAllocation_2.o
 .bss           0x10004798     0x2814 ..\obj\heap_2.o
 .bss           0x10006fac        0x8 ..\obj\FreeRTOS_Sockets.o
 *(COMMON)
 COMMON         0x10006fb4        0x4 ..\obj\kit1768.o
                0x10006fb4                SysTickCounter
 COMMON         0x10006fb8       0x50 ..\obj\queue.o
                0x10006fb8                xQueueRegistry
 COMMON         0x10007008       0x28 ..\obj\FreeRTOS_Sockets.o
                0x10007008                xBoundTCPSocketsList
                0x1000701c                xBoundUDPSocketsList
                0x10007030                . = ALIGN (0x4)
                0x10007030                __bss_end__ = .
                0x10007030                _ebss = __bss_end__

.heap           0x10007030        0x0
                0x10007030                __end__ = .
                0x10007030                _end = __end__
                0x10007030                end = __end__
 *(.heap*)
                0x10007030                __HeapLimit = .

.co_stack       0x10007030      0x400 load address 0x0000b7f0
                0x10007030                . = ALIGN (0x8)
 *(.co_stack .co_stack.*)
 .co_stack      0x10007030      0x400 ..\obj\startup_LPC17xx.o
                0x10007030                pulStack
                0x10008000                __StackTop = (ORIGIN (ram) + LENGTH (ram))
                0x10007c00                __StackLimit = (__StackTop - SIZEOF (.co_stack))
                [!provide]                PROVIDE (__stack, __StackTop)
                0x00000001                ASSERT ((__StackLimit >= __HeapLimit), region ram  overflowed with stack)
LOAD ..\obj\FreeRTOS_TCP_server.o
LOAD ..\obj\ff_dev_support.o
LOAD ..\obj\FreeRTOS_UDP_IP.o
LOAD ..\obj\FreeRTOS_Stream_Buffer.o
LOAD ..\obj\FreeRTOS_DNS.o
LOAD ..\obj\configurationManager.o
LOAD ..\obj\kit1768.o
LOAD ..\obj\lpc17xx_clkpwr.o
LOAD ..\obj\FreeRTOS_HTTP_server.o
LOAD ..\obj\FreeRTOS_IP.o
LOAD ..\obj\system_LPC17xx.o
LOAD ..\obj\lpc17xx_emac.o
LOAD ..\obj\ff_file.o
LOAD ..\obj\ff_crc.o
LOAD ..\obj\FreeRTOS_TCP_WIN.o
LOAD ..\obj\ff_time.o
LOAD ..\obj\FreeRTOS_ARP.o
LOAD ..\obj\main.o
LOAD ..\obj\FreeRTOS_TCP_IP.o
LOAD ..\obj\timers.o
LOAD ..\obj\ff_string.o
LOAD ..\obj\ff_dir.o
LOAD ..\obj\ff_format.o
LOAD ..\obj\lpc17xx_gpio.o
LOAD ..\obj\staticAllocationImpl.o
LOAD ..\obj\tasks.o
LOAD ..\obj\startup_LPC17xx.o
LOAD ..\obj\lpc17xx_libcfg_default.o
LOAD ..\obj\NetworkInterface.o
LOAD ..\obj\lpc17xx_pinsel.o
LOAD ..\obj\BufferAllocation_2.o
LOAD ..\obj\list.o
LOAD ..\obj\ff_memory.o
LOAD ..\obj\port.o
LOAD ..\obj\queue.o
LOAD ..\obj\ff_ioman.o
LOAD ..\obj\ff_fat.o
LOAD ..\obj\ff_stdio.o
LOAD ..\obj\event_groups.o
LOAD ..\obj\ff_locking.o
LOAD ..\obj\FreeRTOS_HTTP_commands.o
LOAD ..\obj\ff_error.o
LOAD ..\obj\FreeRTOS_DHCP.o
LOAD ..\obj\heap_2.o
LOAD ..\obj\ff_ramdisk.o
LOAD ..\obj\FreeRTOS_Sockets.o
LOAD ..\obj\ff_sys.o
START GROUP
LOAD c:/program files (x86)/gnu tools arm embedded/5.4 2016q2/bin/../lib/gcc/arm-none-eabi/5.4.1/armv7-m\libgcc.a
LOAD c:/program files (x86)/gnu tools arm embedded/5.4 2016q2/bin/../lib/gcc/arm-none-eabi/5.4.1/../../../../arm-none-eabi/lib/armv7-m\libg.a
LOAD c:/program files (x86)/gnu tools arm embedded/5.4 2016q2/bin/../lib/gcc/arm-none-eabi/5.4.1/../../../../arm-none-eabi/lib/armv7-m\libc.a
END GROUP
OUTPUT(m3webbackbone.elf elf32-littlearm)

.debug_info     0x00000000    0x159d8
 .debug_info    0x00000000      0xfc1 ..\obj\FreeRTOS_UDP_IP.o
 .debug_info    0x00000fc1      0x636 ..\obj\FreeRTOS_Stream_Buffer.o
 .debug_info    0x000015f7       0xaf ..\obj\configurationManager.o
 .debug_info    0x000016a6      0x7c0 ..\obj\kit1768.o
 .debug_info    0x00001e66      0x695 ..\obj\lpc17xx_clkpwr.o
 .debug_info    0x000024fb     0x26b7 ..\obj\FreeRTOS_IP.o
 .debug_info    0x00004bb2      0x4db ..\obj\system_LPC17xx.o
 .debug_info    0x0000508d      0xe64 ..\obj\lpc17xx_emac.o
 .debug_info    0x00005ef1     0x167d ..\obj\FreeRTOS_TCP_WIN.o
 .debug_info    0x0000756e      0x8ec ..\obj\FreeRTOS_ARP.o
 .debug_info    0x00007e5a      0x38f ..\obj\main.o
 .debug_info    0x000081e9     0x310e ..\obj\FreeRTOS_TCP_IP.o
 .debug_info    0x0000b2f7     0x1391 ..\obj\timers.o
 .debug_info    0x0000c688      0x2e1 ..\obj\staticAllocationImpl.o
 .debug_info    0x0000c969     0x221e ..\obj\tasks.o
 .debug_info    0x0000eb87      0x114 ..\obj\startup_LPC17xx.o
 .debug_info    0x0000ec9b      0x3f5 ..\obj\NetworkInterface.o
 .debug_info    0x0000f090      0x6c4 ..\obj\BufferAllocation_2.o
 .debug_info    0x0000f754      0x29d ..\obj\list.o
 .debug_info    0x0000f9f1      0x2fa ..\obj\port.o
 .debug_info    0x0000fceb     0x19f4 ..\obj\queue.o
 .debug_info    0x000116df      0xa33 ..\obj\event_groups.o
 .debug_info    0x00012112      0x347 ..\obj\heap_2.o
 .debug_info    0x00012459     0x357f ..\obj\FreeRTOS_Sockets.o

.debug_abbrev   0x00000000     0x37d8
 .debug_abbrev  0x00000000      0x2b3 ..\obj\FreeRTOS_UDP_IP.o
 .debug_abbrev  0x000002b3      0x19b ..\obj\FreeRTOS_Stream_Buffer.o
 .debug_abbrev  0x0000044e       0x78 ..\obj\configurationManager.o
 .debug_abbrev  0x000004c6      0x200 ..\obj\kit1768.o
 .debug_abbrev  0x000006c6      0x1e0 ..\obj\lpc17xx_clkpwr.o
 .debug_abbrev  0x000008a6      0x468 ..\obj\FreeRTOS_IP.o
 .debug_abbrev  0x00000d0e      0x101 ..\obj\system_LPC17xx.o
 .debug_abbrev  0x00000e0f      0x303 ..\obj\lpc17xx_emac.o
 .debug_abbrev  0x00001112      0x315 ..\obj\FreeRTOS_TCP_WIN.o
 .debug_abbrev  0x00001427      0x29f ..\obj\FreeRTOS_ARP.o
 .debug_abbrev  0x000016c6      0x1af ..\obj\main.o
 .debug_abbrev  0x00001875      0x47b ..\obj\FreeRTOS_TCP_IP.o
 .debug_abbrev  0x00001cf0      0x318 ..\obj\timers.o
 .debug_abbrev  0x00002008       0xba ..\obj\staticAllocationImpl.o
 .debug_abbrev  0x000020c2      0x38f ..\obj\tasks.o
 .debug_abbrev  0x00002451       0xe1 ..\obj\startup_LPC17xx.o
 .debug_abbrev  0x00002532      0x1b7 ..\obj\NetworkInterface.o
 .debug_abbrev  0x000026e9      0x200 ..\obj\BufferAllocation_2.o
 .debug_abbrev  0x000028e9       0xda ..\obj\list.o
 .debug_abbrev  0x000029c3      0x1d8 ..\obj\port.o
 .debug_abbrev  0x00002b9b      0x34c ..\obj\queue.o
 .debug_abbrev  0x00002ee7      0x270 ..\obj\event_groups.o
 .debug_abbrev  0x00003157      0x1c1 ..\obj\heap_2.o
 .debug_abbrev  0x00003318      0x4c0 ..\obj\FreeRTOS_Sockets.o

.debug_loc      0x00000000     0xc047
 .debug_loc     0x00000000      0x125 ..\obj\FreeRTOS_UDP_IP.o
 .debug_loc     0x00000125      0x322 ..\obj\FreeRTOS_Stream_Buffer.o
 .debug_loc     0x00000447      0x473 ..\obj\kit1768.o
 .debug_loc     0x000008ba      0x1a9 ..\obj\lpc17xx_clkpwr.o
 .debug_loc     0x00000a63      0xfff ..\obj\FreeRTOS_IP.o
 .debug_loc     0x00001a62      0x7ee ..\obj\lpc17xx_emac.o
 .debug_loc     0x00002250     0x1180 ..\obj\FreeRTOS_TCP_WIN.o
 .debug_loc     0x000033d0      0x353 ..\obj\FreeRTOS_ARP.o
 .debug_loc     0x00003723     0x215f ..\obj\FreeRTOS_TCP_IP.o
 .debug_loc     0x00005882      0x95c ..\obj\timers.o
 .debug_loc     0x000061de     0x15f3 ..\obj\tasks.o
 .debug_loc     0x000077d1       0x2b ..\obj\startup_LPC17xx.o
 .debug_loc     0x000077fc       0x55 ..\obj\NetworkInterface.o
 .debug_loc     0x00007851      0x385 ..\obj\BufferAllocation_2.o
 .debug_loc     0x00007bd6       0x94 ..\obj\list.o
 .debug_loc     0x00007c6a       0xa8 ..\obj\port.o
 .debug_loc     0x00007d12     0x132d ..\obj\queue.o
 .debug_loc     0x0000903f      0x70c ..\obj\event_groups.o
 .debug_loc     0x0000974b      0x24a ..\obj\heap_2.o
 .debug_loc     0x00009995     0x26b2 ..\obj\FreeRTOS_Sockets.o

.debug_aranges  0x00000000      0xbc0
 .debug_aranges
                0x00000000       0x28 ..\obj\FreeRTOS_UDP_IP.o
 .debug_aranges
                0x00000028       0x28 ..\obj\FreeRTOS_Stream_Buffer.o
 .debug_aranges
                0x00000050       0x28 ..\obj\configurationManager.o
 .debug_aranges
                0x00000078       0x80 ..\obj\kit1768.o
 .debug_aranges
                0x000000f8       0x58 ..\obj\lpc17xx_clkpwr.o
 .debug_aranges
                0x00000150      0x100 ..\obj\FreeRTOS_IP.o
 .debug_aranges
                0x00000250       0x28 ..\obj\system_LPC17xx.o
 .debug_aranges
                0x00000278       0xb8 ..\obj\lpc17xx_emac.o
 .debug_aranges
                0x00000330       0xb0 ..\obj\FreeRTOS_TCP_WIN.o
 .debug_aranges
                0x000003e0       0x58 ..\obj\FreeRTOS_ARP.o
 .debug_aranges
                0x00000438       0x28 ..\obj\main.o
 .debug_aranges
                0x00000460       0x80 ..\obj\FreeRTOS_TCP_IP.o
 .debug_aranges
                0x000004e0       0x90 ..\obj\timers.o
 .debug_aranges
                0x00000570       0x28 ..\obj\staticAllocationImpl.o
 .debug_aranges
                0x00000598      0x1a0 ..\obj\tasks.o
 .debug_aranges
                0x00000738       0x28 ..\obj\startup_LPC17xx.o
 .debug_aranges
                0x00000760       0x38 ..\obj\NetworkInterface.o
 .debug_aranges
                0x00000798       0x58 ..\obj\BufferAllocation_2.o
 .debug_aranges
                0x000007f0       0x40 ..\obj\list.o
 .debug_aranges
                0x00000830       0x70 ..\obj\port.o
 .debug_aranges
                0x000008a0      0x100 ..\obj\queue.o
 .debug_aranges
                0x000009a0       0x68 ..\obj\event_groups.o
 .debug_aranges
                0x00000a08       0x38 ..\obj\heap_2.o
 .debug_aranges
                0x00000a40      0x180 ..\obj\FreeRTOS_Sockets.o

.debug_ranges   0x00000000     0x1438
 .debug_ranges  0x00000000       0x40 ..\obj\FreeRTOS_UDP_IP.o
 .debug_ranges  0x00000040       0x98 ..\obj\FreeRTOS_Stream_Buffer.o
 .debug_ranges  0x000000d8       0x18 ..\obj\configurationManager.o
 .debug_ranges  0x000000f0       0x88 ..\obj\kit1768.o
 .debug_ranges  0x00000178       0x48 ..\obj\lpc17xx_clkpwr.o
 .debug_ranges  0x000001c0      0x2e8 ..\obj\FreeRTOS_IP.o
 .debug_ranges  0x000004a8       0x18 ..\obj\system_LPC17xx.o
 .debug_ranges  0x000004c0      0x130 ..\obj\lpc17xx_emac.o
 .debug_ranges  0x000005f0      0x1b8 ..\obj\FreeRTOS_TCP_WIN.o
 .debug_ranges  0x000007a8       0x68 ..\obj\FreeRTOS_ARP.o
 .debug_ranges  0x00000810       0x18 ..\obj\main.o
 .debug_ranges  0x00000828      0x320 ..\obj\FreeRTOS_TCP_IP.o
 .debug_ranges  0x00000b48       0xc8 ..\obj\timers.o
 .debug_ranges  0x00000c10       0x18 ..\obj\staticAllocationImpl.o
 .debug_ranges  0x00000c28      0x220 ..\obj\tasks.o
 .debug_ranges  0x00000e48       0x18 ..\obj\startup_LPC17xx.o
 .debug_ranges  0x00000e60       0x28 ..\obj\NetworkInterface.o
 .debug_ranges  0x00000e88       0x48 ..\obj\BufferAllocation_2.o
 .debug_ranges  0x00000ed0       0x30 ..\obj\list.o
 .debug_ranges  0x00000f00       0x60 ..\obj\port.o
 .debug_ranges  0x00000f60      0x140 ..\obj\queue.o
 .debug_ranges  0x000010a0       0x70 ..\obj\event_groups.o
 .debug_ranges  0x00001110       0x40 ..\obj\heap_2.o
 .debug_ranges  0x00001150      0x2e8 ..\obj\FreeRTOS_Sockets.o

.debug_line     0x00000000     0x7363
 .debug_line    0x00000000      0x446 ..\obj\FreeRTOS_UDP_IP.o
 .debug_line    0x00000446      0x3ba ..\obj\FreeRTOS_Stream_Buffer.o
 .debug_line    0x00000800       0xfb ..\obj\configurationManager.o
 .debug_line    0x000008fb      0x39d ..\obj\kit1768.o
 .debug_line    0x00000c98      0x2be ..\obj\lpc17xx_clkpwr.o
 .debug_line    0x00000f56      0x8e8 ..\obj\FreeRTOS_IP.o
 .debug_line    0x0000183e      0x232 ..\obj\system_LPC17xx.o
 .debug_line    0x00001a70      0x4c1 ..\obj\lpc17xx_emac.o
 .debug_line    0x00001f31      0x715 ..\obj\FreeRTOS_TCP_WIN.o
 .debug_line    0x00002646      0x52e ..\obj\FreeRTOS_ARP.o
 .debug_line    0x00002b74      0x32b ..\obj\main.o
 .debug_line    0x00002e9f      0xac1 ..\obj\FreeRTOS_TCP_IP.o
 .debug_line    0x00003960      0x4a7 ..\obj\timers.o
 .debug_line    0x00003e07      0x231 ..\obj\staticAllocationImpl.o
 .debug_line    0x00004038      0xa6c ..\obj\tasks.o
 .debug_line    0x00004aa4       0xb8 ..\obj\startup_LPC17xx.o
 .debug_line    0x00004b5c      0x403 ..\obj\NetworkInterface.o
 .debug_line    0x00004f5f      0x45b ..\obj\BufferAllocation_2.o
 .debug_line    0x000053ba      0x26a ..\obj\list.o
 .debug_line    0x00005624      0x2b1 ..\obj\port.o
 .debug_line    0x000058d5      0x714 ..\obj\queue.o
 .debug_line    0x00005fe9      0x38d ..\obj\event_groups.o
 .debug_line    0x00006376      0x317 ..\obj\heap_2.o
 .debug_line    0x0000668d      0xcd6 ..\obj\FreeRTOS_Sockets.o

.debug_str      0x00000000     0x5c91
 .debug_str     0x00000000      0xd6c ..\obj\FreeRTOS_UDP_IP.o
                                0xec3 (size before relaxing)
 .debug_str     0x00000d6c      0x183 ..\obj\FreeRTOS_Stream_Buffer.o
                                0x34d (size before relaxing)
 .debug_str     0x00000eef       0x95 ..\obj\configurationManager.o
                                0x195 (size before relaxing)
 .debug_str     0x00000f84      0x220 ..\obj\kit1768.o
                                0x36c (size before relaxing)
 .debug_str     0x000011a4      0x2e9 ..\obj\lpc17xx_clkpwr.o
                                0x43c (size before relaxing)
 .debug_str     0x0000148d      0xe58 ..\obj\FreeRTOS_IP.o
                               0x1c71 (size before relaxing)
 .debug_str     0x000022e5       0x75 ..\obj\system_LPC17xx.o
                                0x37c (size before relaxing)
 .debug_str     0x0000235a      0x4f9 ..\obj\lpc17xx_emac.o
                                0x759 (size before relaxing)
 .debug_str     0x00002853      0x481 ..\obj\FreeRTOS_TCP_WIN.o
                                0x9af (size before relaxing)
 .debug_str     0x00002cd4      0x179 ..\obj\FreeRTOS_ARP.o
                                0x8f1 (size before relaxing)
 .debug_str     0x00002e4d      0x1cc ..\obj\main.o
                                0x38e (size before relaxing)
 .debug_str     0x00003019      0x5c3 ..\obj\FreeRTOS_TCP_IP.o
                               0x1788 (size before relaxing)
 .debug_str     0x000035dc      0x6c2 ..\obj\timers.o
                                0xa78 (size before relaxing)
 .debug_str     0x00003c9e      0x122 ..\obj\staticAllocationImpl.o
                                0x371 (size before relaxing)
 .debug_str     0x00003dc0      0xa5e ..\obj\tasks.o
                                0xfa3 (size before relaxing)
 .debug_str     0x0000481e       0xc9 ..\obj\startup_LPC17xx.o
                                0x170 (size before relaxing)
 .debug_str     0x000048e7       0xe3 ..\obj\NetworkInterface.o
                                0x48d (size before relaxing)
 .debug_str     0x000049ca      0x1da ..\obj\BufferAllocation_2.o
                                0x637 (size before relaxing)
 .debug_str     0x00004ba4       0x67 ..\obj\list.o
                                0x2b3 (size before relaxing)
 .debug_str     0x00004c0b       0xeb ..\obj\port.o
                                0x317 (size before relaxing)
 .debug_str     0x00004cf6      0x41b ..\obj\queue.o
                                0xa73 (size before relaxing)
 .debug_str     0x00005111      0x2a7 ..\obj\event_groups.o
                                0x6de (size before relaxing)
 .debug_str     0x000053b8      0x161 ..\obj\heap_2.o
                                0x31d (size before relaxing)
 .debug_str     0x00005519      0x778 ..\obj\FreeRTOS_Sockets.o
                               0x19f5 (size before relaxing)

.comment        0x00000000       0x6e
 .comment       0x00000000       0x6e ..\obj\FreeRTOS_UDP_IP.o
                                 0x6f (size before relaxing)
 .comment       0x0000006e       0x6f ..\obj\FreeRTOS_Stream_Buffer.o
 .comment       0x0000006e       0x6f ..\obj\configurationManager.o
 .comment       0x0000006e       0x6f ..\obj\kit1768.o
 .comment       0x0000006e       0x6f ..\obj\lpc17xx_clkpwr.o
 .comment       0x0000006e       0x6f ..\obj\FreeRTOS_IP.o
 .comment       0x0000006e       0x6f ..\obj\system_LPC17xx.o
 .comment       0x0000006e       0x6f ..\obj\lpc17xx_emac.o
 .comment       0x0000006e       0x6f ..\obj\FreeRTOS_TCP_WIN.o
 .comment       0x0000006e       0x6f ..\obj\FreeRTOS_ARP.o
 .comment       0x0000006e       0x6f ..\obj\main.o
 .comment       0x0000006e       0x6f ..\obj\FreeRTOS_TCP_IP.o
 .comment       0x0000006e       0x6f ..\obj\timers.o
 .comment       0x0000006e       0x6f ..\obj\staticAllocationImpl.o
 .comment       0x0000006e       0x6f ..\obj\tasks.o
 .comment       0x0000006e       0x6f ..\obj\startup_LPC17xx.o
 .comment       0x0000006e       0x6f ..\obj\NetworkInterface.o
 .comment       0x0000006e       0x6f ..\obj\BufferAllocation_2.o
 .comment       0x0000006e       0x6f ..\obj\list.o
 .comment       0x0000006e       0x6f ..\obj\port.o
 .comment       0x0000006e       0x6f ..\obj\queue.o
 .comment       0x0000006e       0x6f ..\obj\event_groups.o
 .comment       0x0000006e       0x6f ..\obj\heap_2.o
 .comment       0x0000006e       0x6f ..\obj\FreeRTOS_Sockets.o

.ARM.attributes
                0x00000000       0x31
 .ARM.attributes
                0x00000000       0x33 ..\obj\FreeRTOS_UDP_IP.o
 .ARM.attributes
                0x00000033       0x33 ..\obj\FreeRTOS_Stream_Buffer.o
 .ARM.attributes
                0x00000066       0x33 ..\obj\configurationManager.o
 .ARM.attributes
                0x00000099       0x33 ..\obj\kit1768.o
 .ARM.attributes
                0x000000cc       0x33 ..\obj\lpc17xx_clkpwr.o
 .ARM.attributes
                0x000000ff       0x33 ..\obj\FreeRTOS_IP.o
 .ARM.attributes
                0x00000132       0x33 ..\obj\system_LPC17xx.o
 .ARM.attributes
                0x00000165       0x33 ..\obj\lpc17xx_emac.o
 .ARM.attributes
                0x00000198       0x33 ..\obj\FreeRTOS_TCP_WIN.o
 .ARM.attributes
                0x000001cb       0x33 ..\obj\FreeRTOS_ARP.o
 .ARM.attributes
                0x000001fe       0x33 ..\obj\main.o
 .ARM.attributes
                0x00000231       0x33 ..\obj\FreeRTOS_TCP_IP.o
 .ARM.attributes
                0x00000264       0x33 ..\obj\timers.o
 .ARM.attributes
                0x00000297       0x33 ..\obj\staticAllocationImpl.o
 .ARM.attributes
                0x000002ca       0x33 ..\obj\tasks.o
 .ARM.attributes
                0x000002fd       0x33 ..\obj\startup_LPC17xx.o
 .ARM.attributes
                0x00000330       0x33 ..\obj\NetworkInterface.o
 .ARM.attributes
                0x00000363       0x33 ..\obj\BufferAllocation_2.o
 .ARM.attributes
                0x00000396       0x33 ..\obj\list.o
 .ARM.attributes
                0x000003c9       0x33 ..\obj\port.o
 .ARM.attributes
                0x000003fc       0x33 ..\obj\queue.o
 .ARM.attributes
                0x0000042f       0x33 ..\obj\event_groups.o
 .ARM.attributes
                0x00000462       0x33 ..\obj\heap_2.o
 .ARM.attributes
                0x00000495       0x33 ..\obj\FreeRTOS_Sockets.o
 .ARM.attributes
                0x000004c8       0x2d c:/program files (x86)/gnu tools arm embedded/5.4 2016q2/bin/../lib/gcc/arm-none-eabi/5.4.1/../../../../arm-none-eabi/lib/armv7-m\libg.a(lib_a-memcmp.o)
 .ARM.attributes
                0x000004f5       0x1b c:/program files (x86)/gnu tools arm embedded/5.4 2016q2/bin/../lib/gcc/arm-none-eabi/5.4.1/../../../../arm-none-eabi/lib/armv7-m\libg.a(lib_a-memcpy.o)
 .ARM.attributes
                0x00000510       0x2d c:/program files (x86)/gnu tools arm embedded/5.4 2016q2/bin/../lib/gcc/arm-none-eabi/5.4.1/../../../../arm-none-eabi/lib/armv7-m\libg.a(lib_a-memmove.o)
 .ARM.attributes
                0x0000053d       0x2d c:/program files (x86)/gnu tools arm embedded/5.4 2016q2/bin/../lib/gcc/arm-none-eabi/5.4.1/../../../../arm-none-eabi/lib/armv7-m\libg.a(lib_a-memset.o)
 .ARM.attributes
                0x0000056a       0x2d c:/program files (x86)/gnu tools arm embedded/5.4 2016q2/bin/../lib/gcc/arm-none-eabi/5.4.1/../../../../arm-none-eabi/lib/armv7-m\libg.a(lib_a-rand.o)
 .ARM.attributes
                0x00000597       0x2d c:/program files (x86)/gnu tools arm embedded/5.4 2016q2/bin/../lib/gcc/arm-none-eabi/5.4.1/../../../../arm-none-eabi/lib/armv7-m\libg.a(lib_a-impure.o)

.debug_frame    0x00000000     0x20dc
 .debug_frame   0x00000000       0x50 ..\obj\FreeRTOS_UDP_IP.o
 .debug_frame   0x00000050       0x58 ..\obj\FreeRTOS_Stream_Buffer.o
 .debug_frame   0x000000a8       0x50 ..\obj\configurationManager.o
 .debug_frame   0x000000f8      0x144 ..\obj\kit1768.o
 .debug_frame   0x0000023c       0xa8 ..\obj\lpc17xx_clkpwr.o
 .debug_frame   0x000002e4      0x2c4 ..\obj\FreeRTOS_IP.o
 .debug_frame   0x000005a8       0x38 ..\obj\system_LPC17xx.o
 .debug_frame   0x000005e0      0x1a0 ..\obj\lpc17xx_emac.o
 .debug_frame   0x00000780      0x22c ..\obj\FreeRTOS_TCP_WIN.o
 .debug_frame   0x000009ac       0xf4 ..\obj\FreeRTOS_ARP.o
 .debug_frame   0x00000aa0       0x38 ..\obj\main.o
 .debug_frame   0x00000ad8      0x1ac ..\obj\FreeRTOS_TCP_IP.o
 .debug_frame   0x00000c84      0x1b0 ..\obj\timers.o
 .debug_frame   0x00000e34       0x38 ..\obj\staticAllocationImpl.o
 .debug_frame   0x00000e6c      0x560 ..\obj\tasks.o
 .debug_frame   0x000013cc       0x3c ..\obj\startup_LPC17xx.o
 .debug_frame   0x00001408       0x70 ..\obj\NetworkInterface.o
 .debug_frame   0x00001478       0xdc ..\obj\BufferAllocation_2.o
 .debug_frame   0x00001554       0x6c ..\obj\list.o
 .debug_frame   0x000015c0       0xd0 ..\obj\port.o
 .debug_frame   0x00001690      0x320 ..\obj\queue.o
 .debug_frame   0x000019b0      0x110 ..\obj\event_groups.o
 .debug_frame   0x00001ac0       0x74 ..\obj\heap_2.o
 .debug_frame   0x00001b34      0x4d0 ..\obj\FreeRTOS_Sockets.o
 .debug_frame   0x00002004       0x38 c:/program files (x86)/gnu tools arm embedded/5.4 2016q2/bin/../lib/gcc/arm-none-eabi/5.4.1/../../../../arm-none-eabi/lib/armv7-m\libg.a(lib_a-memcmp.o)
 .debug_frame   0x0000203c       0x30 c:/program files (x86)/gnu tools arm embedded/5.4 2016q2/bin/../lib/gcc/arm-none-eabi/5.4.1/../../../../arm-none-eabi/lib/armv7-m\libg.a(lib_a-memmove.o)
 .debug_frame   0x0000206c       0x34 c:/program files (x86)/gnu tools arm embedded/5.4 2016q2/bin/../lib/gcc/arm-none-eabi/5.4.1/../../../../arm-none-eabi/lib/armv7-m\libg.a(lib_a-memset.o)
 .debug_frame   0x000020a0       0x3c c:/program files (x86)/gnu tools arm embedded/5.4 2016q2/bin/../lib/gcc/arm-none-eabi/5.4.1/../../../../arm-none-eabi/lib/armv7-m\libg.a(lib_a-rand.o)
