Archive member included to satisfy reference by file (symbol)

c:/program files (x86)/gnu tools arm embedded/5.4 2016q2/bin/../lib/gcc/arm-none-eabi/5.4.1/armv7-m\libgcc.a(_aeabi_uldivmod.o)
                              ..\obj\ff_format.o (__aeabi_uldivmod)
c:/program files (x86)/gnu tools arm embedded/5.4 2016q2/bin/../lib/gcc/arm-none-eabi/5.4.1/armv7-m\libgcc.a(_udivmoddi4.o)
                              c:/program files (x86)/gnu tools arm embedded/5.4 2016q2/bin/../lib/gcc/arm-none-eabi/5.4.1/armv7-m\libgcc.a(_aeabi_uldivmod.o) (__udivmoddi4)
c:/program files (x86)/gnu tools arm embedded/5.4 2016q2/bin/../lib/gcc/arm-none-eabi/5.4.1/armv7-m\libgcc.a(_dvmd_tls.o)
                              c:/program files (x86)/gnu tools arm embedded/5.4 2016q2/bin/../lib/gcc/arm-none-eabi/5.4.1/armv7-m\libgcc.a(_aeabi_uldivmod.o) (__aeabi_ldiv0)
c:/program files (x86)/gnu tools arm embedded/5.4 2016q2/bin/../lib/gcc/arm-none-eabi/5.4.1/../../../../arm-none-eabi/lib/armv7-m\libg.a(lib_a-memcmp.o)
                              ..\obj\ff_dev_support.o (memcmp)
c:/program files (x86)/gnu tools arm embedded/5.4 2016q2/bin/../lib/gcc/arm-none-eabi/5.4.1/../../../../arm-none-eabi/lib/armv7-m\libg.a(lib_a-memcpy.o)
                              ..\obj\FreeRTOS_TCP_server.o (memcpy)
c:/program files (x86)/gnu tools arm embedded/5.4 2016q2/bin/../lib/gcc/arm-none-eabi/5.4.1/../../../../arm-none-eabi/lib/armv7-m\libg.a(lib_a-memmove.o)
                              ..\obj\FreeRTOS_IP.o (memmove)
c:/program files (x86)/gnu tools arm embedded/5.4 2016q2/bin/../lib/gcc/arm-none-eabi/5.4.1/../../../../arm-none-eabi/lib/armv7-m\libg.a(lib_a-memset.o)
                              ..\obj\FreeRTOS_TCP_server.o (memset)
c:/program files (x86)/gnu tools arm embedded/5.4 2016q2/bin/../lib/gcc/arm-none-eabi/5.4.1/../../../../arm-none-eabi/lib/armv7-m\libg.a(lib_a-rand.o)
                              ..\obj\ff_format.o (rand)
c:/program files (x86)/gnu tools arm embedded/5.4 2016q2/bin/../lib/gcc/arm-none-eabi/5.4.1/../../../../arm-none-eabi/lib/armv7-m\libg.a(lib_a-snprintf.o)
                              ..\obj\ff_dev_support.o (snprintf)
c:/program files (x86)/gnu tools arm embedded/5.4 2016q2/bin/../lib/gcc/arm-none-eabi/5.4.1/../../../../arm-none-eabi/lib/armv7-m\libg.a(lib_a-sprintf.o)
                              ..\obj\ff_dir.o (sprintf)
c:/program files (x86)/gnu tools arm embedded/5.4 2016q2/bin/../lib/gcc/arm-none-eabi/5.4.1/../../../../arm-none-eabi/lib/armv7-m\libg.a(lib_a-strchr.o)
                              ..\obj\FreeRTOS_HTTP_server.o (strchr)
c:/program files (x86)/gnu tools arm embedded/5.4 2016q2/bin/../lib/gcc/arm-none-eabi/5.4.1/../../../../arm-none-eabi/lib/armv7-m\libg.a(lib_a-strcmp.o)
                              ..\obj\ff_dev_support.o (strcmp)
c:/program files (x86)/gnu tools arm embedded/5.4 2016q2/bin/../lib/gcc/arm-none-eabi/5.4.1/../../../../arm-none-eabi/lib/armv7-m\libg.a(lib_a-strcpy.o)
                              ..\obj\FreeRTOS_HTTP_server.o (strcpy)
c:/program files (x86)/gnu tools arm embedded/5.4 2016q2/bin/../lib/gcc/arm-none-eabi/5.4.1/../../../../arm-none-eabi/lib/armv7-m\libg.a(lib_a-strlen-stub.o)
                              ..\obj\FreeRTOS_TCP_server.o (strlen)
c:/program files (x86)/gnu tools arm embedded/5.4 2016q2/bin/../lib/gcc/arm-none-eabi/5.4.1/../../../../arm-none-eabi/lib/armv7-m\libg.a(lib_a-strncpy.o)
                              ..\obj\ff_file.o (strncpy)
c:/program files (x86)/gnu tools arm embedded/5.4 2016q2/bin/../lib/gcc/arm-none-eabi/5.4.1/../../../../arm-none-eabi/lib/armv7-m\libg.a(lib_a-svfprintf.o)
                              c:/program files (x86)/gnu tools arm embedded/5.4 2016q2/bin/../lib/gcc/arm-none-eabi/5.4.1/../../../../arm-none-eabi/lib/armv7-m\libg.a(lib_a-snprintf.o) (_svfprintf_r)
c:/program files (x86)/gnu tools arm embedded/5.4 2016q2/bin/../lib/gcc/arm-none-eabi/5.4.1/../../../../arm-none-eabi/lib/armv7-m\libg.a(lib_a-dtoa.o)
                              c:/program files (x86)/gnu tools arm embedded/5.4 2016q2/bin/../lib/gcc/arm-none-eabi/5.4.1/../../../../arm-none-eabi/lib/armv7-m\libg.a(lib_a-svfprintf.o) (_dtoa_r)
c:/program files (x86)/gnu tools arm embedded/5.4 2016q2/bin/../lib/gcc/arm-none-eabi/5.4.1/../../../../arm-none-eabi/lib/armv7-m\libg.a(lib_a-impure.o)
                              c:/program files (x86)/gnu tools arm embedded/5.4 2016q2/bin/../lib/gcc/arm-none-eabi/5.4.1/../../../../arm-none-eabi/lib/armv7-m\libg.a(lib_a-rand.o) (_impure_ptr)
c:/program files (x86)/gnu tools arm embedded/5.4 2016q2/bin/../lib/gcc/arm-none-eabi/5.4.1/../../../../arm-none-eabi/lib/armv7-m\libg.a(lib_a-locale.o)
                              c:/program files (x86)/gnu tools arm embedded/5.4 2016q2/bin/../lib/gcc/arm-none-eabi/5.4.1/../../../../arm-none-eabi/lib/armv7-m\libg.a(lib_a-svfprintf.o) (_localeconv_r)
[...]
Memory Configuration

Name             Origin             Length             Attributes
rom              0x00000000         0x00080000         xr
ram              0x10000000         0x00008000         xrw
ram1             0x2007c000         0x00008000         xrw
*default*        0x00000000         0xffffffff

Linker script and memory map

                0x10008000                _eram = 0x10008000

.text           0x00000000      0x23c
 *(.isr_vector)
 .isr_vector    0x00000000       0xcc ..\obj\startup_LPC17xx.o
                0x00000000                g_pfnVectors
 *(.text*)
 .text.SysTick_Handler
                0x000000cc       0x14 ..\obj\kit1768.o
                0x000000cc                SysTick_Handler
 .text.SystemInit
                0x000000e0       0xfc ..\obj\system_LPC17xx.o
                0x000000e0                SystemInit
 .text.startup.main
                0x000001dc        0x4 ..\obj\main.o
                0x000001dc                main
 .text.Default_Handler
                0x000001e0        0x4 ..\obj\startup_LPC17xx.o
                0x000001e0                TIMER2_IRQHandler
                0x000001e0                DebugMon_Handler
                0x000001e0                RIT_IRQHandler
                0x000001e0                I2C0_IRQHandler
                0x000001e0                HardFault_Handler
                0x000001e0                USBActivity_IRQHandler
                0x000001e0                PWM1_IRQHandler
                0x000001e0                PendSV_Handler
                0x000001e0                NMI_Handler
                0x000001e0                I2C1_IRQHandler
                0x000001e0                EINT2_IRQHandler
                0x000001e0                UART1_IRQHandler
                0x000001e0                EINT3_IRQHandler
                0x000001e0                CANActivity_IRQHandler
                0x000001e0                TIMER3_IRQHandler
                0x000001e0                UART0_IRQHandler
                0x000001e0                UsageFault_Handler
                0x000001e0                PLL0_IRQHandler
                0x000001e0                CAN_IRQHandler
                0x000001e0                PLL1_IRQHandler
                0x000001e0                SSP0_IRQHandler
                0x000001e0                I2S_IRQHandler
                0x000001e0                I2C2_IRQHandler
                0x000001e0                RTC_IRQHandler
                0x000001e0                TIMER0_IRQHandler
                0x000001e0                SPI_IRQHandler
                0x000001e0                EINT1_IRQHandler
                0x000001e0                TIMER1_IRQHandler
                0x000001e0                UART2_IRQHandler
                0x000001e0                ADC_IRQHandler
                0x000001e0                SSP1_IRQHandler
                0x000001e0                USB_IRQHandler
                0x000001e0                BOD_IRQHandler
                0x000001e0                MemManage_Handler
                0x000001e0                WDT_IRQHandler
                0x000001e0                SVC_Handler
                0x000001e0                QEI_IRQHandler
                0x000001e0                EINT0_IRQHandler
                0x000001e0                DMA_IRQHandler
                0x000001e0                BusFault_Handler
                0x000001e0                UART3_IRQHandler
                0x000001e0                MCPWM_IRQHandler
                0x000001e0                ENET_IRQHandler
 .text.Default_Reset_Handler
                0x000001e4       0x58 ..\obj\startup_LPC17xx.o
                0x000001e4                Default_Reset_Handler
                0x000001e4                Reset_Handler
 *(.init)
 *(.fini)
 *crtbegin.o(.ctors)
 *crtbegin?.o(.ctors)
 *(EXCLUDE_FILE(*crtend.o *crtend?.o) .ctors)
 *(SORT(.ctors.*))
 *(.ctors)
 *crtbegin.o(.dtors)
 *crtbegin?.o(.dtors)
 *(EXCLUDE_FILE(*crtend.o *crtend?.o) .dtors)
 *(SORT(.dtors.*))
 *(.dtors)
 *(.rodata*)
 *(.eh_fram e*)

.glue_7         0x0000023c        0x0
 .glue_7        0x0000023c        0x0 linker stubs

.glue_7t        0x0000023c        0x0
 .glue_7t       0x0000023c        0x0 linker stubs

.vfp11_veneer   0x0000023c        0x0
 .vfp11_veneer  0x0000023c        0x0 linker stubs

.v4_bx          0x0000023c        0x0
 .v4_bx         0x0000023c        0x0 linker stubs

.iplt           0x0000023c        0x0
 .iplt          0x0000023c        0x0 ..\obj\FreeRTOS_TCP_server.o

.rel.dyn        0x0000023c        0x0
 .rel.iplt      0x0000023c        0x0 ..\obj\FreeRTOS_TCP_server.o

.ARM.extab
 *(.ARM.extab* .gnu.linkonce.armextab.*)
                0x0000023c                __exidx_start = .

.ARM.exidx
 *(.ARM.exidx* .gnu.linkonce.armexidx.*)
                0x0000023c                __exidx_end = .
                0x0000023c                __etext = .
                0x0000023c                _sidata = __etext

.data           0x10000000        0x0 load address 0x0000023c
                0x10000000                __data_start__ = .
                0x10000000                _sdata = __data_start__
 *(vtable)
 *(.data*)
                0x10000000                . = ALIGN (0x4)
                [!provide]                PROVIDE (__preinit_array_start, .)
 *(.preinit_array)
                [!provide]                PROVIDE (__preinit_array_end, .)
                0x10000000                . = ALIGN (0x4)
                [!provide]                PROVIDE (__init_array_start, .)
 *(SORT(.init_array.*))
 *(.init_array)
                [!provide]                PROVIDE (__init_array_end, .)
                0x10000000                . = ALIGN (0x4)
                [!provide]                PROVIDE (__fini_array_start, .)
 *(SORT(.fini_array.*))
 *(.fini_array)
                [!provide]                PROVIDE (__fini_array_end, .)
 *(.jcr*)
                0x10000000                . = ALIGN (0x4)
                0x10000000                __data_end__ = .
                0x10000000                _edata = __data_end__

.igot.plt       0x10000000        0x0
 .igot.plt      0x10000000        0x0 ..\obj\FreeRTOS_TCP_server.o

.bss            0x10000000        0x4
                0x10000000                . = ALIGN (0x4)
                0x10000000                __bss_start__ = .
                0x10000000                _sbss = __bss_start__
 *(.bss*)
 *(COMMON)
 COMMON         0x10000000        0x4 ..\obj\kit1768.o
                0x10000000                SysTickCounter
                0x10000004                . = ALIGN (0x4)
                0x10000004                __bss_end__ = .
                0x10000004                _ebss = __bss_end__

.heap           0x10000004        0x0
                0x10000004                __end__ = .
                0x10000004                _end = __end__
                0x10000004                end = __end__
 *(.heap*)
                0x10000004                __HeapLimit = .

.co_stack       0x10000004      0x404
                0x10000008                . = ALIGN (0x8)
 *fill*         0x10000004        0x4 
 *(.co_stack .co_stack.*)
 .co_stack      0x10000008      0x400 ..\obj\startup_LPC17xx.o
                0x10000008                pulStack
                0x10008000                __StackTop = (ORIGIN (ram) + LENGTH (ram))
                0x10007bfc                __StackLimit = (__StackTop - SIZEOF (.co_stack))
                [!provide]                PROVIDE (__stack, __StackTop)
                0x00000001                ASSERT ((__StackLimit >= __HeapLimit), region ram  overflowed with stack)
LOAD ..\obj\FreeRTOS_TCP_server.o
LOAD ..\obj\ff_dev_support.o
LOAD ..\obj\FreeRTOS_UDP_IP.o
LOAD ..\obj\FreeRTOS_Stream_Buffer.o
LOAD ..\obj\FreeRTOS_DNS.o
LOAD ..\obj\kit1768.o
LOAD ..\obj\lpc17xx_clkpwr.o
LOAD ..\obj\FreeRTOS_HTTP_server.o
LOAD ..\obj\FreeRTOS_IP.o
LOAD ..\obj\system_LPC17xx.o
LOAD ..\obj\lpc17xx_emac.o
LOAD ..\obj\ff_file.o
LOAD ..\obj\ff_crc.o
LOAD ..\obj\FreeRTOS_TCP_WIN.o
LOAD ..\obj\ff_time.o
LOAD ..\obj\FreeRTOS_ARP.o
LOAD ..\obj\main.o
LOAD ..\obj\FreeRTOS_TCP_IP.o
LOAD ..\obj\timers.o
LOAD ..\obj\ff_string.o
LOAD ..\obj\ff_dir.o
LOAD ..\obj\ff_format.o
LOAD ..\obj\lpc17xx_gpio.o
LOAD ..\obj\tasks.o
LOAD ..\obj\startup_LPC17xx.o
LOAD ..\obj\lpc17xx_libcfg_default.o
LOAD ..\obj\NetworkInterface.o
LOAD ..\obj\lpc17xx_pinsel.o
LOAD ..\obj\BufferAllocation_2.o
LOAD ..\obj\list.o
LOAD ..\obj\ff_memory.o
LOAD ..\obj\port.o
LOAD ..\obj\queue.o
LOAD ..\obj\ff_ioman.o
LOAD ..\obj\ff_fat.o
LOAD ..\obj\ff_stdio.o
LOAD ..\obj\event_groups.o
LOAD ..\obj\ff_locking.o
LOAD ..\obj\FreeRTOS_HTTP_commands.o
LOAD ..\obj\ff_error.o
LOAD ..\obj\FreeRTOS_DHCP.o
LOAD ..\obj\ff_ramdisk.o
LOAD ..\obj\FreeRTOS_Sockets.o
LOAD ..\obj\ff_sys.o
START GROUP
LOAD c:/program files (x86)/gnu tools arm embedded/5.4 2016q2/bin/../lib/gcc/arm-none-eabi/5.4.1/armv7-m\libgcc.a
LOAD c:/program files (x86)/gnu tools arm embedded/5.4 2016q2/bin/../lib/gcc/arm-none-eabi/5.4.1/../../../../arm-none-eabi/lib/armv7-m\libg.a
LOAD c:/program files (x86)/gnu tools arm embedded/5.4 2016q2/bin/../lib/gcc/arm-none-eabi/5.4.1/../../../../arm-none-eabi/lib/armv7-m\libc.a
END GROUP
OUTPUT(m3webbackbone.elf elf32-littlearm)

.debug_info     0x00000000      0xfc9
 .debug_info    0x00000000      0x99c ..\obj\kit1768.o
 .debug_info    0x0000099c      0x4db ..\obj\system_LPC17xx.o
 .debug_info    0x00000e77       0x3e ..\obj\main.o
 .debug_info    0x00000eb5      0x114 ..\obj\startup_LPC17xx.o

.debug_abbrev   0x00000000      0x42a
 .debug_abbrev  0x00000000      0x213 ..\obj\kit1768.o
 .debug_abbrev  0x00000213      0x101 ..\obj\system_LPC17xx.o
 .debug_abbrev  0x00000314       0x35 ..\obj\main.o
 .debug_abbrev  0x00000349       0xe1 ..\obj\startup_LPC17xx.o

.debug_loc      0x00000000      0x5fa
 .debug_loc     0x00000000      0x5cf ..\obj\kit1768.o
 .debug_loc     0x000005cf       0x2b ..\obj\startup_LPC17xx.o

.debug_aranges  0x00000000       0xf0
 .debug_aranges
                0x00000000       0x80 ..\obj\kit1768.o
 .debug_aranges
                0x00000080       0x28 ..\obj\system_LPC17xx.o
 .debug_aranges
                0x000000a8       0x20 ..\obj\main.o
 .debug_aranges
                0x000000c8       0x28 ..\obj\startup_LPC17xx.o

.debug_ranges   0x00000000       0xc8
 .debug_ranges  0x00000000       0x88 ..\obj\kit1768.o
 .debug_ranges  0x00000088       0x18 ..\obj\system_LPC17xx.o
 .debug_ranges  0x000000a0       0x10 ..\obj\main.o
 .debug_ranges  0x000000b0       0x18 ..\obj\startup_LPC17xx.o

.debug_line     0x00000000      0x743
 .debug_line    0x00000000      0x3b9 ..\obj\kit1768.o
 .debug_line    0x000003b9      0x264 ..\obj\system_LPC17xx.o
 .debug_line    0x0000061d       0x72 ..\obj\main.o
 .debug_line    0x0000068f       0xb4 ..\obj\startup_LPC17xx.o

.debug_str      0x00000000      0x679
 .debug_str     0x00000000      0x324 ..\obj\kit1768.o
                                0x36c (size before relaxing)
 .debug_str     0x00000324      0x243 ..\obj\system_LPC17xx.o
                                0x37c (size before relaxing)
 .debug_str     0x00000567       0x49 ..\obj\main.o
                                 0xc5 (size before relaxing)
 .debug_str     0x000005b0       0xc9 ..\obj\startup_LPC17xx.o
                                0x170 (size before relaxing)

.comment        0x00000000       0x6e
 .comment       0x00000000       0x6e ..\obj\kit1768.o
                                 0x6f (size before relaxing)
 .comment       0x0000006e       0x6f ..\obj\system_LPC17xx.o
 .comment       0x0000006e       0x6f ..\obj\main.o
 .comment       0x0000006e       0x6f ..\obj\startup_LPC17xx.o

.ARM.attributes
                0x00000000       0x31
 .ARM.attributes
                0x00000000       0x33 ..\obj\kit1768.o
 .ARM.attributes
                0x00000033       0x33 ..\obj\system_LPC17xx.o
 .ARM.attributes
                0x00000066       0x33 ..\obj\main.o
 .ARM.attributes
                0x00000099       0x33 ..\obj\startup_LPC17xx.o

.debug_frame    0x00000000      0x1f4
 .debug_frame   0x00000000      0x150 ..\obj\kit1768.o
 .debug_frame   0x00000150       0x48 ..\obj\system_LPC17xx.o
 .debug_frame   0x00000198       0x20 ..\obj\main.o
 .debug_frame   0x000001b8       0x3c ..\obj\startup_LPC17xx.o
