Archive member included to satisfy reference by file (symbol)

C:\Program Files (x86)\GNU Tools ARM Embedded\5.4 2016q2\arm-none-eabi\lib\armv7-m\libc.a(lib_a-memcmp.o)
                              ..\obj\ff_dev_support.o (memcmp)
C:\Program Files (x86)\GNU Tools ARM Embedded\5.4 2016q2\arm-none-eabi\lib\armv7-m\libc.a(lib_a-memcpy.o)
                              ..\obj\FreeRTOS_TCP_server.o (memcpy)
C:\Program Files (x86)\GNU Tools ARM Embedded\5.4 2016q2\arm-none-eabi\lib\armv7-m\libc.a(lib_a-memmove.o)
                              ..\obj\FreeRTOS_IP.o (memmove)
C:\Program Files (x86)\GNU Tools ARM Embedded\5.4 2016q2\arm-none-eabi\lib\armv7-m\libc.a(lib_a-memset.o)
                              ..\obj\FreeRTOS_TCP_server.o (memset)
C:\Program Files (x86)\GNU Tools ARM Embedded\5.4 2016q2\arm-none-eabi\lib\armv7-m\libc.a(lib_a-rand.o)
                              ..\obj\ff_format.o (rand)
C:\Program Files (x86)\GNU Tools ARM Embedded\5.4 2016q2\arm-none-eabi\lib\armv7-m\libc.a(lib_a-snprintf.o)
                              ..\obj\ff_dev_support.o (snprintf)
C:\Program Files (x86)\GNU Tools ARM Embedded\5.4 2016q2\arm-none-eabi\lib\armv7-m\libc.a(lib_a-sprintf.o)
                              ..\obj\ff_dir.o (sprintf)
C:\Program Files (x86)\GNU Tools ARM Embedded\5.4 2016q2\arm-none-eabi\lib\armv7-m\libc.a(lib_a-strchr.o)
                              ..\obj\FreeRTOS_HTTP_server.o (strchr)
C:\Program Files (x86)\GNU Tools ARM Embedded\5.4 2016q2\arm-none-eabi\lib\armv7-m\libc.a(lib_a-strcmp.o)
                              ..\obj\ff_dev_support.o (strcmp)
C:\Program Files (x86)\GNU Tools ARM Embedded\5.4 2016q2\arm-none-eabi\lib\armv7-m\libc.a(lib_a-strcpy.o)
                              ..\obj\FreeRTOS_HTTP_server.o (strcpy)
C:\Program Files (x86)\GNU Tools ARM Embedded\5.4 2016q2\arm-none-eabi\lib\armv7-m\libc.a(lib_a-strlen-stub.o)
                              ..\obj\FreeRTOS_TCP_server.o (strlen)
C:\Program Files (x86)\GNU Tools ARM Embedded\5.4 2016q2\arm-none-eabi\lib\armv7-m\libc.a(lib_a-strncpy.o)
                              ..\obj\ff_file.o (strncpy)
C:\Program Files (x86)\GNU Tools ARM Embedded\5.4 2016q2\arm-none-eabi\lib\armv7-m\libc.a(lib_a-svfprintf.o)
                              C:\Program Files (x86)\GNU Tools ARM Embedded\5.4 2016q2\arm-none-eabi\lib\armv7-m\libc.a(lib_a-snprintf.o) (_svfprintf_r)
C:\Program Files (x86)\GNU Tools ARM Embedded\5.4 2016q2\arm-none-eabi\lib\armv7-m\libc.a(lib_a-dtoa.o)
                              C:\Program Files (x86)\GNU Tools ARM Embedded\5.4 2016q2\arm-none-eabi\lib\armv7-m\libc.a(lib_a-svfprintf.o) (_dtoa_r)
C:\Program Files (x86)\GNU Tools ARM Embedded\5.4 2016q2\arm-none-eabi\lib\armv7-m\libc.a(lib_a-impure.o)
                              C:\Program Files (x86)\GNU Tools ARM Embedded\5.4 2016q2\arm-none-eabi\lib\armv7-m\libc.a(lib_a-rand.o) (_impure_ptr)
C:\Program Files (x86)\GNU Tools ARM Embedded\5.4 2016q2\arm-none-eabi\lib\armv7-m\libc.a(lib_a-locale.o)
                              C:\Program Files (x86)\GNU Tools ARM Embedded\5.4 2016q2\arm-none-eabi\lib\armv7-m\libc.a(lib_a-svfprintf.o) (_localeconv_r)
C:\Program Files (x86)\GNU Tools ARM Embedded\5.4 2016q2\arm-none-eabi\lib\armv7-m\libc.a(lib_a-mallocr.o)
                              C:\Program Files (x86)\GNU Tools ARM Embedded\5.4 2016q2\arm-none-eabi\lib\armv7-m\libc.a(lib_a-svfprintf.o) (_malloc_r)
C:\Program Files (x86)\GNU Tools ARM Embedded\5.4 2016q2\arm-none-eabi\lib\armv7-m\libc.a(lib_a-memchr-stub.o)
                              C:\Program Files (x86)\GNU Tools ARM Embedded\5.4 2016q2\arm-none-eabi\lib\armv7-m\libc.a(lib_a-svfprintf.o) (memchr)
C:\Program Files (x86)\GNU Tools ARM Embedded\5.4 2016q2\arm-none-eabi\lib\armv7-m\libc.a(lib_a-mlock.o)
                              C:\Program Files (x86)\GNU Tools ARM Embedded\5.4 2016q2\arm-none-eabi\lib\armv7-m\libc.a(lib_a-mallocr.o) (__malloc_lock)
C:\Program Files (x86)\GNU Tools ARM Embedded\5.4 2016q2\arm-none-eabi\lib\armv7-m\libc.a(lib_a-mprec.o)
                              C:\Program Files (x86)\GNU Tools ARM Embedded\5.4 2016q2\arm-none-eabi\lib\armv7-m\libc.a(lib_a-dtoa.o) (_Balloc)
C:\Program Files (x86)\GNU Tools ARM Embedded\5.4 2016q2\arm-none-eabi\lib\armv7-m\libc.a(lib_a-sbrkr.o)
                              C:\Program Files (x86)\GNU Tools ARM Embedded\5.4 2016q2\arm-none-eabi\lib\armv7-m\libc.a(lib_a-mallocr.o) (_sbrk_r)
C:\Program Files (x86)\GNU Tools ARM Embedded\5.4 2016q2\arm-none-eabi\lib\armv7-m\libc.a(lib_a-svfiprintf.o)
                              C:\Program Files (x86)\GNU Tools ARM Embedded\5.4 2016q2\arm-none-eabi\lib\armv7-m\libc.a(lib_a-svfprintf.o) (__ssprint_r)
C:\Program Files (x86)\GNU Tools ARM Embedded\5.4 2016q2\arm-none-eabi\lib\armv7-m\libc.a(lib_a-callocr.o)
                              C:\Program Files (x86)\GNU Tools ARM Embedded\5.4 2016q2\arm-none-eabi\lib\armv7-m\libc.a(lib_a-mprec.o) (_calloc_r)
[...]
Memory Configuration

Name             Origin             Length             Attributes
rom              0x00000000         0x00080000         xr
ram              0x10000000         0x00008000         xrw
ram1             0x2007c000         0x00008000         xrw
*default*        0x00000000         0xffffffff

Linker script and memory map

                0x10008000                _eram = 0x10008000

.text           0x00000000    0x14e94
 *(.isr_vector)
 .isr_vector    0x00000000       0xcc ..\obj\startup_LPC17xx.o
                0x00000000                g_pfnVectors
 *(.text*)
 .text.FreeRTOS_CreateTCPServer
                0x000000cc      0x198 ..\obj\FreeRTOS_TCP_server.o
                0x000000cc                FreeRTOS_CreateTCPServer
 .text.prvReceiveNewClient
                0x00000264      0x108 ..\obj\FreeRTOS_TCP_server.o
 .text.FreeRTOS_TCPServerWork
                0x0000036c       0xec ..\obj\FreeRTOS_TCP_server.o
                0x0000036c                FreeRTOS_TCPServerWork
 .text.strnew   0x00000458       0x3c ..\obj\FreeRTOS_TCP_server.o
 .text.prvRemoveSlash
                0x00000494       0x40 ..\obj\FreeRTOS_TCP_server.o
 .text.pxFindFile
                0x000004d4       0xe0 ..\obj\ff_dev_support.o
                0x000004d4                pxFindFile
 .text.xCheckDevicePath
                0x000005b4       0x60 ..\obj\ff_dev_support.o
                0x000005b4                xCheckDevicePath
 .text.FF_Device_Open
                0x00000614       0x78 ..\obj\ff_dev_support.o
                0x00000614                FF_Device_Open
 .text.FF_Device_Close
                0x0000068c       0x28 ..\obj\ff_dev_support.o
                0x0000068c                FF_Device_Close
 .text.FF_Device_Read
                0x000006b4       0x24 ..\obj\ff_dev_support.o
                0x000006b4                FF_Device_Read
 .text.vProcessGeneratedUDPPacket
                0x000006d8      0x12c ..\obj\FreeRTOS_UDP_IP.o
                0x000006d8                vProcessGeneratedUDPPacket
 .text.xProcessReceivedUDPPacket
                0x00000804       0xa8 ..\obj\FreeRTOS_UDP_IP.o
                0x00000804                xProcessReceivedUDPPacket
 .text.FreeRTOS_min_uint32
                0x000008ac       0x20 ..\obj\FreeRTOS_Stream_Buffer.o
 .text.uxStreamBufferSpace
                0x000008cc       0x3c ..\obj\FreeRTOS_Stream_Buffer.o
 .text.uxStreamBufferDistance
                0x00000908       0x3c ..\obj\FreeRTOS_Stream_Buffer.o
 .text.uxStreamBufferGetSpace
                0x00000944       0x28 ..\obj\FreeRTOS_Stream_Buffer.o
 .text.uxStreamBufferGetSize
                0x0000096c       0x28 ..\obj\FreeRTOS_Stream_Buffer.o
 .text.xStreamBufferLessThenEqual
                0x00000994       0x68 ..\obj\FreeRTOS_Stream_Buffer.o
 .text.uxStreamBufferAdd
                0x000009fc       0xfc ..\obj\FreeRTOS_Stream_Buffer.o
                0x000009fc                uxStreamBufferAdd
 .text.uxStreamBufferGet
                0x00000af8       0xe8 ..\obj\FreeRTOS_Stream_Buffer.o
                0x00000af8                uxStreamBufferGet
 .text.InitializeClocks
                0x00000be0        0xc ..\obj\configurationManager.o
                0x00000be0                InitializeClocks
 .text.InitializeLPC1768Clock
                0x00000bec        0xc ..\obj\configurationManager.o
                0x00000bec                InitializeLPC1768Clock
 .text.CLKPWR_ConfigPPWR
                0x00000bf8       0x58 ..\obj\lpc17xx_clkpwr.o
                0x00000bf8                CLKPWR_ConfigPPWR
 .text.vHTTPClientDelete
                0x00000c50       0x44 ..\obj\FreeRTOS_HTTP_server.o
                0x00000c50                vHTTPClientDelete
 .text.prvFileClose
                0x00000c94       0x30 ..\obj\FreeRTOS_HTTP_server.o
 .text.prvSendReply
                0x00000cc4       0xa0 ..\obj\FreeRTOS_HTTP_server.o
 .text.prvSendFile
                0x00000d64      0x13c ..\obj\FreeRTOS_HTTP_server.o
 .text.prvOpenURL
                0x00000ea0       0x9c ..\obj\FreeRTOS_HTTP_server.o
 .text.prvProcessCmd
                0x00000f3c       0x34 ..\obj\FreeRTOS_HTTP_server.o
 .text.xHTTPClientWork
                0x00000f70      0x154 ..\obj\FreeRTOS_HTTP_server.o
                0x00000f70                xHTTPClientWork
 .text.pcGetContentsType
                0x000010c4       0x98 ..\obj\FreeRTOS_HTTP_server.o
 .text.prvIPTask
                0x0000115c      0x158 ..\obj\FreeRTOS_IP.o
 .text.xIsCallingFromIPTask
                0x000012b4       0x2c ..\obj\FreeRTOS_IP.o
                0x000012b4                xIsCallingFromIPTask
 .text.prvHandleEthernetPacket
                0x000012e0       0x2c ..\obj\FreeRTOS_IP.o
 .text.prvCalculateSleepTime
                0x0000130c       0x50 ..\obj\FreeRTOS_IP.o
 .text.prvCheckNetworkTimers
                0x0000135c       0xb0 ..\obj\FreeRTOS_IP.o
 .text.prvIPTimerStart
                0x0000140c       0x48 ..\obj\FreeRTOS_IP.o
 .text.prvIPTimerReload
                0x00001454       0x20 ..\obj\FreeRTOS_IP.o
 .text.prvIPTimerCheck
                0x00001474       0x60 ..\obj\FreeRTOS_IP.o
 .text.FreeRTOS_NetworkDown
                0x000014d4       0x38 ..\obj\FreeRTOS_IP.o
                0x000014d4                FreeRTOS_NetworkDown
 .text.FreeRTOS_IPInit
                0x0000150c      0x16c ..\obj\FreeRTOS_IP.o
                0x0000150c                FreeRTOS_IPInit
 .text.xSendEventToIPTask
                0x00001678       0x2c ..\obj\FreeRTOS_IP.o
                0x00001678                xSendEventToIPTask
 .text.xSendEventStructToIPTask
                0x000016a4       0x94 ..\obj\FreeRTOS_IP.o
                0x000016a4                xSendEventStructToIPTask
 .text.prvProcessNetworkDownEvent
                0x00001738       0x34 ..\obj\FreeRTOS_IP.o
 .text.vIPNetworkUpCalls
                0x0000176c       0x20 ..\obj\FreeRTOS_IP.o
                0x0000176c                vIPNetworkUpCalls
 .text.prvProcessEthernetPacket
                0x0000178c       0x7c ..\obj\FreeRTOS_IP.o
 .text.prvAllowIPPacket
                0x00001808       0x88 ..\obj\FreeRTOS_IP.o
 .text.prvProcessIPPacket
                0x00001890      0x158 ..\obj\FreeRTOS_IP.o
 .text.prvProcessICMPEchoRequest
                0x000019e8       0xac ..\obj\FreeRTOS_IP.o
 .text.prvProcessICMPPacket
                0x00001a94       0x34 ..\obj\FreeRTOS_IP.o
 .text.vReturnEthernetFrame
                0x00001ac8       0x40 ..\obj\FreeRTOS_IP.o
                0x00001ac8                vReturnEthernetFrame
 .text.FreeRTOS_GetIPAddress
                0x00001b08       0x14 ..\obj\FreeRTOS_IP.o
                0x00001b08                FreeRTOS_GetIPAddress
 .text.xIPIsNetworkTaskReady
                0x00001b1c       0x14 ..\obj\FreeRTOS_IP.o
                0x00001b1c                xIPIsNetworkTaskReady
 .text.SystemInit
                0x00001b30      0x150 ..\obj\system_LPC17xx.o
                0x00001b30                SystemInit
 .text.rx_descr_init
                0x00001c80       0x94 ..\obj\lpc17xx_emac.o
 .text.tx_descr_init
                0x00001d14       0x84 ..\obj\lpc17xx_emac.o
 .text.write_PHY
                0x00001d98       0x58 ..\obj\lpc17xx_emac.o
 .text.read_PHY
                0x00001df0       0x60 ..\obj\lpc17xx_emac.o
 .text.setEmacAddr
                0x00001e50       0x54 ..\obj\lpc17xx_emac.o
 .text.EMAC_Init
                0x00001ea4      0x1b0 ..\obj\lpc17xx_emac.o
                0x00001ea4                EMAC_Init
 .text.EMAC_SetPHYMode
                0x00002054       0xe8 ..\obj\lpc17xx_emac.o
                0x00002054                EMAC_SetPHYMode
 .text.EMAC_UpdatePHYStatus
                0x0000213c       0xa4 ..\obj\lpc17xx_emac.o
                0x0000213c                EMAC_UpdatePHYStatus
 .text.EMAC_WritePacketBuffer
                0x000021e0       0x6c ..\obj\lpc17xx_emac.o
                0x000021e0                EMAC_WritePacketBuffer
 .text.FF_PRINTF
                0x0000224c       0x10 ..\obj\ff_file.o
 .text.FF_getRealLBA
                0x0000225c       0x24 ..\obj\ff_file.o
 .text.FF_InitFATBuffers
                0x00002280       0x28 ..\obj\ff_file.o
 .text.FF_GetModeBits
                0x000022a8      0x1cc ..\obj\ff_file.o
                0x000022a8                FF_GetModeBits
 .text.prvAllocFileHandle
                0x00002474       0x78 ..\obj\ff_file.o
 .text.FF_Open  0x000024ec      0x454 ..\obj\ff_file.o
                0x000024ec                FF_Open
 .text.FF_GetSequentialClusters
                0x00002940       0xa4 ..\obj\ff_file.o
 .text.FF_ReadClusters
                0x000029e4      0x108 ..\obj\ff_file.o
 .text.FF_FileLBA
                0x00002aec       0x64 ..\obj\ff_file.o
 .text.FF_SetCluster
                0x00002b50       0xb0 ..\obj\ff_file.o
 .text.FF_ReadPartial
                0x00002c00       0xe4 ..\obj\ff_file.o
 .text.FF_Read  0x00002ce4      0x39c ..\obj\ff_file.o
                0x00002ce4                FF_Read
 .text.FF_CheckValid
                0x00003080       0x84 ..\obj\ff_file.o
                0x00003080                FF_CheckValid
 .text.FF_Close
                0x00003104      0x25c ..\obj\ff_file.o
                0x00003104                FF_Close
 .text.FF_Truncate
                0x00003360      0x18c ..\obj\ff_file.o
 .text.FF_GetCRC16
                0x000034ec       0x68 ..\obj\ff_crc.o
                0x000034ec                FF_GetCRC16
 .text.FreeRTOS_min_int32
                0x00003554       0x20 ..\obj\FreeRTOS_TCP_WIN.o
 .text.FreeRTOS_min_uint32
                0x00003574       0x20 ..\obj\FreeRTOS_TCP_WIN.o
 .text.xSequenceLessThanOrEqual
                0x00003594       0x20 ..\obj\FreeRTOS_TCP_WIN.o
 .text.xSequenceLessThan
                0x000035b4       0x24 ..\obj\FreeRTOS_TCP_WIN.o
 .text.xSequenceGreaterThan
                0x000035d8       0x24 ..\obj\FreeRTOS_TCP_WIN.o
 .text.xSequenceGreaterThanOrEqual
                0x000035fc       0x20 ..\obj\FreeRTOS_TCP_WIN.o
 .text.vListInsertFifo
                0x0000361c       0x20 ..\obj\FreeRTOS_TCP_WIN.o
 .text.vTCPTimerSet
                0x0000363c       0x1c ..\obj\FreeRTOS_TCP_WIN.o
 .text.ulTimerGetAge
                0x00003658       0x20 ..\obj\FreeRTOS_TCP_WIN.o
 .text.vListInsertGeneric
                0x00003678       0x44 ..\obj\FreeRTOS_TCP_WIN.o
                0x00003678                vListInsertGeneric
 .text.prvCreateSectors
                0x000036bc       0xa0 ..\obj\FreeRTOS_TCP_WIN.o
 .text.xTCPWindowRxFind
                0x0000375c       0x4c ..\obj\FreeRTOS_TCP_WIN.o
 .text.xTCPWindowNew
                0x000037a8       0x98 ..\obj\FreeRTOS_TCP_WIN.o
 .text.xTCPWindowRxEmpty
                0x00003840       0x44 ..\obj\FreeRTOS_TCP_WIN.o
                0x00003840                xTCPWindowRxEmpty
 .text.xTCPWindowGetHead
                0x00003884       0x3c ..\obj\FreeRTOS_TCP_WIN.o
 .text.xTCPWindowPeekHead
                0x000038c0       0x38 ..\obj\FreeRTOS_TCP_WIN.o
 .text.vTCPWindowFree
                0x000038f8       0x58 ..\obj\FreeRTOS_TCP_WIN.o
 .text.vTCPWindowDestroy
                0x00003950       0x64 ..\obj\FreeRTOS_TCP_WIN.o
                0x00003950                vTCPWindowDestroy
 .text.vTCPWindowCreate
                0x000039b4       0x70 ..\obj\FreeRTOS_TCP_WIN.o
                0x000039b4                vTCPWindowCreate
 .text.vTCPWindowInit
                0x00003a24       0xb4 ..\obj\FreeRTOS_TCP_WIN.o
                0x00003a24                vTCPWindowInit
 .text.xTCPWindowRxConfirm
                0x00003ad8       0x98 ..\obj\FreeRTOS_TCP_WIN.o
 .text.lTCPWindowRxCheck
                0x00003b70      0x1bc ..\obj\FreeRTOS_TCP_WIN.o
                0x00003b70                lTCPWindowRxCheck
 .text.lTCPIncrementTxPosition
                0x00003d2c       0x30 ..\obj\FreeRTOS_TCP_WIN.o
 .text.lTCPWindowTxAdd
                0x00003d5c      0x168 ..\obj\FreeRTOS_TCP_WIN.o
                0x00003d5c                lTCPWindowTxAdd
 .text.xTCPWindowTxDone
                0x00003ec4       0x24 ..\obj\FreeRTOS_TCP_WIN.o
                0x00003ec4                xTCPWindowTxDone
 .text.prvTCPWindowTxHasSpace
                0x00003ee8       0x8c ..\obj\FreeRTOS_TCP_WIN.o
 .text.xTCPWindowTxHasData
                0x00003f74       0xc0 ..\obj\FreeRTOS_TCP_WIN.o
                0x00003f74                xTCPWindowTxHasData
 .text.ulTCPWindowTxGet
                0x00004034      0x18c ..\obj\FreeRTOS_TCP_WIN.o
                0x00004034                ulTCPWindowTxGet
 .text.prvTCPWindowTxCheckAck
                0x000041c0      0x188 ..\obj\FreeRTOS_TCP_WIN.o
 .text.prvTCPWindowFastRetransmit
                0x00004348       0xac ..\obj\FreeRTOS_TCP_WIN.o
 .text.ulTCPWindowTxAck
                0x000043f4       0x3c ..\obj\FreeRTOS_TCP_WIN.o
                0x000043f4                ulTCPWindowTxAck
 .text.ulTCPWindowTxSack
                0x00004430       0x48 ..\obj\FreeRTOS_TCP_WIN.o
                0x00004430                ulTCPWindowTxSack
 .text.eARPProcessPacket
                0x00004478      0x100 ..\obj\FreeRTOS_ARP.o
                0x00004478                eARPProcessPacket
 .text.vARPRefreshCacheEntry
                0x00004578      0x1f0 ..\obj\FreeRTOS_ARP.o
                0x00004578                vARPRefreshCacheEntry
 .text.eARPGetCacheEntry
                0x00004768       0xa8 ..\obj\FreeRTOS_ARP.o
                0x00004768                eARPGetCacheEntry
 .text.prvCacheLookup
                0x00004810       0x80 ..\obj\FreeRTOS_ARP.o
 .text.vARPAgeCache
                0x00004890      0x11c ..\obj\FreeRTOS_ARP.o
                0x00004890                vARPAgeCache
 .text.FreeRTOS_OutputARPRequest
                0x000049ac       0x34 ..\obj\FreeRTOS_ARP.o
                0x000049ac                FreeRTOS_OutputARPRequest
 .text.vARPGenerateRequestPacket
                0x000049e0       0x84 ..\obj\FreeRTOS_ARP.o
                0x000049e0                vARPGenerateRequestPacket
 .text.main     0x00004a64       0x58 ..\obj\main.o
                0x00004a64                main
 .text.prvWebServerTask
                0x00004abc       0x3c ..\obj\main.o
                0x00004abc                prvWebServerTask
 .text.FreeRTOS_max_int32
                0x00004af8       0x20 ..\obj\FreeRTOS_TCP_IP.o
 .text.FreeRTOS_min_int32
                0x00004b18       0x20 ..\obj\FreeRTOS_TCP_IP.o
 .text.FreeRTOS_min_uint32
                0x00004b38       0x20 ..\obj\FreeRTOS_TCP_IP.o
 .text.uxStreamBufferSpace
                0x00004b58       0x3c ..\obj\FreeRTOS_TCP_IP.o
 .text.uxStreamBufferDistance
                0x00004b94       0x3c ..\obj\FreeRTOS_TCP_IP.o
 .text.uxStreamBufferGetSpace
                0x00004bd0       0x28 ..\obj\FreeRTOS_TCP_IP.o
 .text.uxStreamBufferFrontSpace
                0x00004bf8       0x28 ..\obj\FreeRTOS_TCP_IP.o
 .text.uxStreamBufferMidSpace
                0x00004c20       0x28 ..\obj\FreeRTOS_TCP_IP.o
 .text.vStreamBufferMoveMid
                0x00004c48       0x4c ..\obj\FreeRTOS_TCP_IP.o
 .text.ulChar2u32
                0x00004c94       0x34 ..\obj\FreeRTOS_TCP_IP.o
 .text.usChar2u16
                0x00004cc8       0x28 ..\obj\FreeRTOS_TCP_IP.o
 .text.prvTCPSocketIsActive
                0x00004cf0       0x54 ..\obj\FreeRTOS_TCP_IP.o
 .text.prvTCPStatusAgeCheck
                0x00004d44       0xac ..\obj\FreeRTOS_TCP_IP.o
 .text.xTCPSocketCheck
                0x00004df0       0xc4 ..\obj\FreeRTOS_TCP_IP.o
                0x00004df0                xTCPSocketCheck
 .text.prvTCPSendPacket
                0x00004eb4       0xb8 ..\obj\FreeRTOS_TCP_IP.o
 .text.prvTCPSendRepeated
                0x00004f6c       0x5c ..\obj\FreeRTOS_TCP_IP.o
 .text.prvTCPReturnPacket
                0x00004fc8      0x364 ..\obj\FreeRTOS_TCP_IP.o
 .text.prvTCPCreateWindow
                0x0000532c       0x50 ..\obj\FreeRTOS_TCP_IP.o
 .text.prvTCPPrepareConnect
                0x0000537c      0x1b0 ..\obj\FreeRTOS_TCP_IP.o
 .text.prvCheckOptions
                0x0000552c      0x1e0 ..\obj\FreeRTOS_TCP_IP.o
 .text.prvWinScaleFactor
                0x0000570c       0x40 ..\obj\FreeRTOS_TCP_IP.o
 .text.prvSetSynAckOptions
                0x0000574c       0xa8 ..\obj\FreeRTOS_TCP_IP.o
 .text.prvTCPTouchSocket
                0x000057f4       0x48 ..\obj\FreeRTOS_TCP_IP.o
 .text.vTCPStateChange
                0x0000583c      0x19c ..\obj\FreeRTOS_TCP_IP.o
                0x0000583c                vTCPStateChange
 .text.prvTCPBufferResize
                0x000059d8       0xc0 ..\obj\FreeRTOS_TCP_IP.o
 .text.prvTCPPrepareSend
                0x00005a98      0x2d0 ..\obj\FreeRTOS_TCP_IP.o
 .text.prvTCPNextTimeout
                0x00005d68       0xf4 ..\obj\FreeRTOS_TCP_IP.o
 .text.prvTCPAddTxData
                0x00005e5c       0x54 ..\obj\FreeRTOS_TCP_IP.o
 .text.prvTCPHandleFin
                0x00005eb0      0x14c ..\obj\FreeRTOS_TCP_IP.o
 .text.prvCheckRxData
                0x00005ffc       0xd0 ..\obj\FreeRTOS_TCP_IP.o
 .text.prvStoreRxData
                0x000060cc       0xe8 ..\obj\FreeRTOS_TCP_IP.o
 .text.prvSetOptions
                0x000061b4       0xbc ..\obj\FreeRTOS_TCP_IP.o
 .text.prvHandleSynReceived
                0x00006270      0x184 ..\obj\FreeRTOS_TCP_IP.o
 .text.prvHandleEstablished
                0x000063f4      0x22c ..\obj\FreeRTOS_TCP_IP.o
 .text.prvSendData
                0x00006620      0x17c ..\obj\FreeRTOS_TCP_IP.o
 .text.prvTCPHandleState
                0x0000679c      0x220 ..\obj\FreeRTOS_TCP_IP.o
 .text.prvTCPSendReset
                0x000069bc       0x38 ..\obj\FreeRTOS_TCP_IP.o
 .text.prvSocketSetMSS
                0x000069f4       0x78 ..\obj\FreeRTOS_TCP_IP.o
 .text.xProcessReceivedTCPPacket
                0x00006a6c      0x234 ..\obj\FreeRTOS_TCP_IP.o
                0x00006a6c                xProcessReceivedTCPPacket
 .text.prvHandleListen
                0x00006ca0      0x160 ..\obj\FreeRTOS_TCP_IP.o
 .text.prvTCPSocketCopy
                0x00006e00       0xec ..\obj\FreeRTOS_TCP_IP.o
 .text.xTCPCheckNewClient
                0x00006eec       0x88 ..\obj\FreeRTOS_TCP_IP.o
                0x00006eec                xTCPCheckNewClient
 .text.xTimerCreateTimerTask
                0x00006f74       0x74 ..\obj\timers.o
                0x00006f74                xTimerCreateTimerTask
 .text.xTimerGenericCommand
                0x00006fe8       0x80 ..\obj\timers.o
                0x00006fe8                xTimerGenericCommand
 .text.prvProcessExpiredTimer
                0x00007068       0x64 ..\obj\timers.o
 .text.prvTimerTask
                0x000070cc       0x24 ..\obj\timers.o
 .text.prvProcessTimerOrBlockTask
                0x000070f0       0x9c ..\obj\timers.o
 .text.prvGetNextExpireTime
                0x0000718c       0x48 ..\obj\timers.o
 .text.prvSampleTimeNow
                0x000071d4       0x40 ..\obj\timers.o
 .text.prvInsertTimerInActiveList
                0x00007214       0x84 ..\obj\timers.o
 .text.prvProcessReceivedCommands
                0x00007298       0xf8 ..\obj\timers.o
 .text.prvSwitchTimerLists
                0x00007390       0xa8 ..\obj\timers.o
 .text.prvCheckForValidListAndQueue
                0x00007438       0x80 ..\obj\timers.o
 .text.FF_tolower
                0x000074b8       0x64 ..\obj\ff_string.o
                0x000074b8                FF_tolower
 .text.FF_strmatch
                0x0000751c       0x7c ..\obj\ff_string.o
                0x0000751c                FF_strmatch
 .text.FF_strtok
                0x00007598      0x108 ..\obj\ff_string.o
                0x00007598                FF_strtok
 .text.FF_getRealLBA
                0x000076a0       0x24 ..\obj\ff_dir.o
 .text.FF_InitFATBuffers
                0x000076c4       0x28 ..\obj\ff_dir.o
 .text.FF_getChar
                0x000076ec       0x1c ..\obj\ff_dir.o
 .text.FF_getShort
                0x00007708       0x2c ..\obj\ff_dir.o
 .text.FF_getLong
                0x00007734       0x38 ..\obj\ff_dir.o
 .text.FF_putChar
                0x0000776c       0x24 ..\obj\ff_dir.o
 .text.FF_putShort
                0x00007790       0x34 ..\obj\ff_dir.o
 .text.FF_putLong
                0x000077c4       0x40 ..\obj\ff_dir.o
 .text.FF_isEndOfDir
                0x00007804       0x20 ..\obj\ff_dir.o
 .text.FF_isDeleted
                0x00007824       0x20 ..\obj\ff_dir.o
 .text.prvToLower
                0x00007844       0x30 ..\obj\ff_dir.o
 .text.strcasecmp
                0x00007874       0x54 ..\obj\ff_dir.o
                0x00007874                strcasecmp
 .text.FF_ShortNameExists
                0x000078c8      0x12c ..\obj\ff_dir.o
 .text.FF_FindEntryInDir
                0x000079f4      0x244 ..\obj\ff_dir.o
                0x000079f4                FF_FindEntryInDir
 .text.FF_FindDir
                0x00007c38      0x164 ..\obj\ff_dir.o
                0x00007c38                FF_FindDir
 .text.FF_ProcessShortName
                0x00007d9c       0x7c ..\obj\ff_dir.o
 .text.FF_PopulateShortDirent
                0x00007e18       0x84 ..\obj\ff_dir.o
                0x00007e18                FF_PopulateShortDirent
 .text.FF_InitEntryFetch
                0x00007e9c       0x7c ..\obj\ff_dir.o
                0x00007e9c                FF_InitEntryFetch
 .text.FF_CleanupEntryFetch
                0x00007f18       0x34 ..\obj\ff_dir.o
                0x00007f18                FF_CleanupEntryFetch
 .text.FF_Traverse
                0x00007f4c       0xd0 ..\obj\ff_dir.o
 .text.FF_FetchEntryWithContext
                0x0000801c      0x134 ..\obj\ff_dir.o
                0x0000801c                FF_FetchEntryWithContext
 .text.FF_PushEntryWithContext
                0x00008150      0x12c ..\obj\ff_dir.o
                0x00008150                FF_PushEntryWithContext
 .text.FF_GetEntry
                0x0000827c       0xf8 ..\obj\ff_dir.o
                0x0000827c                FF_GetEntry
 .text.FF_FindFreeDirent
                0x00008374      0x188 ..\obj\ff_dir.o
 .text.FF_PutEntry
                0x000084fc       0xe4 ..\obj\ff_dir.o
                0x000084fc                FF_PutEntry
 .text.FF_ValidShortChar
                0x000085e0       0x50 ..\obj\ff_dir.o
 .text.FF_CreateShortName
                0x00008630      0x1e8 ..\obj\ff_dir.o
                0x00008630                FF_CreateShortName
 .text.FF_FindShortName
                0x00008818      0x224 ..\obj\ff_dir.o
                0x00008818                FF_FindShortName
 .text.FF_ExtendDirectory
                0x00008a3c      0x100 ..\obj\ff_dir.o
                0x00008a3c                FF_ExtendDirectory
 .text.FF_MakeNameCompliant
                0x00008b3c       0x60 ..\obj\ff_dir.o
 .text.FF_CreateDirent
                0x00008b9c      0x1ac ..\obj\ff_dir.o
                0x00008b9c                FF_CreateDirent
 .text.FF_CreateFile
                0x00008d48       0xd0 ..\obj\ff_dir.o
                0x00008d48                FF_CreateFile
 .text.vApplicationGetIdleTaskMemory
                0x00008e18       0x34 ..\obj\staticAllocationImpl.o
                0x00008e18                vApplicationGetIdleTaskMemory
 .text.vApplicationGetTimerTaskMemory
                0x00008e4c       0x30 ..\obj\staticAllocationImpl.o
                0x00008e4c                vApplicationGetTimerTaskMemory
 .text.xTaskCreateStatic
                0x00008e7c       0x60 ..\obj\tasks.o
                0x00008e7c                xTaskCreateStatic
 .text.xTaskCreate
                0x00008edc       0x8c ..\obj\tasks.o
                0x00008edc                xTaskCreate
 .text.prvInitialiseNewTask
                0x00008f68      0x100 ..\obj\tasks.o
 .text.prvAddNewTaskToReadyList
                0x00009068       0xd4 ..\obj\tasks.o
 .text.vTaskDelay
                0x0000913c       0x48 ..\obj\tasks.o
                0x0000913c                vTaskDelay
 .text.vTaskPrioritySet
                0x00009184      0x140 ..\obj\tasks.o
                0x00009184                vTaskPrioritySet
 .text.vTaskStartScheduler
                0x000092c4       0xac ..\obj\tasks.o
                0x000092c4                vTaskStartScheduler
 .text.vTaskSuspendAll
                0x00009370       0x1c ..\obj\tasks.o
                0x00009370                vTaskSuspendAll
 .text.prvGetExpectedIdleTime
                0x0000938c       0x74 ..\obj\tasks.o
 .text.xTaskResumeAll
                0x00009400      0x11c ..\obj\tasks.o
                0x00009400                xTaskResumeAll
 .text.xTaskGetTickCount
                0x0000951c       0x1c ..\obj\tasks.o
                0x0000951c                xTaskGetTickCount
 .text.vTaskStepTick
                0x00009538       0x24 ..\obj\tasks.o
                0x00009538                vTaskStepTick
 .text.xTaskIncrementTick
                0x0000955c      0x13c ..\obj\tasks.o
                0x0000955c                xTaskIncrementTick
 .text.vTaskSwitchContext
                0x00009698       0x8c ..\obj\tasks.o
                0x00009698                vTaskSwitchContext
 .text.vTaskPlaceOnEventList
                0x00009724       0x2c ..\obj\tasks.o
                0x00009724                vTaskPlaceOnEventList
 .text.vTaskPlaceOnUnorderedEventList
                0x00009750       0x3c ..\obj\tasks.o
                0x00009750                vTaskPlaceOnUnorderedEventList
 .text.vTaskPlaceOnEventListRestricted
                0x0000978c       0x3c ..\obj\tasks.o
                0x0000978c                vTaskPlaceOnEventListRestricted
 .text.xTaskRemoveFromEventList
                0x000097c8       0xac ..\obj\tasks.o
                0x000097c8                xTaskRemoveFromEventList
 .text.vTaskRemoveFromUnorderedEventList
                0x00009874       0x84 ..\obj\tasks.o
                0x00009874                vTaskRemoveFromUnorderedEventList
 .text.vTaskSetTimeOutState
                0x000098f8       0x2c ..\obj\tasks.o
                0x000098f8                vTaskSetTimeOutState
 .text.xTaskCheckForTimeOut
                0x00009924       0x88 ..\obj\tasks.o
                0x00009924                xTaskCheckForTimeOut
 .text.vTaskMissedYield
                0x000099ac       0x18 ..\obj\tasks.o
                0x000099ac                vTaskMissedYield
 .text.prvIdleTask
                0x000099c4       0x54 ..\obj\tasks.o
 .text.eTaskConfirmSleepModeStatus
                0x00009a18       0x5c ..\obj\tasks.o
                0x00009a18                eTaskConfirmSleepModeStatus
 .text.vTaskSetThreadLocalStoragePointer
                0x00009a74       0x40 ..\obj\tasks.o
                0x00009a74                vTaskSetThreadLocalStoragePointer
 .text.pvTaskGetThreadLocalStoragePointer
                0x00009ab4       0x48 ..\obj\tasks.o
                0x00009ab4                pvTaskGetThreadLocalStoragePointer
 .text.prvInitialiseTaskLists
                0x00009afc       0x80 ..\obj\tasks.o
 .text.prvCheckTasksWaitingTermination
                0x00009b7c       0x78 ..\obj\tasks.o
 .text.prvDeleteTCB
                0x00009bf4       0x3c ..\obj\tasks.o
 .text.prvResetNextTaskUnblockTime
                0x00009c30       0x48 ..\obj\tasks.o
 .text.xTaskGetCurrentTaskHandle
                0x00009c78       0x1c ..\obj\tasks.o
                0x00009c78                xTaskGetCurrentTaskHandle
 .text.xTaskGetSchedulerState
                0x00009c94       0x3c ..\obj\tasks.o
                0x00009c94                xTaskGetSchedulerState
 .text.vTaskPriorityInherit
                0x00009cd0       0xec ..\obj\tasks.o
                0x00009cd0                vTaskPriorityInherit
 .text.xTaskPriorityDisinherit
                0x00009dbc       0xc8 ..\obj\tasks.o
                0x00009dbc                xTaskPriorityDisinherit
 .text.uxTaskResetEventItemValue
                0x00009e84       0x30 ..\obj\tasks.o
                0x00009e84                uxTaskResetEventItemValue
 .text.pvTaskIncrementMutexHeldCount
                0x00009eb4       0x28 ..\obj\tasks.o
                0x00009eb4                pvTaskIncrementMutexHeldCount
 .text.ulTaskNotifyTake
                0x00009edc       0x90 ..\obj\tasks.o
                0x00009edc                ulTaskNotifyTake
 .text.prvAddCurrentTaskToDelayedList
                0x00009f6c       0xcc ..\obj\tasks.o
 .text.Default_Reset_Handler
                0x0000a038       0x60 ..\obj\startup_LPC17xx.o
                0x0000a038                Default_Reset_Handler
                0x0000a038                Reset_Handler
 .text.Default_Handler
                0x0000a098        0xc ..\obj\startup_LPC17xx.o
                0x0000a098                TIMER2_IRQHandler
                0x0000a098                DebugMon_Handler
                0x0000a098                RIT_IRQHandler
                0x0000a098                I2C0_IRQHandler
                0x0000a098                HardFault_Handler
                0x0000a098                USBActivity_IRQHandler
                0x0000a098                PWM1_IRQHandler
                0x0000a098                NMI_Handler
                0x0000a098                I2C1_IRQHandler
                0x0000a098                EINT2_IRQHandler
                0x0000a098                UART1_IRQHandler
                0x0000a098                EINT3_IRQHandler
                0x0000a098                CANActivity_IRQHandler
                0x0000a098                TIMER3_IRQHandler
                0x0000a098                UART0_IRQHandler
                0x0000a098                UsageFault_Handler
                0x0000a098                PLL0_IRQHandler
                0x0000a098                CAN_IRQHandler
                0x0000a098                PLL1_IRQHandler
                0x0000a098                SSP0_IRQHandler
                0x0000a098                I2S_IRQHandler
                0x0000a098                I2C2_IRQHandler
                0x0000a098                RTC_IRQHandler
                0x0000a098                TIMER0_IRQHandler
                0x0000a098                SPI_IRQHandler
                0x0000a098                EINT1_IRQHandler
                0x0000a098                TIMER1_IRQHandler
                0x0000a098                UART2_IRQHandler
                0x0000a098                ADC_IRQHandler
                0x0000a098                SSP1_IRQHandler
                0x0000a098                USB_IRQHandler
                0x0000a098                BOD_IRQHandler
                0x0000a098                MemManage_Handler
                0x0000a098                WDT_IRQHandler
                0x0000a098                QEI_IRQHandler
                0x0000a098                EINT0_IRQHandler
                0x0000a098                DMA_IRQHandler
                0x0000a098                BusFault_Handler
                0x0000a098                UART3_IRQHandler
                0x0000a098                MCPWM_IRQHandler
                0x0000a098                ENET_IRQHandler
 .text.prvEMACHandlerTask
                0x0000a0a4       0x14 ..\obj\NetworkInterface.o
 .text.xNetworkInterfaceInitialise
                0x0000a0b8       0x54 ..\obj\NetworkInterface.o
                0x0000a0b8                xNetworkInterfaceInitialise
 .text.xNetworkInterfaceOutput
                0x0000a10c       0x2c ..\obj\NetworkInterface.o
                0x0000a10c                xNetworkInterfaceOutput
 .text.xNetworkBuffersInitialise
                0x0000a138       0xdc ..\obj\BufferAllocation_2.o
                0x0000a138                xNetworkBuffersInitialise
 .text.vReleaseNetworkBuffer
                0x0000a214       0x24 ..\obj\BufferAllocation_2.o
                0x0000a214                vReleaseNetworkBuffer
 .text.pxGetNetworkBufferWithDescriptor
                0x0000a238       0xdc ..\obj\BufferAllocation_2.o
                0x0000a238                pxGetNetworkBufferWithDescriptor
 .text.vReleaseNetworkBufferAndDescriptor
                0x0000a314       0x68 ..\obj\BufferAllocation_2.o
                0x0000a314                vReleaseNetworkBufferAndDescriptor
 .text.vListInitialise
                0x0000a37c       0x40 ..\obj\list.o
                0x0000a37c                vListInitialise
 .text.vListInitialiseItem
                0x0000a3bc       0x18 ..\obj\list.o
                0x0000a3bc                vListInitialiseItem
 .text.vListInsertEnd
                0x0000a3d4       0x48 ..\obj\list.o
                0x0000a3d4                vListInsertEnd
 .text.vListInsert
                0x0000a41c       0x70 ..\obj\list.o
                0x0000a41c                vListInsert
 .text.uxListRemove
                0x0000a48c       0x54 ..\obj\list.o
                0x0000a48c                uxListRemove
 .text.pxPortInitialiseStack
                0x0000a4e0       0x58 ..\obj\port.o
                0x0000a4e0                pxPortInitialiseStack
 .text.prvTaskExitError
                0x0000a538       0x1c ..\obj\port.o
 *fill*         0x0000a554        0xc 
 .text.SVC_Handler
                0x0000a560       0x28 ..\obj\port.o
                0x0000a560                SVC_Handler
 .text.prvPortStartFirstTask
                0x0000a588       0x20 ..\obj\port.o
 .text.xPortStartScheduler
                0x0000a5a8       0x3c ..\obj\port.o
                0x0000a5a8                xPortStartScheduler
 .text.vPortEnterCritical
                0x0000a5e4       0x30 ..\obj\port.o
                0x0000a5e4                vPortEnterCritical
 .text.vPortExitCritical
                0x0000a614       0x30 ..\obj\port.o
                0x0000a614                vPortExitCritical
 *fill*         0x0000a644        0xc 
 .text.PendSV_Handler
                0x0000a650       0x48 ..\obj\port.o
                0x0000a650                PendSV_Handler
 .text.SysTick_Handler
                0x0000a698       0x40 ..\obj\port.o
                0x0000a698                SysTick_Handler
 .text.vPortSuppressTicksAndSleep
                0x0000a6d8      0x184 ..\obj\port.o
                0x0000a6d8                vPortSuppressTicksAndSleep
 .text.vPortSetupTimerInterrupt
                0x0000a85c       0x60 ..\obj\port.o
                0x0000a85c                vPortSetupTimerInterrupt
 .text.xQueueGenericReset
                0x0000a8bc       0xb4 ..\obj\queue.o
                0x0000a8bc                xQueueGenericReset
 .text.xQueueGenericCreateStatic
                0x0000a970       0x40 ..\obj\queue.o
                0x0000a970                xQueueGenericCreateStatic
 .text.xQueueGenericCreate
                0x0000a9b0       0x60 ..\obj\queue.o
                0x0000a9b0                xQueueGenericCreate
 .text.prvInitialiseNewQueue
                0x0000aa10       0x40 ..\obj\queue.o
 .text.xQueueGiveMutexRecursive
                0x0000aa50       0x4c ..\obj\queue.o
                0x0000aa50                xQueueGiveMutexRecursive
 .text.xQueueTakeMutexRecursive
                0x0000aa9c       0x54 ..\obj\queue.o
                0x0000aa9c                xQueueTakeMutexRecursive
 .text.xQueueCreateCountingSemaphore
                0x0000aaf0       0x2c ..\obj\queue.o
                0x0000aaf0                xQueueCreateCountingSemaphore
 .text.xQueueGenericSend
                0x0000ab1c      0x154 ..\obj\queue.o
                0x0000ab1c                xQueueGenericSend
 .text.xQueueGenericSendFromISR
                0x0000ac70       0xb0 ..\obj\queue.o
                0x0000ac70                xQueueGenericSendFromISR
 .text.xQueueGenericReceive
                0x0000ad20      0x1b0 ..\obj\queue.o
                0x0000ad20                xQueueGenericReceive
 .text.uxQueueMessagesWaiting
                0x0000aed0       0x20 ..\obj\queue.o
                0x0000aed0                uxQueueMessagesWaiting
 .text.vQueueDelete
                0x0000aef0       0x2c ..\obj\queue.o
                0x0000aef0                vQueueDelete
 .text.prvCopyDataToQueue
                0x0000af1c       0xd4 ..\obj\queue.o
 .text.prvCopyDataFromQueue
                0x0000aff0       0x4c ..\obj\queue.o
 .text.prvUnlockQueue
                0x0000b03c       0xa4 ..\obj\queue.o
 .text.prvIsQueueEmpty
                0x0000b0e0       0x2c ..\obj\queue.o
 .text.prvIsQueueFull
                0x0000b10c       0x30 ..\obj\queue.o
 .text.vQueueAddToRegistry
                0x0000b13c       0x50 ..\obj\queue.o
                0x0000b13c                vQueueAddToRegistry
 .text.vQueueUnregisterQueue
                0x0000b18c       0x50 ..\obj\queue.o
                0x0000b18c                vQueueUnregisterQueue
 .text.vQueueWaitForMessageRestricted
                0x0000b1dc       0x68 ..\obj\queue.o
                0x0000b1dc                vQueueWaitForMessageRestricted
 .text.FF_PRINTF
                0x0000b244       0x10 ..\obj\ff_ioman.o
 .text.FF_getLong
                0x0000b254       0x38 ..\obj\ff_ioman.o
 .text.FF_putLong
                0x0000b28c       0x40 ..\obj\ff_ioman.o
 .text.FF_FlushCache
                0x0000b2cc      0x160 ..\obj\ff_ioman.o
                0x0000b2cc                FF_FlushCache
 .text.FF_GetBuffer
                0x0000b42c      0x258 ..\obj\ff_ioman.o
                0x0000b42c                FF_GetBuffer
 .text.FF_ReleaseBuffer
                0x0000b684       0x48 ..\obj\ff_ioman.o
                0x0000b684                FF_ReleaseBuffer
 .text.FF_BlockRead
                0x0000b6cc       0xa0 ..\obj\ff_ioman.o
                0x0000b6cc                FF_BlockRead
 .text.FF_BlockWrite
                0x0000b76c       0xa0 ..\obj\ff_ioman.o
                0x0000b76c                FF_BlockWrite
 .text.FF_IncreaseFreeClusters
                0x0000b80c      0x110 ..\obj\ff_ioman.o
                0x0000b80c                FF_IncreaseFreeClusters
 .text.FF_DecreaseFreeClusters
                0x0000b91c      0x108 ..\obj\ff_ioman.o
                0x0000b91c                FF_DecreaseFreeClusters
 .text.FF_getRealLBA
                0x0000ba24       0x24 ..\obj\ff_fat.o
 .text.FF_InitFATBuffers
                0x0000ba48       0x28 ..\obj\ff_fat.o
 .text.FF_getShort
                0x0000ba70       0x2c ..\obj\ff_fat.o
 .text.FF_getLong
                0x0000ba9c       0x38 ..\obj\ff_fat.o
 .text.FF_putShort
                0x0000bad4       0x34 ..\obj\ff_fat.o
 .text.FF_putLong
                0x0000bb08       0x40 ..\obj\ff_fat.o
 .text.FF_Cluster2LBA
                0x0000bb48       0x48 ..\obj\ff_fat.o
                0x0000bb48                FF_Cluster2LBA
 .text.FF_getClusterChainNumber
                0x0000bb90       0x3c ..\obj\ff_fat.o
                0x0000bb90                FF_getClusterChainNumber
 .text.FF_getMajorBlockNumber
                0x0000bbcc       0x58 ..\obj\ff_fat.o
                0x0000bbcc                FF_getMajorBlockNumber
 .text.FF_getMinorBlockNumber
                0x0000bc24       0x74 ..\obj\ff_fat.o
                0x0000bc24                FF_getMinorBlockNumber
 .text.FF_getMinorBlockEntry
                0x0000bc98       0x7c ..\obj\ff_fat.o
                0x0000bc98                FF_getMinorBlockEntry
 .text.FF_ReleaseFATBuffers
                0x0000bd14       0x5c ..\obj\ff_fat.o
                0x0000bd14                FF_ReleaseFATBuffers
 .text.prvGetFromFATBuffers
                0x0000bd70       0xa4 ..\obj\ff_fat.o
                0x0000bd70                prvGetFromFATBuffers
 .text.FF_getFATEntry
                0x0000be14      0x190 ..\obj\ff_fat.o
                0x0000be14                FF_getFATEntry
 .text.FF_ClearCluster
                0x0000bfa4       0xc4 ..\obj\ff_fat.o
                0x0000bfa4                FF_ClearCluster
 .text.FF_TraverseFAT
                0x0000c068       0xc8 ..\obj\ff_fat.o
                0x0000c068                FF_TraverseFAT
 .text.FF_FindEndOfChain
                0x0000c130       0x48 ..\obj\ff_fat.o
                0x0000c130                FF_FindEndOfChain
 .text.FF_isEndOfChain
                0x0000c178       0x6c ..\obj\ff_fat.o
                0x0000c178                FF_isEndOfChain
 .text.FF_putFATEntry
                0x0000c1e4      0x204 ..\obj\ff_fat.o
                0x0000c1e4                FF_putFATEntry
 .text.FF_FindFreeCluster
                0x0000c3e8      0x1e8 ..\obj\ff_fat.o
                0x0000c3e8                FF_FindFreeCluster
 .text.FF_CreateClusterChain
                0x0000c5d0       0x4c ..\obj\ff_fat.o
                0x0000c5d0                FF_CreateClusterChain
 .text.FF_GetChainLength
                0x0000c61c       0x90 ..\obj\ff_fat.o
                0x0000c61c                FF_GetChainLength
 .text.FF_UnlinkClusterChain
                0x0000c6ac      0x130 ..\obj\ff_fat.o
                0x0000c6ac                FF_UnlinkClusterChain
 .text.FF_CountFreeClusters
                0x0000c7dc      0x174 ..\obj\ff_fat.o
                0x0000c7dc                FF_CountFreeClusters
 .text.stdioSET_ERRNO
                0x0000c950       0x1c ..\obj\ff_stdio.o
 .text.stdioSET_FF_ERROR
                0x0000c96c       0x1c ..\obj\ff_stdio.o
 .text.ff_fopen
                0x0000c988       0x78 ..\obj\ff_stdio.o
                0x0000c988                ff_fopen
 .text.ff_fclose
                0x0000ca00       0x48 ..\obj\ff_stdio.o
                0x0000ca00                ff_fclose
 .text.ff_fread
                0x0000ca48       0x60 ..\obj\ff_stdio.o
                0x0000ca48                ff_fread
 .text.prvFFErrorToErrno
                0x0000caa8      0x29c ..\obj\ff_stdio.o
 .text.pxFindCWD
                0x0000cd44       0x40 ..\obj\ff_stdio.o
 .text.prvProcessRelativePaths
                0x0000cd84       0xcc ..\obj\ff_stdio.o
 .text.prvABSPath
                0x0000ce50       0x80 ..\obj\ff_stdio.o
 .text.xEventGroupCreate
                0x0000ced0       0x34 ..\obj\event_groups.o
                0x0000ced0                xEventGroupCreate
 .text.xEventGroupWaitBits
                0x0000cf04      0x110 ..\obj\event_groups.o
                0x0000cf04                xEventGroupWaitBits
 .text.xEventGroupClearBits
                0x0000d014       0x34 ..\obj\event_groups.o
                0x0000d014                xEventGroupClearBits
 .text.xEventGroupSetBits
                0x0000d048       0xdc ..\obj\event_groups.o
                0x0000d048                xEventGroupSetBits
 .text.vEventGroupDelete
                0x0000d124       0x48 ..\obj\event_groups.o
                0x0000d124                vEventGroupDelete
 .text.prvTestWaitCondition
                0x0000d16c       0x44 ..\obj\event_groups.o
 .text.FF_PendSemaphore
                0x0000d1b0       0x1c ..\obj\ff_locking.o
                0x0000d1b0                FF_PendSemaphore
 .text.FF_ReleaseSemaphore
                0x0000d1cc       0x18 ..\obj\ff_locking.o
                0x0000d1cc                FF_ReleaseSemaphore
 .text.FF_LockDirectory
                0x0000d1e4       0x40 ..\obj\ff_locking.o
                0x0000d1e4                FF_LockDirectory
 .text.FF_UnlockDirectory
                0x0000d224       0x1c ..\obj\ff_locking.o
                0x0000d224                FF_UnlockDirectory
 .text.FF_Has_Lock
                0x0000d240       0x48 ..\obj\ff_locking.o
                0x0000d240                FF_Has_Lock
 .text.FF_Assert_Lock
                0x0000d288       0x18 ..\obj\ff_locking.o
                0x0000d288                FF_Assert_Lock
 .text.FF_LockFAT
                0x0000d2a0       0x48 ..\obj\ff_locking.o
                0x0000d2a0                FF_LockFAT
 .text.FF_UnlockFAT
                0x0000d2e8       0x24 ..\obj\ff_locking.o
                0x0000d2e8                FF_UnlockFAT
 .text.FF_BufferWait
                0x0000d30c       0x50 ..\obj\ff_locking.o
                0x0000d30c                FF_BufferWait
 .text.FF_BufferProceed
                0x0000d35c       0x1c ..\obj\ff_locking.o
                0x0000d35c                FF_BufferProceed
 .text.webCodename
                0x0000d378       0x9c ..\obj\FreeRTOS_HTTP_commands.o
                0x0000d378                webCodename
 .text.pvPortMalloc
                0x0000d414      0x11c ..\obj\heap_2.o
                0x0000d414                pvPortMalloc
 .text.vPortFree
                0x0000d530       0x74 ..\obj\heap_2.o
                0x0000d530                vPortFree
 .text.prvHeapInit
                0x0000d5a4       0x50 ..\obj\heap_2.o
 .text.FreeRTOS_max_uint32
                0x0000d5f4       0x20 ..\obj\FreeRTOS_Sockets.o
 .text.FreeRTOS_min_int32
                0x0000d614       0x20 ..\obj\FreeRTOS_Sockets.o
 .text.FreeRTOS_min_uint32
                0x0000d634       0x20 ..\obj\FreeRTOS_Sockets.o
 .text.FreeRTOS_round_up
                0x0000d654       0x28 ..\obj\FreeRTOS_Sockets.o
 .text.vStreamBufferClear
                0x0000d67c       0x2c ..\obj\FreeRTOS_Sockets.o
 .text.uxStreamBufferSpace
                0x0000d6a8       0x3c ..\obj\FreeRTOS_Sockets.o
 .text.uxStreamBufferDistance
                0x0000d6e4       0x3c ..\obj\FreeRTOS_Sockets.o
 .text.uxStreamBufferGetSpace
                0x0000d720       0x28 ..\obj\FreeRTOS_Sockets.o
 .text.uxStreamBufferFrontSpace
                0x0000d748       0x28 ..\obj\FreeRTOS_Sockets.o
 .text.uxStreamBufferGetSize
                0x0000d770       0x28 ..\obj\FreeRTOS_Sockets.o
 .text.uxStreamBufferGetPtr
                0x0000d798       0x40 ..\obj\FreeRTOS_Sockets.o
 .text.prvValidSocket
                0x0000d7d8       0x58 ..\obj\FreeRTOS_Sockets.o
 .text.vNetworkSocketsInit
                0x0000d830       0x8c ..\obj\FreeRTOS_Sockets.o
                0x0000d830                vNetworkSocketsInit
 .text.prvDetermineSocketSize
                0x0000d8bc       0x64 ..\obj\FreeRTOS_Sockets.o
 .text.FreeRTOS_socket
                0x0000d920      0x134 ..\obj\FreeRTOS_Sockets.o
                0x0000d920                FreeRTOS_socket
 .text.FreeRTOS_CreateSocketSet
                0x0000da54       0x44 ..\obj\FreeRTOS_Sockets.o
                0x0000da54                FreeRTOS_CreateSocketSet
 .text.FreeRTOS_DeleteSocketSet
                0x0000da98       0x24 ..\obj\FreeRTOS_Sockets.o
                0x0000da98                FreeRTOS_DeleteSocketSet
 .text.FreeRTOS_FD_SET
                0x0000dabc       0x4c ..\obj\FreeRTOS_Sockets.o
                0x0000dabc                FreeRTOS_FD_SET
 .text.FreeRTOS_FD_CLR
                0x0000db08       0x48 ..\obj\FreeRTOS_Sockets.o
                0x0000db08                FreeRTOS_FD_CLR
 .text.FreeRTOS_select
                0x0000db50       0x7c ..\obj\FreeRTOS_Sockets.o
                0x0000db50                FreeRTOS_select
 .text.prvFindSelectedSocket
                0x0000dbcc       0x5c ..\obj\FreeRTOS_Sockets.o
 .text.FreeRTOS_bind
                0x0000dc28       0xc0 ..\obj\FreeRTOS_Sockets.o
                0x0000dc28                FreeRTOS_bind
 .text.vSocketBind
                0x0000dce8       0xd0 ..\obj\FreeRTOS_Sockets.o
                0x0000dce8                vSocketBind
 .text.FreeRTOS_closesocket
                0x0000ddb8       0x4c ..\obj\FreeRTOS_Sockets.o
                0x0000ddb8                FreeRTOS_closesocket
 .text.vSocketClose
                0x0000de04       0xc0 ..\obj\FreeRTOS_Sockets.o
                0x0000de04                vSocketClose
 .text.prvTCPSetSocketCount
                0x0000dec4       0x6c ..\obj\FreeRTOS_Sockets.o
 .text.FreeRTOS_setsockopt
                0x0000df30      0x32c ..\obj\FreeRTOS_Sockets.o
                0x0000df30                FreeRTOS_setsockopt
 .text.prvGetPrivatePortNumber
                0x0000e25c       0x98 ..\obj\FreeRTOS_Sockets.o
 .text.pxListFindListItemWithValue
                0x0000e2f4       0x54 ..\obj\FreeRTOS_Sockets.o
 .text.pxUDPSocketLookup
                0x0000e348       0x30 ..\obj\FreeRTOS_Sockets.o
                0x0000e348                pxUDPSocketLookup
 .text.vSocketWakeUpUser
                0x0000e378       0x78 ..\obj\FreeRTOS_Sockets.o
                0x0000e378                vSocketWakeUpUser
 .text.FreeRTOS_accept
                0x0000e3f0      0x19c ..\obj\FreeRTOS_Sockets.o
                0x0000e3f0                FreeRTOS_accept
 .text.FreeRTOS_recv
                0x0000e58c      0x1a8 ..\obj\FreeRTOS_Sockets.o
                0x0000e58c                FreeRTOS_recv
 .text.prvTCPSendCheck
                0x0000e734       0x9c ..\obj\FreeRTOS_Sockets.o
 .text.FreeRTOS_send
                0x0000e7d0      0x180 ..\obj\FreeRTOS_Sockets.o
                0x0000e7d0                FreeRTOS_send
 .text.FreeRTOS_listen
                0x0000e950       0xd8 ..\obj\FreeRTOS_Sockets.o
                0x0000e950                FreeRTOS_listen
 .text.xTCPTimerCheck
                0x0000ea28       0xe4 ..\obj\FreeRTOS_Sockets.o
                0x0000ea28                xTCPTimerCheck
 .text.pxTCPSocketLookup
                0x0000eb0c       0x8c ..\obj\FreeRTOS_Sockets.o
                0x0000eb0c                pxTCPSocketLookup
 .text.prvTCPCreateStream
                0x0000eb98       0xbc ..\obj\FreeRTOS_Sockets.o
 .text.lTCPAddRxdata
                0x0000ec54       0xc4 ..\obj\FreeRTOS_Sockets.o
                0x0000ec54                lTCPAddRxdata
 .text.FreeRTOS_tx_space
                0x0000ed18       0x48 ..\obj\FreeRTOS_Sockets.o
                0x0000ed18                FreeRTOS_tx_space
 .text.FreeRTOS_tx_size
                0x0000ed60       0x44 ..\obj\FreeRTOS_Sockets.o
                0x0000ed60                FreeRTOS_tx_size
 .text.FreeRTOS_rx_size
                0x0000eda4       0x44 ..\obj\FreeRTOS_Sockets.o
                0x0000eda4                FreeRTOS_rx_size
 .text.vSocketSelect
                0x0000ede8      0x210 ..\obj\FreeRTOS_Sockets.o
                0x0000ede8                vSocketSelect
 .text.FF_Mounted
                0x0000eff8       0x28 ..\obj\ff_sys.o
 .text.FF_FS_Find
                0x0000f020       0xf8 ..\obj\ff_sys.o
                0x0000f020                FF_FS_Find
 .text.memcmp   0x0000f118       0x64 C:\Program Files (x86)\GNU Tools ARM Embedded\5.4 2016q2\arm-none-eabi\lib\armv7-m\libc.a(lib_a-memcmp.o)
                0x0000f118                memcmp
 .text          0x0000f17c       0xec C:\Program Files (x86)\GNU Tools ARM Embedded\5.4 2016q2\arm-none-eabi\lib\armv7-m\libc.a(lib_a-memcpy.o)
                0x0000f17c                memcpy
 .text.memmove  0x0000f268       0xc8 C:\Program Files (x86)\GNU Tools ARM Embedded\5.4 2016q2\arm-none-eabi\lib\armv7-m\libc.a(lib_a-memmove.o)
                0x0000f268                memmove
 .text.memset   0x0000f330       0x9c C:\Program Files (x86)\GNU Tools ARM Embedded\5.4 2016q2\arm-none-eabi\lib\armv7-m\libc.a(lib_a-memset.o)
                0x0000f330                memset
 .text.rand     0x0000f3cc       0x40 C:\Program Files (x86)\GNU Tools ARM Embedded\5.4 2016q2\arm-none-eabi\lib\armv7-m\libc.a(lib_a-rand.o)
                0x0000f3cc                rand
 .text.snprintf
                0x0000f40c       0x98 C:\Program Files (x86)\GNU Tools ARM Embedded\5.4 2016q2\arm-none-eabi\lib\armv7-m\libc.a(lib_a-snprintf.o)
                0x0000f40c                snprintf
 .text.sprintf  0x0000f4a4       0x4c C:\Program Files (x86)\GNU Tools ARM Embedded\5.4 2016q2\arm-none-eabi\lib\armv7-m\libc.a(lib_a-sprintf.o)
                0x0000f4a4                sprintf
 .text.strchr   0x0000f4f0       0xd0 C:\Program Files (x86)\GNU Tools ARM Embedded\5.4 2016q2\arm-none-eabi\lib\armv7-m\libc.a(lib_a-strchr.o)
                0x0000f4f0                strchr
 .text          0x0000f5c0      0x1bc C:\Program Files (x86)\GNU Tools ARM Embedded\5.4 2016q2\arm-none-eabi\lib\armv7-m\libc.a(lib_a-strcmp.o)
                0x0000f5c0                strcmp
 .text.strcpy   0x0000f77c       0xbc C:\Program Files (x86)\GNU Tools ARM Embedded\5.4 2016q2\arm-none-eabi\lib\armv7-m\libc.a(lib_a-strcpy.o)
                0x0000f77c                strcpy
 .text.strlen   0x0000f838       0x5c C:\Program Files (x86)\GNU Tools ARM Embedded\5.4 2016q2\arm-none-eabi\lib\armv7-m\libc.a(lib_a-strlen-stub.o)
                0x0000f838                strlen
 .text.strncpy  0x0000f894       0x68 C:\Program Files (x86)\GNU Tools ARM Embedded\5.4 2016q2\arm-none-eabi\lib\armv7-m\libc.a(lib_a-strncpy.o)
                0x0000f894                strncpy
 .text._svfprintf_r
                0x0000f8fc     0x175c C:\Program Files (x86)\GNU Tools ARM Embedded\5.4 2016q2\arm-none-eabi\lib\armv7-m\libc.a(lib_a-svfprintf.o)
                0x0000f8fc                _svfprintf_r
 .text.quorem   0x00011058      0x12c C:\Program Files (x86)\GNU Tools ARM Embedded\5.4 2016q2\arm-none-eabi\lib\armv7-m\libc.a(lib_a-dtoa.o)
 *fill*         0x00011184        0x4 
 .text._dtoa_r  0x00011188      0xe4c C:\Program Files (x86)\GNU Tools ARM Embedded\5.4 2016q2\arm-none-eabi\lib\armv7-m\libc.a(lib_a-dtoa.o)
                0x00011188                _dtoa_r
 .text._localeconv_r
                0x00011fd4        0x8 C:\Program Files (x86)\GNU Tools ARM Embedded\5.4 2016q2\arm-none-eabi\lib\armv7-m\libc.a(lib_a-locale.o)
                0x00011fd4                _localeconv_r
 .text._malloc_r
                0x00011fdc      0x558 C:\Program Files (x86)\GNU Tools ARM Embedded\5.4 2016q2\arm-none-eabi\lib\armv7-m\libc.a(lib_a-mallocr.o)
                0x00011fdc                _malloc_r
 .text.memchr   0x00012534       0x8c C:\Program Files (x86)\GNU Tools ARM Embedded\5.4 2016q2\arm-none-eabi\lib\armv7-m\libc.a(lib_a-memchr-stub.o)
                0x00012534                memchr
 .text.__malloc_lock
                0x000125c0        0x4 C:\Program Files (x86)\GNU Tools ARM Embedded\5.4 2016q2\arm-none-eabi\lib\armv7-m\libc.a(lib_a-mlock.o)
                0x000125c0                __malloc_lock
 .text.__malloc_unlock
                0x000125c4        0x4 C:\Program Files (x86)\GNU Tools ARM Embedded\5.4 2016q2\arm-none-eabi\lib\armv7-m\libc.a(lib_a-mlock.o)
                0x000125c4                __malloc_unlock
 .text._Balloc  0x000125c8       0x50 C:\Program Files (x86)\GNU Tools ARM Embedded\5.4 2016q2\arm-none-eabi\lib\armv7-m\libc.a(lib_a-mprec.o)
                0x000125c8                _Balloc
 .text._Bfree   0x00012618       0x14 C:\Program Files (x86)\GNU Tools ARM Embedded\5.4 2016q2\arm-none-eabi\lib\armv7-m\libc.a(lib_a-mprec.o)
                0x00012618                _Bfree
 .text.__multadd
                0x0001262c       0x80 C:\Program Files (x86)\GNU Tools ARM Embedded\5.4 2016q2\arm-none-eabi\lib\armv7-m\libc.a(lib_a-mprec.o)
                0x0001262c                __multadd
 .text.__hi0bits
                0x000126ac       0x40 C:\Program Files (x86)\GNU Tools ARM Embedded\5.4 2016q2\arm-none-eabi\lib\armv7-m\libc.a(lib_a-mprec.o)
                0x000126ac                __hi0bits
 .text.__lo0bits
                0x000126ec       0x5c C:\Program Files (x86)\GNU Tools ARM Embedded\5.4 2016q2\arm-none-eabi\lib\armv7-m\libc.a(lib_a-mprec.o)
                0x000126ec                __lo0bits
 .text.__i2b    0x00012748       0x14 C:\Program Files (x86)\GNU Tools ARM Embedded\5.4 2016q2\arm-none-eabi\lib\armv7-m\libc.a(lib_a-mprec.o)
                0x00012748                __i2b
 .text.__multiply
                0x0001275c      0x13c C:\Program Files (x86)\GNU Tools ARM Embedded\5.4 2016q2\arm-none-eabi\lib\armv7-m\libc.a(lib_a-mprec.o)
                0x0001275c                __multiply
 .text.__pow5mult
                0x00012898       0xa0 C:\Program Files (x86)\GNU Tools ARM Embedded\5.4 2016q2\arm-none-eabi\lib\armv7-m\libc.a(lib_a-mprec.o)
                0x00012898                __pow5mult
 .text.__lshift
                0x00012938       0xac C:\Program Files (x86)\GNU Tools ARM Embedded\5.4 2016q2\arm-none-eabi\lib\armv7-m\libc.a(lib_a-mprec.o)
                0x00012938                __lshift
 .text.__mcmp   0x000129e4       0x40 C:\Program Files (x86)\GNU Tools ARM Embedded\5.4 2016q2\arm-none-eabi\lib\armv7-m\libc.a(lib_a-mprec.o)
                0x000129e4                __mcmp
 .text.__mdiff  0x00012a24      0x128 C:\Program Files (x86)\GNU Tools ARM Embedded\5.4 2016q2\arm-none-eabi\lib\armv7-m\libc.a(lib_a-mprec.o)
                0x00012a24                __mdiff
 .text.__d2b    0x00012b4c       0xa8 C:\Program Files (x86)\GNU Tools ARM Embedded\5.4 2016q2\arm-none-eabi\lib\armv7-m\libc.a(lib_a-mprec.o)
                0x00012b4c                __d2b
 .text._sbrk_r  0x00012bf4       0x24 C:\Program Files (x86)\GNU Tools ARM Embedded\5.4 2016q2\arm-none-eabi\lib\armv7-m\libc.a(lib_a-sbrkr.o)
                0x00012bf4                _sbrk_r
 .text.__ssprint_r
                0x00012c18      0x100 C:\Program Files (x86)\GNU Tools ARM Embedded\5.4 2016q2\arm-none-eabi\lib\armv7-m\libc.a(lib_a-svfiprintf.o)
                0x00012c18                __ssprint_r
 .text._calloc_r
                0x00012d18       0x60 C:\Program Files (x86)\GNU Tools ARM Embedded\5.4 2016q2\arm-none-eabi\lib\armv7-m\libc.a(lib_a-callocr.o)
                0x00012d18                _calloc_r
 .text._malloc_trim_r
                0x00012d78       0x9c C:\Program Files (x86)\GNU Tools ARM Embedded\5.4 2016q2\arm-none-eabi\lib\armv7-m\libc.a(lib_a-freer.o)
                0x00012d78                _malloc_trim_r
 .text._free_r  0x00012e14      0x1d0 C:\Program Files (x86)\GNU Tools ARM Embedded\5.4 2016q2\arm-none-eabi\lib\armv7-m\libc.a(lib_a-freer.o)
                0x00012e14                _free_r
 .text._realloc_r
                0x00012fe4      0x3d4 C:\Program Files (x86)\GNU Tools ARM Embedded\5.4 2016q2\arm-none-eabi\lib\armv7-m\libc.a(lib_a-reallocr.o)
                0x00012fe4                _realloc_r
 .text._sbrk    0x000133b8       0x1c C:\Program Files (x86)\GNU Tools ARM Embedded\5.4 2016q2\arm-none-eabi\lib\armv7-m\libnosys.a(sbrk.o)
                0x000133b8                _sbrk
 .text          0x000133d4      0x370 C:\Program Files (x86)\GNU Tools ARM Embedded\5.4 2016q2\lib\gcc\arm-none-eabi\5.4.1\armv7-m\libgcc.a(_arm_addsubdf3.o)
                0x000133d4                __aeabi_drsub
                0x000133dc                __aeabi_dsub
                0x000133dc                __subdf3
                0x000133e0                __aeabi_dadd
                0x000133e0                __adddf3
                0x00013658                __floatunsidf
                0x00013658                __aeabi_ui2d
                0x00013678                __floatsidf
                0x00013678                __aeabi_i2d
                0x0001369c                __aeabi_f2d
                0x0001369c                __extendsfdf2
                0x000136d8                __floatundidf
                0x000136d8                __aeabi_ul2d
                0x000136e8                __floatdidf
                0x000136e8                __aeabi_l2d
 .text          0x00013744      0x424 C:\Program Files (x86)\GNU Tools ARM Embedded\5.4 2016q2\lib\gcc\arm-none-eabi\5.4.1\armv7-m\libgcc.a(_arm_muldivdf3.o)
                0x00013744                __aeabi_dmul
                0x00013744                __muldf3
                0x00013998                __divdf3
                0x00013998                __aeabi_ddiv
 .text          0x00013b68      0x110 C:\Program Files (x86)\GNU Tools ARM Embedded\5.4 2016q2\lib\gcc\arm-none-eabi\5.4.1\armv7-m\libgcc.a(_arm_cmpdf2.o)
                0x00013b68                __gtdf2
                0x00013b68                __gedf2
                0x00013b70                __ltdf2
                0x00013b70                __ledf2
                0x00013b78                __nedf2
                0x00013b78                __eqdf2
                0x00013b78                __cmpdf2
                0x00013bf4                __aeabi_cdrcmple
                0x00013c04                __aeabi_cdcmpeq
                0x00013c04                __aeabi_cdcmple
                0x00013c14                __aeabi_dcmpeq
                0x00013c28                __aeabi_dcmplt
                0x00013c3c                __aeabi_dcmple
                0x00013c50                __aeabi_dcmpge
                0x00013c64                __aeabi_dcmpgt
 .text          0x00013c78       0x2c C:\Program Files (x86)\GNU Tools ARM Embedded\5.4 2016q2\lib\gcc\arm-none-eabi\5.4.1\armv7-m\libgcc.a(_arm_unorddf2.o)
                0x00013c78                __unorddf2
                0x00013c78                __aeabi_dcmpun
 .text          0x00013ca4       0x50 C:\Program Files (x86)\GNU Tools ARM Embedded\5.4 2016q2\lib\gcc\arm-none-eabi\5.4.1\armv7-m\libgcc.a(_arm_fixdfsi.o)
                0x00013ca4                __aeabi_d2iz
                0x00013ca4                __fixdfsi
 .text          0x00013cf4       0x30 C:\Program Files (x86)\GNU Tools ARM Embedded\5.4 2016q2\lib\gcc\arm-none-eabi\5.4.1\armv7-m\libgcc.a(_aeabi_uldivmod.o)
                0x00013cf4                __aeabi_uldivmod
 .text          0x00013d24      0x2ec C:\Program Files (x86)\GNU Tools ARM Embedded\5.4 2016q2\lib\gcc\arm-none-eabi\5.4.1\armv7-m\libgcc.a(_udivmoddi4.o)
                0x00013d24                __udivmoddi4
 .text          0x00014010        0x4 C:\Program Files (x86)\GNU Tools ARM Embedded\5.4 2016q2\lib\gcc\arm-none-eabi\5.4.1\armv7-m\libgcc.a(_dvmd_tls.o)
                0x00014010                __aeabi_idiv0
                0x00014010                __aeabi_ldiv0
 *(.init)
 *(.fini)
 *crtbegin.o(.ctors)
 *crtbegin?.o(.ctors)
 *(EXCLUDE_FILE(*crtend.o *crtend?.o) .ctors)
 *(SORT(.ctors.*))
 *(.ctors)
 *crtbegin.o(.dtors)
 *crtbegin?.o(.dtors)
 *(EXCLUDE_FILE(*crtend.o *crtend?.o) .dtors)
 *(SORT(.dtors.*))
 *(.dtors)
 *(.rodata*)
 .rodata        0x00014014       0x17 ..\obj\FreeRTOS_TCP_server.o
 *fill*         0x0001402b        0x1 
 .rodata        0x0001402c        0xb ..\obj\ff_dev_support.o
                0x0001402c                pcDevicePath
 *fill*         0x00014037        0x1 
 .rodata        0x00014038      0x14d ..\obj\FreeRTOS_HTTP_server.o
 *fill*         0x00014185        0x3 
 .rodata        0x00014188       0x28 ..\obj\FreeRTOS_IP.o
                0x00014188                xBroadcastMACAddress
 .rodata        0x000141b0        0x7 ..\obj\lpc17xx_emac.o
                0x000141b0                EMAC_clkdiv
 *fill*         0x000141b7        0x1 
 .rodata        0x000141b8       0x26 ..\obj\ff_file.o
 *fill*         0x000141de        0x2 
 .rodata        0x000141e0      0x700 ..\obj\ff_crc.o
                0x000141e0                crc32_table
 .rodata        0x000148e0       0x26 ..\obj\FreeRTOS_ARP.o
 *fill*         0x00014906        0x2 
 .rodata        0x00014908       0x3c ..\obj\main.o
                0x00014908                ETHERNET_MAC_ADDRESS
                0x00014910                APP_DEFAULT_IP_ADDRESS
                0x00014914                APP_DEFAULT_NETMASK
                0x00014918                APP_DEFAULT_GATEWAY
                0x0001491c                APP_DEFAULT_NAMESERVER
 .rodata        0x00014944        0xd ..\obj\timers.o
 *fill*         0x00014951        0x3 
 .rodata        0x00014954       0x26 ..\obj\ff_dir.o
 *fill*         0x0001497a        0x2 
 .rodata        0x0001497c        0x5 ..\obj\tasks.o
 *fill*         0x00014981        0x3 
 .rodata        0x00014984        0xc ..\obj\NetworkInterface.o
 .rodata        0x00014990        0xe ..\obj\BufferAllocation_2.o
                0x00014990                xBufferAllocFixedSize
 *fill*         0x0001499e        0x2 
 .rodata        0x000149a0      0x19a ..\obj\ff_ioman.o
 *fill*         0x00014b3a        0x2 
 .rodata        0x00014b3c       0x4a ..\obj\ff_stdio.o
 *fill*         0x00014b86        0x2 
 .rodata        0x00014b88      0x13c ..\obj\FreeRTOS_HTTP_commands.o
                0x00014bd0                xWebCommands
 .rodata        0x00014cc4       0x4b ..\obj\ff_sys.o
 *fill*         0x00014d0f        0x1 
 .rodata.blanks.7055
                0x00014d10       0x10 C:\Program Files (x86)\GNU Tools ARM Embedded\5.4 2016q2\arm-none-eabi\lib\armv7-m\libc.a(lib_a-svfprintf.o)
 .rodata.str1.4
                0x00014d20       0x42 C:\Program Files (x86)\GNU Tools ARM Embedded\5.4 2016q2\arm-none-eabi\lib\armv7-m\libc.a(lib_a-svfprintf.o)
 *fill*         0x00014d62        0x2 
 .rodata.zeroes.7056
                0x00014d64       0x10 C:\Program Files (x86)\GNU Tools ARM Embedded\5.4 2016q2\arm-none-eabi\lib\armv7-m\libc.a(lib_a-svfprintf.o)
 .rodata.str1.4
                0x00014d74       0x10 C:\Program Files (x86)\GNU Tools ARM Embedded\5.4 2016q2\arm-none-eabi\lib\armv7-m\libc.a(lib_a-dtoa.o)
                                 0x12 (size before relaxing)
 .rodata.str1.4
                0x00014d84        0x2 C:\Program Files (x86)\GNU Tools ARM Embedded\5.4 2016q2\arm-none-eabi\lib\armv7-m\libc.a(lib_a-impure.o)
 *fill*         0x00014d86        0x2 
 .rodata.str1.4
                0x00014d88        0xc C:\Program Files (x86)\GNU Tools ARM Embedded\5.4 2016q2\arm-none-eabi\lib\armv7-m\libc.a(lib_a-locale.o)
                                 0x12 (size before relaxing)
 *fill*         0x00014d94        0x4 
 .rodata.__mprec_tens
                0x00014d98       0xc8 C:\Program Files (x86)\GNU Tools ARM Embedded\5.4 2016q2\arm-none-eabi\lib\armv7-m\libc.a(lib_a-mprec.o)
                0x00014d98                __mprec_tens
 .rodata.__mprec_bigtens
                0x00014e60       0x28 C:\Program Files (x86)\GNU Tools ARM Embedded\5.4 2016q2\arm-none-eabi\lib\armv7-m\libc.a(lib_a-mprec.o)
                0x00014e60                __mprec_bigtens
 .rodata.p05.5396
                0x00014e88        0xc C:\Program Files (x86)\GNU Tools ARM Embedded\5.4 2016q2\arm-none-eabi\lib\armv7-m\libc.a(lib_a-mprec.o)
 *(.eh_fram e*)

.glue_7         0x00014e94        0x0
 .glue_7        0x00014e94        0x0 linker stubs

.glue_7t        0x00014e94        0x0
 .glue_7t       0x00014e94        0x0 linker stubs

.vfp11_veneer   0x00014e94        0x0
 .vfp11_veneer  0x00014e94        0x0 linker stubs

.v4_bx          0x00014e94        0x0
 .v4_bx         0x00014e94        0x0 linker stubs

.iplt           0x00014e94        0x0
 .iplt          0x00014e94        0x0 ..\obj\FreeRTOS_TCP_server.o

.ARM.extab
 *(.ARM.extab* .gnu.linkonce.armextab.*)
                0x00014e94                __exidx_start = .

.ARM.exidx      0x00014e94        0x8
 *(.ARM.exidx* .gnu.linkonce.armexidx.*)
 .ARM.exidx     0x00014e94        0x8 C:\Program Files (x86)\GNU Tools ARM Embedded\5.4 2016q2\lib\gcc\arm-none-eabi\5.4.1\armv7-m\libgcc.a(_udivmoddi4.o)
                0x00014e9c                __exidx_end = .
                0x00014e9c                __etext = .
                0x00014e9c                _sidata = __etext

.rel.dyn        0x00014e9c        0x0
 .rel.iplt      0x00014e9c        0x0 ..\obj\FreeRTOS_TCP_server.o

.data           0x10000000      0x904 load address 0x00014e9c
                0x10000000                __data_start__ = .
                0x10000000                _sdata = __data_start__
 *(vtable)
 *(.data*)
 .data          0x10000000       0x18 ..\obj\FreeRTOS_UDP_IP.o
                0x10000000                xDefaultPartUDPPacketHeader
 .data          0x10000018       0x68 ..\obj\FreeRTOS_HTTP_server.o
 .data          0x10000080        0x4 ..\obj\system_LPC17xx.o
                0x10000080                SystemCoreClock
 .data          0x10000084        0x4 ..\obj\port.o
 .data          0x10000088        0x4 ..\obj\heap_2.o
 *fill*         0x1000008c        0x4 
 .data.impure_data
                0x10000090      0x428 C:\Program Files (x86)\GNU Tools ARM Embedded\5.4 2016q2\arm-none-eabi\lib\armv7-m\libc.a(lib_a-impure.o)
 .data._impure_ptr
                0x100004b8        0x4 C:\Program Files (x86)\GNU Tools ARM Embedded\5.4 2016q2\arm-none-eabi\lib\armv7-m\libc.a(lib_a-impure.o)
                0x100004b8                _impure_ptr
 .data.lconv    0x100004bc       0x38 C:\Program Files (x86)\GNU Tools ARM Embedded\5.4 2016q2\arm-none-eabi\lib\armv7-m\libc.a(lib_a-locale.o)
 .data.__malloc_av_
                0x100004f4      0x408 C:\Program Files (x86)\GNU Tools ARM Embedded\5.4 2016q2\arm-none-eabi\lib\armv7-m\libc.a(lib_a-mallocr.o)
                0x100004f4                __malloc_av_
 .data.__malloc_trim_threshold
                0x100008fc        0x4 C:\Program Files (x86)\GNU Tools ARM Embedded\5.4 2016q2\arm-none-eabi\lib\armv7-m\libc.a(lib_a-mallocr.o)
                0x100008fc                __malloc_trim_threshold
 .data.__malloc_sbrk_base
                0x10000900        0x4 C:\Program Files (x86)\GNU Tools ARM Embedded\5.4 2016q2\arm-none-eabi\lib\armv7-m\libc.a(lib_a-mallocr.o)
                0x10000900                __malloc_sbrk_base
                0x10000904                . = ALIGN (0x4)
                [!provide]                PROVIDE (__preinit_array_start, .)
 *(.preinit_array)
                [!provide]                PROVIDE (__preinit_array_end, .)
                0x10000904                . = ALIGN (0x4)
                [!provide]                PROVIDE (__init_array_start, .)
 *(SORT(.init_array.*))
 *(.init_array)
                [!provide]                PROVIDE (__init_array_end, .)
                0x10000904                . = ALIGN (0x4)
                [!provide]                PROVIDE (__fini_array_start, .)
 *(SORT(.fini_array.*))
 *(.fini_array)
                [!provide]                PROVIDE (__fini_array_end, .)
 *(.jcr*)
                0x10000904                . = ALIGN (0x4)
                0x10000904                __data_end__ = .
                0x10000904                _edata = __data_end__

.igot.plt       0x10000904        0x0 load address 0x000157a0
 .igot.plt      0x10000904        0x0 ..\obj\FreeRTOS_TCP_server.o

.bss            0x10000908     0x6f68 load address 0x000157a8
                0x10000908                . = ALIGN (0x4)
                0x10000908                __bss_start__ = .
                0x10000908                _sbss = __bss_start__
 *(.bss*)
 .bss           0x10000908       0x70 ..\obj\FreeRTOS_IP.o
                0x10000908                xNetworkEventQueue
                0x1000090c                usPacketIdentifier
                0x10000910                xNetworkAddressing
                0x10000924                xDefaultAddressing
 .bss           0x10000978     0x2a64 ..\obj\lpc17xx_emac.o
 .bss           0x100033dc       0x1c ..\obj\FreeRTOS_TCP_WIN.o
                0x100033f4                xTCPWindowLoggingLevel
 .bss           0x100033f8       0x4c ..\obj\FreeRTOS_ARP.o
 .bss           0x10003444        0x4 ..\obj\main.o
 .bss           0x10003448        0x4 ..\obj\FreeRTOS_TCP_IP.o
                0x10003448                ulNextInitialSequenceNumber
 .bss           0x1000344c       0xfc ..\obj\timers.o
 .bss           0x10003548      0x6f8 ..\obj\staticAllocationImpl.o
 .bss           0x10003c40      0x140 ..\obj\tasks.o
                0x10003c40                pxCurrentTCB
 .bss           0x10003d80        0x4 ..\obj\NetworkInterface.o
 .bss           0x10003d84      0xf1c ..\obj\BufferAllocation_2.o
 .bss           0x10004ca0        0xc ..\obj\port.o
 .bss           0x10004cac     0x2814 ..\obj\heap_2.o
 .bss           0x100074c0        0x8 ..\obj\FreeRTOS_Sockets.o
 .bss           0x100074c8       0xc4 ..\obj\ff_sys.o
 .bss.__malloc_max_total_mem
                0x1000758c        0x4 C:\Program Files (x86)\GNU Tools ARM Embedded\5.4 2016q2\arm-none-eabi\lib\armv7-m\libc.a(lib_a-mallocr.o)
                0x1000758c                __malloc_max_total_mem
 .bss.__malloc_max_sbrked_mem
                0x10007590        0x4 C:\Program Files (x86)\GNU Tools ARM Embedded\5.4 2016q2\arm-none-eabi\lib\armv7-m\libc.a(lib_a-mallocr.o)
                0x10007590                __malloc_max_sbrked_mem
 .bss.__malloc_top_pad
                0x10007594        0x4 C:\Program Files (x86)\GNU Tools ARM Embedded\5.4 2016q2\arm-none-eabi\lib\armv7-m\libc.a(lib_a-mallocr.o)
                0x10007594                __malloc_top_pad
 .bss.__malloc_current_mallinfo
                0x10007598       0x28 C:\Program Files (x86)\GNU Tools ARM Embedded\5.4 2016q2\arm-none-eabi\lib\armv7-m\libc.a(lib_a-mallocr.o)
                0x10007598                __malloc_current_mallinfo
 .bss.heap_end.4167
                0x100075c0        0x4 C:\Program Files (x86)\GNU Tools ARM Embedded\5.4 2016q2\arm-none-eabi\lib\armv7-m\libnosys.a(sbrk.o)
 *(COMMON)
 COMMON         0x100075c4      0x180 ..\obj\ff_dev_support.o
                0x100075c4                xFiles
 COMMON         0x10007744      0x100 ..\obj\queue.o
                0x10007744                xQueueRegistry
 COMMON         0x10007844       0x28 ..\obj\FreeRTOS_Sockets.o
                0x10007844                xBoundTCPSocketsList
                0x10007858                xBoundUDPSocketsList
 COMMON         0x1000786c        0x4 C:\Program Files (x86)\GNU Tools ARM Embedded\5.4 2016q2\arm-none-eabi\lib\armv7-m\libc.a(lib_a-reent.o)
                0x1000786c                errno
                0x10007870                . = ALIGN (0x4)
                0x10007870                __bss_end__ = .
                0x10007870                _ebss = __bss_end__

.heap           0x10007870        0x0
                0x10007870                __end__ = .
                0x10007870                _end = __end__
                0x10007870                end = __end__
 *(.heap*)
                0x10007870                __HeapLimit = .

.co_stack       0x10007870      0x400 load address 0x0001c710
                0x10007870                . = ALIGN (0x8)
 *(.co_stack .co_stack.*)
 .co_stack      0x10007870      0x400 ..\obj\startup_LPC17xx.o
                0x10007870                pulStack
                0x10008000                __StackTop = (ORIGIN (ram) + LENGTH (ram))
                0x10007c00                __StackLimit = (__StackTop - SIZEOF (.co_stack))
                [!provide]                PROVIDE (__stack, __StackTop)
                0x00000001                ASSERT ((__StackLimit >= __HeapLimit), region ram  overflowed with stack)
LOAD C:\Program Files (x86)\GNU Tools ARM Embedded\5.4 2016q2\arm-none-eabi\lib\armv7-m\libc.a
LOAD ..\obj\FreeRTOS_TCP_server.o
LOAD ..\obj\ff_dev_support.o
LOAD ..\obj\FreeRTOS_UDP_IP.o
LOAD ..\obj\FreeRTOS_Stream_Buffer.o
LOAD ..\obj\FreeRTOS_DNS.o
LOAD ..\obj\configurationManager.o
LOAD ..\obj\lpc17xx_clkpwr.o
LOAD ..\obj\FreeRTOS_HTTP_server.o
LOAD ..\obj\FreeRTOS_IP.o
LOAD ..\obj\system_LPC17xx.o
LOAD ..\obj\lpc17xx_emac.o
LOAD ..\obj\ff_file.o
LOAD ..\obj\ff_crc.o
LOAD ..\obj\FreeRTOS_TCP_WIN.o
LOAD ..\obj\ff_time.o
LOAD ..\obj\FreeRTOS_ARP.o
LOAD ..\obj\main.o
LOAD ..\obj\FreeRTOS_TCP_IP.o
LOAD ..\obj\timers.o
LOAD ..\obj\ff_string.o
LOAD ..\obj\ff_dir.o
LOAD ..\obj\ff_format.o
LOAD ..\obj\lpc17xx_gpio.o
LOAD ..\obj\staticAllocationImpl.o
LOAD ..\obj\tasks.o
LOAD ..\obj\startup_LPC17xx.o
LOAD ..\obj\lpc17xx_libcfg_default.o
LOAD ..\obj\NetworkInterface.o
LOAD ..\obj\lpc17xx_pinsel.o
LOAD ..\obj\BufferAllocation_2.o
LOAD ..\obj\list.o
LOAD ..\obj\ff_memory.o
LOAD ..\obj\port.o
LOAD ..\obj\queue.o
LOAD ..\obj\ff_ioman.o
LOAD ..\obj\ff_fat.o
LOAD ..\obj\ff_stdio.o
LOAD ..\obj\event_groups.o
LOAD ..\obj\ff_locking.o
LOAD ..\obj\FreeRTOS_HTTP_commands.o
LOAD ..\obj\ff_error.o
LOAD ..\obj\FreeRTOS_DHCP.o
LOAD ..\obj\heap_2.o
LOAD ..\obj\ff_ramdisk.o
LOAD ..\obj\FreeRTOS_Sockets.o
LOAD ..\obj\ff_sys.o
LOAD C:\Program Files (x86)\GNU Tools ARM Embedded\5.4 2016q2\arm-none-eabi\lib\armv7-m\libc.a
LOAD C:\Program Files (x86)\GNU Tools ARM Embedded\5.4 2016q2\arm-none-eabi\lib\armv7-m\libm.a
LOAD C:\Program Files (x86)\GNU Tools ARM Embedded\5.4 2016q2\arm-none-eabi\lib\armv7-m\libg.a
LOAD C:\Program Files (x86)\GNU Tools ARM Embedded\5.4 2016q2\arm-none-eabi\lib\armv7-m\libnosys.a
LOAD C:\Program Files (x86)\GNU Tools ARM Embedded\5.4 2016q2\lib\gcc\arm-none-eabi\5.4.1\armv7-m\libgcc.a
START GROUP
LOAD C:\Program Files (x86)\GNU Tools ARM Embedded\5.4 2016q2\lib\gcc\arm-none-eabi\5.4.1\armv7-m\libgcc.a
LOAD C:\Program Files (x86)\GNU Tools ARM Embedded\5.4 2016q2\arm-none-eabi\lib\armv7-m\libg.a
LOAD C:\Program Files (x86)\GNU Tools ARM Embedded\5.4 2016q2\arm-none-eabi\lib\armv7-m\libc.a
END GROUP
OUTPUT(m3webbackbone.elf elf32-littlearm)

.debug_info     0x00000000    0x1a0f5
 .debug_info    0x00000000      0x634 ..\obj\FreeRTOS_TCP_server.o
 .debug_info    0x00000634      0x98b ..\obj\ff_dev_support.o
 .debug_info    0x00000fbf      0xe53 ..\obj\FreeRTOS_UDP_IP.o
 .debug_info    0x00001e12      0x454 ..\obj\FreeRTOS_Stream_Buffer.o
 .debug_info    0x00002266       0xac ..\obj\configurationManager.o
 .debug_info    0x00002312      0x67d ..\obj\lpc17xx_clkpwr.o
 .debug_info    0x0000298f      0xcea ..\obj\FreeRTOS_HTTP_server.o
 .debug_info    0x00003679     0x1e64 ..\obj\FreeRTOS_IP.o
 .debug_info    0x000054dd      0x4db ..\obj\system_LPC17xx.o
 .debug_info    0x000059b8      0xcb1 ..\obj\lpc17xx_emac.o
 .debug_info    0x00006669     0x190f ..\obj\ff_file.o
 .debug_info    0x00007f78      0x233 ..\obj\ff_crc.o
 .debug_info    0x000081ab     0x1020 ..\obj\FreeRTOS_TCP_WIN.o
 .debug_info    0x000091cb      0x78e ..\obj\FreeRTOS_ARP.o
 .debug_info    0x00009959      0x389 ..\obj\main.o
 .debug_info    0x00009ce2     0x21c6 ..\obj\FreeRTOS_TCP_IP.o
 .debug_info    0x0000bea8      0xd52 ..\obj\timers.o
 .debug_info    0x0000cbfa      0x3c9 ..\obj\ff_string.o
 .debug_info    0x0000cfc3     0x18c4 ..\obj\ff_dir.o
 .debug_info    0x0000e887      0x2e8 ..\obj\staticAllocationImpl.o
 .debug_info    0x0000eb6f     0x18cb ..\obj\tasks.o
 .debug_info    0x0001043a       0xee ..\obj\startup_LPC17xx.o
 .debug_info    0x00010528      0x387 ..\obj\NetworkInterface.o
 .debug_info    0x000108af      0x49b ..\obj\BufferAllocation_2.o
 .debug_info    0x00010d4a      0x2a0 ..\obj\list.o
 .debug_info    0x00010fea      0x3ae ..\obj\port.o
 .debug_info    0x00011398     0x1178 ..\obj\queue.o
 .debug_info    0x00012510     0x1288 ..\obj\ff_ioman.o
 .debug_info    0x00013798     0x1278 ..\obj\ff_fat.o
 .debug_info    0x00014a10     0x1522 ..\obj\ff_stdio.o
 .debug_info    0x00015f32      0x7ba ..\obj\event_groups.o
 .debug_info    0x000166ec      0x735 ..\obj\ff_locking.o
 .debug_info    0x00016e21      0x1b0 ..\obj\FreeRTOS_HTTP_commands.o
 .debug_info    0x00016fd1      0x2df ..\obj\heap_2.o
 .debug_info    0x000172b0     0x2629 ..\obj\FreeRTOS_Sockets.o
 .debug_info    0x000198d9      0x81c ..\obj\ff_sys.o

.debug_abbrev   0x00000000     0x41c3
 .debug_abbrev  0x00000000      0x1e2 ..\obj\FreeRTOS_TCP_server.o
 .debug_abbrev  0x000001e2      0x186 ..\obj\ff_dev_support.o
 .debug_abbrev  0x00000368      0x244 ..\obj\FreeRTOS_UDP_IP.o
 .debug_abbrev  0x000005ac      0x10a ..\obj\FreeRTOS_Stream_Buffer.o
 .debug_abbrev  0x000006b6       0x54 ..\obj\configurationManager.o
 .debug_abbrev  0x0000070a      0x1c7 ..\obj\lpc17xx_clkpwr.o
 .debug_abbrev  0x000008d1      0x288 ..\obj\FreeRTOS_HTTP_server.o
 .debug_abbrev  0x00000b59      0x320 ..\obj\FreeRTOS_IP.o
 .debug_abbrev  0x00000e79      0x101 ..\obj\system_LPC17xx.o
 .debug_abbrev  0x00000f7a      0x248 ..\obj\lpc17xx_emac.o
 .debug_abbrev  0x000011c2      0x28d ..\obj\ff_file.o
 .debug_abbrev  0x0000144f       0xeb ..\obj\ff_crc.o
 .debug_abbrev  0x0000153a      0x225 ..\obj\FreeRTOS_TCP_WIN.o
 .debug_abbrev  0x0000175f      0x1e7 ..\obj\FreeRTOS_ARP.o
 .debug_abbrev  0x00001946      0x18b ..\obj\main.o
 .debug_abbrev  0x00001ad1      0x34a ..\obj\FreeRTOS_TCP_IP.o
 .debug_abbrev  0x00001e1b      0x1f7 ..\obj\timers.o
 .debug_abbrev  0x00002012      0x10d ..\obj\ff_string.o
 .debug_abbrev  0x0000211f      0x272 ..\obj\ff_dir.o
 .debug_abbrev  0x00002391       0xc3 ..\obj\staticAllocationImpl.o
 .debug_abbrev  0x00002454      0x29e ..\obj\tasks.o
 .debug_abbrev  0x000026f2       0xa7 ..\obj\startup_LPC17xx.o
 .debug_abbrev  0x00002799      0x16a ..\obj\NetworkInterface.o
 .debug_abbrev  0x00002903      0x176 ..\obj\BufferAllocation_2.o
 .debug_abbrev  0x00002a79       0xbc ..\obj\list.o
 .debug_abbrev  0x00002b35      0x1f7 ..\obj\port.o
 .debug_abbrev  0x00002d2c      0x265 ..\obj\queue.o
 .debug_abbrev  0x00002f91      0x29f ..\obj\ff_ioman.o
 .debug_abbrev  0x00003230      0x23b ..\obj\ff_fat.o
 .debug_abbrev  0x0000346b      0x23b ..\obj\ff_stdio.o
 .debug_abbrev  0x000036a6      0x1e2 ..\obj\event_groups.o
 .debug_abbrev  0x00003888      0x151 ..\obj\ff_locking.o
 .debug_abbrev  0x000039d9       0xe5 ..\obj\FreeRTOS_HTTP_commands.o
 .debug_abbrev  0x00003abe      0x150 ..\obj\heap_2.o
 .debug_abbrev  0x00003c0e      0x3a0 ..\obj\FreeRTOS_Sockets.o
 .debug_abbrev  0x00003fae      0x215 ..\obj\ff_sys.o

.debug_aranges  0x00000000     0x1658
 .debug_aranges
                0x00000000       0x40 ..\obj\FreeRTOS_TCP_server.o
 .debug_aranges
                0x00000040       0x58 ..\obj\ff_dev_support.o
 .debug_aranges
                0x00000098       0x28 ..\obj\FreeRTOS_UDP_IP.o
 .debug_aranges
                0x000000c0       0x58 ..\obj\FreeRTOS_Stream_Buffer.o
 .debug_aranges
                0x00000118       0x38 ..\obj\configurationManager.o
 .debug_aranges
                0x00000150       0x58 ..\obj\lpc17xx_clkpwr.o
 .debug_aranges
                0x000001a8       0x58 ..\obj\FreeRTOS_HTTP_server.o
 .debug_aranges
                0x00000200      0x158 ..\obj\FreeRTOS_IP.o
 .debug_aranges
                0x00000358       0x28 ..\obj\system_LPC17xx.o
 .debug_aranges
                0x00000380       0xd8 ..\obj\lpc17xx_emac.o
 .debug_aranges
                0x00000458      0x130 ..\obj\ff_file.o
 .debug_aranges
                0x00000588       0x30 ..\obj\ff_crc.o
 .debug_aranges
                0x000005b8      0x118 ..\obj\FreeRTOS_TCP_WIN.o
 .debug_aranges
                0x000006d0       0x60 ..\obj\FreeRTOS_ARP.o
 .debug_aranges
                0x00000730       0x38 ..\obj\main.o
 .debug_aranges
                0x00000768      0x168 ..\obj\FreeRTOS_TCP_IP.o
 .debug_aranges
                0x000008d0       0xc0 ..\obj\timers.o
 .debug_aranges
                0x00000990       0x50 ..\obj\ff_string.o
 .debug_aranges
                0x000009e0      0x148 ..\obj\ff_dir.o
 .debug_aranges
                0x00000b28       0x28 ..\obj\staticAllocationImpl.o
 .debug_aranges
                0x00000b50      0x1d0 ..\obj\tasks.o
 .debug_aranges
                0x00000d20       0x28 ..\obj\startup_LPC17xx.o
 .debug_aranges
                0x00000d48       0x40 ..\obj\NetworkInterface.o
 .debug_aranges
                0x00000d88       0x58 ..\obj\BufferAllocation_2.o
 .debug_aranges
                0x00000de0       0x40 ..\obj\list.o
 .debug_aranges
                0x00000e20       0x78 ..\obj\port.o
 .debug_aranges
                0x00000e98      0x118 ..\obj\queue.o
 .debug_aranges
                0x00000fb0       0xf0 ..\obj\ff_ioman.o
 .debug_aranges
                0x000010a0       0xe8 ..\obj\ff_fat.o
 .debug_aranges
                0x00001188      0x120 ..\obj\ff_stdio.o
 .debug_aranges
                0x000012a8       0x70 ..\obj\event_groups.o
 .debug_aranges
                0x00001318       0x80 ..\obj\ff_locking.o
 .debug_aranges
                0x00001398       0x20 ..\obj\FreeRTOS_HTTP_commands.o
 .debug_aranges
                0x000013b8       0x40 ..\obj\heap_2.o
 .debug_aranges
                0x000013f8      0x208 ..\obj\FreeRTOS_Sockets.o
 .debug_aranges
                0x00001600       0x58 ..\obj\ff_sys.o

.debug_ranges   0x00000000     0x14d8
 .debug_ranges  0x00000000       0x30 ..\obj\FreeRTOS_TCP_server.o
 .debug_ranges  0x00000030       0x48 ..\obj\ff_dev_support.o
 .debug_ranges  0x00000078       0x18 ..\obj\FreeRTOS_UDP_IP.o
 .debug_ranges  0x00000090       0x48 ..\obj\FreeRTOS_Stream_Buffer.o
 .debug_ranges  0x000000d8       0x28 ..\obj\configurationManager.o
 .debug_ranges  0x00000100       0x48 ..\obj\lpc17xx_clkpwr.o
 .debug_ranges  0x00000148       0x48 ..\obj\FreeRTOS_HTTP_server.o
 .debug_ranges  0x00000190      0x148 ..\obj\FreeRTOS_IP.o
 .debug_ranges  0x000002d8       0x18 ..\obj\system_LPC17xx.o
 .debug_ranges  0x000002f0       0xc8 ..\obj\lpc17xx_emac.o
 .debug_ranges  0x000003b8      0x150 ..\obj\ff_file.o
 .debug_ranges  0x00000508       0x20 ..\obj\ff_crc.o
 .debug_ranges  0x00000528      0x108 ..\obj\FreeRTOS_TCP_WIN.o
 .debug_ranges  0x00000630       0x50 ..\obj\FreeRTOS_ARP.o
 .debug_ranges  0x00000680       0x28 ..\obj\main.o
 .debug_ranges  0x000006a8      0x170 ..\obj\FreeRTOS_TCP_IP.o
 .debug_ranges  0x00000818       0xb0 ..\obj\timers.o
 .debug_ranges  0x000008c8       0x40 ..\obj\ff_string.o
 .debug_ranges  0x00000908      0x150 ..\obj\ff_dir.o
 .debug_ranges  0x00000a58       0x18 ..\obj\staticAllocationImpl.o
 .debug_ranges  0x00000a70      0x1c0 ..\obj\tasks.o
 .debug_ranges  0x00000c30       0x18 ..\obj\startup_LPC17xx.o
 .debug_ranges  0x00000c48       0x30 ..\obj\NetworkInterface.o
 .debug_ranges  0x00000c78       0x48 ..\obj\BufferAllocation_2.o
 .debug_ranges  0x00000cc0       0x30 ..\obj\list.o
 .debug_ranges  0x00000cf0       0x68 ..\obj\port.o
 .debug_ranges  0x00000d58      0x108 ..\obj\queue.o
 .debug_ranges  0x00000e60      0x110 ..\obj\ff_ioman.o
 .debug_ranges  0x00000f70       0xd8 ..\obj\ff_fat.o
 .debug_ranges  0x00001048      0x110 ..\obj\ff_stdio.o
 .debug_ranges  0x00001158       0x60 ..\obj\event_groups.o
 .debug_ranges  0x000011b8       0x70 ..\obj\ff_locking.o
 .debug_ranges  0x00001228       0x10 ..\obj\FreeRTOS_HTTP_commands.o
 .debug_ranges  0x00001238       0x30 ..\obj\heap_2.o
 .debug_ranges  0x00001268      0x228 ..\obj\FreeRTOS_Sockets.o
 .debug_ranges  0x00001490       0x48 ..\obj\ff_sys.o

.debug_line     0x00000000     0xb833
 .debug_line    0x00000000      0x3dd ..\obj\FreeRTOS_TCP_server.o
 .debug_line    0x000003dd      0x375 ..\obj\ff_dev_support.o
 .debug_line    0x00000752      0x3f7 ..\obj\FreeRTOS_UDP_IP.o
 .debug_line    0x00000b49      0x3c3 ..\obj\FreeRTOS_Stream_Buffer.o
 .debug_line    0x00000f0c       0xbf ..\obj\configurationManager.o
 .debug_line    0x00000fcb      0x2cc ..\obj\lpc17xx_clkpwr.o
 .debug_line    0x00001297      0x554 ..\obj\FreeRTOS_HTTP_server.o
 .debug_line    0x000017eb      0x86f ..\obj\FreeRTOS_IP.o
 .debug_line    0x0000205a      0x239 ..\obj\system_LPC17xx.o
 .debug_line    0x00002293      0x55e ..\obj\lpc17xx_emac.o
 .debug_line    0x000027f1      0xa29 ..\obj\ff_file.o
 .debug_line    0x0000321a      0x17b ..\obj\ff_crc.o
 .debug_line    0x00003395      0x7d3 ..\obj\FreeRTOS_TCP_WIN.o
 .debug_line    0x00003b68      0x4a7 ..\obj\FreeRTOS_ARP.o
 .debug_line    0x0000400f      0x31f ..\obj\main.o
 .debug_line    0x0000432e      0xbee ..\obj\FreeRTOS_TCP_IP.o
 .debug_line    0x00004f1c      0x4cc ..\obj\timers.o
 .debug_line    0x000053e8      0x308 ..\obj\ff_string.o
 .debug_line    0x000056f0      0xad8 ..\obj\ff_dir.o
 .debug_line    0x000061c8      0x231 ..\obj\staticAllocationImpl.o
 .debug_line    0x000063f9      0xb58 ..\obj\tasks.o
 .debug_line    0x00006f51       0xb7 ..\obj\startup_LPC17xx.o
 .debug_line    0x00007008      0x41c ..\obj\NetworkInterface.o
 .debug_line    0x00007424      0x43e ..\obj\BufferAllocation_2.o
 .debug_line    0x00007862      0x26b ..\obj\list.o
 .debug_line    0x00007acd      0x318 ..\obj\port.o
 .debug_line    0x00007de5      0x70f ..\obj\queue.o
 .debug_line    0x000084f4      0x8a0 ..\obj\ff_ioman.o
 .debug_line    0x00008d94      0x69d ..\obj\ff_fat.o
 .debug_line    0x00009431      0x7be ..\obj\ff_stdio.o
 .debug_line    0x00009bef      0x380 ..\obj\event_groups.o
 .debug_line    0x00009f6f      0x373 ..\obj\ff_locking.o
 .debug_line    0x0000a2e2      0x177 ..\obj\FreeRTOS_HTTP_commands.o
 .debug_line    0x0000a459      0x2cb ..\obj\heap_2.o
 .debug_line    0x0000a724      0xd41 ..\obj\FreeRTOS_Sockets.o
 .debug_line    0x0000b465      0x3ce ..\obj\ff_sys.o

.debug_str      0x00000000     0x8291
 .debug_str     0x00000000      0x4a8 ..\obj\FreeRTOS_TCP_server.o
                                0x55e (size before relaxing)
 .debug_str     0x000004a8      0x5ea ..\obj\ff_dev_support.o
                                0x7fd (size before relaxing)
 .debug_str     0x00000a92      0xa9b ..\obj\FreeRTOS_UDP_IP.o
                                0xdce (size before relaxing)
 .debug_str     0x0000152d      0x173 ..\obj\FreeRTOS_Stream_Buffer.o
                                0x346 (size before relaxing)
 .debug_str     0x000016a0       0xaa ..\obj\configurationManager.o
                                0x1aa (size before relaxing)
 .debug_str     0x0000174a      0x2e9 ..\obj\lpc17xx_clkpwr.o
                                0x43c (size before relaxing)
 .debug_str     0x00001a33      0x313 ..\obj\FreeRTOS_HTTP_server.o
                                0xac5 (size before relaxing)
 .debug_str     0x00001d46      0xc07 ..\obj\FreeRTOS_IP.o
                               0x19dd (size before relaxing)
 .debug_str     0x0000294d       0x80 ..\obj\system_LPC17xx.o
                                0x37c (size before relaxing)
 .debug_str     0x000029cd      0x4f3 ..\obj\lpc17xx_emac.o
                                0x747 (size before relaxing)
 .debug_str     0x00002ec0      0x53a ..\obj\ff_file.o
                                0xbad (size before relaxing)
 .debug_str     0x000033fa       0xcd ..\obj\ff_crc.o
                                0x228 (size before relaxing)
 .debug_str     0x000034c7      0x434 ..\obj\FreeRTOS_TCP_WIN.o
                                0x96c (size before relaxing)
 .debug_str     0x000038fb      0x1da ..\obj\FreeRTOS_ARP.o
                                0x885 (size before relaxing)
 .debug_str     0x00003ad5      0x181 ..\obj\main.o
                                0x3b7 (size before relaxing)
 .debug_str     0x00003c56      0x593 ..\obj\FreeRTOS_TCP_IP.o
                               0x15b1 (size before relaxing)
 .debug_str     0x000041e9      0x617 ..\obj\timers.o
                                0x8f9 (size before relaxing)
 .debug_str     0x00004800      0x14a ..\obj\ff_string.o
                                0x2fd (size before relaxing)
 .debug_str     0x0000494a      0x4cb ..\obj\ff_dir.o
                                0xc47 (size before relaxing)
 .debug_str     0x00004e15      0x141 ..\obj\staticAllocationImpl.o
                                0x371 (size before relaxing)
 .debug_str     0x00004f56      0xbb5 ..\obj\tasks.o
                                0xfe0 (size before relaxing)
 .debug_str     0x00005b0b       0xc9 ..\obj\startup_LPC17xx.o
                                0x160 (size before relaxing)
 .debug_str     0x00005bd4      0x12a ..\obj\NetworkInterface.o
                                0x480 (size before relaxing)
 .debug_str     0x00005cfe      0x21a ..\obj\BufferAllocation_2.o
                                0x54f (size before relaxing)
 .debug_str     0x00005f18       0xb3 ..\obj\list.o
                                0x2b3 (size before relaxing)
 .debug_str     0x00005fcb      0x227 ..\obj\port.o
                                0x42e (size before relaxing)
 .debug_str     0x000061f2      0x4f5 ..\obj\queue.o
                                0x912 (size before relaxing)
 .debug_str     0x000066e7      0x524 ..\obj\ff_ioman.o
                                0xb26 (size before relaxing)
 .debug_str     0x00006c0b      0x312 ..\obj\ff_fat.o
                                0x93a (size before relaxing)
 .debug_str     0x00006f1d      0x49b ..\obj\ff_stdio.o
                                0xc34 (size before relaxing)
 .debug_str     0x000073b8      0x2ba ..\obj\event_groups.o
                                0x618 (size before relaxing)
 .debug_str     0x00007672      0x143 ..\obj\ff_locking.o
                                0x66a (size before relaxing)
 .debug_str     0x000077b5       0x7b ..\obj\FreeRTOS_HTTP_commands.o
                                0x329 (size before relaxing)
 .debug_str     0x00007830      0x178 ..\obj\heap_2.o
                                0x2fe (size before relaxing)
 .debug_str     0x000079a8      0x7fd ..\obj\FreeRTOS_Sockets.o
                               0x179b (size before relaxing)
 .debug_str     0x000081a5       0xec ..\obj\ff_sys.o
                                0x690 (size before relaxing)

.comment        0x00000000       0x6e
 .comment       0x00000000       0x6e ..\obj\FreeRTOS_TCP_server.o
                                 0x6f (size before relaxing)
 .comment       0x0000006e       0x6f ..\obj\ff_dev_support.o
 .comment       0x0000006e       0x6f ..\obj\FreeRTOS_UDP_IP.o
 .comment       0x0000006e       0x6f ..\obj\FreeRTOS_Stream_Buffer.o
 .comment       0x0000006e       0x6f ..\obj\configurationManager.o
 .comment       0x0000006e       0x6f ..\obj\lpc17xx_clkpwr.o
 .comment       0x0000006e       0x6f ..\obj\FreeRTOS_HTTP_server.o
 .comment       0x0000006e       0x6f ..\obj\FreeRTOS_IP.o
 .comment       0x0000006e       0x6f ..\obj\system_LPC17xx.o
 .comment       0x0000006e       0x6f ..\obj\lpc17xx_emac.o
 .comment       0x0000006e       0x6f ..\obj\ff_file.o
 .comment       0x0000006e       0x6f ..\obj\ff_crc.o
 .comment       0x0000006e       0x6f ..\obj\FreeRTOS_TCP_WIN.o
 .comment       0x0000006e       0x6f ..\obj\FreeRTOS_ARP.o
 .comment       0x0000006e       0x6f ..\obj\main.o
 .comment       0x0000006e       0x6f ..\obj\FreeRTOS_TCP_IP.o
 .comment       0x0000006e       0x6f ..\obj\timers.o
 .comment       0x0000006e       0x6f ..\obj\ff_string.o
 .comment       0x0000006e       0x6f ..\obj\ff_dir.o
 .comment       0x0000006e       0x6f ..\obj\staticAllocationImpl.o
 .comment       0x0000006e       0x6f ..\obj\tasks.o
 .comment       0x0000006e       0x6f ..\obj\startup_LPC17xx.o
 .comment       0x0000006e       0x6f ..\obj\NetworkInterface.o
 .comment       0x0000006e       0x6f ..\obj\BufferAllocation_2.o
 .comment       0x0000006e       0x6f ..\obj\list.o
 .comment       0x0000006e       0x6f ..\obj\port.o
 .comment       0x0000006e       0x6f ..\obj\queue.o
 .comment       0x0000006e       0x6f ..\obj\ff_ioman.o
 .comment       0x0000006e       0x6f ..\obj\ff_fat.o
 .comment       0x0000006e       0x6f ..\obj\ff_stdio.o
 .comment       0x0000006e       0x6f ..\obj\event_groups.o
 .comment       0x0000006e       0x6f ..\obj\ff_locking.o
 .comment       0x0000006e       0x6f ..\obj\FreeRTOS_HTTP_commands.o
 .comment       0x0000006e       0x6f ..\obj\heap_2.o
 .comment       0x0000006e       0x6f ..\obj\FreeRTOS_Sockets.o
 .comment       0x0000006e       0x6f ..\obj\ff_sys.o

.ARM.attributes
                0x00000000       0x31
 .ARM.attributes
                0x00000000       0x33 ..\obj\FreeRTOS_TCP_server.o
 .ARM.attributes
                0x00000033       0x33 ..\obj\ff_dev_support.o
 .ARM.attributes
                0x00000066       0x33 ..\obj\FreeRTOS_UDP_IP.o
 .ARM.attributes