Archive member included to satisfy reference by file (symbol)

C:\Program Files (x86)\GNU Tools ARM Embedded\5.4 2016q2\arm-none-eabi\lib\armv7-m\libc.a(lib_a-memcmp.o)
                              ..\obj\ff_dev_support.o (memcmp)
C:\Program Files (x86)\GNU Tools ARM Embedded\5.4 2016q2\arm-none-eabi\lib\armv7-m\libc.a(lib_a-memcpy.o)
                              ..\obj\FreeRTOS_TCP_server.o (memcpy)
C:\Program Files (x86)\GNU Tools ARM Embedded\5.4 2016q2\arm-none-eabi\lib\armv7-m\libc.a(lib_a-memmove.o)
                              ..\obj\FreeRTOS_IP.o (memmove)
C:\Program Files (x86)\GNU Tools ARM Embedded\5.4 2016q2\arm-none-eabi\lib\armv7-m\libc.a(lib_a-memset.o)
                              ..\obj\FreeRTOS_TCP_server.o (memset)
C:\Program Files (x86)\GNU Tools ARM Embedded\5.4 2016q2\arm-none-eabi\lib\armv7-m\libc.a(lib_a-rand.o)
                              ..\obj\ff_format.o (rand)
C:\Program Files (x86)\GNU Tools ARM Embedded\5.4 2016q2\arm-none-eabi\lib\armv7-m\libc.a(lib_a-snprintf.o)
                              ..\obj\ff_dev_support.o (snprintf)
C:\Program Files (x86)\GNU Tools ARM Embedded\5.4 2016q2\arm-none-eabi\lib\armv7-m\libc.a(lib_a-sprintf.o)
                              ..\obj\ff_dir.o (sprintf)
C:\Program Files (x86)\GNU Tools ARM Embedded\5.4 2016q2\arm-none-eabi\lib\armv7-m\libc.a(lib_a-strchr.o)
                              ..\obj\FreeRTOS_HTTP_server.o (strchr)
C:\Program Files (x86)\GNU Tools ARM Embedded\5.4 2016q2\arm-none-eabi\lib\armv7-m\libc.a(lib_a-strcmp.o)
                              ..\obj\ff_dev_support.o (strcmp)
C:\Program Files (x86)\GNU Tools ARM Embedded\5.4 2016q2\arm-none-eabi\lib\armv7-m\libc.a(lib_a-strcpy.o)
                              ..\obj\FreeRTOS_HTTP_server.o (strcpy)
C:\Program Files (x86)\GNU Tools ARM Embedded\5.4 2016q2\arm-none-eabi\lib\armv7-m\libc.a(lib_a-strlen-stub.o)
                              ..\obj\FreeRTOS_TCP_server.o (strlen)
C:\Program Files (x86)\GNU Tools ARM Embedded\5.4 2016q2\arm-none-eabi\lib\armv7-m\libc.a(lib_a-strncpy.o)
                              ..\obj\ff_file.o (strncpy)
C:\Program Files (x86)\GNU Tools ARM Embedded\5.4 2016q2\arm-none-eabi\lib\armv7-m\libc.a(lib_a-svfprintf.o)
                              C:\Program Files (x86)\GNU Tools ARM Embedded\5.4 2016q2\arm-none-eabi\lib\armv7-m\libc.a(lib_a-snprintf.o) (_svfprintf_r)
C:\Program Files (x86)\GNU Tools ARM Embedded\5.4 2016q2\arm-none-eabi\lib\armv7-m\libc.a(lib_a-dtoa.o)
                              C:\Program Files (x86)\GNU Tools ARM Embedded\5.4 2016q2\arm-none-eabi\lib\armv7-m\libc.a(lib_a-svfprintf.o) (_dtoa_r)
C:\Program Files (x86)\GNU Tools ARM Embedded\5.4 2016q2\arm-none-eabi\lib\armv7-m\libc.a(lib_a-impure.o)
                              C:\Program Files (x86)\GNU Tools ARM Embedded\5.4 2016q2\arm-none-eabi\lib\armv7-m\libc.a(lib_a-rand.o) (_impure_ptr)
C:\Program Files (x86)\GNU Tools ARM Embedded\5.4 2016q2\arm-none-eabi\lib\armv7-m\libc.a(lib_a-locale.o)
                              C:\Program Files (x86)\GNU Tools ARM Embedded\5.4 2016q2\arm-none-eabi\lib\armv7-m\libc.a(lib_a-svfprintf.o) (_localeconv_r)
C:\Program Files (x86)\GNU Tools ARM Embedded\5.4 2016q2\arm-none-eabi\lib\armv7-m\libc.a(lib_a-mallocr.o)
                              C:\Program Files (x86)\GNU Tools ARM Embedded\5.4 2016q2\arm-none-eabi\lib\armv7-m\libc.a(lib_a-svfprintf.o) (_malloc_r)
C:\Program Files (x86)\GNU Tools ARM Embedded\5.4 2016q2\arm-none-eabi\lib\armv7-m\libc.a(lib_a-memchr-stub.o)
                              C:\Program Files (x86)\GNU Tools ARM Embedded\5.4 2016q2\arm-none-eabi\lib\armv7-m\libc.a(lib_a-svfprintf.o) (memchr)
C:\Program Files (x86)\GNU Tools ARM Embedded\5.4 2016q2\arm-none-eabi\lib\armv7-m\libc.a(lib_a-mlock.o)
                              C:\Program Files (x86)\GNU Tools ARM Embedded\5.4 2016q2\arm-none-eabi\lib\armv7-m\libc.a(lib_a-mallocr.o) (__malloc_lock)
C:\Program Files (x86)\GNU Tools ARM Embedded\5.4 2016q2\arm-none-eabi\lib\armv7-m\libc.a(lib_a-mprec.o)
                              C:\Program Files (x86)\GNU Tools ARM Embedded\5.4 2016q2\arm-none-eabi\lib\armv7-m\libc.a(lib_a-dtoa.o) (_Balloc)
C:\Program Files (x86)\GNU Tools ARM Embedded\5.4 2016q2\arm-none-eabi\lib\armv7-m\libc.a(lib_a-sbrkr.o)
                              C:\Program Files (x86)\GNU Tools ARM Embedded\5.4 2016q2\arm-none-eabi\lib\armv7-m\libc.a(lib_a-mallocr.o) (_sbrk_r)
C:\Program Files (x86)\GNU Tools ARM Embedded\5.4 2016q2\arm-none-eabi\lib\armv7-m\libc.a(lib_a-svfiprintf.o)
                              C:\Program Files (x86)\GNU Tools ARM Embedded\5.4 2016q2\arm-none-eabi\lib\armv7-m\libc.a(lib_a-svfprintf.o) (__ssprint_r)
C:\Program Files (x86)\GNU Tools ARM Embedded\5.4 2016q2\arm-none-eabi\lib\armv7-m\libc.a(lib_a-callocr.o)
                              C:\Program Files (x86)\GNU Tools ARM Embedded\5.4 2016q2\arm-none-eabi\lib\armv7-m\libc.a(lib_a-mprec.o) (_calloc_r)
[...]
Memory Configuration

Name             Origin             Length             Attributes
rom              0x00000000         0x00080000         xr
ram              0x10000000         0x00008000         xrw
ram1             0x2007c000         0x00008000         xrw
*default*        0x00000000         0xffffffff

Linker script and memory map

                0x10008000                _eram = 0x10008000

.text           0x00000000     0xd864
 *(.isr_vector)
 .isr_vector    0x00000000       0xcc ..\obj\startup_LPC17xx.o
                0x00000000                g_pfnVectors
 *(.text*)
 .text.FreeRTOS_CreateTCPServer
                0x000000cc      0x126 ..\obj\FreeRTOS_TCP_server.o
                0x000000cc                FreeRTOS_CreateTCPServer
 *fill*         0x000001f2        0x2 
 .text.FreeRTOS_TCPServerWork
                0x000001f4       0xe8 ..\obj\FreeRTOS_TCP_server.o
                0x000001f4                FreeRTOS_TCPServerWork
 .text.pxFindFile
                0x000002dc       0x78 ..\obj\ff_dev_support.o
                0x000002dc                pxFindFile
 .text.xCheckDevicePath
                0x00000354       0x34 ..\obj\ff_dev_support.o
                0x00000354                xCheckDevicePath
 .text.FF_Device_Open
                0x00000388       0x44 ..\obj\ff_dev_support.o
                0x00000388                FF_Device_Open
 .text.FF_Device_Close
                0x000003cc        0xc ..\obj\ff_dev_support.o
                0x000003cc                FF_Device_Close
 .text.FF_Device_Read
                0x000003d8        0x6 ..\obj\ff_dev_support.o
                0x000003d8                FF_Device_Read
 *fill*         0x000003de        0x2 
 .text.vProcessGeneratedUDPPacket
                0x000003e0       0x94 ..\obj\FreeRTOS_UDP_IP.o
                0x000003e0                vProcessGeneratedUDPPacket
 .text.xProcessReceivedUDPPacket
                0x00000474       0x58 ..\obj\FreeRTOS_UDP_IP.o
                0x00000474                xProcessReceivedUDPPacket
 .text.uxStreamBufferAdd
                0x000004cc       0xb0 ..\obj\FreeRTOS_Stream_Buffer.o
                0x000004cc                uxStreamBufferAdd
 .text.uxStreamBufferGet
                0x0000057c       0x82 ..\obj\FreeRTOS_Stream_Buffer.o
                0x0000057c                uxStreamBufferGet
 .text.InitializeClocks
                0x000005fe        0x4 ..\obj\configurationManager.o
                0x000005fe                InitializeClocks
 *fill*         0x00000602        0x2 
 .text.SysTick_Handler
                0x00000604       0x14 ..\obj\kit1768.o
                0x00000604                SysTick_Handler
 .text.CLKPWR_ConfigPPWR
                0x00000618       0x38 ..\obj\lpc17xx_clkpwr.o
                0x00000618                CLKPWR_ConfigPPWR
 .text.prvSendReply
                0x00000650       0x74 ..\obj\FreeRTOS_HTTP_server.o
 .text.prvSendFile
                0x000006c4      0x118 ..\obj\FreeRTOS_HTTP_server.o
 .text.vHTTPClientDelete
                0x000007dc       0x2e ..\obj\FreeRTOS_HTTP_server.o
                0x000007dc                vHTTPClientDelete
 *fill*         0x0000080a        0x2 
 .text.xHTTPClientWork
                0x0000080c      0x134 ..\obj\FreeRTOS_HTTP_server.o
                0x0000080c                xHTTPClientWork
 .text.prvIPTimerCheck
                0x00000940       0x4e ..\obj\FreeRTOS_IP.o
 *fill*         0x0000098e        0x2 
 .text.xIsCallingFromIPTask
                0x00000990       0x18 ..\obj\FreeRTOS_IP.o
                0x00000990                xIsCallingFromIPTask
 .text.FreeRTOS_IPInit
                0x000009a8       0xb0 ..\obj\FreeRTOS_IP.o
                0x000009a8                FreeRTOS_IPInit
 .text.xSendEventStructToIPTask
                0x00000a58       0x54 ..\obj\FreeRTOS_IP.o
                0x00000a58                xSendEventStructToIPTask
 .text.FreeRTOS_NetworkDown
                0x00000aac       0x20 ..\obj\FreeRTOS_IP.o
                0x00000aac                FreeRTOS_NetworkDown
 .text.xSendEventToIPTask
                0x00000acc       0x16 ..\obj\FreeRTOS_IP.o
                0x00000acc                xSendEventToIPTask
 *fill*         0x00000ae2        0x2 
 .text.vIPNetworkUpCalls
                0x00000ae4       0x30 ..\obj\FreeRTOS_IP.o
                0x00000ae4                vIPNetworkUpCalls
 .text.vReturnEthernetFrame
                0x00000b14       0x2c ..\obj\FreeRTOS_IP.o
                0x00000b14                vReturnEthernetFrame
 .text.prvIPTask
                0x00000b40      0x334 ..\obj\FreeRTOS_IP.o
 .text.FreeRTOS_GetIPAddress
                0x00000e74        0xc ..\obj\FreeRTOS_IP.o
                0x00000e74                FreeRTOS_GetIPAddress
 .text.xIPIsNetworkTaskReady
                0x00000e80        0xc ..\obj\FreeRTOS_IP.o
                0x00000e80                xIPIsNetworkTaskReady
 .text.SystemInit
                0x00000e8c       0xec ..\obj\system_LPC17xx.o
                0x00000e8c                SystemInit
 .text.read_PHY
                0x00000f78       0x2e ..\obj\lpc17xx_emac.o
 .text.write_PHY.constprop.1
                0x00000fa6       0x22 ..\obj\lpc17xx_emac.o
 .text.EMAC_UpdatePHYStatus
                0x00000fc8       0x52 ..\obj\lpc17xx_emac.o
                0x00000fc8                EMAC_UpdatePHYStatus
 *fill*         0x0000101a        0x2 
 .text.EMAC_SetPHYMode
                0x0000101c       0x78 ..\obj\lpc17xx_emac.o
                0x0000101c                EMAC_SetPHYMode
 .text.EMAC_Init
                0x00001094      0x1a4 ..\obj\lpc17xx_emac.o
                0x00001094                EMAC_Init
 .text.EMAC_WritePacketBuffer
                0x00001238       0x44 ..\obj\lpc17xx_emac.o
                0x00001238                EMAC_WritePacketBuffer
 .text.FF_GetSequentialClusters
                0x0000127c       0x62 ..\obj\ff_file.o
 .text.FF_FileLBA
                0x000012de       0x32 ..\obj\ff_file.o
 .text.FF_SetCluster
                0x00001310       0x64 ..\obj\ff_file.o
 .text.FF_ReadPartial
                0x00001374       0x90 ..\obj\ff_file.o
 .text.FF_Truncate
                0x00001404       0xbc ..\obj\ff_file.o
 .text.FF_GetModeBits
                0x000014c0       0x4e ..\obj\ff_file.o
                0x000014c0                FF_GetModeBits
 *fill*         0x0000150e        0x2 
 .text.FF_Open  0x00001510      0x24c ..\obj\ff_file.o
                0x00001510                FF_Open
 .text.FF_CheckValid
                0x0000175c       0x48 ..\obj\ff_file.o
                0x0000175c                FF_CheckValid
 .text.FF_Read  0x000017a4      0x2c0 ..\obj\ff_file.o
                0x000017a4                FF_Read
 .text.FF_Close
                0x00001a64      0x144 ..\obj\ff_file.o
                0x00001a64                FF_Close
 .text.FF_GetCRC16
                0x00001ba8       0x34 ..\obj\ff_crc.o
                0x00001ba8                FF_GetCRC16
 .text.xTCPWindowRxFind
                0x00001bdc       0x1e ..\obj\FreeRTOS_TCP_WIN.o
 .text.xTCPWindowPeekHead
                0x00001bfa        0xe ..\obj\FreeRTOS_TCP_WIN.o
 .text.prvTCPWindowTxHasSpace
                0x00001c08       0x38 ..\obj\FreeRTOS_TCP_WIN.o
 .text.xTCPWindowGetHead
                0x00001c40       0x12 ..\obj\FreeRTOS_TCP_WIN.o
 .text.vListInsertGeneric
                0x00001c52       0x14 ..\obj\FreeRTOS_TCP_WIN.o
                0x00001c52                vListInsertGeneric
 *fill*         0x00001c66        0x2 
 .text.vTCPWindowFree
                0x00001c68       0x38 ..\obj\FreeRTOS_TCP_WIN.o
 .text.prvTCPWindowTxCheckAck
                0x00001ca0       0xd8 ..\obj\FreeRTOS_TCP_WIN.o
 .text.xTCPWindowNew
                0x00001d78       0x60 ..\obj\FreeRTOS_TCP_WIN.o
 .text.xTCPWindowRxEmpty
                0x00001dd8       0x16 ..\obj\FreeRTOS_TCP_WIN.o
                0x00001dd8                xTCPWindowRxEmpty
 .text.vTCPWindowDestroy
                0x00001dee       0x3a ..\obj\FreeRTOS_TCP_WIN.o
                0x00001dee                vTCPWindowDestroy
 .text.vTCPWindowInit
                0x00001e28       0x46 ..\obj\FreeRTOS_TCP_WIN.o
                0x00001e28                vTCPWindowInit
 *fill*         0x00001e6e        0x2 
 .text.vTCPWindowCreate
                0x00001e70       0xa8 ..\obj\FreeRTOS_TCP_WIN.o
                0x00001e70                vTCPWindowCreate
 .text.lTCPWindowRxCheck
                0x00001f18       0xf8 ..\obj\FreeRTOS_TCP_WIN.o
                0x00001f18                lTCPWindowRxCheck
 .text.lTCPWindowTxAdd
                0x00002010       0xc0 ..\obj\FreeRTOS_TCP_WIN.o
                0x00002010                lTCPWindowTxAdd
 .text.xTCPWindowTxDone
                0x000020d0        0xc ..\obj\FreeRTOS_TCP_WIN.o
                0x000020d0                xTCPWindowTxDone
 .text.xTCPWindowTxHasData
                0x000020dc       0x60 ..\obj\FreeRTOS_TCP_WIN.o
                0x000020dc                xTCPWindowTxHasData
 .text.ulTCPWindowTxGet
                0x0000213c       0xe2 ..\obj\FreeRTOS_TCP_WIN.o
                0x0000213c                ulTCPWindowTxGet
 .text.ulTCPWindowTxAck
                0x0000221e       0x14 ..\obj\FreeRTOS_TCP_WIN.o
                0x0000221e                ulTCPWindowTxAck
 .text.ulTCPWindowTxSack
                0x00002232       0x64 ..\obj\FreeRTOS_TCP_WIN.o
                0x00002232                ulTCPWindowTxSack
 *fill*         0x00002296        0x2 
 .text.vARPRefreshCacheEntry
                0x00002298       0xf4 ..\obj\FreeRTOS_ARP.o
                0x00002298                vARPRefreshCacheEntry
 .text.eARPProcessPacket
                0x0000238c       0x9c ..\obj\FreeRTOS_ARP.o
                0x0000238c                eARPProcessPacket
 .text.eARPGetCacheEntry
                0x00002428       0x70 ..\obj\FreeRTOS_ARP.o
                0x00002428                eARPGetCacheEntry
 .text.vARPGenerateRequestPacket
                0x00002498       0x48 ..\obj\FreeRTOS_ARP.o
                0x00002498                vARPGenerateRequestPacket
 .text.FreeRTOS_OutputARPRequest
                0x000024e0       0x24 ..\obj\FreeRTOS_ARP.o
                0x000024e0                FreeRTOS_OutputARPRequest
 .text.vARPAgeCache
                0x00002504       0x68 ..\obj\FreeRTOS_ARP.o
                0x00002504                vARPAgeCache
 .text.prvServerWorkTask
                0x0000256c       0x30 ..\obj\main.o
                0x0000256c                prvServerWorkTask
 .text.startup.main
                0x0000259c       0x48 ..\obj\main.o
                0x0000259c                main
 .text.prvSocketSetMSS
                0x000025e4       0x2c ..\obj\FreeRTOS_TCP_IP.o
 .text.prvTCPCreateWindow
                0x00002610       0x2c ..\obj\FreeRTOS_TCP_IP.o
 .text.prvTCPNextTimeout
                0x0000263c       0x7e ..\obj\FreeRTOS_TCP_IP.o
 *fill*         0x000026ba        0x2 
 .text.prvTCPReturnPacket.constprop.4
                0x000026bc      0x17c ..\obj\FreeRTOS_TCP_IP.o
 .text.prvTCPSendReset
                0x00002838       0x1e ..\obj\FreeRTOS_TCP_IP.o
 .text.prvTCPAddTxData
                0x00002856       0x54 ..\obj\FreeRTOS_TCP_IP.o
 .text.vTCPStateChange
                0x000028aa      0x10c ..\obj\FreeRTOS_TCP_IP.o
                0x000028aa                vTCPStateChange
 *fill*         0x000029b6        0x2 
 .text.prvTCPPrepareSend
                0x000029b8      0x220 ..\obj\FreeRTOS_TCP_IP.o
 .text.prvTCPSendRepeated
                0x00002bd8       0x32 ..\obj\FreeRTOS_TCP_IP.o
 *fill*         0x00002c0a        0x2 
 .text.xTCPSocketCheck
                0x00002c0c      0x248 ..\obj\FreeRTOS_TCP_IP.o
                0x00002c0c                xTCPSocketCheck
 .text.prvTCPHandleFin.isra.3
                0x00002e54       0xce ..\obj\FreeRTOS_TCP_IP.o
 *fill*         0x00002f22        0x2 
 .text.xProcessReceivedTCPPacket
                0x00002f24      0x93c ..\obj\FreeRTOS_TCP_IP.o
                0x00002f24                xProcessReceivedTCPPacket
 .text.xTCPCheckNewClient
                0x00003860       0x40 ..\obj\FreeRTOS_TCP_IP.o
                0x00003860                xTCPCheckNewClient
 .text.prvCheckForValidListAndQueue
                0x000038a0       0x50 ..\obj\timers.o
 .text.prvInsertTimerInActiveList
                0x000038f0       0x38 ..\obj\timers.o
 .text.xTimerCreateTimerTask
                0x00003928       0x50 ..\obj\timers.o
                0x00003928                xTimerCreateTimerTask
 .text.xTimerGenericCommand
                0x00003978       0x40 ..\obj\timers.o
                0x00003978                xTimerGenericCommand
 .text.prvSwitchTimerLists
                0x000039b8       0x68 ..\obj\timers.o
 .text.prvTimerTask
                0x00003a20      0x170 ..\obj\timers.o
 .text.FF_tolower
                0x00003b90       0x24 ..\obj\ff_string.o
                0x00003b90                FF_tolower
 .text.FF_strmatch
                0x00003bb4       0x4e ..\obj\ff_string.o
                0x00003bb4                FF_strmatch
 .text.FF_strtok
                0x00003c02       0x88 ..\obj\ff_string.o
                0x00003c02                FF_strtok
 .text.FF_ProcessShortName
                0x00003c8a       0x46 ..\obj\ff_dir.o
 .text.FF_Traverse
                0x00003cd0       0x78 ..\obj\ff_dir.o
 .text.strcasecmp
                0x00003d48       0x38 ..\obj\ff_dir.o
                0x00003d48                strcasecmp
 .text.FF_PopulateShortDirent
                0x00003d80       0x80 ..\obj\ff_dir.o
                0x00003d80                FF_PopulateShortDirent
 .text.FF_InitEntryFetch
                0x00003e00       0x4a ..\obj\ff_dir.o
                0x00003e00                FF_InitEntryFetch
 .text.FF_CleanupEntryFetch
                0x00003e4a       0x16 ..\obj\ff_dir.o
                0x00003e4a                FF_CleanupEntryFetch
 .text.FF_FetchEntryWithContext
                0x00003e60       0xcc ..\obj\ff_dir.o
                0x00003e60                FF_FetchEntryWithContext
 .text.FF_FindEntryInDir
                0x00003f2c      0x16e ..\obj\ff_dir.o
                0x00003f2c                FF_FindEntryInDir
 *fill*         0x0000409a        0x2 
 .text.FF_FindDir
                0x0000409c       0xbc ..\obj\ff_dir.o
                0x0000409c                FF_FindDir
 .text.FF_PushEntryWithContext
                0x00004158       0xd0 ..\obj\ff_dir.o
                0x00004158                FF_PushEntryWithContext
 .text.FF_GetEntry
                0x00004228       0x80 ..\obj\ff_dir.o
                0x00004228                FF_GetEntry
 .text.FF_PutEntry
                0x000042a8       0xb4 ..\obj\ff_dir.o
                0x000042a8                FF_PutEntry
 .text.FF_CreateShortName
                0x0000435c      0x140 ..\obj\ff_dir.o
                0x0000435c                FF_CreateShortName
 .text.FF_FindShortName
                0x0000449c      0x1c8 ..\obj\ff_dir.o
                0x0000449c                FF_FindShortName
 .text.FF_ExtendDirectory
                0x00004664       0xc8 ..\obj\ff_dir.o
                0x00004664                FF_ExtendDirectory
 .text.FF_CreateDirent
                0x0000472c      0x20c ..\obj\ff_dir.o
                0x0000472c                FF_CreateDirent
 .text.FF_CreateFile
                0x00004938       0x92 ..\obj\ff_dir.o
                0x00004938                FF_CreateFile
 *fill*         0x000049ca        0x2 
 .text.vApplicationGetIdleTaskMemory
                0x000049cc       0x14 ..\obj\staticAllocationImpl.o
                0x000049cc                vApplicationGetIdleTaskMemory
 .text.vApplicationGetTimerTaskMemory
                0x000049e0       0x1c ..\obj\staticAllocationImpl.o
                0x000049e0                vApplicationGetTimerTaskMemory
 .text.prvAddNewTaskToReadyList
                0x000049fc       0xd8 ..\obj\tasks.o
 .text.prvResetNextTaskUnblockTime
                0x00004ad4       0x24 ..\obj\tasks.o
 .text.prvInitialiseNewTask.isra.2
                0x00004af8       0x96 ..\obj\tasks.o
 .text.prvDeleteTCB
                0x00004b8e       0x22 ..\obj\tasks.o
 .text.prvAddCurrentTaskToDelayedList
                0x00004bb0       0x68 ..\obj\tasks.o
 .text.xTaskCreateStatic
                0x00004c18       0x36 ..\obj\tasks.o
                0x00004c18                xTaskCreateStatic
 .text.xTaskCreate
                0x00004c4e       0x5a ..\obj\tasks.o
                0x00004c4e                xTaskCreate
 .text.vTaskPrioritySet
                0x00004ca8       0xb4 ..\obj\tasks.o
                0x00004ca8                vTaskPrioritySet
 .text.vTaskStartScheduler
                0x00004d5c       0x6c ..\obj\tasks.o
                0x00004d5c                vTaskStartScheduler
 .text.vTaskSuspendAll
                0x00004dc8       0x14 ..\obj\tasks.o
                0x00004dc8                vTaskSuspendAll
 .text.xTaskGetTickCount
                0x00004ddc        0xc ..\obj\tasks.o
                0x00004ddc                xTaskGetTickCount
 .text.xTaskIncrementTick
                0x00004de8       0xd0 ..\obj\tasks.o
                0x00004de8                xTaskIncrementTick
 .text.xTaskResumeAll
                0x00004eb8       0xc0 ..\obj\tasks.o
                0x00004eb8                xTaskResumeAll
 .text.vTaskDelay
                0x00004f78       0x30 ..\obj\tasks.o
                0x00004f78                vTaskDelay
 .text.prvIdleTask
                0x00004fa8       0x6c ..\obj\tasks.o
 .text.vTaskPlaceOnEventList
                0x00005014       0x20 ..\obj\tasks.o
                0x00005014                vTaskPlaceOnEventList
 .text.vTaskPlaceOnUnorderedEventList
                0x00005034       0x28 ..\obj\tasks.o
                0x00005034                vTaskPlaceOnUnorderedEventList
 .text.vTaskPlaceOnEventListRestricted
                0x0000505c       0x2c ..\obj\tasks.o
                0x0000505c                vTaskPlaceOnEventListRestricted
 .text.xTaskRemoveFromEventList
                0x00005088       0x64 ..\obj\tasks.o
                0x00005088                xTaskRemoveFromEventList
 .text.vTaskRemoveFromUnorderedEventList
                0x000050ec       0x50 ..\obj\tasks.o
                0x000050ec                vTaskRemoveFromUnorderedEventList
 .text.vTaskSetTimeOutState
                0x0000513c       0x14 ..\obj\tasks.o
                0x0000513c                vTaskSetTimeOutState
 .text.xTaskCheckForTimeOut
                0x00005150       0x4c ..\obj\tasks.o
                0x00005150                xTaskCheckForTimeOut
 .text.vTaskMissedYield
                0x0000519c       0x10 ..\obj\tasks.o
                0x0000519c                vTaskMissedYield
 .text.vTaskSetThreadLocalStoragePointer
                0x000051ac       0x18 ..\obj\tasks.o
                0x000051ac                vTaskSetThreadLocalStoragePointer
 .text.pvTaskGetThreadLocalStoragePointer
                0x000051c4       0x1c ..\obj\tasks.o
                0x000051c4                pvTaskGetThreadLocalStoragePointer
 .text.xTaskGetCurrentTaskHandle
                0x000051e0        0xc ..\obj\tasks.o
                0x000051e0                xTaskGetCurrentTaskHandle
 .text.xTaskGetSchedulerState
                0x000051ec       0x20 ..\obj\tasks.o
                0x000051ec                xTaskGetSchedulerState
 .text.vTaskPriorityInherit
                0x0000520c       0x70 ..\obj\tasks.o
                0x0000520c                vTaskPriorityInherit
 .text.xTaskPriorityDisinherit
                0x0000527c       0x58 ..\obj\tasks.o
                0x0000527c                xTaskPriorityDisinherit
 .text.uxTaskResetEventItemValue
                0x000052d4       0x18 ..\obj\tasks.o
                0x000052d4                uxTaskResetEventItemValue
 .text.pvTaskIncrementMutexHeldCount
                0x000052ec       0x18 ..\obj\tasks.o
                0x000052ec                pvTaskIncrementMutexHeldCount
 .text.ulTaskNotifyTake
                0x00005304       0x68 ..\obj\tasks.o
                0x00005304                ulTaskNotifyTake
 .text.Default_Handler
                0x0000536c        0x2 ..\obj\startup_LPC17xx.o
                0x0000536c                TIMER2_IRQHandler
                0x0000536c                DebugMon_Handler
                0x0000536c                RIT_IRQHandler
                0x0000536c                I2C0_IRQHandler
                0x0000536c                HardFault_Handler
                0x0000536c                USBActivity_IRQHandler
                0x0000536c                PWM1_IRQHandler
                0x0000536c                PendSV_Handler
                0x0000536c                NMI_Handler
                0x0000536c                I2C1_IRQHandler
                0x0000536c                EINT2_IRQHandler
                0x0000536c                UART1_IRQHandler
                0x0000536c                EINT3_IRQHandler
                0x0000536c                CANActivity_IRQHandler
                0x0000536c                TIMER3_IRQHandler
                0x0000536c                UART0_IRQHandler
                0x0000536c                UsageFault_Handler
                0x0000536c                PLL0_IRQHandler
                0x0000536c                CAN_IRQHandler
                0x0000536c                PLL1_IRQHandler
                0x0000536c                SSP0_IRQHandler
                0x0000536c                I2S_IRQHandler
                0x0000536c                I2C2_IRQHandler
                0x0000536c                RTC_IRQHandler
                0x0000536c                TIMER0_IRQHandler
                0x0000536c                SPI_IRQHandler
                0x0000536c                EINT1_IRQHandler
                0x0000536c                TIMER1_IRQHandler
                0x0000536c                UART2_IRQHandler
                0x0000536c                ADC_IRQHandler
                0x0000536c                SSP1_IRQHandler
                0x0000536c                USB_IRQHandler
                0x0000536c                BOD_IRQHandler
                0x0000536c                MemManage_Handler
                0x0000536c                WDT_IRQHandler
                0x0000536c                SVC_Handler
                0x0000536c                QEI_IRQHandler
                0x0000536c                EINT0_IRQHandler
                0x0000536c                DMA_IRQHandler
                0x0000536c                BusFault_Handler
                0x0000536c                UART3_IRQHandler
                0x0000536c                MCPWM_IRQHandler
                0x0000536c                ENET_IRQHandler
 *fill*         0x0000536e        0x2 
 .text.Default_Reset_Handler
                0x00005370       0x48 ..\obj\startup_LPC17xx.o
                0x00005370                Default_Reset_Handler
                0x00005370                Reset_Handler
 .text.prvEMACHandlerTask
                0x000053b8        0x2 ..\obj\NetworkInterface.o
 *fill*         0x000053ba        0x2 
 .text.xNetworkInterfaceInitialise
                0x000053bc       0x40 ..\obj\NetworkInterface.o
                0x000053bc                xNetworkInterfaceInitialise
 .text.xNetworkInterfaceOutput
                0x000053fc       0x1a ..\obj\NetworkInterface.o
                0x000053fc                xNetworkInterfaceOutput
 *fill*         0x00005416        0x2 
 .text.xNetworkBuffersInitialise
                0x00005418       0x60 ..\obj\BufferAllocation_2.o
                0x00005418                xNetworkBuffersInitialise
 .text.vReleaseNetworkBuffer
                0x00005478        0xa ..\obj\BufferAllocation_2.o
                0x00005478                vReleaseNetworkBuffer
 *fill*         0x00005482        0x2 
 .text.vReleaseNetworkBufferAndDescriptor
                0x00005484       0x48 ..\obj\BufferAllocation_2.o
                0x00005484                vReleaseNetworkBufferAndDescriptor
 .text.pxGetNetworkBufferWithDescriptor
                0x000054cc       0x80 ..\obj\BufferAllocation_2.o
                0x000054cc                pxGetNetworkBufferWithDescriptor
 .text.vListInitialise
                0x0000554c       0x16 ..\obj\list.o
                0x0000554c                vListInitialise
 .text.vListInitialiseItem
                0x00005562        0x6 ..\obj\list.o
                0x00005562                vListInitialiseItem
 .text.vListInsertEnd
                0x00005568       0x18 ..\obj\list.o
                0x00005568                vListInsertEnd
 .text.vListInsert
                0x00005580       0x30 ..\obj\list.o
                0x00005580                vListInsert
 .text.uxListRemove
                0x000055b0       0x20 ..\obj\list.o
                0x000055b0                uxListRemove
 .text.prvTaskExitError
                0x000055d0       0x12 ..\obj\port.o
 *fill*         0x000055e2        0x2 
 .text.prvPortStartFirstTask
                0x000055e4       0x20 ..\obj\port.o
 .text.pxPortInitialiseStack
                0x00005604       0x24 ..\obj\port.o
                0x00005604                pxPortInitialiseStack
 .text.vPortEnterCritical
                0x00005628       0x20 ..\obj\port.o
                0x00005628                vPortEnterCritical
 .text.vPortExitCritical
                0x00005648       0x14 ..\obj\port.o
                0x00005648                vPortExitCritical
 .text.vPortSetupTimerInterrupt
                0x0000565c       0x28 ..\obj\port.o
                0x0000565c                vPortSetupTimerInterrupt
 .text.xPortStartScheduler
                0x00005684       0x30 ..\obj\port.o
                0x00005684                xPortStartScheduler
 .text.prvCopyDataToQueue
                0x000056b4       0x70 ..\obj\queue.o
 .text.prvCopyDataFromQueue
                0x00005724       0x28 ..\obj\queue.o
 .text.prvUnlockQueue
                0x0000574c       0x6c ..\obj\queue.o
 .text.xQueueGenericReset
                0x000057b8       0x6c ..\obj\queue.o
                0x000057b8                xQueueGenericReset
 .text.xQueueGenericCreateStatic
                0x00005824       0x24 ..\obj\queue.o
                0x00005824                xQueueGenericCreateStatic
 .text.xQueueGenericCreate
                0x00005848       0x34 ..\obj\queue.o
                0x00005848                xQueueGenericCreate
 .text.xQueueCreateCountingSemaphore
                0x0000587c       0x12 ..\obj\queue.o
                0x0000587c                xQueueCreateCountingSemaphore
 *fill*         0x0000588e        0x2 
 .text.xQueueGenericSend
                0x00005890       0xf8 ..\obj\queue.o
                0x00005890                xQueueGenericSend
 .text.xQueueGiveMutexRecursive
                0x00005988       0x2a ..\obj\queue.o
                0x00005988                xQueueGiveMutexRecursive
 .text.xQueueGenericSendFromISR
                0x000059b2       0x62 ..\obj\queue.o
                0x000059b2                xQueueGenericSendFromISR
 .text.xQueueGenericReceive
                0x00005a14      0x134 ..\obj\queue.o
                0x00005a14                xQueueGenericReceive
 .text.xQueueTakeMutexRecursive
                0x00005b48       0x30 ..\obj\queue.o
                0x00005b48                xQueueTakeMutexRecursive
 .text.uxQueueMessagesWaiting
                0x00005b78       0x12 ..\obj\queue.o
                0x00005b78                uxQueueMessagesWaiting
 *fill*         0x00005b8a        0x2 
 .text.vQueueAddToRegistry
                0x00005b8c       0x28 ..\obj\queue.o
                0x00005b8c                vQueueAddToRegistry
 .text.vQueueUnregisterQueue
                0x00005bb4       0x28 ..\obj\queue.o
                0x00005bb4                vQueueUnregisterQueue
 .text.vQueueDelete
                0x00005bdc       0x1a ..\obj\queue.o
                0x00005bdc                vQueueDelete
 .text.vQueueWaitForMessageRestricted
                0x00005bf6       0x46 ..\obj\queue.o
                0x00005bf6                vQueueWaitForMessageRestricted
 .text.FF_getLong
                0x00005c3c       0x22 ..\obj\ff_ioman.o
 .text.FF_putLong
                0x00005c5e       0x18 ..\obj\ff_ioman.o
 .text.FF_ReleaseBuffer
                0x00005c76       0x24 ..\obj\ff_ioman.o
                0x00005c76                FF_ReleaseBuffer
 *fill*         0x00005c9a        0x2 
 .text.FF_BlockRead
                0x00005c9c       0x60 ..\obj\ff_ioman.o
                0x00005c9c                FF_BlockRead
 .text.FF_BlockWrite
                0x00005cfc       0x60 ..\obj\ff_ioman.o
                0x00005cfc                FF_BlockWrite
 .text.FF_FlushCache
                0x00005d5c       0xa4 ..\obj\ff_ioman.o
                0x00005d5c                FF_FlushCache
 .text.FF_GetBuffer
                0x00005e00      0x12a ..\obj\ff_ioman.o
                0x00005e00                FF_GetBuffer
 *fill*         0x00005f2a        0x2 
 .text.FF_IncreaseFreeClusters
                0x00005f2c       0xc8 ..\obj\ff_ioman.o
                0x00005f2c                FF_IncreaseFreeClusters
 .text.FF_DecreaseFreeClusters
                0x00005ff4       0xc0 ..\obj\ff_ioman.o
                0x00005ff4                FF_DecreaseFreeClusters
 .text.FF_getLong
                0x000060b4       0x22 ..\obj\ff_fat.o
 .text.FF_Cluster2LBA
                0x000060d6       0x16 ..\obj\ff_fat.o
                0x000060d6                FF_Cluster2LBA
 .text.FF_getClusterChainNumber
                0x000060ec       0x16 ..\obj\ff_fat.o
                0x000060ec                FF_getClusterChainNumber
 .text.FF_getMajorBlockNumber
                0x00006102       0x20 ..\obj\ff_fat.o
                0x00006102                FF_getMajorBlockNumber
 .text.FF_getMinorBlockNumber
                0x00006122       0x30 ..\obj\ff_fat.o
                0x00006122                FF_getMinorBlockNumber
 .text.FF_getMinorBlockEntry
                0x00006152       0x34 ..\obj\ff_fat.o
                0x00006152                FF_getMinorBlockEntry
 .text.FF_ReleaseFATBuffers
                0x00006186       0x32 ..\obj\ff_fat.o
                0x00006186                FF_ReleaseFATBuffers
 .text.prvGetFromFATBuffers
                0x000061b8       0x6c ..\obj\ff_fat.o
                0x000061b8                prvGetFromFATBuffers
 .text.FF_getFATEntry
                0x00006224      0x104 ..\obj\ff_fat.o
                0x00006224                FF_getFATEntry
 .text.FF_ClearCluster
                0x00006328       0x90 ..\obj\ff_fat.o
                0x00006328                FF_ClearCluster
 .text.FF_isEndOfChain
                0x000063b8       0x30 ..\obj\ff_fat.o
                0x000063b8                FF_isEndOfChain
 .text.FF_TraverseFAT
                0x000063e8       0x7c ..\obj\ff_fat.o
                0x000063e8                FF_TraverseFAT
 .text.FF_FindEndOfChain
                0x00006464       0x2c ..\obj\ff_fat.o
                0x00006464                FF_FindEndOfChain
 .text.FF_putFATEntry
                0x00006490      0x158 ..\obj\ff_fat.o
                0x00006490                FF_putFATEntry
 .text.FF_FindFreeCluster
                0x000065e8      0x130 ..\obj\ff_fat.o
                0x000065e8                FF_FindFreeCluster
 .text.FF_CreateClusterChain
                0x00006718       0x3a ..\obj\ff_fat.o
                0x00006718                FF_CreateClusterChain
 .text.FF_GetChainLength
                0x00006752       0x68 ..\obj\ff_fat.o
                0x00006752                FF_GetChainLength
 .text.FF_UnlinkClusterChain
                0x000067ba       0xce ..\obj\ff_fat.o
                0x000067ba                FF_UnlinkClusterChain
 .text.FF_CountFreeClusters
                0x00006888       0xf4 ..\obj\ff_fat.o
                0x00006888                FF_CountFreeClusters
 .text.stdioSET_ERRNO
                0x0000697c        0xa ..\obj\ff_stdio.o
 .text.pxFindCWD
                0x00006986       0x2a ..\obj\ff_stdio.o
 .text.prvABSPath
                0x000069b0       0x9c ..\obj\ff_stdio.o
 .text.prvFFErrorToErrno
                0x00006a4c       0xee ..\obj\ff_stdio.o
 .text.ff_fopen
                0x00006b3a       0x4c ..\obj\ff_stdio.o
                0x00006b3a                ff_fopen
 .text.ff_fclose
                0x00006b86       0x24 ..\obj\ff_stdio.o
                0x00006b86                ff_fclose
 .text.ff_fread
                0x00006baa       0x2a ..\obj\ff_stdio.o
                0x00006baa                ff_fread
 .text.xEventGroupCreate
                0x00006bd4       0x1c ..\obj\event_groups.o
                0x00006bd4                xEventGroupCreate
 .text.xEventGroupWaitBits
                0x00006bf0       0xb8 ..\obj\event_groups.o
                0x00006bf0                xEventGroupWaitBits
 .text.xEventGroupClearBits
                0x00006ca8       0x1a ..\obj\event_groups.o
                0x00006ca8                xEventGroupClearBits
 .text.xEventGroupSetBits
                0x00006cc2       0x58 ..\obj\event_groups.o
                0x00006cc2                xEventGroupSetBits
 .text.vEventGroupDelete
                0x00006d1a       0x2a ..\obj\event_groups.o
                0x00006d1a                vEventGroupDelete
 .text.FF_PendSemaphore
                0x00006d44        0x8 ..\obj\ff_locking.o
                0x00006d44                FF_PendSemaphore
 .text.FF_ReleaseSemaphore
                0x00006d4c        0x4 ..\obj\ff_locking.o
                0x00006d4c                FF_ReleaseSemaphore
 .text.FF_LockDirectory
                0x00006d50       0x26 ..\obj\ff_locking.o
                0x00006d50                FF_LockDirectory
 .text.FF_UnlockDirectory
                0x00006d76        0x8 ..\obj\ff_locking.o
                0x00006d76                FF_UnlockDirectory
 .text.FF_Has_Lock
                0x00006d7e       0x24 ..\obj\ff_locking.o
                0x00006d7e                FF_Has_Lock
 .text.FF_Assert_Lock
                0x00006da2        0x4 ..\obj\ff_locking.o
                0x00006da2                FF_Assert_Lock
 .text.FF_LockFAT
                0x00006da6       0x2c ..\obj\ff_locking.o
                0x00006da6                FF_LockFAT
 .text.FF_UnlockFAT
                0x00006dd2        0xc ..\obj\ff_locking.o
                0x00006dd2                FF_UnlockFAT
 .text.FF_BufferWait
                0x00006dde       0x26 ..\obj\ff_locking.o
                0x00006dde                FF_BufferWait
 .text.FF_BufferProceed
                0x00006e04        0x8 ..\obj\ff_locking.o
                0x00006e04                FF_BufferProceed
 .text.webCodename
                0x00006e0c       0x80 ..\obj\FreeRTOS_HTTP_commands.o
                0x00006e0c                webCodename
 .text.pvPortMalloc
                0x00006e8c       0xbc ..\obj\heap_2.o
                0x00006e8c                pvPortMalloc
 .text.vPortFree
                0x00006f48       0x40 ..\obj\heap_2.o
                0x00006f48                vPortFree
 .text.uxStreamBufferGetSpace
                0x00006f88       0x14 ..\obj\FreeRTOS_Sockets.o
 .text.uxStreamBufferGetSize
                0x00006f9c       0x12 ..\obj\FreeRTOS_Sockets.o
 .text.pxListFindListItemWithValue
                0x00006fae       0x2a ..\obj\FreeRTOS_Sockets.o
 .text.prvFindSelectedSocket
                0x00006fd8       0x38 ..\obj\FreeRTOS_Sockets.o
 .text.prvValidSocket
                0x00007010       0x22 ..\obj\FreeRTOS_Sockets.o
 *fill*         0x00007032        0x2 
 .text.vNetworkSocketsInit
                0x00007034       0x54 ..\obj\FreeRTOS_Sockets.o
                0x00007034                vNetworkSocketsInit
 .text.FreeRTOS_socket
                0x00007088       0x9c ..\obj\FreeRTOS_Sockets.o
                0x00007088                FreeRTOS_socket
 .text.FreeRTOS_CreateSocketSet
                0x00007124       0x2a ..\obj\FreeRTOS_Sockets.o
                0x00007124                FreeRTOS_CreateSocketSet
 .text.FreeRTOS_DeleteSocketSet
                0x0000714e       0x14 ..\obj\FreeRTOS_Sockets.o
                0x0000714e                FreeRTOS_DeleteSocketSet
 .text.FreeRTOS_FD_SET
                0x00007162       0x1c ..\obj\FreeRTOS_Sockets.o
                0x00007162                FreeRTOS_FD_SET
 .text.FreeRTOS_FD_CLR
                0x0000717e       0x18 ..\obj\FreeRTOS_Sockets.o
                0x0000717e                FreeRTOS_FD_CLR
 .text.FreeRTOS_select
                0x00007196       0x46 ..\obj\FreeRTOS_Sockets.o
                0x00007196                FreeRTOS_select
 .text.FreeRTOS_bind
                0x000071dc       0x5c ..\obj\FreeRTOS_Sockets.o
                0x000071dc                FreeRTOS_bind
 .text.vSocketBind
                0x00007238       0xc4 ..\obj\FreeRTOS_Sockets.o
                0x00007238                vSocketBind
 .text.FreeRTOS_closesocket
                0x000072fc       0x2c ..\obj\FreeRTOS_Sockets.o
                0x000072fc                FreeRTOS_closesocket
 .text.vSocketClose
                0x00007328       0xa0 ..\obj\FreeRTOS_Sockets.o
                0x00007328                vSocketClose
 .text.pxUDPSocketLookup
                0x000073c8       0x14 ..\obj\FreeRTOS_Sockets.o
                0x000073c8                pxUDPSocketLookup
 .text.vSocketWakeUpUser
                0x000073dc       0x34 ..\obj\FreeRTOS_Sockets.o
                0x000073dc                vSocketWakeUpUser
 .text.FreeRTOS_accept
                0x00007410       0xfc ..\obj\FreeRTOS_Sockets.o
                0x00007410                FreeRTOS_accept
 .text.FreeRTOS_recv
                0x0000750c      0x12a ..\obj\FreeRTOS_Sockets.o
                0x0000750c                FreeRTOS_recv
 .text.FreeRTOS_send
                0x00007636      0x170 ..\obj\FreeRTOS_Sockets.o
                0x00007636                FreeRTOS_send
 .text.FreeRTOS_listen
                0x000077a6       0x86 ..\obj\FreeRTOS_Sockets.o
                0x000077a6                FreeRTOS_listen
 .text.xTCPTimerCheck
                0x0000782c       0x84 ..\obj\FreeRTOS_Sockets.o
                0x0000782c                xTCPTimerCheck
 .text.pxTCPSocketLookup
                0x000078b0       0x44 ..\obj\FreeRTOS_Sockets.o
                0x000078b0                pxTCPSocketLookup
 .text.lTCPAddRxdata
                0x000078f4       0xda ..\obj\FreeRTOS_Sockets.o
                0x000078f4                lTCPAddRxdata
 .text.FreeRTOS_tx_space
                0x000079ce       0x1c ..\obj\FreeRTOS_Sockets.o
                0x000079ce                FreeRTOS_tx_space
 .text.FreeRTOS_tx_size
                0x000079ea       0x16 ..\obj\FreeRTOS_Sockets.o
                0x000079ea                FreeRTOS_tx_size
 .text.FreeRTOS_setsockopt
                0x00007a00      0x1a6 ..\obj\FreeRTOS_Sockets.o
                0x00007a00                FreeRTOS_setsockopt
 .text.FreeRTOS_rx_size
                0x00007ba6       0x16 ..\obj\FreeRTOS_Sockets.o
                0x00007ba6                FreeRTOS_rx_size
 .text.vSocketSelect
                0x00007bbc      0x10c ..\obj\FreeRTOS_Sockets.o
                0x00007bbc                vSocketSelect
 .text.FF_FS_Find
                0x00007cc8       0x88 ..\obj\ff_sys.o
                0x00007cc8                FF_FS_Find
 .text.memcmp   0x00007d50       0x64 C:\Program Files (x86)\GNU Tools ARM Embedded\5.4 2016q2\arm-none-eabi\lib\armv7-m\libc.a(lib_a-memcmp.o)
                0x00007d50                memcmp
 .text          0x00007db4       0xec C:\Program Files (x86)\GNU Tools ARM Embedded\5.4 2016q2\arm-none-eabi\lib\armv7-m\libc.a(lib_a-memcpy.o)
                0x00007db4                memcpy
 .text.memmove  0x00007ea0       0xc8 C:\Program Files (x86)\GNU Tools ARM Embedded\5.4 2016q2\arm-none-eabi\lib\armv7-m\libc.a(lib_a-memmove.o)
                0x00007ea0                memmove
 .text.memset   0x00007f68       0x9c C:\Program Files (x86)\GNU Tools ARM Embedded\5.4 2016q2\arm-none-eabi\lib\armv7-m\libc.a(lib_a-memset.o)
                0x00007f68                memset
 .text.rand     0x00008004       0x40 C:\Program Files (x86)\GNU Tools ARM Embedded\5.4 2016q2\arm-none-eabi\lib\armv7-m\libc.a(lib_a-rand.o)
                0x00008004                rand
 .text.snprintf
                0x00008044       0x98 C:\Program Files (x86)\GNU Tools ARM Embedded\5.4 2016q2\arm-none-eabi\lib\armv7-m\libc.a(lib_a-snprintf.o)
                0x00008044                snprintf
 .text.sprintf  0x000080dc       0x4c C:\Program Files (x86)\GNU Tools ARM Embedded\5.4 2016q2\arm-none-eabi\lib\armv7-m\libc.a(lib_a-sprintf.o)
                0x000080dc                sprintf
 .text.strchr   0x00008128       0xd0 C:\Program Files (x86)\GNU Tools ARM Embedded\5.4 2016q2\arm-none-eabi\lib\armv7-m\libc.a(lib_a-strchr.o)
                0x00008128                strchr
 .text          0x000081f8      0x1bc C:\Program Files (x86)\GNU Tools ARM Embedded\5.4 2016q2\arm-none-eabi\lib\armv7-m\libc.a(lib_a-strcmp.o)
                0x000081f8                strcmp
 .text.strcpy   0x000083b4       0xbc C:\Program Files (x86)\GNU Tools ARM Embedded\5.4 2016q2\arm-none-eabi\lib\armv7-m\libc.a(lib_a-strcpy.o)
                0x000083b4                strcpy
 .text.strlen   0x00008470       0x5c C:\Program Files (x86)\GNU Tools ARM Embedded\5.4 2016q2\arm-none-eabi\lib\armv7-m\libc.a(lib_a-strlen-stub.o)
                0x00008470                strlen
 .text.strncpy  0x000084cc       0x68 C:\Program Files (x86)\GNU Tools ARM Embedded\5.4 2016q2\arm-none-eabi\lib\armv7-m\libc.a(lib_a-strncpy.o)
                0x000084cc                strncpy
 .text._svfprintf_r
                0x00008534     0x175c C:\Program Files (x86)\GNU Tools ARM Embedded\5.4 2016q2\arm-none-eabi\lib\armv7-m\libc.a(lib_a-svfprintf.o)
                0x00008534                _svfprintf_r
 .text.quorem   0x00009c90      0x12c C:\Program Files (x86)\GNU Tools ARM Embedded\5.4 2016q2\arm-none-eabi\lib\armv7-m\libc.a(lib_a-dtoa.o)
 *fill*         0x00009dbc        0x4 
 .text._dtoa_r  0x00009dc0      0xe4c C:\Program Files (x86)\GNU Tools ARM Embedded\5.4 2016q2\arm-none-eabi\lib\armv7-m\libc.a(lib_a-dtoa.o)
                0x00009dc0                _dtoa_r
 .text._localeconv_r
                0x0000ac0c        0x8 C:\Program Files (x86)\GNU Tools ARM Embedded\5.4 2016q2\arm-none-eabi\lib\armv7-m\libc.a(lib_a-locale.o)
                0x0000ac0c                _localeconv_r
 .text._malloc_r
                0x0000ac14      0x558 C:\Program Files (x86)\GNU Tools ARM Embedded\5.4 2016q2\arm-none-eabi\lib\armv7-m\libc.a(lib_a-mallocr.o)
                0x0000ac14                _malloc_r
 .text.memchr   0x0000b16c       0x8c C:\Program Files (x86)\GNU Tools ARM Embedded\5.4 2016q2\arm-none-eabi\lib\armv7-m\libc.a(lib_a-memchr-stub.o)
                0x0000b16c                memchr
 .text.__malloc_lock
                0x0000b1f8        0x4 C:\Program Files (x86)\GNU Tools ARM Embedded\5.4 2016q2\arm-none-eabi\lib\armv7-m\libc.a(lib_a-mlock.o)
                0x0000b1f8                __malloc_lock
 .text.__malloc_unlock
                0x0000b1fc        0x4 C:\Program Files (x86)\GNU Tools ARM Embedded\5.4 2016q2\arm-none-eabi\lib\armv7-m\libc.a(lib_a-mlock.o)
                0x0000b1fc                __malloc_unlock
 .text._Balloc  0x0000b200       0x50 C:\Program Files (x86)\GNU Tools ARM Embedded\5.4 2016q2\arm-none-eabi\lib\armv7-m\libc.a(lib_a-mprec.o)
                0x0000b200                _Balloc
 .text._Bfree   0x0000b250       0x14 C:\Program Files (x86)\GNU Tools ARM Embedded\5.4 2016q2\arm-none-eabi\lib\armv7-m\libc.a(lib_a-mprec.o)
                0x0000b250                _Bfree
 .text.__multadd
                0x0000b264       0x80 C:\Program Files (x86)\GNU Tools ARM Embedded\5.4 2016q2\arm-none-eabi\lib\armv7-m\libc.a(lib_a-mprec.o)
                0x0000b264                __multadd
 .text.__hi0bits
                0x0000b2e4       0x40 C:\Program Files (x86)\GNU Tools ARM Embedded\5.4 2016q2\arm-none-eabi\lib\armv7-m\libc.a(lib_a-mprec.o)
                0x0000b2e4                __hi0bits
 .text.__lo0bits
                0x0000b324       0x5c C:\Program Files (x86)\GNU Tools ARM Embedded\5.4 2016q2\arm-none-eabi\lib\armv7-m\libc.a(lib_a-mprec.o)
                0x0000b324                __lo0bits
 .text.__i2b    0x0000b380       0x14 C:\Program Files (x86)\GNU Tools ARM Embedded\5.4 2016q2\arm-none-eabi\lib\armv7-m\libc.a(lib_a-mprec.o)
                0x0000b380                __i2b
 .text.__multiply
                0x0000b394      0x13c C:\Program Files (x86)\GNU Tools ARM Embedded\5.4 2016q2\arm-none-eabi\lib\armv7-m\libc.a(lib_a-mprec.o)
                0x0000b394                __multiply
 .text.__pow5mult
                0x0000b4d0       0xa0 C:\Program Files (x86)\GNU Tools ARM Embedded\5.4 2016q2\arm-none-eabi\lib\armv7-m\libc.a(lib_a-mprec.o)
                0x0000b4d0                __pow5mult
 .text.__lshift
                0x0000b570       0xac C:\Program Files (x86)\GNU Tools ARM Embedded\5.4 2016q2\arm-none-eabi\lib\armv7-m\libc.a(lib_a-mprec.o)
                0x0000b570                __lshift
 .text.__mcmp   0x0000b61c       0x40 C:\Program Files (x86)\GNU Tools ARM Embedded\5.4 2016q2\arm-none-eabi\lib\armv7-m\libc.a(lib_a-mprec.o)
                0x0000b61c                __mcmp
 .text.__mdiff  0x0000b65c      0x128 C:\Program Files (x86)\GNU Tools ARM Embedded\5.4 2016q2\arm-none-eabi\lib\armv7-m\libc.a(lib_a-mprec.o)
                0x0000b65c                __mdiff
 .text.__d2b    0x0000b784       0xa8 C:\Program Files (x86)\GNU Tools ARM Embedded\5.4 2016q2\arm-none-eabi\lib\armv7-m\libc.a(lib_a-mprec.o)
                0x0000b784                __d2b
 .text._sbrk_r  0x0000b82c       0x24 C:\Program Files (x86)\GNU Tools ARM Embedded\5.4 2016q2\arm-none-eabi\lib\armv7-m\libc.a(lib_a-sbrkr.o)
                0x0000b82c                _sbrk_r
 .text.__ssprint_r
                0x0000b850      0x100 C:\Program Files (x86)\GNU Tools ARM Embedded\5.4 2016q2\arm-none-eabi\lib\armv7-m\libc.a(lib_a-svfiprintf.o)
                0x0000b850                __ssprint_r
 .text._calloc_r
                0x0000b950       0x60 C:\Program Files (x86)\GNU Tools ARM Embedded\5.4 2016q2\arm-none-eabi\lib\armv7-m\libc.a(lib_a-callocr.o)
                0x0000b950                _calloc_r
 .text._malloc_trim_r
                0x0000b9b0       0x9c C:\Program Files (x86)\GNU Tools ARM Embedded\5.4 2016q2\arm-none-eabi\lib\armv7-m\libc.a(lib_a-freer.o)
                0x0000b9b0                _malloc_trim_r
 .text._free_r  0x0000ba4c      0x1d0 C:\Program Files (x86)\GNU Tools ARM Embedded\5.4 2016q2\arm-none-eabi\lib\armv7-m\libc.a(lib_a-freer.o)
                0x0000ba4c                _free_r
 .text._realloc_r
                0x0000bc1c      0x3d4 C:\Program Files (x86)\GNU Tools ARM Embedded\5.4 2016q2\arm-none-eabi\lib\armv7-m\libc.a(lib_a-reallocr.o)
                0x0000bc1c                _realloc_r
 .text._sbrk    0x0000bff0       0x1c C:\Program Files (x86)\GNU Tools ARM Embedded\5.4 2016q2\arm-none-eabi\lib\armv7-m\libnosys.a(sbrk.o)
                0x0000bff0                _sbrk
 .text          0x0000c00c      0x370 C:\Program Files (x86)\GNU Tools ARM Embedded\5.4 2016q2\lib\gcc\arm-none-eabi\5.4.1\armv7-m\libgcc.a(_arm_addsubdf3.o)
                0x0000c00c                __aeabi_drsub
                0x0000c014                __aeabi_dsub
                0x0000c014                __subdf3
                0x0000c018                __aeabi_dadd
                0x0000c018                __adddf3
                0x0000c290                __floatunsidf
                0x0000c290                __aeabi_ui2d
                0x0000c2b0                __floatsidf
                0x0000c2b0                __aeabi_i2d
                0x0000c2d4                __aeabi_f2d
                0x0000c2d4                __extendsfdf2
                0x0000c310                __floatundidf
                0x0000c310                __aeabi_ul2d
                0x0000c320                __floatdidf
                0x0000c320                __aeabi_l2d
 .text          0x0000c37c      0x424 C:\Program Files (x86)\GNU Tools ARM Embedded\5.4 2016q2\lib\gcc\arm-none-eabi\5.4.1\armv7-m\libgcc.a(_arm_muldivdf3.o)
                0x0000c37c                __aeabi_dmul
                0x0000c37c                __muldf3
                0x0000c5d0                __divdf3
                0x0000c5d0                __aeabi_ddiv
 .text          0x0000c7a0      0x110 C:\Program Files (x86)\GNU Tools ARM Embedded\5.4 2016q2\lib\gcc\arm-none-eabi\5.4.1\armv7-m\libgcc.a(_arm_cmpdf2.o)
                0x0000c7a0                __gtdf2
                0x0000c7a0                __gedf2
                0x0000c7a8                __ltdf2
                0x0000c7a8                __ledf2
                0x0000c7b0                __nedf2
                0x0000c7b0                __eqdf2
                0x0000c7b0                __cmpdf2
                0x0000c82c                __aeabi_cdrcmple
                0x0000c83c                __aeabi_cdcmpeq
                0x0000c83c                __aeabi_cdcmple
                0x0000c84c                __aeabi_dcmpeq
                0x0000c860                __aeabi_dcmplt
                0x0000c874                __aeabi_dcmple
                0x0000c888                __aeabi_dcmpge
                0x0000c89c                __aeabi_dcmpgt
 .text          0x0000c8b0       0x2c C:\Program Files (x86)\GNU Tools ARM Embedded\5.4 2016q2\lib\gcc\arm-none-eabi\5.4.1\armv7-m\libgcc.a(_arm_unorddf2.o)
                0x0000c8b0                __unorddf2
                0x0000c8b0                __aeabi_dcmpun
 .text          0x0000c8dc       0x50 C:\Program Files (x86)\GNU Tools ARM Embedded\5.4 2016q2\lib\gcc\arm-none-eabi\5.4.1\armv7-m\libgcc.a(_arm_fixdfsi.o)
                0x0000c8dc                __aeabi_d2iz
                0x0000c8dc                __fixdfsi
 .text          0x0000c92c       0x30 C:\Program Files (x86)\GNU Tools ARM Embedded\5.4 2016q2\lib\gcc\arm-none-eabi\5.4.1\armv7-m\libgcc.a(_aeabi_uldivmod.o)
                0x0000c92c                __aeabi_uldivmod
 .text          0x0000c95c      0x2ec C:\Program Files (x86)\GNU Tools ARM Embedded\5.4 2016q2\lib\gcc\arm-none-eabi\5.4.1\armv7-m\libgcc.a(_udivmoddi4.o)
                0x0000c95c                __udivmoddi4
 .text          0x0000cc48        0x4 C:\Program Files (x86)\GNU Tools ARM Embedded\5.4 2016q2\lib\gcc\arm-none-eabi\5.4.1\armv7-m\libgcc.a(_dvmd_tls.o)
                0x0000cc48                __aeabi_idiv0
                0x0000cc48                __aeabi_ldiv0
 *(.init)
 *(.fini)
 *crtbegin.o(.ctors)
 *crtbegin?.o(.ctors)
 *(EXCLUDE_FILE(*crtend.o *crtend?.o) .ctors)
 *(SORT(.ctors.*))
 *(.ctors)
 *crtbegin.o(.dtors)
 *crtbegin?.o(.dtors)
 *(EXCLUDE_FILE(*crtend.o *crtend?.o) .dtors)
 *(SORT(.dtors.*))
 *(.dtors)
 *(.rodata*)
 .rodata        0x0000cc4c        0x5 ..\obj\ff_dev_support.o
                0x0000cc4c                pcDevicePath
 .rodata.str1.1
                0x0000cc51        0x0 ..\obj\ff_dev_support.o
                                  0x3 (size before relaxing)
 *fill*         0x0000cc51        0x3 
 .rodata        0x0000cc54       0x69 ..\obj\FreeRTOS_HTTP_server.o
 .rodata.str1.1
                0x0000ccbd      0x10f ..\obj\FreeRTOS_HTTP_server.o
                                0x12c (size before relaxing)
 .rodata        0x0000cdcc       0x16 ..\obj\FreeRTOS_IP.o
                0x0000cddc                xBroadcastMACAddress
 .rodata.str1.1
                0x0000cde2       0x10 ..\obj\FreeRTOS_IP.o
 .rodata        0x0000cdf2        0x7 ..\obj\lpc17xx_emac.o
                0x0000cdf2                EMAC_clkdiv
 *fill*         0x0000cdf9        0x3 
 .rodata        0x0000cdfc      0x700 ..\obj\ff_crc.o
                0x0000cdfc                crc32_table
 .rodata        0x0000d4fc       0x26 ..\obj\FreeRTOS_ARP.o
 *fill*         0x0000d522        0x2 
 .rodata        0x0000d524       0x26 ..\obj\main.o
                0x0000d534                APP_DEFAULT_NAMESERVER
                0x0000d538                APP_DEFAULT_GATEWAY
                0x0000d53c                APP_DEFAULT_NETMASK
                0x0000d540                APP_DEFAULT_IP_ADDRESS
                0x0000d544                ETHERNET_MAC_ADDRESS
 .rodata.str1.1
                0x0000d54a       0x11 ..\obj\main.o
 .rodata.str1.1
                0x0000d55b        0xd ..\obj\timers.o
 .rodata        0x0000d568        0xa ..\obj\ff_dir.o
 .rodata.str1.1
                0x0000d572       0x18 ..\obj\ff_dir.o
 .rodata.str1.1
                0x0000d58a        0x5 ..\obj\tasks.o
 .rodata.str1.1
                0x0000d58f        0xc ..\obj\NetworkInterface.o
 *fill*         0x0000d59b        0x1 
 .rodata        0x0000d59c        0x4 ..\obj\BufferAllocation_2.o
                0x0000d59c                xBufferAllocFixedSize
 .rodata.str1.1
                0x0000d5a0        0xa ..\obj\BufferAllocation_2.o
 .rodata.str1.1
                0x0000d5aa        0xe ..\obj\ff_stdio.o
                                 0x17 (size before relaxing)
 .rodata        0x0000d5b8       0x78 ..\obj\FreeRTOS_HTTP_commands.o
                0x0000d5b8                xWebCommands
 .rodata.str1.1
                0x0000d630       0xac ..\obj\FreeRTOS_HTTP_commands.o
 .rodata        0x0000d6dc        0x2 ..\obj\ff_sys.o
 *fill*         0x0000d6de        0x2 
 .rodata.blanks.7055
                0x0000d6e0       0x10 C:\Program Files (x86)\GNU Tools ARM Embedded\5.4 2016q2\arm-none-eabi\lib\armv7-m\libc.a(lib_a-svfprintf.o)
 .rodata.str1.4
                0x0000d6f0       0x42 C:\Program Files (x86)\GNU Tools ARM Embedded\5.4 2016q2\arm-none-eabi\lib\armv7-m\libc.a(lib_a-svfprintf.o)
 *fill*         0x0000d732        0x2 
 .rodata.zeroes.7056
                0x0000d734       0x10 C:\Program Files (x86)\GNU Tools ARM Embedded\5.4 2016q2\arm-none-eabi\lib\armv7-m\libc.a(lib_a-svfprintf.o)
 .rodata.str1.4
                0x0000d744       0x10 C:\Program Files (x86)\GNU Tools ARM Embedded\5.4 2016q2\arm-none-eabi\lib\armv7-m\libc.a(lib_a-dtoa.o)
                                 0x12 (size before relaxing)
 .rodata.str1.4
                0x0000d754        0x2 C:\Program Files (x86)\GNU Tools ARM Embedded\5.4 2016q2\arm-none-eabi\lib\armv7-m\libc.a(lib_a-impure.o)
 *fill*         0x0000d756        0x2 
 .rodata.str1.4
                0x0000d758        0xc C:\Program Files (x86)\GNU Tools ARM Embedded\5.4 2016q2\arm-none-eabi\lib\armv7-m\libc.a(lib_a-locale.o)
                                 0x12 (size before relaxing)
 *fill*         0x0000d764        0x4 
 .rodata.__mprec_tens
                0x0000d768       0xc8 C:\Program Files (x86)\GNU Tools ARM Embedded\5.4 2016q2\arm-none-eabi\lib\armv7-m\libc.a(lib_a-mprec.o)
                0x0000d768                __mprec_tens
 .rodata.__mprec_bigtens
                0x0000d830       0x28 C:\Program Files (x86)\GNU Tools ARM Embedded\5.4 2016q2\arm-none-eabi\lib\armv7-m\libc.a(lib_a-mprec.o)
                0x0000d830                __mprec_bigtens
 .rodata.p05.5396
                0x0000d858        0xc C:\Program Files (x86)\GNU Tools ARM Embedded\5.4 2016q2\arm-none-eabi\lib\armv7-m\libc.a(lib_a-mprec.o)
 *(.eh_fram e*)

.glue_7         0x0000d864        0x0
 .glue_7        0x0000d864        0x0 linker stubs

.glue_7t        0x0000d864        0x0
 .glue_7t       0x0000d864        0x0 linker stubs

.vfp11_veneer   0x0000d864        0x0
 .vfp11_veneer  0x0000d864        0x0 linker stubs

.v4_bx          0x0000d864        0x0
 .v4_bx         0x0000d864        0x0 linker stubs

.iplt           0x0000d864        0x0
 .iplt          0x0000d864        0x0 ..\obj\FreeRTOS_TCP_server.o

.ARM.extab
 *(.ARM.extab* .gnu.linkonce.armextab.*)
                0x0000d864                __exidx_start = .

.ARM.exidx      0x0000d864        0x8
 *(.ARM.exidx* .gnu.linkonce.armexidx.*)
 .ARM.exidx     0x0000d864        0x8 C:\Program Files (x86)\GNU Tools ARM Embedded\5.4 2016q2\lib\gcc\arm-none-eabi\5.4.1\armv7-m\libgcc.a(_udivmoddi4.o)
                0x0000d86c                __exidx_end = .
                0x0000d86c                __etext = .
                0x0000d86c                _sidata = __etext

.rel.dyn        0x0000d86c        0x0
 .rel.iplt      0x0000d86c        0x0 ..\obj\FreeRTOS_TCP_server.o

.data           0x10000000      0x89c load address 0x0000d86c
                0x10000000                __data_start__ = .
                0x10000000                _sdata = __data_start__
 *(vtable)
 *(.data*)
 .data          0x10000000       0x18 ..\obj\FreeRTOS_UDP_IP.o
                0x10000000                xDefaultPartUDPPacketHeader
 .data          0x10000018        0x4 ..\obj\system_LPC17xx.o
                0x10000018                SystemCoreClock
 .data          0x1000001c        0x4 ..\obj\port.o
 .data          0x10000020        0x4 ..\obj\heap_2.o
 *fill*         0x10000024        0x4 
 .data.impure_data
                0x10000028      0x428 C:\Program Files (x86)\GNU Tools ARM Embedded\5.4 2016q2\arm-none-eabi\lib\armv7-m\libc.a(lib_a-impure.o)
 .data._impure_ptr
                0x10000450        0x4 C:\Program Files (x86)\GNU Tools ARM Embedded\5.4 2016q2\arm-none-eabi\lib\armv7-m\libc.a(lib_a-impure.o)
                0x10000450                _impure_ptr
 .data.lconv    0x10000454       0x38 C:\Program Files (x86)\GNU Tools ARM Embedded\5.4 2016q2\arm-none-eabi\lib\armv7-m\libc.a(lib_a-locale.o)
 .data.__malloc_av_
                0x1000048c      0x408 C:\Program Files (x86)\GNU Tools ARM Embedded\5.4 2016q2\arm-none-eabi\lib\armv7-m\libc.a(lib_a-mallocr.o)
                0x1000048c                __malloc_av_
 .data.__malloc_trim_threshold
                0x10000894        0x4 C:\Program Files (x86)\GNU Tools ARM Embedded\5.4 2016q2\arm-none-eabi\lib\armv7-m\libc.a(lib_a-mallocr.o)
                0x10000894                __malloc_trim_threshold
 .data.__malloc_sbrk_base
                0x10000898        0x4 C:\Program Files (x86)\GNU Tools ARM Embedded\5.4 2016q2\arm-none-eabi\lib\armv7-m\libc.a(lib_a-mallocr.o)
                0x10000898                __malloc_sbrk_base
                0x1000089c                . = ALIGN (0x4)
                [!provide]                PROVIDE (__preinit_array_start, .)
 *(.preinit_array)
                [!provide]                PROVIDE (__preinit_array_end, .)
                0x1000089c                . = ALIGN (0x4)
                [!provide]                PROVIDE (__init_array_start, .)
 *(SORT(.init_array.*))
 *(.init_array)
                [!provide]                PROVIDE (__init_array_end, .)
                0x1000089c                . = ALIGN (0x4)
                [!provide]                PROVIDE (__fini_array_start, .)
 *(SORT(.fini_array.*))
 *(.fini_array)
                [!provide]                PROVIDE (__fini_array_end, .)
 *(.jcr*)
                0x1000089c                . = ALIGN (0x4)
                0x1000089c                __data_end__ = .
                0x1000089c                _edata = __data_end__

.igot.plt       0x1000089c        0x0 load address 0x0000e108
 .igot.plt      0x1000089c        0x0 ..\obj\FreeRTOS_TCP_server.o

.bss            0x100008a0     0x6e94 load address 0x0000e110
                0x100008a0                . = ALIGN (0x4)
                0x100008a0                __bss_start__ = .
                0x100008a0                _sbss = __bss_start__
 *(.bss*)
 .bss           0x100008a0       0x6e ..\obj\FreeRTOS_IP.o
                0x100008a4                xNetworkEventQueue
                0x100008ac                xNetworkAddressing
                0x100008c0                xDefaultAddressing
                0x1000090c                usPacketIdentifier
 *fill*         0x1000090e        0x2 
 .bss           0x10000910     0x2a64 ..\obj\lpc17xx_emac.o
 .bss           0x10003374       0x1c ..\obj\FreeRTOS_TCP_WIN.o
                0x1000338c                xTCPWindowLoggingLevel
 .bss           0x10003390       0x4c ..\obj\FreeRTOS_ARP.o
 .bss           0x100033dc        0x4 ..\obj\main.o
 .bss           0x100033e0        0x4 ..\obj\FreeRTOS_TCP_IP.o
                0x100033e0                ulNextInitialSequenceNumber
 .bss           0x100033e4       0xfc ..\obj\timers.o
 .bss           0x100034e0      0x6e0 ..\obj\staticAllocationImpl.o
 .bss           0x10003bc0      0x13c ..\obj\tasks.o
                0x10003bc4                pxCurrentTCB
 .bss           0x10003cfc        0x4 ..\obj\NetworkInterface.o
 .bss           0x10003d00      0xf1c ..\obj\BufferAllocation_2.o
 .bss           0x10004c1c     0x2814 ..\obj\heap_2.o
 .bss           0x10007430        0x8 ..\obj\FreeRTOS_Sockets.o
 .bss           0x10007438       0xc4 ..\obj\ff_sys.o
 .bss.__malloc_max_total_mem
                0x100074fc        0x4 C:\Program Files (x86)\GNU Tools ARM Embedded\5.4 2016q2\arm-none-eabi\lib\armv7-m\libc.a(lib_a-mallocr.o)
                0x100074fc                __malloc_max_total_mem
 .bss.__malloc_max_sbrked_mem
                0x10007500        0x4 C:\Program Files (x86)\GNU Tools ARM Embedded\5.4 2016q2\arm-none-eabi\lib\armv7-m\libc.a(lib_a-mallocr.o)
                0x10007500                __malloc_max_sbrked_mem
 .bss.__malloc_top_pad
                0x10007504        0x4 C:\Program Files (x86)\GNU Tools ARM Embedded\5.4 2016q2\arm-none-eabi\lib\armv7-m\libc.a(lib_a-mallocr.o)
                0x10007504                __malloc_top_pad
 .bss.__malloc_current_mallinfo
                0x10007508       0x28 C:\Program Files (x86)\GNU Tools ARM Embedded\5.4 2016q2\arm-none-eabi\lib\armv7-m\libc.a(lib_a-mallocr.o)
                0x10007508                __malloc_current_mallinfo
 .bss.heap_end.4167
                0x10007530        0x4 C:\Program Files (x86)\GNU Tools ARM Embedded\5.4 2016q2\arm-none-eabi\lib\armv7-m\libnosys.a(sbrk.o)
 *(COMMON)
 COMMON         0x10007534      0x180 ..\obj\ff_dev_support.o
                0x10007534                xFiles
 COMMON         0x100076b4        0x4 ..\obj\kit1768.o
                0x100076b4                SysTickCounter
 COMMON         0x100076b8       0x50 ..\obj\queue.o
                0x100076b8                xQueueRegistry
 COMMON         0x10007708       0x28 ..\obj\FreeRTOS_Sockets.o
                0x10007708                xBoundTCPSocketsList
                0x1000771c                xBoundUDPSocketsList
 COMMON         0x10007730        0x4 C:\Program Files (x86)\GNU Tools ARM Embedded\5.4 2016q2\arm-none-eabi\lib\armv7-m\libc.a(lib_a-reent.o)
                0x10007730                errno
                0x10007734                . = ALIGN (0x4)
                0x10007734                __bss_end__ = .
                0x10007734                _ebss = __bss_end__

.heap           0x10007734        0x0
                0x10007734                __end__ = .
                0x10007734                _end = __end__
                0x10007734                end = __end__
 *(.heap*)
                0x10007734                __HeapLimit = .

.co_stack       0x10007734      0x404 load address 0x00014fa4
                0x10007738                . = ALIGN (0x8)
 *fill*         0x10007734        0x4 
 *(.co_stack .co_stack.*)
 .co_stack      0x10007738      0x400 ..\obj\startup_LPC17xx.o
                0x10007738                pulStack
                0x10008000                __StackTop = (ORIGIN (ram) + LENGTH (ram))
                0x10007bfc                __StackLimit = (__StackTop - SIZEOF (.co_stack))
                [!provide]                PROVIDE (__stack, __StackTop)
                0x00000001                ASSERT ((__StackLimit >= __HeapLimit), region ram  overflowed with stack)
LOAD C:\Program Files (x86)\GNU Tools ARM Embedded\5.4 2016q2\arm-none-eabi\lib\armv7-m\libc.a
LOAD ..\obj\FreeRTOS_TCP_server.o
LOAD ..\obj\ff_dev_support.o
LOAD ..\obj\FreeRTOS_UDP_IP.o
LOAD ..\obj\FreeRTOS_Stream_Buffer.o
LOAD ..\obj\FreeRTOS_DNS.o
LOAD ..\obj\configurationManager.o
LOAD ..\obj\kit1768.o
LOAD ..\obj\lpc17xx_clkpwr.o
LOAD ..\obj\FreeRTOS_HTTP_server.o
LOAD ..\obj\FreeRTOS_IP.o
LOAD ..\obj\system_LPC17xx.o
LOAD ..\obj\lpc17xx_emac.o
LOAD ..\obj\ff_file.o
LOAD ..\obj\ff_crc.o
LOAD ..\obj\FreeRTOS_TCP_WIN.o
LOAD ..\obj\ff_time.o
LOAD ..\obj\FreeRTOS_ARP.o
LOAD ..\obj\main.o
LOAD ..\obj\FreeRTOS_TCP_IP.o
LOAD ..\obj\timers.o
LOAD ..\obj\ff_string.o
LOAD ..\obj\ff_dir.o
LOAD ..\obj\ff_format.o
LOAD ..\obj\lpc17xx_gpio.o
LOAD ..\obj\staticAllocationImpl.o
LOAD ..\obj\tasks.o
LOAD ..\obj\startup_LPC17xx.o
LOAD ..\obj\lpc17xx_libcfg_default.o
LOAD ..\obj\NetworkInterface.o
LOAD ..\obj\lpc17xx_pinsel.o
LOAD ..\obj\BufferAllocation_2.o
LOAD ..\obj\list.o
LOAD ..\obj\ff_memory.o
LOAD ..\obj\port.o
LOAD ..\obj\queue.o
LOAD ..\obj\ff_ioman.o
LOAD ..\obj\ff_fat.o
LOAD ..\obj\ff_stdio.o
LOAD ..\obj\event_groups.o
LOAD ..\obj\ff_locking.o
LOAD ..\obj\FreeRTOS_HTTP_commands.o
LOAD ..\obj\ff_error.o
LOAD ..\obj\FreeRTOS_DHCP.o
LOAD ..\obj\heap_2.o
LOAD ..\obj\ff_ramdisk.o
LOAD ..\obj\FreeRTOS_Sockets.o
LOAD ..\obj\ff_sys.o
LOAD C:\Program Files (x86)\GNU Tools ARM Embedded\5.4 2016q2\arm-none-eabi\lib\armv7-m\libc.a
LOAD C:\Program Files (x86)\GNU Tools ARM Embedded\5.4 2016q2\arm-none-eabi\lib\armv7-m\libm.a
LOAD C:\Program Files (x86)\GNU Tools ARM Embedded\5.4 2016q2\arm-none-eabi\lib\armv7-m\libg.a
LOAD C:\Program Files (x86)\GNU Tools ARM Embedded\5.4 2016q2\arm-none-eabi\lib\armv7-m\libnosys.a
LOAD C:\Program Files (x86)\GNU Tools ARM Embedded\5.4 2016q2\lib\gcc\arm-none-eabi\5.4.1\armv7-m\libgcc.a
START GROUP
LOAD C:\Program Files (x86)\GNU Tools ARM Embedded\5.4 2016q2\lib\gcc\arm-none-eabi\5.4.1\armv7-m\libgcc.a
LOAD C:\Program Files (x86)\GNU Tools ARM Embedded\5.4 2016q2\arm-none-eabi\lib\armv7-m\libg.a
LOAD C:\Program Files (x86)\GNU Tools ARM Embedded\5.4 2016q2\arm-none-eabi\lib\armv7-m\libc.a
END GROUP
OUTPUT(m3webbackbone.elf elf32-littlearm)

.debug_info     0x00000000    0x258f6
 .debug_info    0x00000000      0x9ba ..\obj\FreeRTOS_TCP_server.o
 .debug_info    0x000009ba      0xa96 ..\obj\ff_dev_support.o
 .debug_info    0x00001450      0xfc1 ..\obj\FreeRTOS_UDP_IP.o
 .debug_info    0x00002411      0x636 ..\obj\FreeRTOS_Stream_Buffer.o
 .debug_info    0x00002a47       0xaf ..\obj\configurationManager.o
 .debug_info    0x00002af6      0x7c0 ..\obj\kit1768.o
 .debug_info    0x000032b6      0x695 ..\obj\lpc17xx_clkpwr.o
 .debug_info    0x0000394b     0x106a ..\obj\FreeRTOS_HTTP_server.o
 .debug_info    0x000049b5     0x26b7 ..\obj\FreeRTOS_IP.o
 .debug_info    0x0000706c      0x4db ..\obj\system_LPC17xx.o
 .debug_info    0x00007547      0xe64 ..\obj\lpc17xx_emac.o
 .debug_info    0x000083ab     0x3127 ..\obj\ff_file.o
 .debug_info    0x0000b4d2      0x23f ..\obj\ff_crc.o
 .debug_info    0x0000b711     0x167d ..\obj\FreeRTOS_TCP_WIN.o
 .debug_info    0x0000cd8e      0x8ec ..\obj\FreeRTOS_ARP.o
 .debug_info    0x0000d67a      0x419 ..\obj\main.o
 .debug_info    0x0000da93     0x310e ..\obj\FreeRTOS_TCP_IP.o
 .debug_info    0x00010ba1     0x1391 ..\obj\timers.o
 .debug_info    0x00011f32      0x44c ..\obj\ff_string.o
 .debug_info    0x0001237e     0x2dcb ..\obj\ff_dir.o
 .debug_info    0x00015149      0x2e1 ..\obj\staticAllocationImpl.o
 .debug_info    0x0001542a     0x221e ..\obj\tasks.o
 .debug_info    0x00017648      0x114 ..\obj\startup_LPC17xx.o
 .debug_info    0x0001775c      0x3f5 ..\obj\NetworkInterface.o
 .debug_info    0x00017b51      0x6c4 ..\obj\BufferAllocation_2.o
 .debug_info    0x00018215      0x29d ..\obj\list.o
 .debug_info    0x000184b2      0x2fa ..\obj\port.o
 .debug_info    0x000187ac     0x19f4 ..\obj\queue.o
 .debug_info    0x0001a1a0     0x207b ..\obj\ff_ioman.o
 .debug_info    0x0001c21b     0x1b81 ..\obj\ff_fat.o
 .debug_info    0x0001dd9c     0x2403 ..\obj\ff_stdio.o
 .debug_info    0x0002019f      0xa33 ..\obj\event_groups.o
 .debug_info    0x00020bd2      0x909 ..\obj\ff_locking.o
 .debug_info    0x000214db      0x1b1 ..\obj\FreeRTOS_HTTP_commands.o
 .debug_info    0x0002168c      0x347 ..\obj\heap_2.o
 .debug_info    0x000219d3     0x357f ..\obj\FreeRTOS_Sockets.o
 .debug_info    0x00024f52      0x9a4 ..\obj\ff_sys.o

.debug_abbrev   0x00000000     0x5931
 .debug_abbrev  0x00000000      0x2cb ..\obj\FreeRTOS_TCP_server.o
 .debug_abbrev  0x000002cb      0x1d7 ..\obj\ff_dev_support.o
 .debug_abbrev  0x000004a2      0x2b3 ..\obj\FreeRTOS_UDP_IP.o
 .debug_abbrev  0x00000755      0x19b ..\obj\FreeRTOS_Stream_Buffer.o
 .debug_abbrev  0x000008f0       0x78 ..\obj\configurationManager.o
 .debug_abbrev  0x00000968      0x200 ..\obj\kit1768.o
 .debug_abbrev  0x00000b68      0x1e0 ..\obj\lpc17xx_clkpwr.o
 .debug_abbrev  0x00000d48      0x39c ..\obj\FreeRTOS_HTTP_server.o
 .debug_abbrev  0x000010e4      0x468 ..\obj\FreeRTOS_IP.o
 .debug_abbrev  0x0000154c      0x101 ..\obj\system_LPC17xx.o
 .debug_abbrev  0x0000164d      0x303 ..\obj\lpc17xx_emac.o
 .debug_abbrev  0x00001950      0x365 ..\obj\ff_file.o
 .debug_abbrev  0x00001cb5       0xfa ..\obj\ff_crc.o
 .debug_abbrev  0x00001daf      0x315 ..\obj\FreeRTOS_TCP_WIN.o
 .debug_abbrev  0x000020c4      0x29f ..\obj\FreeRTOS_ARP.o
 .debug_abbrev  0x00002363      0x1b4 ..\obj\main.o
 .debug_abbrev  0x00002517      0x47b ..\obj\FreeRTOS_TCP_IP.o
 .debug_abbrev  0x00002992      0x318 ..\obj\timers.o
 .debug_abbrev  0x00002caa      0x15e ..\obj\ff_string.o
 .debug_abbrev  0x00002e08      0x3cd ..\obj\ff_dir.o
 .debug_abbrev  0x000031d5       0xba ..\obj\staticAllocationImpl.o
 .debug_abbrev  0x0000328f      0x38f ..\obj\tasks.o
 .debug_abbrev  0x0000361e       0xe1 ..\obj\startup_LPC17xx.o
 .debug_abbrev  0x000036ff      0x1b7 ..\obj\NetworkInterface.o
 .debug_abbrev  0x000038b6      0x200 ..\obj\BufferAllocation_2.o
 .debug_abbrev  0x00003ab6       0xda ..\obj\list.o
 .debug_abbrev  0x00003b90      0x1d8 ..\obj\port.o
 .debug_abbrev  0x00003d68      0x34c ..\obj\queue.o
 .debug_abbrev  0x000040b4      0x3d4 ..\obj\ff_ioman.o
 .debug_abbrev  0x00004488      0x348 ..\obj\ff_fat.o
 .debug_abbrev  0x000047d0      0x34e ..\obj\ff_stdio.o
 .debug_abbrev  0x00004b1e      0x270 ..\obj\event_groups.o
 .debug_abbrev  0x00004d8e      0x1dc ..\obj\ff_locking.o
 .debug_abbrev  0x00004f6a       0xe5 ..\obj\FreeRTOS_HTTP_commands.o
 .debug_abbrev  0x0000504f      0x1c1 ..\obj\heap_2.o
 .debug_abbrev  0x00005210      0x4c0 ..\obj\FreeRTOS_Sockets.o
 .debug_abbrev  0x000056d0      0x261 ..\obj\ff_sys.o

.debug_loc      0x00000000    0x1696e
 .debug_loc     0x00000000      0x441 ..\obj\FreeRTOS_TCP_server.o
 .debug_loc     0x00000441      0x315 ..\obj\ff_dev_support.o
 .debug_loc     0x00000756      0x125 ..\obj\FreeRTOS_UDP_IP.o
 .debug_loc     0x0000087b      0x322 ..\obj\FreeRTOS_Stream_Buffer.o
 .debug_loc     0x00000b9d      0x473 ..\obj\kit1768.o
 .debug_loc     0x00001010      0x1a9 ..\obj\lpc17xx_clkpwr.o
 .debug_loc     0x000011b9      0x41a ..\obj\FreeRTOS_HTTP_server.o
 .debug_loc     0x000015d3      0xfff ..\obj\FreeRTOS_IP.o
 .debug_loc     0x000025d2      0x7ee ..\obj\lpc17xx_emac.o
 .debug_loc     0x00002dc0     0x2338 ..\obj\ff_file.o
 .debug_loc     0x000050f8      0x1ee ..\obj\ff_crc.o
 .debug_loc     0x000052e6     0x1180 ..\obj\FreeRTOS_TCP_WIN.o
 .debug_loc     0x00006466      0x353 ..\obj\FreeRTOS_ARP.o
 .debug_loc     0x000067b9       0x40 ..\obj\main.o
 .debug_loc     0x000067f9     0x215f ..\obj\FreeRTOS_TCP_IP.o
 .debug_loc     0x00008958      0x95c ..\obj\timers.o
 .debug_loc     0x000092b4      0x64e ..\obj\ff_string.o
 .debug_loc     0x00009902     0x206e ..\obj\ff_dir.o
 .debug_loc     0x0000b970     0x15f3 ..\obj\tasks.o
 .debug_loc     0x0000cf63       0x2b ..\obj\startup_LPC17xx.o
 .debug_loc     0x0000cf8e       0x55 ..\obj\NetworkInterface.o
 .debug_loc     0x0000cfe3      0x385 ..\obj\BufferAllocation_2.o
 .debug_loc     0x0000d368       0x94 ..\obj\list.o
 .debug_loc     0x0000d3fc       0xa8 ..\obj\port.o
 .debug_loc     0x0000d4a4     0x132d ..\obj\queue.o
 .debug_loc     0x0000e7d1     0x15d4 ..\obj\ff_ioman.o
 .debug_loc     0x0000fda5     0x1fe2 ..\obj\ff_fat.o
 .debug_loc     0x00011d87     0x14d1 ..\obj\ff_stdio.o
 .debug_loc     0x00013258      0x70c ..\obj\event_groups.o
 .debug_loc     0x00013964      0x2ba ..\obj\ff_locking.o
 .debug_loc     0x00013c1e       0xe9 ..\obj\FreeRTOS_HTTP_commands.o
 .debug_loc     0x00013d07      0x24a ..\obj\heap_2.o
 .debug_loc     0x00013f51     0x26b2 ..\obj\FreeRTOS_Sockets.o
 .debug_loc     0x00016603      0x36b ..\obj\ff_sys.o

.debug_aranges  0x00000000     0x1210
 .debug_aranges
                0x00000000       0x28 ..\obj\FreeRTOS_TCP_server.o
 .debug_aranges
                0x00000028       0x58 ..\obj\ff_dev_support.o
 .debug_aranges
                0x00000080       0x28 ..\obj\FreeRTOS_UDP_IP.o
 .debug_aranges
                0x000000a8       0x28 ..\obj\FreeRTOS_Stream_Buffer.o
 .debug_aranges
                0x000000d0       0x28 ..\obj\configurationManager.o
 .debug_aranges
                0x000000f8       0x80 ..\obj\kit1768.o
 .debug_aranges
                0x00000178       0x58 ..\obj\lpc17xx_clkpwr.o
 .debug_aranges
                0x000001d0       0x38 ..\obj\FreeRTOS_HTTP_server.o
 .debug_aranges
                0x00000208      0x100 ..\obj\FreeRTOS_IP.o
 .debug_aranges
                0x00000308       0x28 ..\obj\system_LPC17xx.o
 .debug_aranges
                0x00000330       0xb8 ..\obj\lpc17xx_emac.o
 .debug_aranges
                0x000003e8       0xf0 ..\obj\ff_file.o
 .debug_aranges
                0x000004d8       0x30 ..\obj\ff_crc.o
 .debug_aranges
                0x00000508       0xb0 ..\obj\FreeRTOS_TCP_WIN.o
 .debug_aranges
                0x000005b8       0x58 ..\obj\FreeRTOS_ARP.o
 .debug_aranges
                0x00000610       0x28 ..\obj\main.o
 .debug_aranges
                0x00000638       0x80 ..\obj\FreeRTOS_TCP_IP.o
 .debug_aranges
                0x000006b8       0x90 ..\obj\timers.o
 .debug_aranges
                0x00000748       0x50 ..\obj\ff_string.o
 .debug_aranges
                0x00000798       0xc8 ..\obj\ff_dir.o
 .debug_aranges
                0x00000860       0x28 ..\obj\staticAllocationImpl.o
 .debug_aranges
                0x00000888      0x1a0 ..\obj\tasks.o
 .debug_aranges
                0x00000a28       0x28 ..\obj\startup_LPC17xx.o
 .debug_aranges
                0x00000a50       0x38 ..\obj\NetworkInterface.o
 .debug_aranges
                0x00000a88       0x58 ..\obj\BufferAllocation_2.o
 .debug_aranges
                0x00000ae0       0x40 ..\obj\list.o
 .debug_aranges
                0x00000b20       0x70 ..\obj\port.o
 .debug_aranges
                0x00000b90      0x100 ..\obj\queue.o
 .debug_aranges
                0x00000c90       0xb0 ..\obj\ff_ioman.o
 .debug_aranges
                0x00000d40       0xc0 ..\obj\ff_fat.o
 .debug_aranges
                0x00000e00      0x108 ..\obj\ff_stdio.o
 .debug_aranges
                0x00000f08       0x68 ..\obj\event_groups.o
 .debug_aranges
                0x00000f70       0x80 ..\obj\ff_locking.o
 .debug_aranges
                0x00000ff0       0x20 ..\obj\FreeRTOS_HTTP_commands.o
 .debug_aranges
                0x00001010       0x38 ..\obj\heap_2.o
 .debug_aranges
                0x00001048      0x180 ..\obj\FreeRTOS_Sockets.o
 .debug_aranges
                0x000011c8       0x48 ..\obj\ff_sys.o

.debug_ranges   0x00000000     0x1f58
 .debug_ranges  0x00000000       0x98 ..\obj\FreeRTOS_TCP_server.o
 .debug_ranges  0x00000098       0x48 ..\obj\ff_dev_support.o
 .debug_ranges  0x000000e0       0x40 ..\obj\FreeRTOS_UDP_IP.o
 .debug_ranges  0x00000120       0x98 ..\obj\FreeRTOS_Stream_Buffer.o
 .debug_ranges  0x000001b8       0x18 ..\obj\configurationManager.o
 .debug_ranges  0x000001d0       0x88 ..\obj\kit1768.o
 .debug_ranges  0x00000258       0x48 ..\obj\lpc17xx_clkpwr.o
 .debug_ranges  0x000002a0       0x40 ..\obj\FreeRTOS_HTTP_server.o
 .debug_ranges  0x000002e0      0x2e8 ..\obj\FreeRTOS_IP.o
 .debug_ranges  0x000005c8       0x18 ..\obj\system_LPC17xx.o
 .debug_ranges  0x000005e0      0x130 ..\obj\lpc17xx_emac.o
 .debug_ranges  0x00000710      0x1e8 ..\obj\ff_file.o
 .debug_ranges  0x000008f8       0x20 ..\obj\ff_crc.o
 .debug_ranges  0x00000918      0x1b8 ..\obj\FreeRTOS_TCP_WIN.o
 .debug_ranges  0x00000ad0       0x68 ..\obj\FreeRTOS_ARP.o
 .debug_ranges  0x00000b38       0x18 ..\obj\main.o
 .debug_ranges  0x00000b50      0x320 ..\obj\FreeRTOS_TCP_IP.o
 .debug_ranges  0x00000e70       0xc8 ..\obj\timers.o
 .debug_ranges  0x00000f38       0x40 ..\obj\ff_string.o
 .debug_ranges  0x00000f78      0x2f8 ..\obj\ff_dir.o
 .debug_ranges  0x00001270       0x18 ..\obj\staticAllocationImpl.o
 .debug_ranges  0x00001288      0x220 ..\obj\tasks.o
 .debug_ranges  0x000014a8       0x18 ..\obj\startup_LPC17xx.o
 .debug_ranges  0x000014c0       0x28 ..\obj\NetworkInterface.o
 .debug_ranges  0x000014e8       0x48 ..\obj\BufferAllocation_2.o
 .debug_ranges  0x00001530       0x30 ..\obj\list.o
 .debug_ranges  0x00001560       0x60 ..\obj\port.o
 .debug_ranges  0x000015c0      0x140 ..\obj\queue.o
 .debug_ranges  0x00001700      0x160 ..\obj\ff_ioman.o
 .debug_ranges  0x00001860      0x168 ..\obj\ff_fat.o
 .debug_ranges  0x000019c8      0x128 ..\obj\ff_stdio.o
 .debug_ranges  0x00001af0       0x70 ..\obj\event_groups.o
 .debug_ranges  0x00001b60       0x70 ..\obj\ff_locking.o
 .debug_ranges  0x00001bd0       0x10 ..\obj\FreeRTOS_HTTP_commands.o
 .debug_ranges  0x00001be0       0x40 ..\obj\heap_2.o
 .debug_ranges  0x00001c20      0x2e8 ..\obj\FreeRTOS_Sockets.o
 .debug_ranges  0x00001f08       0x50 ..\obj\ff_sys.o

.debug_line     0x00000000     0xbdcb
 .debug_line    0x00000000      0x474 ..\obj\FreeRTOS_TCP_server.o
 .debug_line    0x00000474      0x3bf ..\obj\ff_dev_support.o
 .debug_line    0x00000833      0x446 ..\obj\FreeRTOS_UDP_IP.o
 .debug_line    0x00000c79      0x3ba ..\obj\FreeRTOS_Stream_Buffer.o
 .debug_line    0x00001033       0xfb ..\obj\configurationManager.o
 .debug_line    0x0000112e      0x39d ..\obj\kit1768.o
 .debug_line    0x000014cb      0x2be ..\obj\lpc17xx_clkpwr.o
 .debug_line    0x00001789      0x572 ..\obj\FreeRTOS_HTTP_server.o
 .debug_line    0x00001cfb      0x8e8 ..\obj\FreeRTOS_IP.o
 .debug_line    0x000025e3      0x232 ..\obj\system_LPC17xx.o
 .debug_line    0x00002815      0x4c1 ..\obj\lpc17xx_emac.o
 .debug_line    0x00002cd6      0xb73 ..\obj\ff_file.o
 .debug_line    0x00003849      0x17a ..\obj\ff_crc.o
 .debug_line    0x000039c3      0x715 ..\obj\FreeRTOS_TCP_WIN.o
 .debug_line    0x000040d8      0x52e ..\obj\FreeRTOS_ARP.o
 .debug_line    0x00004606      0x334 ..\obj\main.o
 .debug_line    0x0000493a      0xac1 ..\obj\FreeRTOS_TCP_IP.o
 .debug_line    0x000053fb      0x4a7 ..\obj\timers.o
 .debug_line    0x000058a2      0x326 ..\obj\ff_string.o
 .debug_line    0x00005bc8      0xabd ..\obj\ff_dir.o
 .debug_line    0x00006685      0x231 ..\obj\staticAllocationImpl.o
 .debug_line    0x000068b6      0xa6c ..\obj\tasks.o
 .debug_line    0x00007322       0xb8 ..\obj\startup_LPC17xx.o
 .debug_line    0x000073da      0x404 ..\obj\NetworkInterface.o
 .debug_line    0x000077de      0x45b ..\obj\BufferAllocation_2.o
 .debug_line    0x00007c39      0x26a ..\obj\list.o
 .debug_line    0x00007ea3      0x2b1 ..\obj\port.o
 .debug_line    0x00008154      0x714 ..\obj\queue.o
 .debug_line    0x00008868      0x8de ..\obj\ff_ioman.o
 .debug_line    0x00009146      0x72a ..\obj\ff_fat.o
 .debug_line    0x00009870      0x8aa ..\obj\ff_stdio.o
 .debug_line    0x0000a11a      0x38d ..\obj\event_groups.o
 .debug_line    0x0000a4a7      0x36e ..\obj\ff_locking.o
 .debug_line    0x0000a815      0x184 ..\obj\FreeRTOS_HTTP_commands.o
 .debug_line    0x0000a999      0x317 ..\obj\heap_2.o
 .debug_line    0x0000acb0      0xcd6 ..\obj\FreeRTOS_Sockets.o
 .debug_line    0x0000b986      0x445 ..\obj\ff_sys.o

.debug_str      0x00000000     0x82b4
 .debug_str     0x00000000      0x5a3 ..\obj\FreeRTOS_TCP_server.o
                                0x659 (size before relaxing)
 .debug_str     0x000005a3      0x601 ..\obj\ff_dev_support.o
                                0x81b (size before relaxing)
 .debug_str     0x00000ba4      0xb90 ..\obj\FreeRTOS_UDP_IP.o
                                0xec3 (size before relaxing)
 .debug_str     0x00001734      0x173 ..\obj\FreeRTOS_Stream_Buffer.o
                                0x34d (size before relaxing)
 .debug_str     0x000018a7       0x95 ..\obj\configurationManager.o
                                0x195 (size before relaxing)
 .debug_str     0x0000193c      0x220 ..\obj\kit1768.o
                                0x36c (size before relaxing)
 .debug_str     0x00001b5c      0x2e9 ..\obj\lpc17xx_clkpwr.o
                                0x43c (size before relaxing)
 .debug_str     0x00001e45      0x392 ..\obj\FreeRTOS_HTTP_server.o
                                0xb79 (size before relaxing)
 .debug_str     0x000021d7      0xdf1 ..\obj\FreeRTOS_IP.o
                               0x1c71 (size before relaxing)
 .debug_str     0x00002fc8       0x75 ..\obj\system_LPC17xx.o
                                0x37c (size before relaxing)
 .debug_str     0x0000303d      0x4f3 ..\obj\lpc17xx_emac.o
                                0x759 (size before relaxing)
 .debug_str     0x00003530      0x7f8 ..\obj\ff_file.o
                                0xe9e (size before relaxing)
 .debug_str     0x00003d28       0xcd ..\obj\ff_crc.o
                                0x228 (size before relaxing)
 .debug_str     0x00003df5      0x451 ..\obj\FreeRTOS_TCP_WIN.o
                                0x9af (size before relaxing)
 .debug_str     0x00004246      0x179 ..\obj\FreeRTOS_ARP.o
                                0x8f1 (size before relaxing)
 .debug_str     0x000043bf      0x158 ..\obj\main.o
                                0x3c3 (size before relaxing)
 .debug_str     0x00004517      0x586 ..\obj\FreeRTOS_TCP_IP.o
                               0x1788 (size before relaxing)
 .debug_str     0x00004a9d      0x6b8 ..\obj\timers.o
                                0xa78 (size before relaxing)
 .debug_str     0x00005155      0x13e ..\obj\ff_string.o
                                0x30b (size before relaxing)
 .debug_str     0x00005293      0x42a ..\obj\ff_dir.o
                                0xe61 (size before relaxing)
 .debug_str     0x000056bd      0x122 ..\obj\staticAllocationImpl.o
                                0x371 (size before relaxing)
 .debug_str     0x000057df      0xa24 ..\obj\tasks.o
                                0xfa3 (size before relaxing)
 .debug_str     0x00006203       0xc9 ..\obj\startup_LPC17xx.o
                                0x170 (size before relaxing)
 .debug_str     0x000062cc       0xe3 ..\obj\NetworkInterface.o
                                0x48d (size before relaxing)
 .debug_str     0x000063af      0x1da ..\obj\BufferAllocation_2.o
                                0x637 (size before relaxing)
 .debug_str     0x00006589       0x67 ..\obj\list.o
                                0x2b3 (size before relaxing)
 .debug_str     0x000065f0       0xeb ..\obj\port.o
                                0x317 (size before relaxing)
 .debug_str     0x000066db      0x412 ..\obj\queue.o
                                0xa73 (size before relaxing)
 .debug_str     0x00006aed      0x4f4 ..\obj\ff_ioman.o
                                0xc10 (size before relaxing)
 .debug_str     0x00006fe1      0x1e1 ..\obj\ff_fat.o
                                0x9d0 (size before relaxing)
 .debug_str     0x000071c2      0x4a0 ..\obj\ff_stdio.o
                                0xe65 (size before relaxing)
 .debug_str     0x00007662      0x2a7 ..\obj\event_groups.o
                                0x6de (size before relaxing)
 .debug_str     0x00007909       0x98 ..\obj\ff_locking.o
                                0x70f (size before relaxing)
 .debug_str     0x000079a1       0x6f ..\obj\FreeRTOS_HTTP_commands.o
                                0x329 (size before relaxing)
 .debug_str     0x00007a10      0x161 ..\obj\heap_2.o
                                0x31d (size before relaxing)
 .debug_str     0x00007b71      0x678 ..\obj\FreeRTOS_Sockets.o
                               0x19f5 (size before relaxing)
 .debug_str     0x000081e9       0xcb ..\obj\ff_sys.o
                                0x6d3 (size before relaxing)

.comment        0x00000000       0x6e
 .comment       0x00000000       0x6e ..\obj\FreeRTOS_TCP_server.o
                                 0x6f (size before relaxing)
 .comment       0x0000006e       0x6f ..\obj\ff_dev_support.o
 .comment       0x0000006e       0x6f ..\obj\FreeRTOS_UDP_IP.o
 .comment       0x0000006e       0x6f ..\obj\FreeRTOS_Stream_Buffer.o
 .comment       0x0000006e       0x6f ..\obj\configurationManager.o
 .comment       0x0000006e       0x6f ..\obj\kit1768.o
 .comment       0x0000006e       0x6f ..\obj\lpc17xx_clkpwr.o
 .comment       0x0000006e       0x6f ..\obj\FreeRTOS_HTTP_server.o
 .comment       0x0000006e       0x6f ..\obj\FreeRTOS_IP.o
 .comment       0x0000006e       0x6f ..\obj\system_LPC17xx.o
 .comment       0x0000006e       0x6f ..\obj\lpc17xx_emac.o
 .comment       0x0000006e       0x6f ..\obj\ff_file.o
 .comment       0x0000006e       0x6f ..\obj\ff_crc.o
 .comment       0x0000006e       0x6f ..\obj\FreeRTOS_TCP_WIN.o
 .comment       0x0000006e       0x6f ..\obj\FreeRTOS_ARP.o
 .comment       0x0000006e       0x6f ..\obj\main.o
 .comment       0x0000006e       0x6f ..\obj\FreeRTOS_TCP_IP.o
 .comment       0x0000006e       0x6f ..\obj\timers.o
 .comment       0x0000006e       0x6f ..\obj\ff_string.o
 .comment       0x0000006e       0x6f ..\obj\ff_dir.o
 .comment       0x0000006e       0x6f ..\obj\staticAllocationImpl.o
 .comment       0x0000006e       0x6f ..\obj\tasks.o
 .comment       0x0000006e       0x6f ..\obj\startup_LPC17xx.o
 .comment       0x0000006e       0x6f ..\obj\NetworkInterface.o
 .comment       0x0000006e       0x6f ..\obj\BufferAllocation_2.o
 .comment       0x0000006e       0x6f ..\obj\list.o
 .comment       0x0000006e       0x6f ..\obj\port.o
 .comment       0x0000006e       0x6f ..\obj\queue.o
 .comment       0x0000006e       0x6f ..\obj\ff_ioman.o
 .comment       0x0000006e       0x6f ..\obj\ff_fat.o
 .comment       0x0000006e       0x6f ..\obj\ff_stdio.o
 .comment       0x0000006e       0x6f ..\obj\event_groups.o
 .comment       0x0000006e       0x6f ..\obj\ff_locking.o
 .comment       0x0000006e       0x6f ..\obj\FreeRTOS_HTTP_commands.o
 .comment       0x0000006e       0x6f ..\obj\heap_2.o
 .comment       0x0000006e       0x6f ..\obj\FreeRTOS_Sockets.o
 .comment       0x0000006e       0x6f ..\obj\ff_sys.o

.ARM.attributes
                0x00000000       0x31
 .ARM.attributes
                0x00000000       0x33 ..\obj\FreeRTOS_TCP_server.o
 .ARM.attributes
                0x00000033       0x33 ..\obj\ff_dev_support.o
 .ARM.attributes
                0x00000066       0x33 ..\obj\FreeRTOS_UDP_IP.o
 .ARM.attributes
                0x00000099       0x33 ..\obj\FreeRTOS_Stream_Buffer.o
 .ARM.attributes
                0x000000cc       0x33 ..\obj\configurationManager.o
 .ARM.attributes
                0x000000ff       0x33 ..\obj\kit1768.o
 .ARM.attributes
                0x00000132       0x33 ..\obj\lpc17xx_clkpwr.o
 .ARM.attributes
                0x00000165       0x33 ..\obj\FreeRTOS_HTTP_server.o
 .ARM.attributes
                0x00000198       0x33 ..\obj\FreeRTOS_IP.o
 .ARM.attributes
                0x000001cb       0x33 ..\obj\system_LPC17xx.o
 .ARM.attributes
                0x000001fe       0x33 ..\obj\lpc17xx_emac.o
 .ARM.attributes
                0x00000231       0x33 ..\obj\ff_file.o
 .ARM.attributes
                0x00000264       0x33 ..\obj\ff_crc.o
 .ARM.attributes
                0x00000297       0x33 ..\obj\FreeRTOS_TCP_WIN.o
 .ARM.attributes
                0x000002ca       0x33 ..\obj\FreeRTOS_ARP.o
 .ARM.attributes
                0x000002fd       0x33 ..\obj\main.o
 .ARM.attributes
                0x00000330       0x33 ..\obj\FreeRTOS_TCP_IP.o
 .ARM.attributes
                0x00000363       0x33 ..\obj\timers.o
 .ARM.attributes
                0x00000396       0x33 ..\obj\ff_string.o
 .ARM.attributes
                0x000003c9       0x33 ..\obj\ff_dir.o
 .ARM.attributes
                0x000003fc       0x33 ..\obj\staticAllocationImpl.o
 .ARM.attributes
                0x0000042f       0x33 ..\obj\tasks.o
 .ARM.attributes
                0x00000462       0x33 ..\obj\startup_LPC17xx.o
 .ARM.attributes
                0x00000495       0x33 ..\obj\NetworkInterface.o
 .ARM.attributes
                0x000004c8       0x33 ..\obj\BufferAllocation_2.o
 .ARM.attributes
                0x000004fb       0x33 ..\obj\list.o
 .ARM.attributes
                0x0000052e       0x33 ..\obj\port.o
 .ARM.attributes
                0x00000561       0x33 ..\obj\queue.o
 .ARM.attributes
                0x00000594       0x33 ..\obj\ff_ioman.o
 .ARM.attributes
                0x000005c7       0x33 ..\obj\ff_fat.o
 .ARM.attributes
                0x000005fa       0x33 ..\obj\ff_stdio.o
 .ARM.attributes
                0x0000062d       0x33 ..\obj\event_groups.o
 .ARM.attributes
                0x00000660       0x33 ..\obj\ff_locking.o
 .ARM.attributes
                0x00000693       0x33 ..\obj\FreeRTOS_HTTP_commands.o
 .ARM.attributes
                0x000006c6       0x33 ..\obj\heap_2.o
 .ARM.attributes
                0x000006f9       0x33 ..\obj\FreeRTOS_Sockets.o
 .ARM.attributes
                0x0000072c       0x33 ..\obj\ff_sys.o
 .ARM.attributes
                0x0000075f       0x2d C:\Program Files (x86)\GNU Tools ARM Embedded\5.4 2016q2\arm-none-eabi\lib\armv7-m\libc.a(lib_a-memcmp.o)
 .ARM.attributes
                0x0000078c       0x1b C:\Program Files (x86)\GNU Tools ARM Embedded\5.4 2016q2\arm-none-eabi\lib\armv7-m\libc.a(lib_a-memcpy.o)
 .ARM.attributes
                0x000007a7       0x2d C:\Program Files (x86)\GNU Tools ARM Embedded\5.4 2016q2\arm-none-eabi\lib\armv7-m\libc.a(lib_a-memmove.o)
 .ARM.attributes
                0x000007d4       0x2d C:\Program Files (x86)\GNU Tools ARM Embedded\5.4 2016q2\arm-none-eabi\lib\armv7-m\libc.a(lib_a-memset.o)
 .ARM.attributes
                0x00000801       0x2d C:\Program Files (x86)\GNU Tools ARM Embedded\5.4 2016q2\arm-none-eabi\lib\armv7-m\libc.a(lib_a-rand.o)
 .ARM.attributes
                0x0000082e       0x2d C:\Program Files (x86)\GNU Tools ARM Embedded\5.4 2016q2\arm-none-eabi\lib\armv7-m\libc.a(lib_a-snprintf.o)
 .ARM.attributes
                0x0000085b       0x2d C:\Program Files (x86)\GNU Tools ARM Embedded\5.4 2016q2\arm-none-eabi\lib\armv7-m\libc.a(lib_a-sprintf.o)
 .ARM.attributes
                0x00000888       0x2d C:\Program Files (x86)\GNU Tools ARM Embedded\5.4 2016q2\arm-none-eabi\lib\armv7-m\libc.a(lib_a-strchr.o)
 .ARM.attributes
                0x000008b5       0x1b C:\Program Files (x86)\GNU Tools ARM Embedded\5.4 2016q2\arm-none-eabi\lib\armv7-m\libc.a(lib_a-strcmp.o)
 .ARM.attributes
                0x000008d0       0x2d C:\Program Files (x86)\GNU Tools ARM Embedded\5.4 2016q2\arm-none-eabi\lib\armv7-m\libc.a(lib_a-strcpy.o)
 .ARM.attributes
                0x000008fd       0x2d C:\Program Files (x86)\GNU Tools ARM Embedded\5.4 2016q2\arm-none-eabi\lib\armv7-m\libc.a(lib_a-strlen-stub.o)
 .ARM.attributes
                0x0000092a       0x2d C:\Program Files (x86)\GNU Tools ARM Embedded\5.4 2016q2\arm-none-eabi\lib\armv7-m\libc.a(lib_a-strncpy.o)
 .ARM.attributes
                0x00000957       0x2d C:\Program Files (x86)\GNU Tools ARM Embedded\5.4 2016q2\arm-none-eabi\lib\armv7-m\libc.a(lib_a-svfprintf.o)
 .ARM.attributes
                0x00000984       0x2d C:\Program Files (x86)\GNU Tools ARM Embedded\5.4 2016q2\arm-none-eabi\lib\armv7-m\libc.a(lib_a-dtoa.o)
 .ARM.attributes
                0x000009b1       0x2d C:\Program Files (x86)\GNU Tools ARM Embedded\5.4 2016q2\arm-none-eabi\lib\armv7-m\libc.a(lib_a-impure.o)
 .ARM.attributes
                0x000009de       0x2d C:\Program Files (x86)\GNU Tools ARM Embedded\5.4 2016q2\arm-none-eabi\lib\armv7-m\libc.a(lib_a-locale.o)
 .ARM.attributes
                0x00000a0b       0x2d C:\Program Files (x86)\GNU Tools ARM Embedded\5.4 2016q2\arm-none-eabi\lib\armv7-m\libc.a(lib_a-mallocr.o)
 .ARM.attributes
                0x00000a38       0x2d C:\Program Files (x86)\GNU Tools ARM Embedded\5.4 2016q2\arm-none-eabi\lib\armv7-m\libc.a(lib_a-memchr-stub.o)
 .ARM.attributes
                0x00000a65       0x2d C:\Program Files (x86)\GNU Tools ARM Embedded\5.4 2016q2\arm-none-eabi\lib\armv7-m\libc.a(lib_a-mlock.o)
 .ARM.attributes
                0x00000a92       0x2d C:\Program Files (x86)\GNU Tools ARM Embedded\5.4 2016q2\arm-none-eabi\lib\armv7-m\libc.a(lib_a-mprec.o)
 .ARM.attributes
                0x00000abf       0x2d C:\Program Files (x86)\GNU Tools ARM Embedded\5.4 2016q2\arm-none-eabi\lib\armv7-m\libc.a(lib_a-sbrkr.o)
 .ARM.attributes
                0x00000aec       0x2d C:\Program Files (x86)\GNU Tools ARM Embedded\5.4 2016q2\arm-none-eabi\lib\armv7-m\libc.a(lib_a-svfiprintf.o)
 .ARM.attributes
                0x00000b19       0x2d C:\Program Files (x86)\GNU Tools ARM Embedded\5.4 2016q2\arm-none-eabi\lib\armv7-m\libc.a(lib_a-callocr.o)
 .ARM.attributes
                0x00000b46       0x2d C:\Program Files (x86)\GNU Tools ARM Embedded\5.4 2016q2\arm-none-eabi\lib\armv7-m\libc.a(lib_a-freer.o)
 .ARM.attributes
                0x00000b73       0x2d C:\Program Files (x86)\GNU Tools ARM Embedded\5.4 2016q2\arm-none-eabi\lib\armv7-m\libc.a(lib_a-reallocr.o)
 .ARM.attributes
                0x00000ba0       0x2d C:\Program Files (x86)\GNU Tools ARM Embedded\5.4 2016q2\arm-none-eabi\lib\armv7-m\libc.a(lib_a-reent.o)
 .ARM.attributes
                0x00000bcd       0x2d C:\Program Files (x86)\GNU Tools ARM Embedded\5.4 2016q2\arm-none-eabi\lib\armv7-m\libnosys.a(sbrk.o)
 .ARM.attributes
                0x00000bfa       0x1d C:\Program Files (x86)\GNU Tools ARM Embedded\5.4 2016q2\lib\gcc\arm-none-eabi\5.4.1\armv7-m\libgcc.a(_arm_addsubdf3.o)
 .ARM.attributes
                0x00000c17       0x1d C:\Program Files (x86)\GNU Tools ARM Embedded\5.4 2016q2\lib\gcc\arm-none-eabi\5.4.1\armv7-m\libgcc.a(_arm_muldivdf3.o)
 .ARM.attributes
                0x00000c34       0x1d C:\Program Files (x86)\GNU Tools ARM Embedded\5.4 2016q2\lib\gcc\arm-none-eabi\5.4.1\armv7-m\libgcc.a(_arm_cmpdf2.o)
 .ARM.attributes
                0x00000c51       0x1d C:\Program Files (x86)\GNU Tools ARM Embedded\5.4 2016q2\lib\gcc\arm-none-eabi\5.4.1\armv7-m\libgcc.a(_arm_unorddf2.o)
 .ARM.attributes