Archive member included to satisfy reference by file (symbol)

C:\Program Files (x86)\GNU Tools ARM Embedded\5.4 2016q2\arm-none-eabi\lib\armv7-m\libc.a(lib_a-memcmp.o)
                              ..\obj\ff_dev_support.o (memcmp)
C:\Program Files (x86)\GNU Tools ARM Embedded\5.4 2016q2\arm-none-eabi\lib\armv7-m\libc.a(lib_a-memcpy.o)
                              ..\obj\FreeRTOS_TCP_server.o (memcpy)
C:\Program Files (x86)\GNU Tools ARM Embedded\5.4 2016q2\arm-none-eabi\lib\armv7-m\libc.a(lib_a-memmove.o)
                              ..\obj\FreeRTOS_IP.o (memmove)
C:\Program Files (x86)\GNU Tools ARM Embedded\5.4 2016q2\arm-none-eabi\lib\armv7-m\libc.a(lib_a-memset.o)
                              ..\obj\FreeRTOS_TCP_server.o (memset)
C:\Program Files (x86)\GNU Tools ARM Embedded\5.4 2016q2\arm-none-eabi\lib\armv7-m\libc.a(lib_a-rand.o)
                              ..\obj\ff_format.o (rand)
C:\Program Files (x86)\GNU Tools ARM Embedded\5.4 2016q2\arm-none-eabi\lib\armv7-m\libc.a(lib_a-snprintf.o)
                              ..\obj\ff_dev_support.o (snprintf)
C:\Program Files (x86)\GNU Tools ARM Embedded\5.4 2016q2\arm-none-eabi\lib\armv7-m\libc.a(lib_a-sprintf.o)
                              ..\obj\ff_dir.o (sprintf)
C:\Program Files (x86)\GNU Tools ARM Embedded\5.4 2016q2\arm-none-eabi\lib\armv7-m\libc.a(lib_a-strchr.o)
                              ..\obj\FreeRTOS_HTTP_server.o (strchr)
C:\Program Files (x86)\GNU Tools ARM Embedded\5.4 2016q2\arm-none-eabi\lib\armv7-m\libc.a(lib_a-strcmp.o)
                              ..\obj\ff_dev_support.o (strcmp)
C:\Program Files (x86)\GNU Tools ARM Embedded\5.4 2016q2\arm-none-eabi\lib\armv7-m\libc.a(lib_a-strcpy.o)
                              ..\obj\FreeRTOS_HTTP_server.o (strcpy)
C:\Program Files (x86)\GNU Tools ARM Embedded\5.4 2016q2\arm-none-eabi\lib\armv7-m\libc.a(lib_a-strlen-stub.o)
                              ..\obj\FreeRTOS_TCP_server.o (strlen)
C:\Program Files (x86)\GNU Tools ARM Embedded\5.4 2016q2\arm-none-eabi\lib\armv7-m\libc.a(lib_a-strncpy.o)
                              ..\obj\ff_file.o (strncpy)
C:\Program Files (x86)\GNU Tools ARM Embedded\5.4 2016q2\arm-none-eabi\lib\armv7-m\libc.a(lib_a-svfprintf.o)
                              C:\Program Files (x86)\GNU Tools ARM Embedded\5.4 2016q2\arm-none-eabi\lib\armv7-m\libc.a(lib_a-snprintf.o) (_svfprintf_r)
C:\Program Files (x86)\GNU Tools ARM Embedded\5.4 2016q2\arm-none-eabi\lib\armv7-m\libc.a(lib_a-dtoa.o)
                              C:\Program Files (x86)\GNU Tools ARM Embedded\5.4 2016q2\arm-none-eabi\lib\armv7-m\libc.a(lib_a-svfprintf.o) (_dtoa_r)
C:\Program Files (x86)\GNU Tools ARM Embedded\5.4 2016q2\arm-none-eabi\lib\armv7-m\libc.a(lib_a-impure.o)
                              C:\Program Files (x86)\GNU Tools ARM Embedded\5.4 2016q2\arm-none-eabi\lib\armv7-m\libc.a(lib_a-rand.o) (_impure_ptr)
C:\Program Files (x86)\GNU Tools ARM Embedded\5.4 2016q2\arm-none-eabi\lib\armv7-m\libc.a(lib_a-locale.o)
                              C:\Program Files (x86)\GNU Tools ARM Embedded\5.4 2016q2\arm-none-eabi\lib\armv7-m\libc.a(lib_a-svfprintf.o) (_localeconv_r)
C:\Program Files (x86)\GNU Tools ARM Embedded\5.4 2016q2\arm-none-eabi\lib\armv7-m\libc.a(lib_a-mallocr.o)
                              C:\Program Files (x86)\GNU Tools ARM Embedded\5.4 2016q2\arm-none-eabi\lib\armv7-m\libc.a(lib_a-svfprintf.o) (_malloc_r)
C:\Program Files (x86)\GNU Tools ARM Embedded\5.4 2016q2\arm-none-eabi\lib\armv7-m\libc.a(lib_a-memchr-stub.o)
                              C:\Program Files (x86)\GNU Tools ARM Embedded\5.4 2016q2\arm-none-eabi\lib\armv7-m\libc.a(lib_a-svfprintf.o) (memchr)
C:\Program Files (x86)\GNU Tools ARM Embedded\5.4 2016q2\arm-none-eabi\lib\armv7-m\libc.a(lib_a-mlock.o)
                              C:\Program Files (x86)\GNU Tools ARM Embedded\5.4 2016q2\arm-none-eabi\lib\armv7-m\libc.a(lib_a-mallocr.o) (__malloc_lock)
C:\Program Files (x86)\GNU Tools ARM Embedded\5.4 2016q2\arm-none-eabi\lib\armv7-m\libc.a(lib_a-mprec.o)
                              C:\Program Files (x86)\GNU Tools ARM Embedded\5.4 2016q2\arm-none-eabi\lib\armv7-m\libc.a(lib_a-dtoa.o) (_Balloc)
C:\Program Files (x86)\GNU Tools ARM Embedded\5.4 2016q2\arm-none-eabi\lib\armv7-m\libc.a(lib_a-sbrkr.o)
                              C:\Program Files (x86)\GNU Tools ARM Embedded\5.4 2016q2\arm-none-eabi\lib\armv7-m\libc.a(lib_a-mallocr.o) (_sbrk_r)
C:\Program Files (x86)\GNU Tools ARM Embedded\5.4 2016q2\arm-none-eabi\lib\armv7-m\libc.a(lib_a-svfiprintf.o)
                              C:\Program Files (x86)\GNU Tools ARM Embedded\5.4 2016q2\arm-none-eabi\lib\armv7-m\libc.a(lib_a-svfprintf.o) (__ssprint_r)
C:\Program Files (x86)\GNU Tools ARM Embedded\5.4 2016q2\arm-none-eabi\lib\armv7-m\libc.a(lib_a-callocr.o)
                              C:\Program Files (x86)\GNU Tools ARM Embedded\5.4 2016q2\arm-none-eabi\lib\armv7-m\libc.a(lib_a-mprec.o) (_calloc_r)
[...]
Memory Configuration

Name             Origin             Length             Attributes
rom              0x00000000         0x00080000         xr
ram              0x10000000         0x00008000         xrw
ram1             0x2007c000         0x00008000         xrw
*default*        0x00000000         0xffffffff

Linker script and memory map

                0x10008000                _eram = 0x10008000

.text           0x00000000    0x14d94
 *(.isr_vector)
 .isr_vector    0x00000000       0xcc ..\obj\startup_LPC17xx.o
                0x00000000                g_pfnVectors
 *(.text*)
 .text.FreeRTOS_CreateTCPServer
                0x000000cc      0x198 ..\obj\FreeRTOS_TCP_server.o
                0x000000cc                FreeRTOS_CreateTCPServer
 .text.prvReceiveNewClient
                0x00000264      0x108 ..\obj\FreeRTOS_TCP_server.o
 .text.FreeRTOS_TCPServerWork
                0x0000036c       0xec ..\obj\FreeRTOS_TCP_server.o
                0x0000036c                FreeRTOS_TCPServerWork
 .text.strnew   0x00000458       0x3c ..\obj\FreeRTOS_TCP_server.o
 .text.prvRemoveSlash
                0x00000494       0x40 ..\obj\FreeRTOS_TCP_server.o
 .text.pxFindFile
                0x000004d4       0xe0 ..\obj\ff_dev_support.o
                0x000004d4                pxFindFile
 .text.xCheckDevicePath
                0x000005b4       0x60 ..\obj\ff_dev_support.o
                0x000005b4                xCheckDevicePath
 .text.FF_Device_Open
                0x00000614       0x78 ..\obj\ff_dev_support.o
                0x00000614                FF_Device_Open
 .text.FF_Device_Close
                0x0000068c       0x28 ..\obj\ff_dev_support.o
                0x0000068c                FF_Device_Close
 .text.FF_Device_Read
                0x000006b4       0x24 ..\obj\ff_dev_support.o
                0x000006b4                FF_Device_Read
 .text.vProcessGeneratedUDPPacket
                0x000006d8      0x12c ..\obj\FreeRTOS_UDP_IP.o
                0x000006d8                vProcessGeneratedUDPPacket
 .text.xProcessReceivedUDPPacket
                0x00000804       0xa8 ..\obj\FreeRTOS_UDP_IP.o
                0x00000804                xProcessReceivedUDPPacket
 .text.FreeRTOS_min_uint32
                0x000008ac       0x20 ..\obj\FreeRTOS_Stream_Buffer.o
 .text.uxStreamBufferSpace
                0x000008cc       0x3c ..\obj\FreeRTOS_Stream_Buffer.o
 .text.uxStreamBufferDistance
                0x00000908       0x3c ..\obj\FreeRTOS_Stream_Buffer.o
 .text.uxStreamBufferGetSpace
                0x00000944       0x28 ..\obj\FreeRTOS_Stream_Buffer.o
 .text.uxStreamBufferGetSize
                0x0000096c       0x28 ..\obj\FreeRTOS_Stream_Buffer.o
 .text.xStreamBufferLessThenEqual
                0x00000994       0x68 ..\obj\FreeRTOS_Stream_Buffer.o
 .text.uxStreamBufferAdd
                0x000009fc       0xfc ..\obj\FreeRTOS_Stream_Buffer.o
                0x000009fc                uxStreamBufferAdd
 .text.uxStreamBufferGet
                0x00000af8       0xe8 ..\obj\FreeRTOS_Stream_Buffer.o
                0x00000af8                uxStreamBufferGet
 .text.NVIC_SetPriorityGrouping
                0x00000be0       0x48 ..\obj\configurationManager.o
 .text.InitializeClocks
                0x00000c28        0xc ..\obj\configurationManager.o
                0x00000c28                InitializeClocks
 .text.InitializeInterrupts
                0x00000c34       0x18 ..\obj\configurationManager.o
                0x00000c34                InitializeInterrupts
 .text.InitializeLPC1768Clock
                0x00000c4c        0xc ..\obj\configurationManager.o
                0x00000c4c                InitializeLPC1768Clock
 .text.vHTTPClientDelete
                0x00000c58       0x44 ..\obj\FreeRTOS_HTTP_server.o
                0x00000c58                vHTTPClientDelete
 .text.prvFileClose
                0x00000c9c       0x30 ..\obj\FreeRTOS_HTTP_server.o
 .text.prvSendReply
                0x00000ccc       0xa0 ..\obj\FreeRTOS_HTTP_server.o
 .text.prvSendFile
                0x00000d6c      0x13c ..\obj\FreeRTOS_HTTP_server.o
 .text.prvOpenURL
                0x00000ea8       0x9c ..\obj\FreeRTOS_HTTP_server.o
 .text.prvProcessCmd
                0x00000f44       0x34 ..\obj\FreeRTOS_HTTP_server.o
 .text.xHTTPClientWork
                0x00000f78      0x154 ..\obj\FreeRTOS_HTTP_server.o
                0x00000f78                xHTTPClientWork
 .text.pcGetContentsType
                0x000010cc       0x98 ..\obj\FreeRTOS_HTTP_server.o
 .text.prvIPTask
                0x00001164      0x158 ..\obj\FreeRTOS_IP.o
 .text.xIsCallingFromIPTask
                0x000012bc       0x2c ..\obj\FreeRTOS_IP.o
                0x000012bc                xIsCallingFromIPTask
 .text.prvHandleEthernetPacket
                0x000012e8       0x2c ..\obj\FreeRTOS_IP.o
 .text.prvCalculateSleepTime
                0x00001314       0x50 ..\obj\FreeRTOS_IP.o
 .text.prvCheckNetworkTimers
                0x00001364       0xb0 ..\obj\FreeRTOS_IP.o
 .text.prvIPTimerStart
                0x00001414       0x48 ..\obj\FreeRTOS_IP.o
 .text.prvIPTimerReload
                0x0000145c       0x20 ..\obj\FreeRTOS_IP.o
 .text.prvIPTimerCheck
                0x0000147c       0x60 ..\obj\FreeRTOS_IP.o
 .text.FreeRTOS_NetworkDown
                0x000014dc       0x38 ..\obj\FreeRTOS_IP.o
                0x000014dc                FreeRTOS_NetworkDown
 .text.FreeRTOS_IPInit
                0x00001514      0x16c ..\obj\FreeRTOS_IP.o
                0x00001514                FreeRTOS_IPInit
 .text.xSendEventToIPTask
                0x00001680       0x2c ..\obj\FreeRTOS_IP.o
                0x00001680                xSendEventToIPTask
 .text.xSendEventStructToIPTask
                0x000016ac       0x94 ..\obj\FreeRTOS_IP.o
                0x000016ac                xSendEventStructToIPTask
 .text.prvProcessNetworkDownEvent
                0x00001740       0x34 ..\obj\FreeRTOS_IP.o
 .text.vIPNetworkUpCalls
                0x00001774       0x20 ..\obj\FreeRTOS_IP.o
                0x00001774                vIPNetworkUpCalls
 .text.prvProcessEthernetPacket
                0x00001794       0x7c ..\obj\FreeRTOS_IP.o
 .text.prvAllowIPPacket
                0x00001810       0x88 ..\obj\FreeRTOS_IP.o
 .text.prvProcessIPPacket
                0x00001898      0x158 ..\obj\FreeRTOS_IP.o
 .text.prvProcessICMPEchoRequest
                0x000019f0       0xac ..\obj\FreeRTOS_IP.o
 .text.prvProcessICMPPacket
                0x00001a9c       0x34 ..\obj\FreeRTOS_IP.o
 .text.vReturnEthernetFrame
                0x00001ad0       0x40 ..\obj\FreeRTOS_IP.o
                0x00001ad0                vReturnEthernetFrame
 .text.FreeRTOS_GetIPAddress
                0x00001b10       0x14 ..\obj\FreeRTOS_IP.o
                0x00001b10                FreeRTOS_GetIPAddress
 .text.xIPIsNetworkTaskReady
                0x00001b24       0x14 ..\obj\FreeRTOS_IP.o
                0x00001b24                xIPIsNetworkTaskReady
 .text.SystemInit
                0x00001b38      0x150 ..\obj\system_LPC17xx.o
                0x00001b38                SystemInit
 .text.FF_PRINTF
                0x00001c88       0x10 ..\obj\ff_file.o
 .text.FF_getRealLBA
                0x00001c98       0x24 ..\obj\ff_file.o
 .text.FF_InitFATBuffers
                0x00001cbc       0x28 ..\obj\ff_file.o
 .text.FF_GetModeBits
                0x00001ce4      0x1cc ..\obj\ff_file.o
                0x00001ce4                FF_GetModeBits
 .text.prvAllocFileHandle
                0x00001eb0       0x78 ..\obj\ff_file.o
 .text.FF_Open  0x00001f28      0x454 ..\obj\ff_file.o
                0x00001f28                FF_Open
 .text.FF_GetSequentialClusters
                0x0000237c       0xa4 ..\obj\ff_file.o
 .text.FF_ReadClusters
                0x00002420      0x108 ..\obj\ff_file.o
 .text.FF_FileLBA
                0x00002528       0x64 ..\obj\ff_file.o
 .text.FF_SetCluster
                0x0000258c       0xb0 ..\obj\ff_file.o
 .text.FF_ReadPartial
                0x0000263c       0xe4 ..\obj\ff_file.o
 .text.FF_Read  0x00002720      0x39c ..\obj\ff_file.o
                0x00002720                FF_Read
 .text.FF_CheckValid
                0x00002abc       0x84 ..\obj\ff_file.o
                0x00002abc                FF_CheckValid
 .text.FF_Close
                0x00002b40      0x25c ..\obj\ff_file.o
                0x00002b40                FF_Close
 .text.FF_Truncate
                0x00002d9c      0x18c ..\obj\ff_file.o
 .text.FF_GetCRC16
                0x00002f28       0x68 ..\obj\ff_crc.o
                0x00002f28                FF_GetCRC16
 .text.FreeRTOS_min_int32
                0x00002f90       0x20 ..\obj\FreeRTOS_TCP_WIN.o
 .text.FreeRTOS_min_uint32
                0x00002fb0       0x20 ..\obj\FreeRTOS_TCP_WIN.o
 .text.xSequenceLessThanOrEqual
                0x00002fd0       0x20 ..\obj\FreeRTOS_TCP_WIN.o
 .text.xSequenceLessThan
                0x00002ff0       0x24 ..\obj\FreeRTOS_TCP_WIN.o
 .text.xSequenceGreaterThan
                0x00003014       0x24 ..\obj\FreeRTOS_TCP_WIN.o
 .text.xSequenceGreaterThanOrEqual
                0x00003038       0x20 ..\obj\FreeRTOS_TCP_WIN.o
 .text.vListInsertFifo
                0x00003058       0x20 ..\obj\FreeRTOS_TCP_WIN.o
 .text.vTCPTimerSet
                0x00003078       0x1c ..\obj\FreeRTOS_TCP_WIN.o
 .text.ulTimerGetAge
                0x00003094       0x20 ..\obj\FreeRTOS_TCP_WIN.o
 .text.vListInsertGeneric
                0x000030b4       0x44 ..\obj\FreeRTOS_TCP_WIN.o
                0x000030b4                vListInsertGeneric
 .text.prvCreateSectors
                0x000030f8       0xa0 ..\obj\FreeRTOS_TCP_WIN.o
 .text.xTCPWindowRxFind
                0x00003198       0x4c ..\obj\FreeRTOS_TCP_WIN.o
 .text.xTCPWindowNew
                0x000031e4       0x98 ..\obj\FreeRTOS_TCP_WIN.o
 .text.xTCPWindowRxEmpty
                0x0000327c       0x44 ..\obj\FreeRTOS_TCP_WIN.o
                0x0000327c                xTCPWindowRxEmpty
 .text.xTCPWindowGetHead
                0x000032c0       0x3c ..\obj\FreeRTOS_TCP_WIN.o
 .text.xTCPWindowPeekHead
                0x000032fc       0x38 ..\obj\FreeRTOS_TCP_WIN.o
 .text.vTCPWindowFree
                0x00003334       0x58 ..\obj\FreeRTOS_TCP_WIN.o
 .text.vTCPWindowDestroy
                0x0000338c       0x64 ..\obj\FreeRTOS_TCP_WIN.o
                0x0000338c                vTCPWindowDestroy
 .text.vTCPWindowCreate
                0x000033f0       0x70 ..\obj\FreeRTOS_TCP_WIN.o
                0x000033f0                vTCPWindowCreate
 .text.vTCPWindowInit
                0x00003460       0xb4 ..\obj\FreeRTOS_TCP_WIN.o
                0x00003460                vTCPWindowInit
 .text.xTCPWindowRxConfirm
                0x00003514       0x98 ..\obj\FreeRTOS_TCP_WIN.o
 .text.lTCPWindowRxCheck
                0x000035ac      0x1bc ..\obj\FreeRTOS_TCP_WIN.o
                0x000035ac                lTCPWindowRxCheck
 .text.lTCPIncrementTxPosition
                0x00003768       0x30 ..\obj\FreeRTOS_TCP_WIN.o
 .text.lTCPWindowTxAdd
                0x00003798      0x168 ..\obj\FreeRTOS_TCP_WIN.o
                0x00003798                lTCPWindowTxAdd
 .text.xTCPWindowTxDone
                0x00003900       0x24 ..\obj\FreeRTOS_TCP_WIN.o
                0x00003900                xTCPWindowTxDone
 .text.prvTCPWindowTxHasSpace
                0x00003924       0x8c ..\obj\FreeRTOS_TCP_WIN.o
 .text.xTCPWindowTxHasData
                0x000039b0       0xc0 ..\obj\FreeRTOS_TCP_WIN.o
                0x000039b0                xTCPWindowTxHasData
 .text.ulTCPWindowTxGet
                0x00003a70      0x18c ..\obj\FreeRTOS_TCP_WIN.o
                0x00003a70                ulTCPWindowTxGet
 .text.prvTCPWindowTxCheckAck
                0x00003bfc      0x188 ..\obj\FreeRTOS_TCP_WIN.o
 .text.prvTCPWindowFastRetransmit
                0x00003d84       0xac ..\obj\FreeRTOS_TCP_WIN.o
 .text.ulTCPWindowTxAck
                0x00003e30       0x3c ..\obj\FreeRTOS_TCP_WIN.o
                0x00003e30                ulTCPWindowTxAck
 .text.ulTCPWindowTxSack
                0x00003e6c       0x48 ..\obj\FreeRTOS_TCP_WIN.o
                0x00003e6c                ulTCPWindowTxSack
 .text.write_PHY
                0x00003eb4       0x54 ..\obj\landtiger2_emac.o
                0x00003eb4                write_PHY
 .text.read_PHY
                0x00003f08       0x64 ..\obj\landtiger2_emac.o
                0x00003f08                read_PHY
 .text.rx_descr_init
                0x00003f6c       0xb0 ..\obj\landtiger2_emac.o
                0x00003f6c                rx_descr_init
 .text.tx_descr_init
                0x0000401c       0x9c ..\obj\landtiger2_emac.o
                0x0000401c                tx_descr_init
 .text.InitializeEthernetMAC
                0x000040b8      0x25c ..\obj\landtiger2_emac.o
                0x000040b8                InitializeEthernetMAC
 .text.eARPProcessPacket
                0x00004314      0x100 ..\obj\FreeRTOS_ARP.o
                0x00004314                eARPProcessPacket
 .text.vARPRefreshCacheEntry
                0x00004414      0x1f0 ..\obj\FreeRTOS_ARP.o
                0x00004414                vARPRefreshCacheEntry
 .text.eARPGetCacheEntry
                0x00004604       0xa8 ..\obj\FreeRTOS_ARP.o
                0x00004604                eARPGetCacheEntry
 .text.prvCacheLookup
                0x000046ac       0x80 ..\obj\FreeRTOS_ARP.o
 .text.vARPAgeCache
                0x0000472c      0x11c ..\obj\FreeRTOS_ARP.o
                0x0000472c                vARPAgeCache
 .text.FreeRTOS_OutputARPRequest
                0x00004848       0x34 ..\obj\FreeRTOS_ARP.o
                0x00004848                FreeRTOS_OutputARPRequest
 .text.vARPGenerateRequestPacket
                0x0000487c       0x84 ..\obj\FreeRTOS_ARP.o
                0x0000487c                vARPGenerateRequestPacket
 .text.main     0x00004900       0x60 ..\obj\main.o
                0x00004900                main
 .text.prvWebServerTask
                0x00004960       0x40 ..\obj\main.o
                0x00004960                prvWebServerTask
 .text.vApplicationStackOverflowHook
                0x000049a0       0x20 ..\obj\main.o
                0x000049a0                vApplicationStackOverflowHook
 .text.vApplicationMallocFailedHook
                0x000049c0       0x1c ..\obj\main.o
                0x000049c0                vApplicationMallocFailedHook
 .text.FreeRTOS_max_int32
                0x000049dc       0x20 ..\obj\FreeRTOS_TCP_IP.o
 .text.FreeRTOS_min_int32
                0x000049fc       0x20 ..\obj\FreeRTOS_TCP_IP.o
 .text.FreeRTOS_min_uint32
                0x00004a1c       0x20 ..\obj\FreeRTOS_TCP_IP.o
 .text.uxStreamBufferSpace
                0x00004a3c       0x3c ..\obj\FreeRTOS_TCP_IP.o
 .text.uxStreamBufferDistance
                0x00004a78       0x3c ..\obj\FreeRTOS_TCP_IP.o
 .text.uxStreamBufferGetSpace
                0x00004ab4       0x28 ..\obj\FreeRTOS_TCP_IP.o
 .text.uxStreamBufferFrontSpace
                0x00004adc       0x28 ..\obj\FreeRTOS_TCP_IP.o
 .text.uxStreamBufferMidSpace
                0x00004b04       0x28 ..\obj\FreeRTOS_TCP_IP.o
 .text.vStreamBufferMoveMid
                0x00004b2c       0x4c ..\obj\FreeRTOS_TCP_IP.o
 .text.ulChar2u32
                0x00004b78       0x34 ..\obj\FreeRTOS_TCP_IP.o
 .text.usChar2u16
                0x00004bac       0x28 ..\obj\FreeRTOS_TCP_IP.o
 .text.prvTCPSocketIsActive
                0x00004bd4       0x54 ..\obj\FreeRTOS_TCP_IP.o
 .text.prvTCPStatusAgeCheck
                0x00004c28       0xac ..\obj\FreeRTOS_TCP_IP.o
 .text.xTCPSocketCheck
                0x00004cd4       0xc4 ..\obj\FreeRTOS_TCP_IP.o
                0x00004cd4                xTCPSocketCheck
 .text.prvTCPSendPacket
                0x00004d98       0xb8 ..\obj\FreeRTOS_TCP_IP.o
 .text.prvTCPSendRepeated
                0x00004e50       0x5c ..\obj\FreeRTOS_TCP_IP.o
 .text.prvTCPReturnPacket
                0x00004eac      0x364 ..\obj\FreeRTOS_TCP_IP.o
 .text.prvTCPCreateWindow
                0x00005210       0x50 ..\obj\FreeRTOS_TCP_IP.o
 .text.prvTCPPrepareConnect
                0x00005260      0x1b0 ..\obj\FreeRTOS_TCP_IP.o
 .text.prvCheckOptions
                0x00005410      0x1e0 ..\obj\FreeRTOS_TCP_IP.o
 .text.prvWinScaleFactor
                0x000055f0       0x40 ..\obj\FreeRTOS_TCP_IP.o
 .text.prvSetSynAckOptions
                0x00005630       0xa8 ..\obj\FreeRTOS_TCP_IP.o
 .text.prvTCPTouchSocket
                0x000056d8       0x48 ..\obj\FreeRTOS_TCP_IP.o
 .text.vTCPStateChange
                0x00005720      0x19c ..\obj\FreeRTOS_TCP_IP.o
                0x00005720                vTCPStateChange
 .text.prvTCPBufferResize
                0x000058bc       0xc0 ..\obj\FreeRTOS_TCP_IP.o
 .text.prvTCPPrepareSend
                0x0000597c      0x2d0 ..\obj\FreeRTOS_TCP_IP.o
 .text.prvTCPNextTimeout
                0x00005c4c       0xf4 ..\obj\FreeRTOS_TCP_IP.o
 .text.prvTCPAddTxData
                0x00005d40       0x54 ..\obj\FreeRTOS_TCP_IP.o
 .text.prvTCPHandleFin
                0x00005d94      0x14c ..\obj\FreeRTOS_TCP_IP.o
 .text.prvCheckRxData
                0x00005ee0       0xd0 ..\obj\FreeRTOS_TCP_IP.o
 .text.prvStoreRxData
                0x00005fb0       0xe8 ..\obj\FreeRTOS_TCP_IP.o
 .text.prvSetOptions
                0x00006098       0xbc ..\obj\FreeRTOS_TCP_IP.o
 .text.prvHandleSynReceived
                0x00006154      0x184 ..\obj\FreeRTOS_TCP_IP.o
 .text.prvHandleEstablished
                0x000062d8      0x22c ..\obj\FreeRTOS_TCP_IP.o
 .text.prvSendData
                0x00006504      0x17c ..\obj\FreeRTOS_TCP_IP.o
 .text.prvTCPHandleState
                0x00006680      0x220 ..\obj\FreeRTOS_TCP_IP.o
 .text.prvTCPSendReset
                0x000068a0       0x38 ..\obj\FreeRTOS_TCP_IP.o
 .text.prvSocketSetMSS
                0x000068d8       0x78 ..\obj\FreeRTOS_TCP_IP.o
 .text.xProcessReceivedTCPPacket
                0x00006950      0x234 ..\obj\FreeRTOS_TCP_IP.o
                0x00006950                xProcessReceivedTCPPacket
 .text.prvHandleListen
                0x00006b84      0x160 ..\obj\FreeRTOS_TCP_IP.o
 .text.prvTCPSocketCopy
                0x00006ce4       0xec ..\obj\FreeRTOS_TCP_IP.o
 .text.xTCPCheckNewClient
                0x00006dd0       0x88 ..\obj\FreeRTOS_TCP_IP.o
                0x00006dd0                xTCPCheckNewClient
 .text.xTimerCreateTimerTask
                0x00006e58       0x74 ..\obj\timers.o
                0x00006e58                xTimerCreateTimerTask
 .text.xTimerGenericCommand
                0x00006ecc       0x80 ..\obj\timers.o
                0x00006ecc                xTimerGenericCommand
 .text.prvProcessExpiredTimer
                0x00006f4c       0x64 ..\obj\timers.o
 .text.prvTimerTask
                0x00006fb0       0x24 ..\obj\timers.o
 .text.prvProcessTimerOrBlockTask
                0x00006fd4       0x9c ..\obj\timers.o
 .text.prvGetNextExpireTime
                0x00007070       0x48 ..\obj\timers.o
 .text.prvSampleTimeNow
                0x000070b8       0x40 ..\obj\timers.o
 .text.prvInsertTimerInActiveList
                0x000070f8       0x84 ..\obj\timers.o
 .text.prvProcessReceivedCommands
                0x0000717c       0xf8 ..\obj\timers.o
 .text.prvSwitchTimerLists
                0x00007274       0xa8 ..\obj\timers.o
 .text.prvCheckForValidListAndQueue
                0x0000731c       0x80 ..\obj\timers.o
 .text.FF_tolower
                0x0000739c       0x64 ..\obj\ff_string.o
                0x0000739c                FF_tolower
 .text.FF_strmatch
                0x00007400       0x7c ..\obj\ff_string.o
                0x00007400                FF_strmatch
 .text.FF_strtok
                0x0000747c      0x108 ..\obj\ff_string.o
                0x0000747c                FF_strtok
 .text.FF_getRealLBA
                0x00007584       0x24 ..\obj\ff_dir.o
 .text.FF_InitFATBuffers
                0x000075a8       0x28 ..\obj\ff_dir.o
 .text.FF_getChar
                0x000075d0       0x1c ..\obj\ff_dir.o
 .text.FF_getShort
                0x000075ec       0x2c ..\obj\ff_dir.o
 .text.FF_getLong
                0x00007618       0x38 ..\obj\ff_dir.o
 .text.FF_putChar
                0x00007650       0x24 ..\obj\ff_dir.o
 .text.FF_putShort
                0x00007674       0x34 ..\obj\ff_dir.o
 .text.FF_putLong
                0x000076a8       0x40 ..\obj\ff_dir.o
 .text.FF_isEndOfDir
                0x000076e8       0x20 ..\obj\ff_dir.o
 .text.FF_isDeleted
                0x00007708       0x20 ..\obj\ff_dir.o
 .text.prvToLower
                0x00007728       0x30 ..\obj\ff_dir.o
 .text.strcasecmp
                0x00007758       0x54 ..\obj\ff_dir.o
                0x00007758                strcasecmp
 .text.FF_ShortNameExists
                0x000077ac      0x12c ..\obj\ff_dir.o
 .text.FF_FindEntryInDir
                0x000078d8      0x244 ..\obj\ff_dir.o
                0x000078d8                FF_FindEntryInDir
 .text.FF_FindDir
                0x00007b1c      0x164 ..\obj\ff_dir.o
                0x00007b1c                FF_FindDir
 .text.FF_ProcessShortName
                0x00007c80       0x7c ..\obj\ff_dir.o
 .text.FF_PopulateShortDirent
                0x00007cfc       0x84 ..\obj\ff_dir.o
                0x00007cfc                FF_PopulateShortDirent
 .text.FF_InitEntryFetch
                0x00007d80       0x7c ..\obj\ff_dir.o
                0x00007d80                FF_InitEntryFetch
 .text.FF_CleanupEntryFetch
                0x00007dfc       0x34 ..\obj\ff_dir.o
                0x00007dfc                FF_CleanupEntryFetch
 .text.FF_Traverse
                0x00007e30       0xd0 ..\obj\ff_dir.o
 .text.FF_FetchEntryWithContext
                0x00007f00      0x134 ..\obj\ff_dir.o
                0x00007f00                FF_FetchEntryWithContext
 .text.FF_PushEntryWithContext
                0x00008034      0x12c ..\obj\ff_dir.o
                0x00008034                FF_PushEntryWithContext
 .text.FF_GetEntry
                0x00008160       0xf8 ..\obj\ff_dir.o
                0x00008160                FF_GetEntry
 .text.FF_FindFreeDirent
                0x00008258      0x188 ..\obj\ff_dir.o
 .text.FF_PutEntry
                0x000083e0       0xe4 ..\obj\ff_dir.o
                0x000083e0                FF_PutEntry
 .text.FF_ValidShortChar
                0x000084c4       0x50 ..\obj\ff_dir.o
 .text.FF_CreateShortName
                0x00008514      0x1e8 ..\obj\ff_dir.o
                0x00008514                FF_CreateShortName
 .text.FF_FindShortName
                0x000086fc      0x224 ..\obj\ff_dir.o
                0x000086fc                FF_FindShortName
 .text.FF_ExtendDirectory
                0x00008920      0x100 ..\obj\ff_dir.o
                0x00008920                FF_ExtendDirectory
 .text.FF_MakeNameCompliant
                0x00008a20       0x60 ..\obj\ff_dir.o
 .text.FF_CreateDirent
                0x00008a80      0x1ac ..\obj\ff_dir.o
                0x00008a80                FF_CreateDirent
 .text.FF_CreateFile
                0x00008c2c       0xd0 ..\obj\ff_dir.o
                0x00008c2c                FF_CreateFile
 .text.vApplicationGetIdleTaskMemory
                0x00008cfc       0x34 ..\obj\staticAllocationImpl.o
                0x00008cfc                vApplicationGetIdleTaskMemory
 .text.vApplicationGetTimerTaskMemory
                0x00008d30       0x30 ..\obj\staticAllocationImpl.o
                0x00008d30                vApplicationGetTimerTaskMemory
 .text.xTaskCreateStatic
                0x00008d60       0x60 ..\obj\tasks.o
                0x00008d60                xTaskCreateStatic
 .text.xTaskCreate
                0x00008dc0       0x8c ..\obj\tasks.o
                0x00008dc0                xTaskCreate
 .text.prvInitialiseNewTask
                0x00008e4c      0x100 ..\obj\tasks.o
 .text.prvAddNewTaskToReadyList
                0x00008f4c       0xd4 ..\obj\tasks.o
 .text.vTaskDelay
                0x00009020       0x48 ..\obj\tasks.o
                0x00009020                vTaskDelay
 .text.vTaskPrioritySet
                0x00009068      0x140 ..\obj\tasks.o
                0x00009068                vTaskPrioritySet
 .text.vTaskStartScheduler
                0x000091a8       0xac ..\obj\tasks.o
                0x000091a8                vTaskStartScheduler
 .text.vTaskSuspendAll
                0x00009254       0x1c ..\obj\tasks.o
                0x00009254                vTaskSuspendAll
 .text.prvGetExpectedIdleTime
                0x00009270       0x74 ..\obj\tasks.o
 .text.xTaskResumeAll
                0x000092e4      0x11c ..\obj\tasks.o
                0x000092e4                xTaskResumeAll
 .text.xTaskGetTickCount
                0x00009400       0x1c ..\obj\tasks.o
                0x00009400                xTaskGetTickCount
 .text.vTaskStepTick
                0x0000941c       0x24 ..\obj\tasks.o
                0x0000941c                vTaskStepTick
 .text.xTaskIncrementTick
                0x00009440      0x13c ..\obj\tasks.o
                0x00009440                xTaskIncrementTick
 .text.vTaskSwitchContext
                0x0000957c       0xac ..\obj\tasks.o
                0x0000957c                vTaskSwitchContext
 .text.vTaskPlaceOnEventList
                0x00009628       0x2c ..\obj\tasks.o
                0x00009628                vTaskPlaceOnEventList
 .text.vTaskPlaceOnUnorderedEventList
                0x00009654       0x3c ..\obj\tasks.o
                0x00009654                vTaskPlaceOnUnorderedEventList
 .text.vTaskPlaceOnEventListRestricted
                0x00009690       0x3c ..\obj\tasks.o
                0x00009690                vTaskPlaceOnEventListRestricted
 .text.xTaskRemoveFromEventList
                0x000096cc       0xac ..\obj\tasks.o
                0x000096cc                xTaskRemoveFromEventList
 .text.vTaskRemoveFromUnorderedEventList
                0x00009778       0x84 ..\obj\tasks.o
                0x00009778                vTaskRemoveFromUnorderedEventList
 .text.vTaskSetTimeOutState
                0x000097fc       0x2c ..\obj\tasks.o
                0x000097fc                vTaskSetTimeOutState
 .text.xTaskCheckForTimeOut
                0x00009828       0x88 ..\obj\tasks.o
                0x00009828                xTaskCheckForTimeOut
 .text.vTaskMissedYield
                0x000098b0       0x18 ..\obj\tasks.o
                0x000098b0                vTaskMissedYield
 .text.prvIdleTask
                0x000098c8       0x54 ..\obj\tasks.o
 .text.eTaskConfirmSleepModeStatus
                0x0000991c       0x5c ..\obj\tasks.o
                0x0000991c                eTaskConfirmSleepModeStatus
 .text.vTaskSetThreadLocalStoragePointer
                0x00009978       0x40 ..\obj\tasks.o
                0x00009978                vTaskSetThreadLocalStoragePointer
 .text.pvTaskGetThreadLocalStoragePointer
                0x000099b8       0x48 ..\obj\tasks.o
                0x000099b8                pvTaskGetThreadLocalStoragePointer
 .text.prvInitialiseTaskLists
                0x00009a00       0x80 ..\obj\tasks.o
 .text.prvCheckTasksWaitingTermination
                0x00009a80       0x78 ..\obj\tasks.o
 .text.prvDeleteTCB
                0x00009af8       0x3c ..\obj\tasks.o
 .text.prvResetNextTaskUnblockTime
                0x00009b34       0x48 ..\obj\tasks.o
 .text.xTaskGetCurrentTaskHandle
                0x00009b7c       0x1c ..\obj\tasks.o
                0x00009b7c                xTaskGetCurrentTaskHandle
 .text.xTaskGetSchedulerState
                0x00009b98       0x3c ..\obj\tasks.o
                0x00009b98                xTaskGetSchedulerState
 .text.vTaskPriorityInherit
                0x00009bd4       0xec ..\obj\tasks.o
                0x00009bd4                vTaskPriorityInherit
 .text.xTaskPriorityDisinherit
                0x00009cc0       0xc8 ..\obj\tasks.o
                0x00009cc0                xTaskPriorityDisinherit
 .text.uxTaskResetEventItemValue
                0x00009d88       0x30 ..\obj\tasks.o
                0x00009d88                uxTaskResetEventItemValue
 .text.pvTaskIncrementMutexHeldCount
                0x00009db8       0x28 ..\obj\tasks.o
                0x00009db8                pvTaskIncrementMutexHeldCount
 .text.ulTaskNotifyTake
                0x00009de0       0x90 ..\obj\tasks.o
                0x00009de0                ulTaskNotifyTake
 .text.prvAddCurrentTaskToDelayedList
                0x00009e70       0xcc ..\obj\tasks.o
 .text.Default_Reset_Handler
                0x00009f3c       0x60 ..\obj\startup_LPC17xx.o
                0x00009f3c                Default_Reset_Handler
                0x00009f3c                Reset_Handler
 .text.Default_Handler
                0x00009f9c        0x8 ..\obj\startup_LPC17xx.o
                0x00009f9c                TIMER2_IRQHandler
                0x00009f9c                DebugMon_Handler
                0x00009f9c                RIT_IRQHandler
                0x00009f9c                I2C0_IRQHandler
                0x00009f9c                USBActivity_IRQHandler
                0x00009f9c                PWM1_IRQHandler
                0x00009f9c                NMI_Handler
                0x00009f9c                I2C1_IRQHandler
                0x00009f9c                EINT2_IRQHandler
                0x00009f9c                UART1_IRQHandler
                0x00009f9c                EINT3_IRQHandler
                0x00009f9c                CANActivity_IRQHandler
                0x00009f9c                TIMER3_IRQHandler
                0x00009f9c                UART0_IRQHandler
                0x00009f9c                UsageFault_Handler
                0x00009f9c                PLL0_IRQHandler
                0x00009f9c                CAN_IRQHandler
                0x00009f9c                PLL1_IRQHandler
                0x00009f9c                SSP0_IRQHandler
                0x00009f9c                I2S_IRQHandler
                0x00009f9c                I2C2_IRQHandler
                0x00009f9c                RTC_IRQHandler
                0x00009f9c                TIMER0_IRQHandler
                0x00009f9c                SPI_IRQHandler
                0x00009f9c                EINT1_IRQHandler
                0x00009f9c                TIMER1_IRQHandler
                0x00009f9c                UART2_IRQHandler
                0x00009f9c                ADC_IRQHandler
                0x00009f9c                SSP1_IRQHandler
                0x00009f9c                USB_IRQHandler
                0x00009f9c                BOD_IRQHandler
                0x00009f9c                MemManage_Handler
                0x00009f9c                WDT_IRQHandler
                0x00009f9c                QEI_IRQHandler
                0x00009f9c                EINT0_IRQHandler
                0x00009f9c                BusFault_Handler
                0x00009f9c                UART3_IRQHandler
                0x00009f9c                MCPWM_IRQHandler
 .text.HardFaultDefaultHandler
                0x00009fa4        0x8 ..\obj\startup_LPC17xx.o
                0x00009fa4                HardFault_Handler
 .text.EthernetDefaultHandler
                0x00009fac        0x8 ..\obj\startup_LPC17xx.o
                0x00009fac                ENET_IRQHandler
 .text.DMADefaultHandler
                0x00009fb4        0x8 ..\obj\startup_LPC17xx.o
                0x00009fb4                DMA_IRQHandler
 .text.prvEMACTask
                0x00009fbc       0x14 ..\obj\NetworkInterface.o
 .text.xStartEmacTask
                0x00009fd0       0x30 ..\obj\NetworkInterface.o
                0x00009fd0                xStartEmacTask
 .text.xNetworkInterfaceInitialise
                0x0000a000       0x24 ..\obj\NetworkInterface.o
                0x0000a000                xNetworkInterfaceInitialise
 .text.xNetworkInterfaceOutput
                0x0000a024       0x18 ..\obj\NetworkInterface.o
                0x0000a024                xNetworkInterfaceOutput
 .text.xNetworkBuffersInitialise
                0x0000a03c       0xdc ..\obj\BufferAllocation_2.o
                0x0000a03c                xNetworkBuffersInitialise
 .text.vReleaseNetworkBuffer
                0x0000a118       0x24 ..\obj\BufferAllocation_2.o
                0x0000a118                vReleaseNetworkBuffer
 .text.pxGetNetworkBufferWithDescriptor
                0x0000a13c       0xdc ..\obj\BufferAllocation_2.o
                0x0000a13c                pxGetNetworkBufferWithDescriptor
 .text.vReleaseNetworkBufferAndDescriptor
                0x0000a218       0x68 ..\obj\BufferAllocation_2.o
                0x0000a218                vReleaseNetworkBufferAndDescriptor
 .text.vListInitialise
                0x0000a280       0x40 ..\obj\list.o
                0x0000a280                vListInitialise
 .text.vListInitialiseItem
                0x0000a2c0       0x18 ..\obj\list.o
                0x0000a2c0                vListInitialiseItem
 .text.vListInsertEnd
                0x0000a2d8       0x48 ..\obj\list.o
                0x0000a2d8                vListInsertEnd
 .text.vListInsert
                0x0000a320       0x70 ..\obj\list.o
                0x0000a320                vListInsert
 .text.uxListRemove
                0x0000a390       0x54 ..\obj\list.o
                0x0000a390                uxListRemove
 .text.pxPortInitialiseStack
                0x0000a3e4       0x58 ..\obj\port.o
                0x0000a3e4                pxPortInitialiseStack
 .text.prvTaskExitError
                0x0000a43c       0x1c ..\obj\port.o
 *fill*         0x0000a458        0x8 
 .text.SVC_Handler
                0x0000a460       0x28 ..\obj\port.o
                0x0000a460                SVC_Handler
 .text.prvPortStartFirstTask
                0x0000a488       0x20 ..\obj\port.o
 .text.xPortStartScheduler
                0x0000a4a8       0x3c ..\obj\port.o
                0x0000a4a8                xPortStartScheduler
 .text.vPortEnterCritical
                0x0000a4e4       0x30 ..\obj\port.o
                0x0000a4e4                vPortEnterCritical
 .text.vPortExitCritical
                0x0000a514       0x30 ..\obj\port.o
                0x0000a514                vPortExitCritical
 *fill*         0x0000a544        0xc 
 .text.PendSV_Handler
                0x0000a550       0x48 ..\obj\port.o
                0x0000a550                PendSV_Handler
 .text.SysTick_Handler
                0x0000a598       0x40 ..\obj\port.o
                0x0000a598                SysTick_Handler
 .text.vPortSuppressTicksAndSleep
                0x0000a5d8      0x184 ..\obj\port.o
                0x0000a5d8                vPortSuppressTicksAndSleep
 .text.vPortSetupTimerInterrupt
                0x0000a75c       0x60 ..\obj\port.o
                0x0000a75c                vPortSetupTimerInterrupt
 .text.xQueueGenericReset
                0x0000a7bc       0xb4 ..\obj\queue.o
                0x0000a7bc                xQueueGenericReset
 .text.xQueueGenericCreateStatic
                0x0000a870       0x40 ..\obj\queue.o
                0x0000a870                xQueueGenericCreateStatic
 .text.xQueueGenericCreate
                0x0000a8b0       0x60 ..\obj\queue.o
                0x0000a8b0                xQueueGenericCreate
 .text.prvInitialiseNewQueue
                0x0000a910       0x40 ..\obj\queue.o
 .text.xQueueGiveMutexRecursive
                0x0000a950       0x4c ..\obj\queue.o
                0x0000a950                xQueueGiveMutexRecursive
 .text.xQueueTakeMutexRecursive
                0x0000a99c       0x54 ..\obj\queue.o
                0x0000a99c                xQueueTakeMutexRecursive
 .text.xQueueCreateCountingSemaphore
                0x0000a9f0       0x2c ..\obj\queue.o
                0x0000a9f0                xQueueCreateCountingSemaphore
 .text.xQueueGenericSend
                0x0000aa1c      0x154 ..\obj\queue.o
                0x0000aa1c                xQueueGenericSend
 .text.xQueueGenericSendFromISR
                0x0000ab70       0xb0 ..\obj\queue.o
                0x0000ab70                xQueueGenericSendFromISR
 .text.xQueueGenericReceive
                0x0000ac20      0x1b0 ..\obj\queue.o
                0x0000ac20                xQueueGenericReceive
 .text.uxQueueMessagesWaiting
                0x0000add0       0x20 ..\obj\queue.o
                0x0000add0                uxQueueMessagesWaiting
 .text.vQueueDelete
                0x0000adf0       0x2c ..\obj\queue.o
                0x0000adf0                vQueueDelete
 .text.prvCopyDataToQueue
                0x0000ae1c       0xd4 ..\obj\queue.o
 .text.prvCopyDataFromQueue
                0x0000aef0       0x4c ..\obj\queue.o
 .text.prvUnlockQueue
                0x0000af3c       0xa4 ..\obj\queue.o
 .text.prvIsQueueEmpty
                0x0000afe0       0x2c ..\obj\queue.o
 .text.prvIsQueueFull
                0x0000b00c       0x30 ..\obj\queue.o
 .text.vQueueAddToRegistry
                0x0000b03c       0x50 ..\obj\queue.o
                0x0000b03c                vQueueAddToRegistry
 .text.vQueueUnregisterQueue
                0x0000b08c       0x50 ..\obj\queue.o
                0x0000b08c                vQueueUnregisterQueue
 .text.vQueueWaitForMessageRestricted
                0x0000b0dc       0x68 ..\obj\queue.o
                0x0000b0dc                vQueueWaitForMessageRestricted
 .text.FF_PRINTF
                0x0000b144       0x10 ..\obj\ff_ioman.o
 .text.FF_getLong
                0x0000b154       0x38 ..\obj\ff_ioman.o
 .text.FF_putLong
                0x0000b18c       0x40 ..\obj\ff_ioman.o
 .text.FF_FlushCache
                0x0000b1cc      0x160 ..\obj\ff_ioman.o
                0x0000b1cc                FF_FlushCache
 .text.FF_GetBuffer
                0x0000b32c      0x258 ..\obj\ff_ioman.o
                0x0000b32c                FF_GetBuffer
 .text.FF_ReleaseBuffer
                0x0000b584       0x48 ..\obj\ff_ioman.o
                0x0000b584                FF_ReleaseBuffer
 .text.FF_BlockRead
                0x0000b5cc       0xa0 ..\obj\ff_ioman.o
                0x0000b5cc                FF_BlockRead
 .text.FF_BlockWrite
                0x0000b66c       0xa0 ..\obj\ff_ioman.o
                0x0000b66c                FF_BlockWrite
 .text.FF_IncreaseFreeClusters
                0x0000b70c      0x110 ..\obj\ff_ioman.o
                0x0000b70c                FF_IncreaseFreeClusters
 .text.FF_DecreaseFreeClusters
                0x0000b81c      0x108 ..\obj\ff_ioman.o
                0x0000b81c                FF_DecreaseFreeClusters
 .text.FF_getRealLBA
                0x0000b924       0x24 ..\obj\ff_fat.o
 .text.FF_InitFATBuffers
                0x0000b948       0x28 ..\obj\ff_fat.o
 .text.FF_getShort
                0x0000b970       0x2c ..\obj\ff_fat.o
 .text.FF_getLong
                0x0000b99c       0x38 ..\obj\ff_fat.o
 .text.FF_putShort
                0x0000b9d4       0x34 ..\obj\ff_fat.o
 .text.FF_putLong
                0x0000ba08       0x40 ..\obj\ff_fat.o
 .text.FF_Cluster2LBA
                0x0000ba48       0x48 ..\obj\ff_fat.o
                0x0000ba48                FF_Cluster2LBA
 .text.FF_getClusterChainNumber
                0x0000ba90       0x3c ..\obj\ff_fat.o
                0x0000ba90                FF_getClusterChainNumber
 .text.FF_getMajorBlockNumber
                0x0000bacc       0x58 ..\obj\ff_fat.o
                0x0000bacc                FF_getMajorBlockNumber
 .text.FF_getMinorBlockNumber
                0x0000bb24       0x74 ..\obj\ff_fat.o
                0x0000bb24                FF_getMinorBlockNumber
 .text.FF_getMinorBlockEntry
                0x0000bb98       0x7c ..\obj\ff_fat.o
                0x0000bb98                FF_getMinorBlockEntry
 .text.FF_ReleaseFATBuffers
                0x0000bc14       0x5c ..\obj\ff_fat.o
                0x0000bc14                FF_ReleaseFATBuffers
 .text.prvGetFromFATBuffers
                0x0000bc70       0xa4 ..\obj\ff_fat.o
                0x0000bc70                prvGetFromFATBuffers
 .text.FF_getFATEntry
                0x0000bd14      0x190 ..\obj\ff_fat.o
                0x0000bd14                FF_getFATEntry
 .text.FF_ClearCluster
                0x0000bea4       0xc4 ..\obj\ff_fat.o
                0x0000bea4                FF_ClearCluster
 .text.FF_TraverseFAT
                0x0000bf68       0xc8 ..\obj\ff_fat.o
                0x0000bf68                FF_TraverseFAT
 .text.FF_FindEndOfChain
                0x0000c030       0x48 ..\obj\ff_fat.o
                0x0000c030                FF_FindEndOfChain
 .text.FF_isEndOfChain
                0x0000c078       0x6c ..\obj\ff_fat.o
                0x0000c078                FF_isEndOfChain
 .text.FF_putFATEntry
                0x0000c0e4      0x204 ..\obj\ff_fat.o
                0x0000c0e4                FF_putFATEntry
 .text.FF_FindFreeCluster
                0x0000c2e8      0x1e8 ..\obj\ff_fat.o
                0x0000c2e8                FF_FindFreeCluster
 .text.FF_CreateClusterChain
                0x0000c4d0       0x4c ..\obj\ff_fat.o
                0x0000c4d0                FF_CreateClusterChain
 .text.FF_GetChainLength
                0x0000c51c       0x90 ..\obj\ff_fat.o
                0x0000c51c                FF_GetChainLength
 .text.FF_UnlinkClusterChain
                0x0000c5ac      0x130 ..\obj\ff_fat.o
                0x0000c5ac                FF_UnlinkClusterChain
 .text.FF_CountFreeClusters
                0x0000c6dc      0x174 ..\obj\ff_fat.o
                0x0000c6dc                FF_CountFreeClusters
 .text.stdioSET_ERRNO
                0x0000c850       0x1c ..\obj\ff_stdio.o
 .text.stdioSET_FF_ERROR
                0x0000c86c       0x1c ..\obj\ff_stdio.o
 .text.ff_fopen
                0x0000c888       0x78 ..\obj\ff_stdio.o
                0x0000c888                ff_fopen
 .text.ff_fclose
                0x0000c900       0x48 ..\obj\ff_stdio.o
                0x0000c900                ff_fclose
 .text.ff_fread
                0x0000c948       0x60 ..\obj\ff_stdio.o
                0x0000c948                ff_fread
 .text.prvFFErrorToErrno
                0x0000c9a8      0x29c ..\obj\ff_stdio.o
 .text.pxFindCWD
                0x0000cc44       0x40 ..\obj\ff_stdio.o
 .text.prvProcessRelativePaths
                0x0000cc84       0xcc ..\obj\ff_stdio.o
 .text.prvABSPath
                0x0000cd50       0x80 ..\obj\ff_stdio.o
 .text.xEventGroupCreate
                0x0000cdd0       0x34 ..\obj\event_groups.o
                0x0000cdd0                xEventGroupCreate
 .text.xEventGroupWaitBits
                0x0000ce04      0x110 ..\obj\event_groups.o
                0x0000ce04                xEventGroupWaitBits
 .text.xEventGroupClearBits
                0x0000cf14       0x34 ..\obj\event_groups.o
                0x0000cf14                xEventGroupClearBits
 .text.xEventGroupSetBits
                0x0000cf48       0xdc ..\obj\event_groups.o
                0x0000cf48                xEventGroupSetBits
 .text.vEventGroupDelete
                0x0000d024       0x48 ..\obj\event_groups.o
                0x0000d024                vEventGroupDelete
 .text.prvTestWaitCondition
                0x0000d06c       0x44 ..\obj\event_groups.o
 .text.FF_PendSemaphore
                0x0000d0b0       0x1c ..\obj\ff_locking.o
                0x0000d0b0                FF_PendSemaphore
 .text.FF_ReleaseSemaphore
                0x0000d0cc       0x18 ..\obj\ff_locking.o
                0x0000d0cc                FF_ReleaseSemaphore
 .text.FF_LockDirectory
                0x0000d0e4       0x40 ..\obj\ff_locking.o
                0x0000d0e4                FF_LockDirectory
 .text.FF_UnlockDirectory
                0x0000d124       0x1c ..\obj\ff_locking.o
                0x0000d124                FF_UnlockDirectory
 .text.FF_Has_Lock
                0x0000d140       0x48 ..\obj\ff_locking.o
                0x0000d140                FF_Has_Lock
 .text.FF_Assert_Lock
                0x0000d188       0x18 ..\obj\ff_locking.o
                0x0000d188                FF_Assert_Lock
 .text.FF_LockFAT
                0x0000d1a0       0x48 ..\obj\ff_locking.o
                0x0000d1a0                FF_LockFAT
 .text.FF_UnlockFAT
                0x0000d1e8       0x24 ..\obj\ff_locking.o
                0x0000d1e8                FF_UnlockFAT
 .text.FF_BufferWait
                0x0000d20c       0x50 ..\obj\ff_locking.o
                0x0000d20c                FF_BufferWait
 .text.FF_BufferProceed
                0x0000d25c       0x1c ..\obj\ff_locking.o
                0x0000d25c                FF_BufferProceed
 .text.webCodename
                0x0000d278       0x9c ..\obj\FreeRTOS_HTTP_commands.o
                0x0000d278                webCodename
 .text.pvPortMalloc
                0x0000d314      0x124 ..\obj\heap_2.o
                0x0000d314                pvPortMalloc
 .text.vPortFree
                0x0000d438       0x74 ..\obj\heap_2.o
                0x0000d438                vPortFree
 .text.prvHeapInit
                0x0000d4ac       0x50 ..\obj\heap_2.o
 .text.FreeRTOS_max_uint32
                0x0000d4fc       0x20 ..\obj\FreeRTOS_Sockets.o
 .text.FreeRTOS_min_int32
                0x0000d51c       0x20 ..\obj\FreeRTOS_Sockets.o
 .text.FreeRTOS_min_uint32
                0x0000d53c       0x20 ..\obj\FreeRTOS_Sockets.o
 .text.FreeRTOS_round_up
                0x0000d55c       0x28 ..\obj\FreeRTOS_Sockets.o
 .text.vStreamBufferClear
                0x0000d584       0x2c ..\obj\FreeRTOS_Sockets.o
 .text.uxStreamBufferSpace
                0x0000d5b0       0x3c ..\obj\FreeRTOS_Sockets.o
 .text.uxStreamBufferDistance
                0x0000d5ec       0x3c ..\obj\FreeRTOS_Sockets.o
 .text.uxStreamBufferGetSpace
                0x0000d628       0x28 ..\obj\FreeRTOS_Sockets.o
 .text.uxStreamBufferFrontSpace
                0x0000d650       0x28 ..\obj\FreeRTOS_Sockets.o
 .text.uxStreamBufferGetSize
                0x0000d678       0x28 ..\obj\FreeRTOS_Sockets.o
 .text.uxStreamBufferGetPtr
                0x0000d6a0       0x40 ..\obj\FreeRTOS_Sockets.o
 .text.prvValidSocket
                0x0000d6e0       0x58 ..\obj\FreeRTOS_Sockets.o
 .text.vNetworkSocketsInit
                0x0000d738       0x8c ..\obj\FreeRTOS_Sockets.o
                0x0000d738                vNetworkSocketsInit
 .text.prvDetermineSocketSize
                0x0000d7c4       0x64 ..\obj\FreeRTOS_Sockets.o
 .text.FreeRTOS_socket
                0x0000d828      0x134 ..\obj\FreeRTOS_Sockets.o
                0x0000d828                FreeRTOS_socket
 .text.FreeRTOS_CreateSocketSet
                0x0000d95c       0x44 ..\obj\FreeRTOS_Sockets.o
                0x0000d95c                FreeRTOS_CreateSocketSet
 .text.FreeRTOS_DeleteSocketSet
                0x0000d9a0       0x24 ..\obj\FreeRTOS_Sockets.o
                0x0000d9a0                FreeRTOS_DeleteSocketSet
 .text.FreeRTOS_FD_SET
                0x0000d9c4       0x4c ..\obj\FreeRTOS_Sockets.o
                0x0000d9c4                FreeRTOS_FD_SET
 .text.FreeRTOS_FD_CLR
                0x0000da10       0x48 ..\obj\FreeRTOS_Sockets.o
                0x0000da10                FreeRTOS_FD_CLR
 .text.FreeRTOS_select
                0x0000da58       0x7c ..\obj\FreeRTOS_Sockets.o
                0x0000da58                FreeRTOS_select
 .text.prvFindSelectedSocket
                0x0000dad4       0x5c ..\obj\FreeRTOS_Sockets.o
 .text.FreeRTOS_bind
                0x0000db30       0xc0 ..\obj\FreeRTOS_Sockets.o
                0x0000db30                FreeRTOS_bind
 .text.vSocketBind
                0x0000dbf0       0xd0 ..\obj\FreeRTOS_Sockets.o
                0x0000dbf0                vSocketBind
 .text.FreeRTOS_closesocket
                0x0000dcc0       0x4c ..\obj\FreeRTOS_Sockets.o
                0x0000dcc0                FreeRTOS_closesocket
 .text.vSocketClose
                0x0000dd0c       0xc0 ..\obj\FreeRTOS_Sockets.o
                0x0000dd0c                vSocketClose
 .text.prvTCPSetSocketCount
                0x0000ddcc       0x6c ..\obj\FreeRTOS_Sockets.o
 .text.FreeRTOS_setsockopt
                0x0000de38      0x32c ..\obj\FreeRTOS_Sockets.o
                0x0000de38                FreeRTOS_setsockopt
 .text.prvGetPrivatePortNumber
                0x0000e164       0x98 ..\obj\FreeRTOS_Sockets.o
 .text.pxListFindListItemWithValue
                0x0000e1fc       0x54 ..\obj\FreeRTOS_Sockets.o
 .text.pxUDPSocketLookup
                0x0000e250       0x30 ..\obj\FreeRTOS_Sockets.o
                0x0000e250                pxUDPSocketLookup
 .text.vSocketWakeUpUser
                0x0000e280       0x78 ..\obj\FreeRTOS_Sockets.o
                0x0000e280                vSocketWakeUpUser
 .text.FreeRTOS_accept
                0x0000e2f8      0x19c ..\obj\FreeRTOS_Sockets.o
                0x0000e2f8                FreeRTOS_accept
 .text.FreeRTOS_recv
                0x0000e494      0x1a8 ..\obj\FreeRTOS_Sockets.o
                0x0000e494                FreeRTOS_recv
 .text.prvTCPSendCheck
                0x0000e63c       0x9c ..\obj\FreeRTOS_Sockets.o
 .text.FreeRTOS_send
                0x0000e6d8      0x180 ..\obj\FreeRTOS_Sockets.o
                0x0000e6d8                FreeRTOS_send
 .text.FreeRTOS_listen
                0x0000e858       0xd8 ..\obj\FreeRTOS_Sockets.o
                0x0000e858                FreeRTOS_listen
 .text.xTCPTimerCheck
                0x0000e930       0xe4 ..\obj\FreeRTOS_Sockets.o
                0x0000e930                xTCPTimerCheck
 .text.pxTCPSocketLookup
                0x0000ea14       0x8c ..\obj\FreeRTOS_Sockets.o
                0x0000ea14                pxTCPSocketLookup
 .text.prvTCPCreateStream
                0x0000eaa0       0xbc ..\obj\FreeRTOS_Sockets.o
 .text.lTCPAddRxdata
                0x0000eb5c       0xc4 ..\obj\FreeRTOS_Sockets.o
                0x0000eb5c                lTCPAddRxdata
 .text.FreeRTOS_tx_space
                0x0000ec20       0x48 ..\obj\FreeRTOS_Sockets.o
                0x0000ec20                FreeRTOS_tx_space
 .text.FreeRTOS_tx_size
                0x0000ec68       0x44 ..\obj\FreeRTOS_Sockets.o
                0x0000ec68                FreeRTOS_tx_size
 .text.FreeRTOS_rx_size
                0x0000ecac       0x44 ..\obj\FreeRTOS_Sockets.o
                0x0000ecac                FreeRTOS_rx_size
 .text.vSocketSelect
                0x0000ecf0      0x210 ..\obj\FreeRTOS_Sockets.o
                0x0000ecf0                vSocketSelect
 .text.FF_Mounted
                0x0000ef00       0x28 ..\obj\ff_sys.o
 .text.FF_FS_Find
                0x0000ef28       0xf8 ..\obj\ff_sys.o
                0x0000ef28                FF_FS_Find
 .text.memcmp   0x0000f020       0x64 C:\Program Files (x86)\GNU Tools ARM Embedded\5.4 2016q2\arm-none-eabi\lib\armv7-m\libc.a(lib_a-memcmp.o)
                0x0000f020                memcmp
 .text          0x0000f084       0xec C:\Program Files (x86)\GNU Tools ARM Embedded\5.4 2016q2\arm-none-eabi\lib\armv7-m\libc.a(lib_a-memcpy.o)
                0x0000f084                memcpy
 .text.memmove  0x0000f170       0xc8 C:\Program Files (x86)\GNU Tools ARM Embedded\5.4 2016q2\arm-none-eabi\lib\armv7-m\libc.a(lib_a-memmove.o)
                0x0000f170                memmove
 .text.memset   0x0000f238       0x9c C:\Program Files (x86)\GNU Tools ARM Embedded\5.4 2016q2\arm-none-eabi\lib\armv7-m\libc.a(lib_a-memset.o)
                0x0000f238                memset
 .text.rand     0x0000f2d4       0x40 C:\Program Files (x86)\GNU Tools ARM Embedded\5.4 2016q2\arm-none-eabi\lib\armv7-m\libc.a(lib_a-rand.o)
                0x0000f2d4                rand
 .text.snprintf
                0x0000f314       0x98 C:\Program Files (x86)\GNU Tools ARM Embedded\5.4 2016q2\arm-none-eabi\lib\armv7-m\libc.a(lib_a-snprintf.o)
                0x0000f314                snprintf
 .text.sprintf  0x0000f3ac       0x4c C:\Program Files (x86)\GNU Tools ARM Embedded\5.4 2016q2\arm-none-eabi\lib\armv7-m\libc.a(lib_a-sprintf.o)
                0x0000f3ac                sprintf
 .text.strchr   0x0000f3f8       0xd0 C:\Program Files (x86)\GNU Tools ARM Embedded\5.4 2016q2\arm-none-eabi\lib\armv7-m\libc.a(lib_a-strchr.o)
                0x0000f3f8                strchr
 .text          0x0000f4c8      0x1bc C:\Program Files (x86)\GNU Tools ARM Embedded\5.4 2016q2\arm-none-eabi\lib\armv7-m\libc.a(lib_a-strcmp.o)
                0x0000f4c8                strcmp
 .text.strcpy   0x0000f684       0xbc C:\Program Files (x86)\GNU Tools ARM Embedded\5.4 2016q2\arm-none-eabi\lib\armv7-m\libc.a(lib_a-strcpy.o)
                0x0000f684                strcpy
 .text.strlen   0x0000f740       0x5c C:\Program Files (x86)\GNU Tools ARM Embedded\5.4 2016q2\arm-none-eabi\lib\armv7-m\libc.a(lib_a-strlen-stub.o)
                0x0000f740                strlen
 .text.strncpy  0x0000f79c       0x68 C:\Program Files (x86)\GNU Tools ARM Embedded\5.4 2016q2\arm-none-eabi\lib\armv7-m\libc.a(lib_a-strncpy.o)
                0x0000f79c                strncpy
 .text._svfprintf_r
                0x0000f804     0x175c C:\Program Files (x86)\GNU Tools ARM Embedded\5.4 2016q2\arm-none-eabi\lib\armv7-m\libc.a(lib_a-svfprintf.o)
                0x0000f804                _svfprintf_r
 .text.quorem   0x00010f60      0x12c C:\Program Files (x86)\GNU Tools ARM Embedded\5.4 2016q2\arm-none-eabi\lib\armv7-m\libc.a(lib_a-dtoa.o)
 *fill*         0x0001108c        0x4 
 .text._dtoa_r  0x00011090      0xe4c C:\Program Files (x86)\GNU Tools ARM Embedded\5.4 2016q2\arm-none-eabi\lib\armv7-m\libc.a(lib_a-dtoa.o)
                0x00011090                _dtoa_r
 .text._localeconv_r
                0x00011edc        0x8 C:\Program Files (x86)\GNU Tools ARM Embedded\5.4 2016q2\arm-none-eabi\lib\armv7-m\libc.a(lib_a-locale.o)
                0x00011edc                _localeconv_r
 .text._malloc_r
                0x00011ee4      0x558 C:\Program Files (x86)\GNU Tools ARM Embedded\5.4 2016q2\arm-none-eabi\lib\armv7-m\libc.a(lib_a-mallocr.o)
                0x00011ee4                _malloc_r
 .text.memchr   0x0001243c       0x8c C:\Program Files (x86)\GNU Tools ARM Embedded\5.4 2016q2\arm-none-eabi\lib\armv7-m\libc.a(lib_a-memchr-stub.o)
                0x0001243c                memchr
 .text.__malloc_lock
                0x000124c8        0x4 C:\Program Files (x86)\GNU Tools ARM Embedded\5.4 2016q2\arm-none-eabi\lib\armv7-m\libc.a(lib_a-mlock.o)
                0x000124c8                __malloc_lock
 .text.__malloc_unlock
                0x000124cc        0x4 C:\Program Files (x86)\GNU Tools ARM Embedded\5.4 2016q2\arm-none-eabi\lib\armv7-m\libc.a(lib_a-mlock.o)
                0x000124cc                __malloc_unlock
 .text._Balloc  0x000124d0       0x50 C:\Program Files (x86)\GNU Tools ARM Embedded\5.4 2016q2\arm-none-eabi\lib\armv7-m\libc.a(lib_a-mprec.o)
                0x000124d0                _Balloc
 .text._Bfree   0x00012520       0x14 C:\Program Files (x86)\GNU Tools ARM Embedded\5.4 2016q2\arm-none-eabi\lib\armv7-m\libc.a(lib_a-mprec.o)
                0x00012520                _Bfree
 .text.__multadd
                0x00012534       0x80 C:\Program Files (x86)\GNU Tools ARM Embedded\5.4 2016q2\arm-none-eabi\lib\armv7-m\libc.a(lib_a-mprec.o)
                0x00012534                __multadd
 .text.__hi0bits
                0x000125b4       0x40 C:\Program Files (x86)\GNU Tools ARM Embedded\5.4 2016q2\arm-none-eabi\lib\armv7-m\libc.a(lib_a-mprec.o)
                0x000125b4                __hi0bits
 .text.__lo0bits
                0x000125f4       0x5c C:\Program Files (x86)\GNU Tools ARM Embedded\5.4 2016q2\arm-none-eabi\lib\armv7-m\libc.a(lib_a-mprec.o)
                0x000125f4                __lo0bits
 .text.__i2b    0x00012650       0x14 C:\Program Files (x86)\GNU Tools ARM Embedded\5.4 2016q2\arm-none-eabi\lib\armv7-m\libc.a(lib_a-mprec.o)
                0x00012650                __i2b
 .text.__multiply
                0x00012664      0x13c C:\Program Files (x86)\GNU Tools ARM Embedded\5.4 2016q2\arm-none-eabi\lib\armv7-m\libc.a(lib_a-mprec.o)
                0x00012664                __multiply
 .text.__pow5mult
                0x000127a0       0xa0 C:\Program Files (x86)\GNU Tools ARM Embedded\5.4 2016q2\arm-none-eabi\lib\armv7-m\libc.a(lib_a-mprec.o)
                0x000127a0                __pow5mult
 .text.__lshift
                0x00012840       0xac C:\Program Files (x86)\GNU Tools ARM Embedded\5.4 2016q2\arm-none-eabi\lib\armv7-m\libc.a(lib_a-mprec.o)
                0x00012840                __lshift
 .text.__mcmp   0x000128ec       0x40 C:\Program Files (x86)\GNU Tools ARM Embedded\5.4 2016q2\arm-none-eabi\lib\armv7-m\libc.a(lib_a-mprec.o)
                0x000128ec                __mcmp
 .text.__mdiff  0x0001292c      0x128 C:\Program Files (x86)\GNU Tools ARM Embedded\5.4 2016q2\arm-none-eabi\lib\armv7-m\libc.a(lib_a-mprec.o)
                0x0001292c                __mdiff
 .text.__d2b    0x00012a54       0xa8 C:\Program Files (x86)\GNU Tools ARM Embedded\5.4 2016q2\arm-none-eabi\lib\armv7-m\libc.a(lib_a-mprec.o)
                0x00012a54                __d2b
 .text._sbrk_r  0x00012afc       0x24 C:\Program Files (x86)\GNU Tools ARM Embedded\5.4 2016q2\arm-none-eabi\lib\armv7-m\libc.a(lib_a-sbrkr.o)
                0x00012afc                _sbrk_r
 .text.__ssprint_r
                0x00012b20      0x100 C:\Program Files (x86)\GNU Tools ARM Embedded\5.4 2016q2\arm-none-eabi\lib\armv7-m\libc.a(lib_a-svfiprintf.o)
                0x00012b20                __ssprint_r
 .text._calloc_r
                0x00012c20       0x60 C:\Program Files (x86)\GNU Tools ARM Embedded\5.4 2016q2\arm-none-eabi\lib\armv7-m\libc.a(lib_a-callocr.o)
                0x00012c20                _calloc_r
 .text._malloc_trim_r
                0x00012c80       0x9c C:\Program Files (x86)\GNU Tools ARM Embedded\5.4 2016q2\arm-none-eabi\lib\armv7-m\libc.a(lib_a-freer.o)
                0x00012c80                _malloc_trim_r
 .text._free_r  0x00012d1c      0x1d0 C:\Program Files (x86)\GNU Tools ARM Embedded\5.4 2016q2\arm-none-eabi\lib\armv7-m\libc.a(lib_a-freer.o)
                0x00012d1c                _free_r
 .text._realloc_r
                0x00012eec      0x3d4 C:\Program Files (x86)\GNU Tools ARM Embedded\5.4 2016q2\arm-none-eabi\lib\armv7-m\libc.a(lib_a-reallocr.o)
                0x00012eec                _realloc_r
 .text._sbrk    0x000132c0       0x1c C:\Program Files (x86)\GNU Tools ARM Embedded\5.4 2016q2\arm-none-eabi\lib\armv7-m\libnosys.a(sbrk.o)
                0x000132c0                _sbrk
 .text          0x000132dc      0x370 C:\Program Files (x86)\GNU Tools ARM Embedded\5.4 2016q2\lib\gcc\arm-none-eabi\5.4.1\armv7-m\libgcc.a(_arm_addsubdf3.o)
                0x000132dc                __aeabi_drsub
                0x000132e4                __aeabi_dsub
                0x000132e4                __subdf3
                0x000132e8                __aeabi_dadd
                0x000132e8                __adddf3
                0x00013560                __floatunsidf
                0x00013560                __aeabi_ui2d
                0x00013580                __floatsidf
                0x00013580                __aeabi_i2d
                0x000135a4                __aeabi_f2d
                0x000135a4                __extendsfdf2
                0x000135e0                __floatundidf
                0x000135e0                __aeabi_ul2d
                0x000135f0                __floatdidf
                0x000135f0                __aeabi_l2d
 .text          0x0001364c      0x424 C:\Program Files (x86)\GNU Tools ARM Embedded\5.4 2016q2\lib\gcc\arm-none-eabi\5.4.1\armv7-m\libgcc.a(_arm_muldivdf3.o)
                0x0001364c                __aeabi_dmul
                0x0001364c                __muldf3
                0x000138a0                __divdf3
                0x000138a0                __aeabi_ddiv
 .text          0x00013a70      0x110 C:\Program Files (x86)\GNU Tools ARM Embedded\5.4 2016q2\lib\gcc\arm-none-eabi\5.4.1\armv7-m\libgcc.a(_arm_cmpdf2.o)
                0x00013a70                __gtdf2
                0x00013a70                __gedf2
                0x00013a78                __ltdf2
                0x00013a78                __ledf2
                0x00013a80                __nedf2
                0x00013a80                __eqdf2
                0x00013a80                __cmpdf2
                0x00013afc                __aeabi_cdrcmple
                0x00013b0c                __aeabi_cdcmpeq
                0x00013b0c                __aeabi_cdcmple
                0x00013b1c                __aeabi_dcmpeq
                0x00013b30                __aeabi_dcmplt
                0x00013b44                __aeabi_dcmple
                0x00013b58                __aeabi_dcmpge
                0x00013b6c                __aeabi_dcmpgt
 .text          0x00013b80       0x2c C:\Program Files (x86)\GNU Tools ARM Embedded\5.4 2016q2\lib\gcc\arm-none-eabi\5.4.1\armv7-m\libgcc.a(_arm_unorddf2.o)
                0x00013b80                __unorddf2
                0x00013b80                __aeabi_dcmpun
 .text          0x00013bac       0x50 C:\Program Files (x86)\GNU Tools ARM Embedded\5.4 2016q2\lib\gcc\arm-none-eabi\5.4.1\armv7-m\libgcc.a(_arm_fixdfsi.o)
                0x00013bac                __aeabi_d2iz
                0x00013bac                __fixdfsi
 .text          0x00013bfc       0x30 C:\Program Files (x86)\GNU Tools ARM Embedded\5.4 2016q2\lib\gcc\arm-none-eabi\5.4.1\armv7-m\libgcc.a(_aeabi_uldivmod.o)
                0x00013bfc                __aeabi_uldivmod
 .text          0x00013c2c      0x2ec C:\Program Files (x86)\GNU Tools ARM Embedded\5.4 2016q2\lib\gcc\arm-none-eabi\5.4.1\armv7-m\libgcc.a(_udivmoddi4.o)
                0x00013c2c                __udivmoddi4
 .text          0x00013f18        0x4 C:\Program Files (x86)\GNU Tools ARM Embedded\5.4 2016q2\lib\gcc\arm-none-eabi\5.4.1\armv7-m\libgcc.a(_dvmd_tls.o)
                0x00013f18                __aeabi_idiv0
                0x00013f18                __aeabi_ldiv0
 *(.init)
 *(.fini)
 *crtbegin.o(.ctors)
 *crtbegin?.o(.ctors)
 *(EXCLUDE_FILE(*crtend.o *crtend?.o) .ctors)
 *(SORT(.ctors.*))
 *(.ctors)
 *crtbegin.o(.dtors)
 *crtbegin?.o(.dtors)
 *(EXCLUDE_FILE(*crtend.o *crtend?.o) .dtors)
 *(SORT(.dtors.*))
 *(.dtors)
 *(.rodata*)
 .rodata        0x00013f1c       0x17 ..\obj\FreeRTOS_TCP_server.o
 *fill*         0x00013f33        0x1 
 .rodata        0x00013f34        0xb ..\obj\ff_dev_support.o
                0x00013f34                pcDevicePath
 *fill*         0x00013f3f        0x1 
 .rodata        0x00013f40      0x14d ..\obj\FreeRTOS_HTTP_server.o
 *fill*         0x0001408d        0x3 
 .rodata        0x00014090       0x28 ..\obj\FreeRTOS_IP.o
                0x00014090                xBroadcastMACAddress
 .rodata        0x000140b8       0x26 ..\obj\ff_file.o
 *fill*         0x000140de        0x2 
 .rodata        0x000140e0      0x700 ..\obj\ff_crc.o
                0x000140e0                crc32_table
 .rodata        0x000147e0       0x26 ..\obj\FreeRTOS_ARP.o
 *fill*         0x00014806        0x2 
 .rodata        0x00014808       0x3c ..\obj\main.o
                0x00014808                ETHERNET_MAC_ADDRESS
                0x00014810                APP_DEFAULT_IP_ADDRESS
                0x00014814                APP_DEFAULT_NETMASK
                0x00014818                APP_DEFAULT_GATEWAY
                0x0001481c                APP_DEFAULT_NAMESERVER
 .rodata        0x00014844        0xd ..\obj\timers.o
 *fill*         0x00014851        0x3 
 .rodata        0x00014854       0x26 ..\obj\ff_dir.o
 *fill*         0x0001487a        0x2 
 .rodata        0x0001487c        0x5 ..\obj\tasks.o
 *fill*         0x00014881        0x3 
 .rodata        0x00014884        0xc ..\obj\NetworkInterface.o
 .rodata        0x00014890        0xe ..\obj\BufferAllocation_2.o
                0x00014890                xBufferAllocFixedSize
 *fill*         0x0001489e        0x2 
 .rodata        0x000148a0      0x19a ..\obj\ff_ioman.o
 *fill*         0x00014a3a        0x2 
 .rodata        0x00014a3c       0x4a ..\obj\ff_stdio.o
 *fill*         0x00014a86        0x2 
 .rodata        0x00014a88      0x13c ..\obj\FreeRTOS_HTTP_commands.o
                0x00014ad0                xWebCommands
 .rodata        0x00014bc4       0x4b ..\obj\ff_sys.o
 *fill*         0x00014c0f        0x1 
 .rodata.blanks.7055
                0x00014c10       0x10 C:\Program Files (x86)\GNU Tools ARM Embedded\5.4 2016q2\arm-none-eabi\lib\armv7-m\libc.a(lib_a-svfprintf.o)
 .rodata.str1.4
                0x00014c20       0x42 C:\Program Files (x86)\GNU Tools ARM Embedded\5.4 2016q2\arm-none-eabi\lib\armv7-m\libc.a(lib_a-svfprintf.o)
 *fill*         0x00014c62        0x2 
 .rodata.zeroes.7056
                0x00014c64       0x10 C:\Program Files (x86)\GNU Tools ARM Embedded\5.4 2016q2\arm-none-eabi\lib\armv7-m\libc.a(lib_a-svfprintf.o)
 .rodata.str1.4
                0x00014c74       0x10 C:\Program Files (x86)\GNU Tools ARM Embedded\5.4 2016q2\arm-none-eabi\lib\armv7-m\libc.a(lib_a-dtoa.o)
                                 0x12 (size before relaxing)
 .rodata.str1.4
                0x00014c84        0x2 C:\Program Files (x86)\GNU Tools ARM Embedded\5.4 2016q2\arm-none-eabi\lib\armv7-m\libc.a(lib_a-impure.o)
 *fill*         0x00014c86        0x2 
 .rodata.str1.4
                0x00014c88        0xc C:\Program Files (x86)\GNU Tools ARM Embedded\5.4 2016q2\arm-none-eabi\lib\armv7-m\libc.a(lib_a-locale.o)
                                 0x12 (size before relaxing)
 *fill*         0x00014c94        0x4 
 .rodata.__mprec_tens
                0x00014c98       0xc8 C:\Program Files (x86)\GNU Tools ARM Embedded\5.4 2016q2\arm-none-eabi\lib\armv7-m\libc.a(lib_a-mprec.o)
                0x00014c98                __mprec_tens
 .rodata.__mprec_bigtens
                0x00014d60       0x28 C:\Program Files (x86)\GNU Tools ARM Embedded\5.4 2016q2\arm-none-eabi\lib\armv7-m\libc.a(lib_a-mprec.o)
                0x00014d60                __mprec_bigtens
 .rodata.p05.5396
                0x00014d88        0xc C:\Program Files (x86)\GNU Tools ARM Embedded\5.4 2016q2\arm-none-eabi\lib\armv7-m\libc.a(lib_a-mprec.o)
 *(.eh_fram e*)

.glue_7         0x00014d94        0x0
 .glue_7        0x00014d94        0x0 linker stubs

.glue_7t        0x00014d94        0x0
 .glue_7t       0x00014d94        0x0 linker stubs

.vfp11_veneer   0x00014d94        0x0
 .vfp11_veneer  0x00014d94        0x0 linker stubs

.v4_bx          0x00014d94        0x0
 .v4_bx         0x00014d94        0x0 linker stubs

.iplt           0x00014d94        0x0
 .iplt          0x00014d94        0x0 ..\obj\FreeRTOS_TCP_server.o

.ARM.extab
 *(.ARM.extab* .gnu.linkonce.armextab.*)
                0x00014d94                __exidx_start = .

.ARM.exidx      0x00014d94        0x8
 *(.ARM.exidx* .gnu.linkonce.armexidx.*)
 .ARM.exidx     0x00014d94        0x8 C:\Program Files (x86)\GNU Tools ARM Embedded\5.4 2016q2\lib\gcc\arm-none-eabi\5.4.1\armv7-m\libgcc.a(_udivmoddi4.o)
                0x00014d9c                __exidx_end = .
                0x00014d9c                __etext = .
                0x00014d9c                _sidata = __etext

.rel.dyn        0x00014d9c        0x0
 .rel.iplt      0x00014d9c        0x0 ..\obj\FreeRTOS_TCP_server.o

.data           0x10000000      0x8fc load address 0x00014d9c
                0x10000000                __data_start__ = .
                0x10000000                _sdata = __data_start__
 *(vtable)
 *(.data*)
 .data          0x10000000       0x18 ..\obj\FreeRTOS_UDP_IP.o
                0x10000000                xDefaultPartUDPPacketHeader
 .data          0x10000018       0x68 ..\obj\FreeRTOS_HTTP_server.o
 .data          0x10000080        0x4 ..\obj\port.o
 .data          0x10000084        0x4 ..\obj\heap_2.o
 .data.impure_data
                0x10000088      0x428 C:\Program Files (x86)\GNU Tools ARM Embedded\5.4 2016q2\arm-none-eabi\lib\armv7-m\libc.a(lib_a-impure.o)
 .data._impure_ptr
                0x100004b0        0x4 C:\Program Files (x86)\GNU Tools ARM Embedded\5.4 2016q2\arm-none-eabi\lib\armv7-m\libc.a(lib_a-impure.o)
                0x100004b0                _impure_ptr
 .data.lconv    0x100004b4       0x38 C:\Program Files (x86)\GNU Tools ARM Embedded\5.4 2016q2\arm-none-eabi\lib\armv7-m\libc.a(lib_a-locale.o)
 .data.__malloc_av_
                0x100004ec      0x408 C:\Program Files (x86)\GNU Tools ARM Embedded\5.4 2016q2\arm-none-eabi\lib\armv7-m\libc.a(lib_a-mallocr.o)
                0x100004ec                __malloc_av_
 .data.__malloc_trim_threshold
                0x100008f4        0x4 C:\Program Files (x86)\GNU Tools ARM Embedded\5.4 2016q2\arm-none-eabi\lib\armv7-m\libc.a(lib_a-mallocr.o)
                0x100008f4                __malloc_trim_threshold
 .data.__malloc_sbrk_base
                0x100008f8        0x4 C:\Program Files (x86)\GNU Tools ARM Embedded\5.4 2016q2\arm-none-eabi\lib\armv7-m\libc.a(lib_a-mallocr.o)
                0x100008f8                __malloc_sbrk_base
                0x100008fc                . = ALIGN (0x4)
                [!provide]                PROVIDE (__preinit_array_start, .)
 *(.preinit_array)
                [!provide]                PROVIDE (__preinit_array_end, .)
                0x100008fc                . = ALIGN (0x4)
                [!provide]                PROVIDE (__init_array_start, .)
 *(SORT(.init_array.*))
 *(.init_array)
                [!provide]                PROVIDE (__init_array_end, .)
                0x100008fc                . = ALIGN (0x4)
                [!provide]                PROVIDE (__fini_array_start, .)
 *(SORT(.fini_array.*))
 *(.fini_array)
                [!provide]                PROVIDE (__fini_array_end, .)
 *(.jcr*)
                0x100008fc                . = ALIGN (0x4)
                0x100008fc                __data_end__ = .
                0x100008fc                _edata = __data_end__

.igot.plt       0x100008fc        0x0 load address 0x00015698
 .igot.plt      0x100008fc        0x0 ..\obj\FreeRTOS_TCP_server.o

.bss            0x100008fc     0x5cec load address 0x00015698
                0x100008fc                . = ALIGN (0x4)
                0x100008fc                __bss_start__ = .
                0x100008fc                _sbss = __bss_start__
 *(.bss*)
 .bss           0x100008fc       0x70 ..\obj\FreeRTOS_IP.o
                0x100008fc                xNetworkEventQueue
                0x10000900                usPacketIdentifier
                0x10000904                xNetworkAddressing
                0x10000918                xDefaultAddressing
 .bss           0x1000096c       0x1c ..\obj\FreeRTOS_TCP_WIN.o
                0x10000984                xTCPWindowLoggingLevel
 .bss           0x10000988       0x4c ..\obj\FreeRTOS_ARP.o
 .bss           0x100009d4        0x4 ..\obj\main.o
 .bss           0x100009d8        0x4 ..\obj\FreeRTOS_TCP_IP.o
                0x100009d8                ulNextInitialSequenceNumber
 .bss           0x100009dc       0xfc ..\obj\timers.o
 .bss           0x10000ad8      0x6e0 ..\obj\staticAllocationImpl.o
 .bss           0x100011b8      0x140 ..\obj\tasks.o
                0x100011b8                pxCurrentTCB
 .bss           0x100012f8        0x4 ..\obj\NetworkInterface.o
 .bss           0x100012fc      0xf1c ..\obj\BufferAllocation_2.o
 .bss           0x10002218        0xc ..\obj\port.o
 .bss           0x10002224     0x4014 ..\obj\heap_2.o
 .bss           0x10006238        0x8 ..\obj\FreeRTOS_Sockets.o
 .bss           0x10006240       0xc4 ..\obj\ff_sys.o
 .bss.__malloc_max_total_mem
                0x10006304        0x4 C:\Program Files (x86)\GNU Tools ARM Embedded\5.4 2016q2\arm-none-eabi\lib\armv7-m\libc.a(lib_a-mallocr.o)
                0x10006304                __malloc_max_total_mem
 .bss.__malloc_max_sbrked_mem
                0x10006308        0x4 C:\Program Files (x86)\GNU Tools ARM Embedded\5.4 2016q2\arm-none-eabi\lib\armv7-m\libc.a(lib_a-mallocr.o)
                0x10006308                __malloc_max_sbrked_mem
 .bss.__malloc_top_pad
                0x1000630c        0x4 C:\Program Files (x86)\GNU Tools ARM Embedded\5.4 2016q2\arm-none-eabi\lib\armv7-m\libc.a(lib_a-mallocr.o)
                0x1000630c                __malloc_top_pad
 .bss.__malloc_current_mallinfo
                0x10006310       0x28 C:\Program Files (x86)\GNU Tools ARM Embedded\5.4 2016q2\arm-none-eabi\lib\armv7-m\libc.a(lib_a-mallocr.o)
                0x10006310                __malloc_current_mallinfo
 .bss.heap_end.4167
                0x10006338        0x4 C:\Program Files (x86)\GNU Tools ARM Embedded\5.4 2016q2\arm-none-eabi\lib\armv7-m\libnosys.a(sbrk.o)
 *(COMMON)
 COMMON         0x1000633c      0x180 ..\obj\ff_dev_support.o
                0x1000633c                xFiles
 COMMON         0x100064bc      0x100 ..\obj\queue.o
                0x100064bc                xQueueRegistry
 COMMON         0x100065bc       0x28 ..\obj\FreeRTOS_Sockets.o
                0x100065bc                xBoundTCPSocketsList
                0x100065d0                xBoundUDPSocketsList
 COMMON         0x100065e4        0x4 C:\Program Files (x86)\GNU Tools ARM Embedded\5.4 2016q2\arm-none-eabi\lib\armv7-m\libc.a(lib_a-reent.o)
                0x100065e4                errno
                0x100065e8                . = ALIGN (0x4)
                0x100065e8                __bss_end__ = .
                0x100065e8                _ebss = __bss_end__

.heap           0x100065e8        0x0
                0x100065e8                __end__ = .
                0x100065e8                _end = __end__
                0x100065e8                end = __end__
 *(.heap*)
                0x100065e8                __HeapLimit = .

.co_stack       0x100065e8      0x400 load address 0x0001b384
                0x100065e8                . = ALIGN (0x8)
 *(.co_stack .co_stack.*)
 .co_stack      0x100065e8      0x400 ..\obj\startup_LPC17xx.o
                0x100065e8                pulStack
                0x10008000                __StackTop = (ORIGIN (ram) + LENGTH (ram))
                0x10007c00                __StackLimit = (__StackTop - SIZEOF (.co_stack))
                [!provide]                PROVIDE (__stack, __StackTop)
                0x00000001                ASSERT ((__StackLimit >= __HeapLimit), region ram  overflowed with stack)
LOAD C:\Program Files (x86)\GNU Tools ARM Embedded\5.4 2016q2\arm-none-eabi\lib\armv7-m\libc.a
LOAD ..\obj\FreeRTOS_TCP_server.o
LOAD ..\obj\ff_dev_support.o
LOAD ..\obj\FreeRTOS_UDP_IP.o
LOAD ..\obj\FreeRTOS_Stream_Buffer.o
LOAD ..\obj\FreeRTOS_DNS.o
LOAD ..\obj\configurationManager.o
LOAD ..\obj\lpc17xx_clkpwr.o
LOAD ..\obj\FreeRTOS_HTTP_server.o
LOAD ..\obj\FreeRTOS_IP.o
LOAD ..\obj\system_LPC17xx.o
LOAD ..\obj\lpc17xx_emac.o
LOAD ..\obj\ff_file.o
LOAD ..\obj\ff_crc.o
LOAD ..\obj\FreeRTOS_TCP_WIN.o
LOAD ..\obj\ff_time.o
LOAD ..\obj\landtiger2_emac.o
LOAD ..\obj\FreeRTOS_ARP.o
LOAD ..\obj\main.o
LOAD ..\obj\FreeRTOS_TCP_IP.o
LOAD ..\obj\timers.o
LOAD ..\obj\ff_string.o
LOAD ..\obj\ff_dir.o
LOAD ..\obj\ff_format.o
LOAD ..\obj\lpc17xx_gpio.o
LOAD ..\obj\staticAllocationImpl.o
LOAD ..\obj\tasks.o
LOAD ..\obj\startup_LPC17xx.o
LOAD ..\obj\lpc17xx_libcfg_default.o
LOAD ..\obj\NetworkInterface.o
LOAD ..\obj\lpc17xx_pinsel.o
LOAD ..\obj\BufferAllocation_2.o
LOAD ..\obj\list.o
LOAD ..\obj\ff_memory.o
LOAD ..\obj\port.o
LOAD ..\obj\queue.o
LOAD ..\obj\ff_ioman.o
LOAD ..\obj\ff_fat.o
LOAD ..\obj\ff_stdio.o
LOAD ..\obj\event_groups.o
LOAD ..\obj\ff_locking.o
LOAD ..\obj\FreeRTOS_HTTP_commands.o
LOAD ..\obj\ff_error.o
LOAD ..\obj\FreeRTOS_DHCP.o
LOAD ..\obj\heap_2.o
LOAD ..\obj\ff_ramdisk.o
LOAD ..\obj\FreeRTOS_Sockets.o
LOAD ..\obj\ff_sys.o
LOAD C:\Program Files (x86)\GNU Tools ARM Embedded\5.4 2016q2\arm-none-eabi\lib\armv7-m\libc.a
LOAD C:\Program Files (x86)\GNU Tools ARM Embedded\5.4 2016q2\arm-none-eabi\lib\armv7-m\libm.a
LOAD C:\Program Files (x86)\GNU Tools ARM Embedded\5.4 2016q2\arm-none-eabi\lib\armv7-m\libg.a
LOAD C:\Program Files (x86)\GNU Tools ARM Embedded\5.4 2016q2\arm-none-eabi\lib\armv7-m\libnosys.a
LOAD C:\Program Files (x86)\GNU Tools ARM Embedded\5.4 2016q2\lib\gcc\arm-none-eabi\5.4.1\armv7-m\libgcc.a
START GROUP
LOAD C:\Program Files (x86)\GNU Tools ARM Embedded\5.4 2016q2\lib\gcc\arm-none-eabi\5.4.1\armv7-m\libgcc.a
LOAD C:\Program Files (x86)\GNU Tools ARM Embedded\5.4 2016q2\arm-none-eabi\lib\armv7-m\libg.a
LOAD C:\Program Files (x86)\GNU Tools ARM Embedded\5.4 2016q2\arm-none-eabi\lib\armv7-m\libc.a
END GROUP
OUTPUT(m3webbackbone.elf elf32-littlearm)

.debug_info     0x00000000    0x19b4b
 .debug_info    0x00000000      0x634 ..\obj\FreeRTOS_TCP_server.o
 .debug_info    0x00000634      0x98b ..\obj\ff_dev_support.o
 .debug_info    0x00000fbf      0xe53 ..\obj\FreeRTOS_UDP_IP.o
 .debug_info    0x00001e12      0x454 ..\obj\FreeRTOS_Stream_Buffer.o
 .debug_info    0x00002266      0x317 ..\obj\configurationManager.o
 .debug_info    0x0000257d      0xcea ..\obj\FreeRTOS_HTTP_server.o
 .debug_info    0x00003267     0x1e64 ..\obj\FreeRTOS_IP.o
 .debug_info    0x000050cb      0x4db ..\obj\system_LPC17xx.o
 .debug_info    0x000055a6     0x190f ..\obj\ff_file.o
 .debug_info    0x00006eb5      0x233 ..\obj\ff_crc.o
 .debug_info    0x000070e8     0x1020 ..\obj\FreeRTOS_TCP_WIN.o
 .debug_info    0x00008108      0xb22 ..\obj\landtiger2_emac.o
 .debug_info    0x00008c2a      0x78e ..\obj\FreeRTOS_ARP.o
 .debug_info    0x000093b8      0x388 ..\obj\main.o
 .debug_info    0x00009740     0x21c6 ..\obj\FreeRTOS_TCP_IP.o
 .debug_info    0x0000b906      0xd52 ..\obj\timers.o
 .debug_info    0x0000c658      0x3c9 ..\obj\ff_string.o
 .debug_info    0x0000ca21     0x18c4 ..\obj\ff_dir.o
 .debug_info    0x0000e2e5      0x2e7 ..\obj\staticAllocationImpl.o
 .debug_info    0x0000e5cc     0x18cb ..\obj\tasks.o
 .debug_info    0x0000fe97      0x124 ..\obj\startup_LPC17xx.o
 .debug_info    0x0000ffbb      0x335 ..\obj\NetworkInterface.o
 .debug_info    0x000102f0      0x49b ..\obj\BufferAllocation_2.o
 .debug_info    0x0001078b      0x2a0 ..\obj\list.o
 .debug_info    0x00010a2b      0x3ae ..\obj\port.o
 .debug_info    0x00010dd9     0x1178 ..\obj\queue.o
 .debug_info    0x00011f51     0x1288 ..\obj\ff_ioman.o
 .debug_info    0x000131d9     0x1278 ..\obj\ff_fat.o
 .debug_info    0x00014451     0x1522 ..\obj\ff_stdio.o
 .debug_info    0x00015973      0x7ba ..\obj\event_groups.o
 .debug_info    0x0001612d      0x735 ..\obj\ff_locking.o
 .debug_info    0x00016862      0x1b0 ..\obj\FreeRTOS_HTTP_commands.o
 .debug_info    0x00016a12      0x2f4 ..\obj\heap_2.o
 .debug_info    0x00016d06     0x2629 ..\obj\FreeRTOS_Sockets.o
 .debug_info    0x0001932f      0x81c ..\obj\ff_sys.o

.debug_abbrev   0x00000000     0x413d
 .debug_abbrev  0x00000000      0x1e2 ..\obj\FreeRTOS_TCP_server.o
 .debug_abbrev  0x000001e2      0x186 ..\obj\ff_dev_support.o
 .debug_abbrev  0x00000368      0x244 ..\obj\FreeRTOS_UDP_IP.o
 .debug_abbrev  0x000005ac      0x10a ..\obj\FreeRTOS_Stream_Buffer.o
 .debug_abbrev  0x000006b6      0x129 ..\obj\configurationManager.o
 .debug_abbrev  0x000007df      0x288 ..\obj\FreeRTOS_HTTP_server.o
 .debug_abbrev  0x00000a67      0x320 ..\obj\FreeRTOS_IP.o
 .debug_abbrev  0x00000d87      0x101 ..\obj\system_LPC17xx.o
 .debug_abbrev  0x00000e88      0x28d ..\obj\ff_file.o
 .debug_abbrev  0x00001115       0xeb ..\obj\ff_crc.o
 .debug_abbrev  0x00001200      0x225 ..\obj\FreeRTOS_TCP_WIN.o
 .debug_abbrev  0x00001425      0x27c ..\obj\landtiger2_emac.o
 .debug_abbrev  0x000016a1      0x1e7 ..\obj\FreeRTOS_ARP.o
 .debug_abbrev  0x00001888      0x19c ..\obj\main.o
 .debug_abbrev  0x00001a24      0x34a ..\obj\FreeRTOS_TCP_IP.o
 .debug_abbrev  0x00001d6e      0x1f7 ..\obj\timers.o
 .debug_abbrev  0x00001f65      0x10d ..\obj\ff_string.o
 .debug_abbrev  0x00002072      0x272 ..\obj\ff_dir.o
 .debug_abbrev  0x000022e4       0xba ..\obj\staticAllocationImpl.o
 .debug_abbrev  0x0000239e      0x29e ..\obj\tasks.o
 .debug_abbrev  0x0000263c       0xbb ..\obj\startup_LPC17xx.o
 .debug_abbrev  0x000026f7      0x16a ..\obj\NetworkInterface.o
 .debug_abbrev  0x00002861      0x176 ..\obj\BufferAllocation_2.o
 .debug_abbrev  0x000029d7       0xbc ..\obj\list.o
 .debug_abbrev  0x00002a93      0x1f7 ..\obj\port.o
 .debug_abbrev  0x00002c8a      0x265 ..\obj\queue.o
 .debug_abbrev  0x00002eef      0x29f ..\obj\ff_ioman.o
 .debug_abbrev  0x0000318e      0x23b ..\obj\ff_fat.o
 .debug_abbrev  0x000033c9      0x23b ..\obj\ff_stdio.o
 .debug_abbrev  0x00003604      0x1e2 ..\obj\event_groups.o
 .debug_abbrev  0x000037e6      0x151 ..\obj\ff_locking.o
 .debug_abbrev  0x00003937       0xe5 ..\obj\FreeRTOS_HTTP_commands.o
 .debug_abbrev  0x00003a1c      0x16c ..\obj\heap_2.o
 .debug_abbrev  0x00003b88      0x3a0 ..\obj\FreeRTOS_Sockets.o
 .debug_abbrev  0x00003f28      0x215 ..\obj\ff_sys.o

.debug_aranges  0x00000000     0x15f0
 .debug_aranges
                0x00000000       0x40 ..\obj\FreeRTOS_TCP_server.o
 .debug_aranges
                0x00000040       0x58 ..\obj\ff_dev_support.o
 .debug_aranges
                0x00000098       0x28 ..\obj\FreeRTOS_UDP_IP.o
 .debug_aranges
                0x000000c0       0x58 ..\obj\FreeRTOS_Stream_Buffer.o
 .debug_aranges
                0x00000118       0x48 ..\obj\configurationManager.o
 .debug_aranges
                0x00000160       0x58 ..\obj\FreeRTOS_HTTP_server.o
 .debug_aranges
                0x000001b8      0x158 ..\obj\FreeRTOS_IP.o
 .debug_aranges
                0x00000310       0x28 ..\obj\system_LPC17xx.o
 .debug_aranges
                0x00000338      0x130 ..\obj\ff_file.o
 .debug_aranges
                0x00000468       0x30 ..\obj\ff_crc.o
 .debug_aranges
                0x00000498      0x118 ..\obj\FreeRTOS_TCP_WIN.o
 .debug_aranges
                0x000005b0       0x98 ..\obj\landtiger2_emac.o
 .debug_aranges
                0x00000648       0x60 ..\obj\FreeRTOS_ARP.o
 .debug_aranges
                0x000006a8       0x38 ..\obj\main.o
 .debug_aranges
                0x000006e0      0x168 ..\obj\FreeRTOS_TCP_IP.o
 .debug_aranges
                0x00000848       0xc0 ..\obj\timers.o
 .debug_aranges
                0x00000908       0x50 ..\obj\ff_string.o
 .debug_aranges
                0x00000958      0x148 ..\obj\ff_dir.o
 .debug_aranges
                0x00000aa0       0x28 ..\obj\staticAllocationImpl.o
 .debug_aranges
                0x00000ac8      0x1d0 ..\obj\tasks.o
 .debug_aranges
                0x00000c98       0x40 ..\obj\startup_LPC17xx.o
 .debug_aranges
                0x00000cd8       0x48 ..\obj\NetworkInterface.o
 .debug_aranges
                0x00000d20       0x58 ..\obj\BufferAllocation_2.o
 .debug_aranges
                0x00000d78       0x40 ..\obj\list.o
 .debug_aranges
                0x00000db8       0x78 ..\obj\port.o
 .debug_aranges
                0x00000e30      0x118 ..\obj\queue.o
 .debug_aranges
                0x00000f48       0xf0 ..\obj\ff_ioman.o
 .debug_aranges
                0x00001038       0xe8 ..\obj\ff_fat.o
 .debug_aranges
                0x00001120      0x120 ..\obj\ff_stdio.o
 .debug_aranges
                0x00001240       0x70 ..\obj\event_groups.o
 .debug_aranges
                0x000012b0       0x80 ..\obj\ff_locking.o
 .debug_aranges
                0x00001330       0x20 ..\obj\FreeRTOS_HTTP_commands.o
 .debug_aranges
                0x00001350       0x40 ..\obj\heap_2.o
 .debug_aranges
                0x00001390      0x208 ..\obj\FreeRTOS_Sockets.o
 .debug_aranges
                0x00001598       0x58 ..\obj\ff_sys.o

.debug_ranges   0x00000000     0x1480
 .debug_ranges  0x00000000       0x30 ..\obj\FreeRTOS_TCP_server.o
 .debug_ranges  0x00000030       0x48 ..\obj\ff_dev_support.o
 .debug_ranges  0x00000078       0x18 ..\obj\FreeRTOS_UDP_IP.o
 .debug_ranges  0x00000090       0x48 ..\obj\FreeRTOS_Stream_Buffer.o
 .debug_ranges  0x000000d8       0x38 ..\obj\configurationManager.o
 .debug_ranges  0x00000110       0x48 ..\obj\FreeRTOS_HTTP_server.o
 .debug_ranges  0x00000158      0x148 ..\obj\FreeRTOS_IP.o
 .debug_ranges  0x000002a0       0x18 ..\obj\system_LPC17xx.o
 .debug_ranges  0x000002b8      0x150 ..\obj\ff_file.o
 .debug_ranges  0x00000408       0x20 ..\obj\ff_crc.o
 .debug_ranges  0x00000428      0x108 ..\obj\FreeRTOS_TCP_WIN.o
 .debug_ranges  0x00000530       0x88 ..\obj\landtiger2_emac.o
 .debug_ranges  0x000005b8       0x50 ..\obj\FreeRTOS_ARP.o
 .debug_ranges  0x00000608       0x28 ..\obj\main.o
 .debug_ranges  0x00000630      0x170 ..\obj\FreeRTOS_TCP_IP.o
 .debug_ranges  0x000007a0       0xb0 ..\obj\timers.o
 .debug_ranges  0x00000850       0x40 ..\obj\ff_string.o
 .debug_ranges  0x00000890      0x150 ..\obj\ff_dir.o
 .debug_ranges  0x000009e0       0x18 ..\obj\staticAllocationImpl.o
 .debug_ranges  0x000009f8      0x1c0 ..\obj\tasks.o
 .debug_ranges  0x00000bb8       0x30 ..\obj\startup_LPC17xx.o
 .debug_ranges  0x00000be8       0x38 ..\obj\NetworkInterface.o
 .debug_ranges  0x00000c20       0x48 ..\obj\BufferAllocation_2.o
 .debug_ranges  0x00000c68       0x30 ..\obj\list.o
 .debug_ranges  0x00000c98       0x68 ..\obj\port.o
 .debug_ranges  0x00000d00      0x108 ..\obj\queue.o
 .debug_ranges  0x00000e08      0x110 ..\obj\ff_ioman.o
 .debug_ranges  0x00000f18       0xd8 ..\obj\ff_fat.o
 .debug_ranges  0x00000ff0      0x110 ..\obj\ff_stdio.o
 .debug_ranges  0x00001100       0x60 ..\obj\event_groups.o
 .debug_ranges  0x00001160       0x70 ..\obj\ff_locking.o
 .debug_ranges  0x000011d0       0x10 ..\obj\FreeRTOS_HTTP_commands.o
 .debug_ranges  0x000011e0       0x30 ..\obj\heap_2.o
 .debug_ranges  0x00001210      0x228 ..\obj\FreeRTOS_Sockets.o
 .debug_ranges  0x00001438       0x48 ..\obj\ff_sys.o

.debug_line     0x00000000     0xb584
 .debug_line    0x00000000      0x3dd ..\obj\FreeRTOS_TCP_server.o
 .debug_line    0x000003dd      0x375 ..\obj\ff_dev_support.o
 .debug_line    0x00000752      0x3f7 ..\obj\FreeRTOS_UDP_IP.o
 .debug_line    0x00000b49      0x3c3 ..\obj\FreeRTOS_Stream_Buffer.o
 .debug_line    0x00000f0c      0x216 ..\obj\configurationManager.o
 .debug_line    0x00001122      0x554 ..\obj\FreeRTOS_HTTP_server.o
 .debug_line    0x00001676      0x86f ..\obj\FreeRTOS_IP.o
 .debug_line    0x00001ee5      0x239 ..\obj\system_LPC17xx.o
 .debug_line    0x0000211e      0xa29 ..\obj\ff_file.o
 .debug_line    0x00002b47      0x17b ..\obj\ff_crc.o
 .debug_line    0x00002cc2      0x7d3 ..\obj\FreeRTOS_TCP_WIN.o
 .debug_line    0x00003495      0x3d2 ..\obj\landtiger2_emac.o
 .debug_line    0x00003867      0x4a7 ..\obj\FreeRTOS_ARP.o
 .debug_line    0x00003d0e      0x322 ..\obj\main.o
 .debug_line    0x00004030      0xbee ..\obj\FreeRTOS_TCP_IP.o
 .debug_line    0x00004c1e      0x4cc ..\obj\timers.o
 .debug_line    0x000050ea      0x308 ..\obj\ff_string.o
 .debug_line    0x000053f2      0xad8 ..\obj\ff_dir.o
 .debug_line    0x00005eca      0x231 ..\obj\staticAllocationImpl.o
 .debug_line    0x000060fb      0xb60 ..\obj\tasks.o
 .debug_line    0x00006c5b       0xfa ..\obj\startup_LPC17xx.o
 .debug_line    0x00006d55      0x420 ..\obj\NetworkInterface.o
 .debug_line    0x00007175      0x43e ..\obj\BufferAllocation_2.o
 .debug_line    0x000075b3      0x26b ..\obj\list.o
 .debug_line    0x0000781e      0x318 ..\obj\port.o
 .debug_line    0x00007b36      0x70f ..\obj\queue.o
 .debug_line    0x00008245      0x8a0 ..\obj\ff_ioman.o
 .debug_line    0x00008ae5      0x69d ..\obj\ff_fat.o
 .debug_line    0x00009182      0x7be ..\obj\ff_stdio.o
 .debug_line    0x00009940      0x380 ..\obj\event_groups.o
 .debug_line    0x00009cc0      0x373 ..\obj\ff_locking.o
 .debug_line    0x0000a033      0x177 ..\obj\FreeRTOS_HTTP_commands.o
 .debug_line    0x0000a1aa      0x2cb ..\obj\heap_2.o
 .debug_line    0x0000a475      0xd41 ..\obj\FreeRTOS_Sockets.o
 .debug_line    0x0000b1b6      0x3ce ..\obj\ff_sys.o

.debug_str      0x00000000     0x814b
 .debug_str     0x00000000      0x4a8 ..\obj\FreeRTOS_TCP_server.o
                                0x55e (size before relaxing)
 .debug_str     0x000004a8      0x5ea ..\obj\ff_dev_support.o
                                0x7fd (size before relaxing)
 .debug_str     0x00000a92      0xa9b ..\obj\FreeRTOS_UDP_IP.o
                                0xdce (size before relaxing)
 .debug_str     0x0000152d      0x173 ..\obj\FreeRTOS_Stream_Buffer.o
                                0x346 (size before relaxing)
 .debug_str     0x000016a0      0x15f ..\obj\configurationManager.o
                                0x2b3 (size before relaxing)
 .debug_str     0x000017ff      0x313 ..\obj\FreeRTOS_HTTP_server.o
                                0xac5 (size before relaxing)
 .debug_str     0x00001b12      0xc07 ..\obj\FreeRTOS_IP.o
                               0x19dd (size before relaxing)
 .debug_str     0x00002719      0x1d0 ..\obj\system_LPC17xx.o
                                0x37c (size before relaxing)
 .debug_str     0x000028e9      0x53a ..\obj\ff_file.o
                                0xbad (size before relaxing)
 .debug_str     0x00002e23       0xcd ..\obj\ff_crc.o
                                0x228 (size before relaxing)
 .debug_str     0x00002ef0      0x434 ..\obj\FreeRTOS_TCP_WIN.o
                                0x96c (size before relaxing)
 .debug_str     0x00003324      0x45e ..\obj\landtiger2_emac.o
                                0x735 (size before relaxing)
 .debug_str     0x00003782      0x1da ..\obj\FreeRTOS_ARP.o
                                0x885 (size before relaxing)
 .debug_str     0x0000395c      0x18a ..\obj\main.o
                                0x3b9 (size before relaxing)
 .debug_str     0x00003ae6      0x59d ..\obj\FreeRTOS_TCP_IP.o
                               0x15b1 (size before relaxing)
 .debug_str     0x00004083      0x617 ..\obj\timers.o
                                0x8f9 (size before relaxing)
 .debug_str     0x0000469a      0x14a ..\obj\ff_string.o
                                0x2fd (size before relaxing)
 .debug_str     0x000047e4      0x4c3 ..\obj\ff_dir.o
                                0xc47 (size before relaxing)
 .debug_str     0x00004ca7      0x141 ..\obj\staticAllocationImpl.o
                                0x371 (size before relaxing)
 .debug_str     0x00004de8      0xbb5 ..\obj\tasks.o
                                0xfe0 (size before relaxing)
 .debug_str     0x0000599d      0x10a ..\obj\startup_LPC17xx.o
                                0x1a1 (size before relaxing)
 .debug_str     0x00005aa7      0x111 ..\obj\NetworkInterface.o
                                0x44f (size before relaxing)
 .debug_str     0x00005bb8      0x21a ..\obj\BufferAllocation_2.o
                                0x54f (size before relaxing)
 .debug_str     0x00005dd2       0xb3 ..\obj\list.o
                                0x2b3 (size before relaxing)
 .debug_str     0x00005e85      0x227 ..\obj\port.o
                                0x42e (size before relaxing)
 .debug_str     0x000060ac      0x4f5 ..\obj\queue.o
                                0x912 (size before relaxing)
 .debug_str     0x000065a1      0x524 ..\obj\ff_ioman.o
                                0xb26 (size before relaxing)
 .debug_str     0x00006ac5      0x312 ..\obj\ff_fat.o
                                0x93a (size before relaxing)
 .debug_str     0x00006dd7      0x49b ..\obj\ff_stdio.o
                                0xc34 (size before relaxing)
 .debug_str     0x00007272      0x2ba ..\obj\event_groups.o
                                0x618 (size before relaxing)
 .debug_str     0x0000752c      0x143 ..\obj\ff_locking.o
                                0x66a (size before relaxing)
 .debug_str     0x0000766f       0x7b ..\obj\FreeRTOS_HTTP_commands.o
                                0x329 (size before relaxing)
 .debug_str     0x000076ea      0x178 ..\obj\heap_2.o
                                0x31b (size before relaxing)
 .debug_str     0x00007862      0x7fd ..\obj\FreeRTOS_Sockets.o
                               0x179b (size before relaxing)
 .debug_str     0x0000805f       0xec ..\obj\ff_sys.o
                                0x690 (size before relaxing)

.comment        0x00000000       0x6e
 .comment       0x00000000       0x6e ..\obj\FreeRTOS_TCP_server.o
                                 0x6f (size before relaxing)
 .comment       0x0000006e       0x6f ..\obj\ff_dev_support.o
 .comment       0x0000006e       0x6f ..\obj\FreeRTOS_UDP_IP.o
 .comment       0x0000006e       0x6f ..\obj\FreeRTOS_Stream_Buffer.o
 .comment       0x0000006e       0x6f ..\obj\configurationManager.o
 .comment       0x0000006e       0x6f ..\obj\FreeRTOS_HTTP_server.o
 .comment       0x0000006e       0x6f ..\obj\FreeRTOS_IP.o
 .comment       0x0000006e       0x6f ..\obj\system_LPC17xx.o
 .comment       0x0000006e       0x6f ..\obj\ff_file.o
 .comment       0x0000006e       0x6f ..\obj\ff_crc.o
 .comment       0x0000006e       0x6f ..\obj\FreeRTOS_TCP_WIN.o
 .comment       0x0000006e       0x6f ..\obj\landtiger2_emac.o
 .comment       0x0000006e       0x6f ..\obj\FreeRTOS_ARP.o
 .comment       0x0000006e       0x6f ..\obj\main.o
 .comment       0x0000006e       0x6f ..\obj\FreeRTOS_TCP_IP.o
 .comment       0x0000006e       0x6f ..\obj\timers.o
 .comment       0x0000006e       0x6f ..\obj\ff_string.o
 .comment       0x0000006e       0x6f ..\obj\ff_dir.o
 .comment       0x0000006e       0x6f ..\obj\staticAllocationImpl.o
 .comment       0x0000006e       0x6f ..\obj\tasks.o
 .comment       0x0000006e       0x6f ..\obj\startup_LPC17xx.o
 .comment       0x0000006e       0x6f ..\obj\NetworkInterface.o
 .comment       0x0000006e       0x6f ..\obj\BufferAllocation_2.o
 .comment       0x0000006e       0x6f ..\obj\list.o
 .comment       0x0000006e       0x6f ..\obj\port.o
 .comment       0x0000006e       0x6f ..\obj\queue.o
 .comment       0x0000006e       0x6f ..\obj\ff_ioman.o
 .comment       0x0000006e       0x6f ..\obj\ff_fat.o
 .comment       0x0000006e       0x6f ..\obj\ff_stdio.o
 .comment       0x0000006e       0x6f ..\obj\event_groups.o
 .comment       0x0000006e       0x6f ..\obj\ff_locking.o
 .comment       0x0000006e       0x6f ..\obj\FreeRTOS_HTTP_commands.o
 .comment       0x0000006e       0x6f ..\obj\heap_2.o
 .comment       0x0000006e       0x6f ..\obj\FreeRTOS_Sockets.o
 .comment       0x0000006e       0x6f ..\obj\ff_sys.o

.ARM.attributes
                0x00000000       0x31
 .ARM.attributes
                0x00000000       0x33 ..\obj\FreeRTOS_TCP_server.o
 .ARM.attributes
                0x00000033       0x33 ..\obj\ff_dev_support.o
 .ARM.attributes
                0x00000066       0x33 ..\obj\FreeRTOS_UDP_IP.o
 .ARM.attributes
                0x00000099       0x33 ..\obj\FreeRTOS_Stream_Buffer.o
 .ARM.attributes
                0x000000cc       0x33 ..\obj\configurationManager.o
 .ARM.attributes
                0x000000ff       0x33 ..\obj\FreeRTOS_HTTP_server.o
 .ARM.attributes