Archive member included to satisfy reference by file (symbol)

C:\Program Files (x86)\GNU Tools ARM Embedded\5.4 2016q2\arm-none-eabi\lib\armv7-m\libc.a(lib_a-memcmp.o)
                              ..\obj\ff_dev_support.o (memcmp)
C:\Program Files (x86)\GNU Tools ARM Embedded\5.4 2016q2\arm-none-eabi\lib\armv7-m\libc.a(lib_a-memcpy.o)
                              ..\obj\FreeRTOS_TCP_server.o (memcpy)
C:\Program Files (x86)\GNU Tools ARM Embedded\5.4 2016q2\arm-none-eabi\lib\armv7-m\libc.a(lib_a-memmove.o)
                              ..\obj\FreeRTOS_IP.o (memmove)
C:\Program Files (x86)\GNU Tools ARM Embedded\5.4 2016q2\arm-none-eabi\lib\armv7-m\libc.a(lib_a-memset.o)
                              ..\obj\FreeRTOS_TCP_server.o (memset)
C:\Program Files (x86)\GNU Tools ARM Embedded\5.4 2016q2\arm-none-eabi\lib\armv7-m\libc.a(lib_a-rand.o)
                              ..\obj\ff_format.o (rand)
C:\Program Files (x86)\GNU Tools ARM Embedded\5.4 2016q2\arm-none-eabi\lib\armv7-m\libc.a(lib_a-snprintf.o)
                              ..\obj\ff_dev_support.o (snprintf)
C:\Program Files (x86)\GNU Tools ARM Embedded\5.4 2016q2\arm-none-eabi\lib\armv7-m\libc.a(lib_a-sprintf.o)
                              ..\obj\ff_dir.o (sprintf)
C:\Program Files (x86)\GNU Tools ARM Embedded\5.4 2016q2\arm-none-eabi\lib\armv7-m\libc.a(lib_a-strchr.o)
                              ..\obj\FreeRTOS_HTTP_server.o (strchr)
C:\Program Files (x86)\GNU Tools ARM Embedded\5.4 2016q2\arm-none-eabi\lib\armv7-m\libc.a(lib_a-strcmp.o)
                              ..\obj\ff_dev_support.o (strcmp)
C:\Program Files (x86)\GNU Tools ARM Embedded\5.4 2016q2\arm-none-eabi\lib\armv7-m\libc.a(lib_a-strcpy.o)
                              ..\obj\FreeRTOS_HTTP_server.o (strcpy)
C:\Program Files (x86)\GNU Tools ARM Embedded\5.4 2016q2\arm-none-eabi\lib\armv7-m\libc.a(lib_a-strlen-stub.o)
                              ..\obj\FreeRTOS_TCP_server.o (strlen)
C:\Program Files (x86)\GNU Tools ARM Embedded\5.4 2016q2\arm-none-eabi\lib\armv7-m\libc.a(lib_a-strncpy.o)
                              ..\obj\ff_file.o (strncpy)
C:\Program Files (x86)\GNU Tools ARM Embedded\5.4 2016q2\arm-none-eabi\lib\armv7-m\libc.a(lib_a-svfprintf.o)
                              C:\Program Files (x86)\GNU Tools ARM Embedded\5.4 2016q2\arm-none-eabi\lib\armv7-m\libc.a(lib_a-snprintf.o) (_svfprintf_r)
C:\Program Files (x86)\GNU Tools ARM Embedded\5.4 2016q2\arm-none-eabi\lib\armv7-m\libc.a(lib_a-dtoa.o)
                              C:\Program Files (x86)\GNU Tools ARM Embedded\5.4 2016q2\arm-none-eabi\lib\armv7-m\libc.a(lib_a-svfprintf.o) (_dtoa_r)
C:\Program Files (x86)\GNU Tools ARM Embedded\5.4 2016q2\arm-none-eabi\lib\armv7-m\libc.a(lib_a-impure.o)
                              C:\Program Files (x86)\GNU Tools ARM Embedded\5.4 2016q2\arm-none-eabi\lib\armv7-m\libc.a(lib_a-rand.o) (_impure_ptr)
C:\Program Files (x86)\GNU Tools ARM Embedded\5.4 2016q2\arm-none-eabi\lib\armv7-m\libc.a(lib_a-locale.o)
                              C:\Program Files (x86)\GNU Tools ARM Embedded\5.4 2016q2\arm-none-eabi\lib\armv7-m\libc.a(lib_a-svfprintf.o) (_localeconv_r)
C:\Program Files (x86)\GNU Tools ARM Embedded\5.4 2016q2\arm-none-eabi\lib\armv7-m\libc.a(lib_a-mallocr.o)
                              C:\Program Files (x86)\GNU Tools ARM Embedded\5.4 2016q2\arm-none-eabi\lib\armv7-m\libc.a(lib_a-svfprintf.o) (_malloc_r)
C:\Program Files (x86)\GNU Tools ARM Embedded\5.4 2016q2\arm-none-eabi\lib\armv7-m\libc.a(lib_a-memchr-stub.o)
                              C:\Program Files (x86)\GNU Tools ARM Embedded\5.4 2016q2\arm-none-eabi\lib\armv7-m\libc.a(lib_a-svfprintf.o) (memchr)
C:\Program Files (x86)\GNU Tools ARM Embedded\5.4 2016q2\arm-none-eabi\lib\armv7-m\libc.a(lib_a-mlock.o)
                              C:\Program Files (x86)\GNU Tools ARM Embedded\5.4 2016q2\arm-none-eabi\lib\armv7-m\libc.a(lib_a-mallocr.o) (__malloc_lock)
C:\Program Files (x86)\GNU Tools ARM Embedded\5.4 2016q2\arm-none-eabi\lib\armv7-m\libc.a(lib_a-mprec.o)
                              C:\Program Files (x86)\GNU Tools ARM Embedded\5.4 2016q2\arm-none-eabi\lib\armv7-m\libc.a(lib_a-dtoa.o) (_Balloc)
C:\Program Files (x86)\GNU Tools ARM Embedded\5.4 2016q2\arm-none-eabi\lib\armv7-m\libc.a(lib_a-sbrkr.o)
                              C:\Program Files (x86)\GNU Tools ARM Embedded\5.4 2016q2\arm-none-eabi\lib\armv7-m\libc.a(lib_a-mallocr.o) (_sbrk_r)
C:\Program Files (x86)\GNU Tools ARM Embedded\5.4 2016q2\arm-none-eabi\lib\armv7-m\libc.a(lib_a-svfiprintf.o)
                              C:\Program Files (x86)\GNU Tools ARM Embedded\5.4 2016q2\arm-none-eabi\lib\armv7-m\libc.a(lib_a-svfprintf.o) (__ssprint_r)
C:\Program Files (x86)\GNU Tools ARM Embedded\5.4 2016q2\arm-none-eabi\lib\armv7-m\libc.a(lib_a-callocr.o)
                              C:\Program Files (x86)\GNU Tools ARM Embedded\5.4 2016q2\arm-none-eabi\lib\armv7-m\libc.a(lib_a-mprec.o) (_calloc_r)
[...]
Memory Configuration

Name             Origin             Length             Attributes
rom              0x00000000         0x00080000         xr
ram              0x10000000         0x00008000         xrw
ram1             0x2007c000         0x00008000         xrw
*default*        0x00000000         0xffffffff

Linker script and memory map

                0x10008000                _eram = 0x10008000

.text           0x00000000    0x14f24
 *(.isr_vector)
 .isr_vector    0x00000000       0xcc ..\obj\startup_LPC17xx.o
                0x00000000                g_pfnVectors
 *(.text*)
 .text.FreeRTOS_CreateTCPServer
                0x000000cc      0x198 ..\obj\FreeRTOS_TCP_server.o
                0x000000cc                FreeRTOS_CreateTCPServer
 .text.prvReceiveNewClient
                0x00000264      0x108 ..\obj\FreeRTOS_TCP_server.o
 .text.FreeRTOS_TCPServerWork
                0x0000036c       0xec ..\obj\FreeRTOS_TCP_server.o
                0x0000036c                FreeRTOS_TCPServerWork
 .text.strnew   0x00000458       0x3c ..\obj\FreeRTOS_TCP_server.o
 .text.prvRemoveSlash
                0x00000494       0x40 ..\obj\FreeRTOS_TCP_server.o
 .text.pxFindFile
                0x000004d4       0xe0 ..\obj\ff_dev_support.o
                0x000004d4                pxFindFile
 .text.xCheckDevicePath
                0x000005b4       0x60 ..\obj\ff_dev_support.o
                0x000005b4                xCheckDevicePath
 .text.FF_Device_Open
                0x00000614       0x78 ..\obj\ff_dev_support.o
                0x00000614                FF_Device_Open
 .text.FF_Device_Close
                0x0000068c       0x28 ..\obj\ff_dev_support.o
                0x0000068c                FF_Device_Close
 .text.FF_Device_Read
                0x000006b4       0x24 ..\obj\ff_dev_support.o
                0x000006b4                FF_Device_Read
 .text.vProcessGeneratedUDPPacket
                0x000006d8      0x12c ..\obj\FreeRTOS_UDP_IP.o
                0x000006d8                vProcessGeneratedUDPPacket
 .text.xProcessReceivedUDPPacket
                0x00000804       0xa8 ..\obj\FreeRTOS_UDP_IP.o
                0x00000804                xProcessReceivedUDPPacket
 .text.FreeRTOS_min_uint32
                0x000008ac       0x20 ..\obj\FreeRTOS_Stream_Buffer.o
 .text.uxStreamBufferSpace
                0x000008cc       0x3c ..\obj\FreeRTOS_Stream_Buffer.o
 .text.uxStreamBufferDistance
                0x00000908       0x3c ..\obj\FreeRTOS_Stream_Buffer.o
 .text.uxStreamBufferGetSpace
                0x00000944       0x28 ..\obj\FreeRTOS_Stream_Buffer.o
 .text.uxStreamBufferGetSize
                0x0000096c       0x28 ..\obj\FreeRTOS_Stream_Buffer.o
 .text.xStreamBufferLessThenEqual
                0x00000994       0x68 ..\obj\FreeRTOS_Stream_Buffer.o
 .text.uxStreamBufferAdd
                0x000009fc       0xfc ..\obj\FreeRTOS_Stream_Buffer.o
                0x000009fc                uxStreamBufferAdd
 .text.uxStreamBufferGet
                0x00000af8       0xe8 ..\obj\FreeRTOS_Stream_Buffer.o
                0x00000af8                uxStreamBufferGet
 .text.InitializeClocks
                0x00000be0        0xc ..\obj\configurationManager.o
                0x00000be0                InitializeClocks
 .text.InitializeLPC1768Clock
                0x00000bec        0xc ..\obj\configurationManager.o
                0x00000bec                InitializeLPC1768Clock
 .text.SysTick_Handler
                0x00000bf8       0x24 ..\obj\kit1768.o
                0x00000bf8                SysTick_Handler
 .text.KIT1768_Init
                0x00000c1c       0xa8 ..\obj\kit1768.o
                0x00000c1c                KIT1768_Init
 .text.CLKPWR_ConfigPPWR
                0x00000cc4       0x58 ..\obj\lpc17xx_clkpwr.o
                0x00000cc4                CLKPWR_ConfigPPWR
 .text.vHTTPClientDelete
                0x00000d1c       0x44 ..\obj\FreeRTOS_HTTP_server.o
                0x00000d1c                vHTTPClientDelete
 .text.prvFileClose
                0x00000d60       0x30 ..\obj\FreeRTOS_HTTP_server.o
 .text.prvSendReply
                0x00000d90       0xa0 ..\obj\FreeRTOS_HTTP_server.o
 .text.prvSendFile
                0x00000e30      0x13c ..\obj\FreeRTOS_HTTP_server.o
 .text.prvOpenURL
                0x00000f6c       0x9c ..\obj\FreeRTOS_HTTP_server.o
 .text.prvProcessCmd
                0x00001008       0x34 ..\obj\FreeRTOS_HTTP_server.o
 .text.xHTTPClientWork
                0x0000103c      0x154 ..\obj\FreeRTOS_HTTP_server.o
                0x0000103c                xHTTPClientWork
 .text.pcGetContentsType
                0x00001190       0x98 ..\obj\FreeRTOS_HTTP_server.o
 .text.prvIPTask
                0x00001228      0x158 ..\obj\FreeRTOS_IP.o
 .text.xIsCallingFromIPTask
                0x00001380       0x2c ..\obj\FreeRTOS_IP.o
                0x00001380                xIsCallingFromIPTask
 .text.prvHandleEthernetPacket
                0x000013ac       0x2c ..\obj\FreeRTOS_IP.o
 .text.prvCalculateSleepTime
                0x000013d8       0x50 ..\obj\FreeRTOS_IP.o
 .text.prvCheckNetworkTimers
                0x00001428       0xb0 ..\obj\FreeRTOS_IP.o
 .text.prvIPTimerStart
                0x000014d8       0x48 ..\obj\FreeRTOS_IP.o
 .text.prvIPTimerReload
                0x00001520       0x20 ..\obj\FreeRTOS_IP.o
 .text.prvIPTimerCheck
                0x00001540       0x60 ..\obj\FreeRTOS_IP.o
 .text.FreeRTOS_NetworkDown
                0x000015a0       0x38 ..\obj\FreeRTOS_IP.o
                0x000015a0                FreeRTOS_NetworkDown
 .text.FreeRTOS_IPInit
                0x000015d8      0x16c ..\obj\FreeRTOS_IP.o
                0x000015d8                FreeRTOS_IPInit
 .text.xSendEventToIPTask
                0x00001744       0x2c ..\obj\FreeRTOS_IP.o
                0x00001744                xSendEventToIPTask
 .text.xSendEventStructToIPTask
                0x00001770       0x94 ..\obj\FreeRTOS_IP.o
                0x00001770                xSendEventStructToIPTask
 .text.prvProcessNetworkDownEvent
                0x00001804       0x34 ..\obj\FreeRTOS_IP.o
 .text.vIPNetworkUpCalls
                0x00001838       0x20 ..\obj\FreeRTOS_IP.o
                0x00001838                vIPNetworkUpCalls
 .text.prvProcessEthernetPacket
                0x00001858       0x7c ..\obj\FreeRTOS_IP.o
 .text.prvAllowIPPacket
                0x000018d4       0x88 ..\obj\FreeRTOS_IP.o
 .text.prvProcessIPPacket
                0x0000195c      0x158 ..\obj\FreeRTOS_IP.o
 .text.prvProcessICMPEchoRequest
                0x00001ab4       0xac ..\obj\FreeRTOS_IP.o
 .text.prvProcessICMPPacket
                0x00001b60       0x34 ..\obj\FreeRTOS_IP.o
 .text.vReturnEthernetFrame
                0x00001b94       0x40 ..\obj\FreeRTOS_IP.o
                0x00001b94                vReturnEthernetFrame
 .text.FreeRTOS_GetIPAddress
                0x00001bd4       0x14 ..\obj\FreeRTOS_IP.o
                0x00001bd4                FreeRTOS_GetIPAddress
 .text.xIPIsNetworkTaskReady
                0x00001be8       0x14 ..\obj\FreeRTOS_IP.o
                0x00001be8                xIPIsNetworkTaskReady
 .text.SystemInit
                0x00001bfc      0x150 ..\obj\system_LPC17xx.o
                0x00001bfc                SystemInit
 .text.rx_descr_init
                0x00001d4c       0x94 ..\obj\lpc17xx_emac.o
 .text.tx_descr_init
                0x00001de0       0x84 ..\obj\lpc17xx_emac.o
 .text.write_PHY
                0x00001e64       0x58 ..\obj\lpc17xx_emac.o
 .text.read_PHY
                0x00001ebc       0x60 ..\obj\lpc17xx_emac.o
 .text.setEmacAddr
                0x00001f1c       0x54 ..\obj\lpc17xx_emac.o
 .text.EMAC_Init
                0x00001f70      0x1b0 ..\obj\lpc17xx_emac.o
                0x00001f70                EMAC_Init
 .text.EMAC_SetPHYMode
                0x00002120       0xe8 ..\obj\lpc17xx_emac.o
                0x00002120                EMAC_SetPHYMode
 .text.EMAC_UpdatePHYStatus
                0x00002208       0xa4 ..\obj\lpc17xx_emac.o
                0x00002208                EMAC_UpdatePHYStatus
 .text.EMAC_WritePacketBuffer
                0x000022ac       0x6c ..\obj\lpc17xx_emac.o
                0x000022ac                EMAC_WritePacketBuffer
 .text.FF_PRINTF
                0x00002318       0x10 ..\obj\ff_file.o
 .text.FF_getRealLBA
                0x00002328       0x24 ..\obj\ff_file.o
 .text.FF_InitFATBuffers
                0x0000234c       0x28 ..\obj\ff_file.o
 .text.FF_GetModeBits
                0x00002374      0x1cc ..\obj\ff_file.o
                0x00002374                FF_GetModeBits
 .text.prvAllocFileHandle
                0x00002540       0x78 ..\obj\ff_file.o
 .text.FF_Open  0x000025b8      0x454 ..\obj\ff_file.o
                0x000025b8                FF_Open
 .text.FF_GetSequentialClusters
                0x00002a0c       0xa4 ..\obj\ff_file.o
 .text.FF_ReadClusters
                0x00002ab0      0x108 ..\obj\ff_file.o
 .text.FF_FileLBA
                0x00002bb8       0x64 ..\obj\ff_file.o
 .text.FF_SetCluster
                0x00002c1c       0xb0 ..\obj\ff_file.o
 .text.FF_ReadPartial
                0x00002ccc       0xe4 ..\obj\ff_file.o
 .text.FF_Read  0x00002db0      0x39c ..\obj\ff_file.o
                0x00002db0                FF_Read
 .text.FF_CheckValid
                0x0000314c       0x84 ..\obj\ff_file.o
                0x0000314c                FF_CheckValid
 .text.FF_Close
                0x000031d0      0x25c ..\obj\ff_file.o
                0x000031d0                FF_Close
 .text.FF_Truncate
                0x0000342c      0x18c ..\obj\ff_file.o
 .text.FF_GetCRC16
                0x000035b8       0x68 ..\obj\ff_crc.o
                0x000035b8                FF_GetCRC16
 .text.FreeRTOS_min_int32
                0x00003620       0x20 ..\obj\FreeRTOS_TCP_WIN.o
 .text.FreeRTOS_min_uint32
                0x00003640       0x20 ..\obj\FreeRTOS_TCP_WIN.o
 .text.xSequenceLessThanOrEqual
                0x00003660       0x20 ..\obj\FreeRTOS_TCP_WIN.o
 .text.xSequenceLessThan
                0x00003680       0x24 ..\obj\FreeRTOS_TCP_WIN.o
 .text.xSequenceGreaterThan
                0x000036a4       0x24 ..\obj\FreeRTOS_TCP_WIN.o
 .text.xSequenceGreaterThanOrEqual
                0x000036c8       0x20 ..\obj\FreeRTOS_TCP_WIN.o
 .text.vListInsertFifo
                0x000036e8       0x20 ..\obj\FreeRTOS_TCP_WIN.o
 .text.vTCPTimerSet
                0x00003708       0x1c ..\obj\FreeRTOS_TCP_WIN.o
 .text.ulTimerGetAge
                0x00003724       0x20 ..\obj\FreeRTOS_TCP_WIN.o
 .text.vListInsertGeneric
                0x00003744       0x44 ..\obj\FreeRTOS_TCP_WIN.o
                0x00003744                vListInsertGeneric
 .text.prvCreateSectors
                0x00003788       0xa0 ..\obj\FreeRTOS_TCP_WIN.o
 .text.xTCPWindowRxFind
                0x00003828       0x4c ..\obj\FreeRTOS_TCP_WIN.o
 .text.xTCPWindowNew
                0x00003874       0x98 ..\obj\FreeRTOS_TCP_WIN.o
 .text.xTCPWindowRxEmpty
                0x0000390c       0x44 ..\obj\FreeRTOS_TCP_WIN.o
                0x0000390c                xTCPWindowRxEmpty
 .text.xTCPWindowGetHead
                0x00003950       0x3c ..\obj\FreeRTOS_TCP_WIN.o
 .text.xTCPWindowPeekHead
                0x0000398c       0x38 ..\obj\FreeRTOS_TCP_WIN.o
 .text.vTCPWindowFree
                0x000039c4       0x58 ..\obj\FreeRTOS_TCP_WIN.o
 .text.vTCPWindowDestroy
                0x00003a1c       0x64 ..\obj\FreeRTOS_TCP_WIN.o
                0x00003a1c                vTCPWindowDestroy
 .text.vTCPWindowCreate
                0x00003a80       0x70 ..\obj\FreeRTOS_TCP_WIN.o
                0x00003a80                vTCPWindowCreate
 .text.vTCPWindowInit
                0x00003af0       0xb4 ..\obj\FreeRTOS_TCP_WIN.o
                0x00003af0                vTCPWindowInit
 .text.xTCPWindowRxConfirm
                0x00003ba4       0x98 ..\obj\FreeRTOS_TCP_WIN.o
 .text.lTCPWindowRxCheck
                0x00003c3c      0x1bc ..\obj\FreeRTOS_TCP_WIN.o
                0x00003c3c                lTCPWindowRxCheck
 .text.lTCPIncrementTxPosition
                0x00003df8       0x30 ..\obj\FreeRTOS_TCP_WIN.o
 .text.lTCPWindowTxAdd
                0x00003e28      0x168 ..\obj\FreeRTOS_TCP_WIN.o
                0x00003e28                lTCPWindowTxAdd
 .text.xTCPWindowTxDone
                0x00003f90       0x24 ..\obj\FreeRTOS_TCP_WIN.o
                0x00003f90                xTCPWindowTxDone
 .text.prvTCPWindowTxHasSpace
                0x00003fb4       0x8c ..\obj\FreeRTOS_TCP_WIN.o
 .text.xTCPWindowTxHasData
                0x00004040       0xc0 ..\obj\FreeRTOS_TCP_WIN.o
                0x00004040                xTCPWindowTxHasData
 .text.ulTCPWindowTxGet
                0x00004100      0x18c ..\obj\FreeRTOS_TCP_WIN.o
                0x00004100                ulTCPWindowTxGet
 .text.prvTCPWindowTxCheckAck
                0x0000428c      0x188 ..\obj\FreeRTOS_TCP_WIN.o
 .text.prvTCPWindowFastRetransmit
                0x00004414       0xac ..\obj\FreeRTOS_TCP_WIN.o
 .text.ulTCPWindowTxAck
                0x000044c0       0x3c ..\obj\FreeRTOS_TCP_WIN.o
                0x000044c0                ulTCPWindowTxAck
 .text.ulTCPWindowTxSack
                0x000044fc       0x48 ..\obj\FreeRTOS_TCP_WIN.o
                0x000044fc                ulTCPWindowTxSack
 .text.eARPProcessPacket
                0x00004544      0x100 ..\obj\FreeRTOS_ARP.o
                0x00004544                eARPProcessPacket
 .text.vARPRefreshCacheEntry
                0x00004644      0x1f0 ..\obj\FreeRTOS_ARP.o
                0x00004644                vARPRefreshCacheEntry
 .text.eARPGetCacheEntry
                0x00004834       0xa8 ..\obj\FreeRTOS_ARP.o
                0x00004834                eARPGetCacheEntry
 .text.prvCacheLookup
                0x000048dc       0x80 ..\obj\FreeRTOS_ARP.o
 .text.vARPAgeCache
                0x0000495c      0x11c ..\obj\FreeRTOS_ARP.o
                0x0000495c                vARPAgeCache
 .text.FreeRTOS_OutputARPRequest
                0x00004a78       0x34 ..\obj\FreeRTOS_ARP.o
                0x00004a78                FreeRTOS_OutputARPRequest
 .text.vARPGenerateRequestPacket
                0x00004aac       0x84 ..\obj\FreeRTOS_ARP.o
                0x00004aac                vARPGenerateRequestPacket
 .text.main     0x00004b30       0x5c ..\obj\main.o
                0x00004b30                main
 .text.prvWebServerTask
                0x00004b8c       0x3c ..\obj\main.o
                0x00004b8c                prvWebServerTask
 .text.FreeRTOS_max_int32
                0x00004bc8       0x20 ..\obj\FreeRTOS_TCP_IP.o
 .text.FreeRTOS_min_int32
                0x00004be8       0x20 ..\obj\FreeRTOS_TCP_IP.o
 .text.FreeRTOS_min_uint32
                0x00004c08       0x20 ..\obj\FreeRTOS_TCP_IP.o
 .text.uxStreamBufferSpace
                0x00004c28       0x3c ..\obj\FreeRTOS_TCP_IP.o
 .text.uxStreamBufferDistance
                0x00004c64       0x3c ..\obj\FreeRTOS_TCP_IP.o
 .text.uxStreamBufferGetSpace
                0x00004ca0       0x28 ..\obj\FreeRTOS_TCP_IP.o
 .text.uxStreamBufferFrontSpace
                0x00004cc8       0x28 ..\obj\FreeRTOS_TCP_IP.o
 .text.uxStreamBufferMidSpace
                0x00004cf0       0x28 ..\obj\FreeRTOS_TCP_IP.o
 .text.vStreamBufferMoveMid
                0x00004d18       0x4c ..\obj\FreeRTOS_TCP_IP.o
 .text.ulChar2u32
                0x00004d64       0x34 ..\obj\FreeRTOS_TCP_IP.o
 .text.usChar2u16
                0x00004d98       0x28 ..\obj\FreeRTOS_TCP_IP.o
 .text.prvTCPSocketIsActive
                0x00004dc0       0x54 ..\obj\FreeRTOS_TCP_IP.o
 .text.prvTCPStatusAgeCheck
                0x00004e14       0xac ..\obj\FreeRTOS_TCP_IP.o
 .text.xTCPSocketCheck
                0x00004ec0       0xc4 ..\obj\FreeRTOS_TCP_IP.o
                0x00004ec0                xTCPSocketCheck
 .text.prvTCPSendPacket
                0x00004f84       0xb8 ..\obj\FreeRTOS_TCP_IP.o
 .text.prvTCPSendRepeated
                0x0000503c       0x5c ..\obj\FreeRTOS_TCP_IP.o
 .text.prvTCPReturnPacket
                0x00005098      0x364 ..\obj\FreeRTOS_TCP_IP.o
 .text.prvTCPCreateWindow
                0x000053fc       0x50 ..\obj\FreeRTOS_TCP_IP.o
 .text.prvTCPPrepareConnect
                0x0000544c      0x1b0 ..\obj\FreeRTOS_TCP_IP.o
 .text.prvCheckOptions
                0x000055fc      0x1e0 ..\obj\FreeRTOS_TCP_IP.o
 .text.prvWinScaleFactor
                0x000057dc       0x40 ..\obj\FreeRTOS_TCP_IP.o
 .text.prvSetSynAckOptions
                0x0000581c       0xa8 ..\obj\FreeRTOS_TCP_IP.o
 .text.prvTCPTouchSocket
                0x000058c4       0x48 ..\obj\FreeRTOS_TCP_IP.o
 .text.vTCPStateChange
                0x0000590c      0x19c ..\obj\FreeRTOS_TCP_IP.o
                0x0000590c                vTCPStateChange
 .text.prvTCPBufferResize
                0x00005aa8       0xc0 ..\obj\FreeRTOS_TCP_IP.o
 .text.prvTCPPrepareSend
                0x00005b68      0x2d0 ..\obj\FreeRTOS_TCP_IP.o
 .text.prvTCPNextTimeout
                0x00005e38       0xf4 ..\obj\FreeRTOS_TCP_IP.o
 .text.prvTCPAddTxData
                0x00005f2c       0x54 ..\obj\FreeRTOS_TCP_IP.o
 .text.prvTCPHandleFin
                0x00005f80      0x14c ..\obj\FreeRTOS_TCP_IP.o
 .text.prvCheckRxData
                0x000060cc       0xd0 ..\obj\FreeRTOS_TCP_IP.o
 .text.prvStoreRxData
                0x0000619c       0xe8 ..\obj\FreeRTOS_TCP_IP.o
 .text.prvSetOptions
                0x00006284       0xbc ..\obj\FreeRTOS_TCP_IP.o
 .text.prvHandleSynReceived
                0x00006340      0x184 ..\obj\FreeRTOS_TCP_IP.o
 .text.prvHandleEstablished
                0x000064c4      0x22c ..\obj\FreeRTOS_TCP_IP.o
 .text.prvSendData
                0x000066f0      0x17c ..\obj\FreeRTOS_TCP_IP.o
 .text.prvTCPHandleState
                0x0000686c      0x220 ..\obj\FreeRTOS_TCP_IP.o
 .text.prvTCPSendReset
                0x00006a8c       0x38 ..\obj\FreeRTOS_TCP_IP.o
 .text.prvSocketSetMSS
                0x00006ac4       0x78 ..\obj\FreeRTOS_TCP_IP.o
 .text.xProcessReceivedTCPPacket
                0x00006b3c      0x234 ..\obj\FreeRTOS_TCP_IP.o
                0x00006b3c                xProcessReceivedTCPPacket
 .text.prvHandleListen
                0x00006d70      0x160 ..\obj\FreeRTOS_TCP_IP.o
 .text.prvTCPSocketCopy
                0x00006ed0       0xec ..\obj\FreeRTOS_TCP_IP.o
 .text.xTCPCheckNewClient
                0x00006fbc       0x88 ..\obj\FreeRTOS_TCP_IP.o
                0x00006fbc                xTCPCheckNewClient
 .text.xTimerCreateTimerTask
                0x00007044       0x74 ..\obj\timers.o
                0x00007044                xTimerCreateTimerTask
 .text.xTimerGenericCommand
                0x000070b8       0x80 ..\obj\timers.o
                0x000070b8                xTimerGenericCommand
 .text.prvProcessExpiredTimer
                0x00007138       0x64 ..\obj\timers.o
 .text.prvTimerTask
                0x0000719c       0x24 ..\obj\timers.o
 .text.prvProcessTimerOrBlockTask
                0x000071c0       0x9c ..\obj\timers.o
 .text.prvGetNextExpireTime
                0x0000725c       0x48 ..\obj\timers.o
 .text.prvSampleTimeNow
                0x000072a4       0x40 ..\obj\timers.o
 .text.prvInsertTimerInActiveList
                0x000072e4       0x84 ..\obj\timers.o
 .text.prvProcessReceivedCommands
                0x00007368       0xf8 ..\obj\timers.o
 .text.prvSwitchTimerLists
                0x00007460       0xa8 ..\obj\timers.o
 .text.prvCheckForValidListAndQueue
                0x00007508       0x80 ..\obj\timers.o
 .text.FF_tolower
                0x00007588       0x64 ..\obj\ff_string.o
                0x00007588                FF_tolower
 .text.FF_strmatch
                0x000075ec       0x7c ..\obj\ff_string.o
                0x000075ec                FF_strmatch
 .text.FF_strtok
                0x00007668      0x108 ..\obj\ff_string.o
                0x00007668                FF_strtok
 .text.FF_getRealLBA
                0x00007770       0x24 ..\obj\ff_dir.o
 .text.FF_InitFATBuffers
                0x00007794       0x28 ..\obj\ff_dir.o
 .text.FF_getChar
                0x000077bc       0x1c ..\obj\ff_dir.o
 .text.FF_getShort
                0x000077d8       0x2c ..\obj\ff_dir.o
 .text.FF_getLong
                0x00007804       0x38 ..\obj\ff_dir.o
 .text.FF_putChar
                0x0000783c       0x24 ..\obj\ff_dir.o
 .text.FF_putShort
                0x00007860       0x34 ..\obj\ff_dir.o
 .text.FF_putLong
                0x00007894       0x40 ..\obj\ff_dir.o
 .text.FF_isEndOfDir
                0x000078d4       0x20 ..\obj\ff_dir.o
 .text.FF_isDeleted
                0x000078f4       0x20 ..\obj\ff_dir.o
 .text.prvToLower
                0x00007914       0x30 ..\obj\ff_dir.o
 .text.strcasecmp
                0x00007944       0x54 ..\obj\ff_dir.o
                0x00007944                strcasecmp
 .text.FF_ShortNameExists
                0x00007998      0x12c ..\obj\ff_dir.o
 .text.FF_FindEntryInDir
                0x00007ac4      0x244 ..\obj\ff_dir.o
                0x00007ac4                FF_FindEntryInDir
 .text.FF_FindDir
                0x00007d08      0x164 ..\obj\ff_dir.o
                0x00007d08                FF_FindDir
 .text.FF_ProcessShortName
                0x00007e6c       0x7c ..\obj\ff_dir.o
 .text.FF_PopulateShortDirent
                0x00007ee8       0x84 ..\obj\ff_dir.o
                0x00007ee8                FF_PopulateShortDirent
 .text.FF_InitEntryFetch
                0x00007f6c       0x7c ..\obj\ff_dir.o
                0x00007f6c                FF_InitEntryFetch
 .text.FF_CleanupEntryFetch
                0x00007fe8       0x34 ..\obj\ff_dir.o
                0x00007fe8                FF_CleanupEntryFetch
 .text.FF_Traverse
                0x0000801c       0xd0 ..\obj\ff_dir.o
 .text.FF_FetchEntryWithContext
                0x000080ec      0x134 ..\obj\ff_dir.o
                0x000080ec                FF_FetchEntryWithContext
 .text.FF_PushEntryWithContext
                0x00008220      0x12c ..\obj\ff_dir.o
                0x00008220                FF_PushEntryWithContext
 .text.FF_GetEntry
                0x0000834c       0xf8 ..\obj\ff_dir.o
                0x0000834c                FF_GetEntry
 .text.FF_FindFreeDirent
                0x00008444      0x188 ..\obj\ff_dir.o
 .text.FF_PutEntry
                0x000085cc       0xe4 ..\obj\ff_dir.o
                0x000085cc                FF_PutEntry
 .text.FF_ValidShortChar
                0x000086b0       0x50 ..\obj\ff_dir.o
 .text.FF_CreateShortName
                0x00008700      0x1e8 ..\obj\ff_dir.o
                0x00008700                FF_CreateShortName
 .text.FF_FindShortName
                0x000088e8      0x224 ..\obj\ff_dir.o
                0x000088e8                FF_FindShortName
 .text.FF_ExtendDirectory
                0x00008b0c      0x100 ..\obj\ff_dir.o
                0x00008b0c                FF_ExtendDirectory
 .text.FF_MakeNameCompliant
                0x00008c0c       0x60 ..\obj\ff_dir.o
 .text.FF_CreateDirent
                0x00008c6c      0x1ac ..\obj\ff_dir.o
                0x00008c6c                FF_CreateDirent
 .text.FF_CreateFile
                0x00008e18       0xd0 ..\obj\ff_dir.o
                0x00008e18                FF_CreateFile
 .text.GPIO_GetPointer
                0x00008ee8       0x70 ..\obj\lpc17xx_gpio.o
 .text.GPIO_SetDir
                0x00008f58       0x4c ..\obj\lpc17xx_gpio.o
                0x00008f58                GPIO_SetDir
 .text.GPIO_SetValue
                0x00008fa4       0x2c ..\obj\lpc17xx_gpio.o
                0x00008fa4                GPIO_SetValue
 .text.GPIO_ClearValue
                0x00008fd0       0x2c ..\obj\lpc17xx_gpio.o
                0x00008fd0                GPIO_ClearValue
 .text.vApplicationGetIdleTaskMemory
                0x00008ffc       0x34 ..\obj\staticAllocationImpl.o
                0x00008ffc                vApplicationGetIdleTaskMemory
 .text.vApplicationGetTimerTaskMemory
                0x00009030       0x30 ..\obj\staticAllocationImpl.o
                0x00009030                vApplicationGetTimerTaskMemory
 .text.xTaskCreateStatic
                0x00009060       0x60 ..\obj\tasks.o
                0x00009060                xTaskCreateStatic
 .text.xTaskCreate
                0x000090c0       0x8c ..\obj\tasks.o
                0x000090c0                xTaskCreate
 .text.prvInitialiseNewTask
                0x0000914c      0x100 ..\obj\tasks.o
 .text.prvAddNewTaskToReadyList
                0x0000924c       0xd4 ..\obj\tasks.o
 .text.vTaskDelay
                0x00009320       0x48 ..\obj\tasks.o
                0x00009320                vTaskDelay
 .text.vTaskPrioritySet
                0x00009368      0x140 ..\obj\tasks.o
                0x00009368                vTaskPrioritySet
 .text.vTaskStartScheduler
                0x000094a8       0xac ..\obj\tasks.o
                0x000094a8                vTaskStartScheduler
 .text.vTaskSuspendAll
                0x00009554       0x1c ..\obj\tasks.o
                0x00009554                vTaskSuspendAll
 .text.prvGetExpectedIdleTime
                0x00009570       0x74 ..\obj\tasks.o
 .text.xTaskResumeAll
                0x000095e4      0x11c ..\obj\tasks.o
                0x000095e4                xTaskResumeAll
 .text.xTaskGetTickCount
                0x00009700       0x1c ..\obj\tasks.o
                0x00009700                xTaskGetTickCount
 .text.vTaskStepTick
                0x0000971c       0x24 ..\obj\tasks.o
                0x0000971c                vTaskStepTick
 .text.xTaskIncrementTick
                0x00009740      0x13c ..\obj\tasks.o
                0x00009740                xTaskIncrementTick
 .text.vTaskPlaceOnEventList
                0x0000987c       0x2c ..\obj\tasks.o
                0x0000987c                vTaskPlaceOnEventList
 .text.vTaskPlaceOnUnorderedEventList
                0x000098a8       0x3c ..\obj\tasks.o
                0x000098a8                vTaskPlaceOnUnorderedEventList
 .text.vTaskPlaceOnEventListRestricted
                0x000098e4       0x3c ..\obj\tasks.o
                0x000098e4                vTaskPlaceOnEventListRestricted
 .text.xTaskRemoveFromEventList
                0x00009920       0xac ..\obj\tasks.o
                0x00009920                xTaskRemoveFromEventList
 .text.vTaskRemoveFromUnorderedEventList
                0x000099cc       0x84 ..\obj\tasks.o
                0x000099cc                vTaskRemoveFromUnorderedEventList
 .text.vTaskSetTimeOutState
                0x00009a50       0x2c ..\obj\tasks.o
                0x00009a50                vTaskSetTimeOutState
 .text.xTaskCheckForTimeOut
                0x00009a7c       0x88 ..\obj\tasks.o
                0x00009a7c                xTaskCheckForTimeOut
 .text.vTaskMissedYield
                0x00009b04       0x18 ..\obj\tasks.o
                0x00009b04                vTaskMissedYield
 .text.prvIdleTask
                0x00009b1c       0x54 ..\obj\tasks.o
 .text.eTaskConfirmSleepModeStatus
                0x00009b70       0x5c ..\obj\tasks.o
                0x00009b70                eTaskConfirmSleepModeStatus
 .text.vTaskSetThreadLocalStoragePointer
                0x00009bcc       0x40 ..\obj\tasks.o
                0x00009bcc                vTaskSetThreadLocalStoragePointer
 .text.pvTaskGetThreadLocalStoragePointer
                0x00009c0c       0x48 ..\obj\tasks.o
                0x00009c0c                pvTaskGetThreadLocalStoragePointer
 .text.prvInitialiseTaskLists
                0x00009c54       0x80 ..\obj\tasks.o
 .text.prvCheckTasksWaitingTermination
                0x00009cd4       0x78 ..\obj\tasks.o
 .text.prvDeleteTCB
                0x00009d4c       0x3c ..\obj\tasks.o
 .text.prvResetNextTaskUnblockTime
                0x00009d88       0x48 ..\obj\tasks.o
 .text.xTaskGetCurrentTaskHandle
                0x00009dd0       0x1c ..\obj\tasks.o
                0x00009dd0                xTaskGetCurrentTaskHandle
 .text.xTaskGetSchedulerState
                0x00009dec       0x3c ..\obj\tasks.o
                0x00009dec                xTaskGetSchedulerState
 .text.vTaskPriorityInherit
                0x00009e28       0xec ..\obj\tasks.o
                0x00009e28                vTaskPriorityInherit
 .text.xTaskPriorityDisinherit
                0x00009f14       0xc8 ..\obj\tasks.o
                0x00009f14                xTaskPriorityDisinherit
 .text.uxTaskResetEventItemValue
                0x00009fdc       0x30 ..\obj\tasks.o
                0x00009fdc                uxTaskResetEventItemValue
 .text.pvTaskIncrementMutexHeldCount
                0x0000a00c       0x28 ..\obj\tasks.o
                0x0000a00c                pvTaskIncrementMutexHeldCount
 .text.ulTaskNotifyTake
                0x0000a034       0x90 ..\obj\tasks.o
                0x0000a034                ulTaskNotifyTake
 .text.prvAddCurrentTaskToDelayedList
                0x0000a0c4       0xcc ..\obj\tasks.o
 .text.Default_Reset_Handler
                0x0000a190       0x60 ..\obj\startup_LPC17xx.o
                0x0000a190                Default_Reset_Handler
                0x0000a190                Reset_Handler
 .text.Default_Handler
                0x0000a1f0        0xc ..\obj\startup_LPC17xx.o
                0x0000a1f0                TIMER2_IRQHandler
                0x0000a1f0                DebugMon_Handler
                0x0000a1f0                RIT_IRQHandler
                0x0000a1f0                I2C0_IRQHandler
                0x0000a1f0                HardFault_Handler
                0x0000a1f0                USBActivity_IRQHandler
                0x0000a1f0                PWM1_IRQHandler
                0x0000a1f0                PendSV_Handler
                0x0000a1f0                NMI_Handler
                0x0000a1f0                I2C1_IRQHandler
                0x0000a1f0                EINT2_IRQHandler
                0x0000a1f0                UART1_IRQHandler
                0x0000a1f0                EINT3_IRQHandler
                0x0000a1f0                CANActivity_IRQHandler
                0x0000a1f0                TIMER3_IRQHandler
                0x0000a1f0                UART0_IRQHandler
                0x0000a1f0                UsageFault_Handler
                0x0000a1f0                PLL0_IRQHandler
                0x0000a1f0                CAN_IRQHandler
                0x0000a1f0                PLL1_IRQHandler
                0x0000a1f0                SSP0_IRQHandler
                0x0000a1f0                I2S_IRQHandler
                0x0000a1f0                I2C2_IRQHandler
                0x0000a1f0                RTC_IRQHandler
                0x0000a1f0                TIMER0_IRQHandler
                0x0000a1f0                SPI_IRQHandler
                0x0000a1f0                EINT1_IRQHandler
                0x0000a1f0                TIMER1_IRQHandler
                0x0000a1f0                UART2_IRQHandler
                0x0000a1f0                ADC_IRQHandler
                0x0000a1f0                SSP1_IRQHandler
                0x0000a1f0                USB_IRQHandler
                0x0000a1f0                BOD_IRQHandler
                0x0000a1f0                MemManage_Handler
                0x0000a1f0                WDT_IRQHandler
                0x0000a1f0                SVC_Handler
                0x0000a1f0                QEI_IRQHandler
                0x0000a1f0                EINT0_IRQHandler
                0x0000a1f0                DMA_IRQHandler
                0x0000a1f0                BusFault_Handler
                0x0000a1f0                UART3_IRQHandler
                0x0000a1f0                MCPWM_IRQHandler
                0x0000a1f0                ENET_IRQHandler
 .text.prvEMACHandlerTask
                0x0000a1fc       0x14 ..\obj\NetworkInterface.o
 .text.xNetworkInterfaceInitialise
                0x0000a210       0x54 ..\obj\NetworkInterface.o
                0x0000a210                xNetworkInterfaceInitialise
 .text.xNetworkInterfaceOutput
                0x0000a264       0x2c ..\obj\NetworkInterface.o
                0x0000a264                xNetworkInterfaceOutput
 .text.xNetworkBuffersInitialise
                0x0000a290       0xdc ..\obj\BufferAllocation_2.o
                0x0000a290                xNetworkBuffersInitialise
 .text.vReleaseNetworkBuffer
                0x0000a36c       0x24 ..\obj\BufferAllocation_2.o
                0x0000a36c                vReleaseNetworkBuffer
 .text.pxGetNetworkBufferWithDescriptor
                0x0000a390       0xdc ..\obj\BufferAllocation_2.o
                0x0000a390                pxGetNetworkBufferWithDescriptor
 .text.vReleaseNetworkBufferAndDescriptor
                0x0000a46c       0x68 ..\obj\BufferAllocation_2.o
                0x0000a46c                vReleaseNetworkBufferAndDescriptor
 .text.vListInitialise
                0x0000a4d4       0x40 ..\obj\list.o
                0x0000a4d4                vListInitialise
 .text.vListInitialiseItem
                0x0000a514       0x18 ..\obj\list.o
                0x0000a514                vListInitialiseItem
 .text.vListInsertEnd
                0x0000a52c       0x48 ..\obj\list.o
                0x0000a52c                vListInsertEnd
 .text.vListInsert
                0x0000a574       0x70 ..\obj\list.o
                0x0000a574                vListInsert
 .text.uxListRemove
                0x0000a5e4       0x54 ..\obj\list.o
                0x0000a5e4                uxListRemove
 .text.pxPortInitialiseStack
                0x0000a638       0x58 ..\obj\port.o
                0x0000a638                pxPortInitialiseStack
 .text.prvTaskExitError
                0x0000a690       0x1c ..\obj\port.o
 .text.prvPortStartFirstTask
                0x0000a6ac       0x20 ..\obj\port.o
 .text.xPortStartScheduler
                0x0000a6cc       0x3c ..\obj\port.o
                0x0000a6cc                xPortStartScheduler
 .text.vPortEnterCritical
                0x0000a708       0x30 ..\obj\port.o
                0x0000a708                vPortEnterCritical
 .text.vPortExitCritical
                0x0000a738       0x30 ..\obj\port.o
                0x0000a738                vPortExitCritical
 .text.vPortSuppressTicksAndSleep
                0x0000a768      0x184 ..\obj\port.o
                0x0000a768                vPortSuppressTicksAndSleep
 .text.vPortSetupTimerInterrupt
                0x0000a8ec       0x60 ..\obj\port.o
                0x0000a8ec                vPortSetupTimerInterrupt
 .text.xQueueGenericReset
                0x0000a94c       0xb4 ..\obj\queue.o
                0x0000a94c                xQueueGenericReset
 .text.xQueueGenericCreateStatic
                0x0000aa00       0x40 ..\obj\queue.o
                0x0000aa00                xQueueGenericCreateStatic
 .text.xQueueGenericCreate
                0x0000aa40       0x60 ..\obj\queue.o
                0x0000aa40                xQueueGenericCreate
 .text.prvInitialiseNewQueue
                0x0000aaa0       0x40 ..\obj\queue.o
 .text.xQueueGiveMutexRecursive
                0x0000aae0       0x4c ..\obj\queue.o
                0x0000aae0                xQueueGiveMutexRecursive
 .text.xQueueTakeMutexRecursive
                0x0000ab2c       0x54 ..\obj\queue.o
                0x0000ab2c                xQueueTakeMutexRecursive
 .text.xQueueCreateCountingSemaphore
                0x0000ab80       0x2c ..\obj\queue.o
                0x0000ab80                xQueueCreateCountingSemaphore
 .text.xQueueGenericSend
                0x0000abac      0x154 ..\obj\queue.o
                0x0000abac                xQueueGenericSend
 .text.xQueueGenericSendFromISR
                0x0000ad00       0xb0 ..\obj\queue.o
                0x0000ad00                xQueueGenericSendFromISR
 .text.xQueueGenericReceive
                0x0000adb0      0x1b0 ..\obj\queue.o
                0x0000adb0                xQueueGenericReceive
 .text.uxQueueMessagesWaiting
                0x0000af60       0x20 ..\obj\queue.o
                0x0000af60                uxQueueMessagesWaiting
 .text.vQueueDelete
                0x0000af80       0x2c ..\obj\queue.o
                0x0000af80                vQueueDelete
 .text.prvCopyDataToQueue
                0x0000afac       0xd4 ..\obj\queue.o
 .text.prvCopyDataFromQueue
                0x0000b080       0x4c ..\obj\queue.o
 .text.prvUnlockQueue
                0x0000b0cc       0xa4 ..\obj\queue.o
 .text.prvIsQueueEmpty
                0x0000b170       0x2c ..\obj\queue.o
 .text.prvIsQueueFull
                0x0000b19c       0x30 ..\obj\queue.o
 .text.vQueueAddToRegistry
                0x0000b1cc       0x50 ..\obj\queue.o
                0x0000b1cc                vQueueAddToRegistry
 .text.vQueueUnregisterQueue
                0x0000b21c       0x50 ..\obj\queue.o
                0x0000b21c                vQueueUnregisterQueue
 .text.vQueueWaitForMessageRestricted
                0x0000b26c       0x68 ..\obj\queue.o
                0x0000b26c                vQueueWaitForMessageRestricted
 .text.FF_PRINTF
                0x0000b2d4       0x10 ..\obj\ff_ioman.o
 .text.FF_getLong
                0x0000b2e4       0x38 ..\obj\ff_ioman.o
 .text.FF_putLong
                0x0000b31c       0x40 ..\obj\ff_ioman.o
 .text.FF_FlushCache
                0x0000b35c      0x160 ..\obj\ff_ioman.o
                0x0000b35c                FF_FlushCache
 .text.FF_GetBuffer
                0x0000b4bc      0x258 ..\obj\ff_ioman.o
                0x0000b4bc                FF_GetBuffer
 .text.FF_ReleaseBuffer
                0x0000b714       0x48 ..\obj\ff_ioman.o
                0x0000b714                FF_ReleaseBuffer
 .text.FF_BlockRead
                0x0000b75c       0xa0 ..\obj\ff_ioman.o
                0x0000b75c                FF_BlockRead
 .text.FF_BlockWrite
                0x0000b7fc       0xa0 ..\obj\ff_ioman.o
                0x0000b7fc                FF_BlockWrite
 .text.FF_IncreaseFreeClusters
                0x0000b89c      0x110 ..\obj\ff_ioman.o
                0x0000b89c                FF_IncreaseFreeClusters
 .text.FF_DecreaseFreeClusters
                0x0000b9ac      0x108 ..\obj\ff_ioman.o
                0x0000b9ac                FF_DecreaseFreeClusters
 .text.FF_getRealLBA
                0x0000bab4       0x24 ..\obj\ff_fat.o
 .text.FF_InitFATBuffers
                0x0000bad8       0x28 ..\obj\ff_fat.o
 .text.FF_getShort
                0x0000bb00       0x2c ..\obj\ff_fat.o
 .text.FF_getLong
                0x0000bb2c       0x38 ..\obj\ff_fat.o
 .text.FF_putShort
                0x0000bb64       0x34 ..\obj\ff_fat.o
 .text.FF_putLong
                0x0000bb98       0x40 ..\obj\ff_fat.o
 .text.FF_Cluster2LBA
                0x0000bbd8       0x48 ..\obj\ff_fat.o
                0x0000bbd8                FF_Cluster2LBA
 .text.FF_getClusterChainNumber
                0x0000bc20       0x3c ..\obj\ff_fat.o
                0x0000bc20                FF_getClusterChainNumber
 .text.FF_getMajorBlockNumber
                0x0000bc5c       0x58 ..\obj\ff_fat.o
                0x0000bc5c                FF_getMajorBlockNumber
 .text.FF_getMinorBlockNumber
                0x0000bcb4       0x74 ..\obj\ff_fat.o
                0x0000bcb4                FF_getMinorBlockNumber
 .text.FF_getMinorBlockEntry
                0x0000bd28       0x7c ..\obj\ff_fat.o
                0x0000bd28                FF_getMinorBlockEntry
 .text.FF_ReleaseFATBuffers
                0x0000bda4       0x5c ..\obj\ff_fat.o
                0x0000bda4                FF_ReleaseFATBuffers
 .text.prvGetFromFATBuffers
                0x0000be00       0xa4 ..\obj\ff_fat.o
                0x0000be00                prvGetFromFATBuffers
 .text.FF_getFATEntry
                0x0000bea4      0x190 ..\obj\ff_fat.o
                0x0000bea4                FF_getFATEntry
 .text.FF_ClearCluster
                0x0000c034       0xc4 ..\obj\ff_fat.o
                0x0000c034                FF_ClearCluster
 .text.FF_TraverseFAT
                0x0000c0f8       0xc8 ..\obj\ff_fat.o
                0x0000c0f8                FF_TraverseFAT
 .text.FF_FindEndOfChain
                0x0000c1c0       0x48 ..\obj\ff_fat.o
                0x0000c1c0                FF_FindEndOfChain
 .text.FF_isEndOfChain
                0x0000c208       0x6c ..\obj\ff_fat.o
                0x0000c208                FF_isEndOfChain
 .text.FF_putFATEntry
                0x0000c274      0x204 ..\obj\ff_fat.o
                0x0000c274                FF_putFATEntry
 .text.FF_FindFreeCluster
                0x0000c478      0x1e8 ..\obj\ff_fat.o
                0x0000c478                FF_FindFreeCluster
 .text.FF_CreateClusterChain
                0x0000c660       0x4c ..\obj\ff_fat.o
                0x0000c660                FF_CreateClusterChain
 .text.FF_GetChainLength
                0x0000c6ac       0x90 ..\obj\ff_fat.o
                0x0000c6ac                FF_GetChainLength
 .text.FF_UnlinkClusterChain
                0x0000c73c      0x130 ..\obj\ff_fat.o
                0x0000c73c                FF_UnlinkClusterChain
 .text.FF_CountFreeClusters
                0x0000c86c      0x174 ..\obj\ff_fat.o
                0x0000c86c                FF_CountFreeClusters
 .text.stdioSET_ERRNO
                0x0000c9e0       0x1c ..\obj\ff_stdio.o
 .text.stdioSET_FF_ERROR
                0x0000c9fc       0x1c ..\obj\ff_stdio.o
 .text.ff_fopen
                0x0000ca18       0x78 ..\obj\ff_stdio.o
                0x0000ca18                ff_fopen
 .text.ff_fclose
                0x0000ca90       0x48 ..\obj\ff_stdio.o
                0x0000ca90                ff_fclose
 .text.ff_fread
                0x0000cad8       0x60 ..\obj\ff_stdio.o
                0x0000cad8                ff_fread
 .text.prvFFErrorToErrno
                0x0000cb38      0x29c ..\obj\ff_stdio.o
 .text.pxFindCWD
                0x0000cdd4       0x40 ..\obj\ff_stdio.o
 .text.prvProcessRelativePaths
                0x0000ce14       0xcc ..\obj\ff_stdio.o
 .text.prvABSPath
                0x0000cee0       0x80 ..\obj\ff_stdio.o
 .text.xEventGroupCreate
                0x0000cf60       0x34 ..\obj\event_groups.o
                0x0000cf60                xEventGroupCreate
 .text.xEventGroupWaitBits
                0x0000cf94      0x110 ..\obj\event_groups.o
                0x0000cf94                xEventGroupWaitBits
 .text.xEventGroupClearBits
                0x0000d0a4       0x34 ..\obj\event_groups.o
                0x0000d0a4                xEventGroupClearBits
 .text.xEventGroupSetBits
                0x0000d0d8       0xdc ..\obj\event_groups.o
                0x0000d0d8                xEventGroupSetBits
 .text.vEventGroupDelete
                0x0000d1b4       0x48 ..\obj\event_groups.o
                0x0000d1b4                vEventGroupDelete
 .text.prvTestWaitCondition
                0x0000d1fc       0x44 ..\obj\event_groups.o
 .text.FF_PendSemaphore
                0x0000d240       0x1c ..\obj\ff_locking.o
                0x0000d240                FF_PendSemaphore
 .text.FF_ReleaseSemaphore
                0x0000d25c       0x18 ..\obj\ff_locking.o
                0x0000d25c                FF_ReleaseSemaphore
 .text.FF_LockDirectory
                0x0000d274       0x40 ..\obj\ff_locking.o
                0x0000d274                FF_LockDirectory
 .text.FF_UnlockDirectory
                0x0000d2b4       0x1c ..\obj\ff_locking.o
                0x0000d2b4                FF_UnlockDirectory
 .text.FF_Has_Lock
                0x0000d2d0       0x48 ..\obj\ff_locking.o
                0x0000d2d0                FF_Has_Lock
 .text.FF_Assert_Lock
                0x0000d318       0x18 ..\obj\ff_locking.o
                0x0000d318                FF_Assert_Lock
 .text.FF_LockFAT
                0x0000d330       0x48 ..\obj\ff_locking.o
                0x0000d330                FF_LockFAT
 .text.FF_UnlockFAT
                0x0000d378       0x24 ..\obj\ff_locking.o
                0x0000d378                FF_UnlockFAT
 .text.FF_BufferWait
                0x0000d39c       0x50 ..\obj\ff_locking.o
                0x0000d39c                FF_BufferWait
 .text.FF_BufferProceed
                0x0000d3ec       0x1c ..\obj\ff_locking.o
                0x0000d3ec                FF_BufferProceed
 .text.webCodename
                0x0000d408       0x9c ..\obj\FreeRTOS_HTTP_commands.o
                0x0000d408                webCodename
 .text.pvPortMalloc
                0x0000d4a4      0x11c ..\obj\heap_2.o
                0x0000d4a4                pvPortMalloc
 .text.vPortFree
                0x0000d5c0       0x74 ..\obj\heap_2.o
                0x0000d5c0                vPortFree
 .text.prvHeapInit
                0x0000d634       0x50 ..\obj\heap_2.o
 .text.FreeRTOS_max_uint32
                0x0000d684       0x20 ..\obj\FreeRTOS_Sockets.o
 .text.FreeRTOS_min_int32
                0x0000d6a4       0x20 ..\obj\FreeRTOS_Sockets.o
 .text.FreeRTOS_min_uint32
                0x0000d6c4       0x20 ..\obj\FreeRTOS_Sockets.o
 .text.FreeRTOS_round_up
                0x0000d6e4       0x28 ..\obj\FreeRTOS_Sockets.o
 .text.vStreamBufferClear
                0x0000d70c       0x2c ..\obj\FreeRTOS_Sockets.o
 .text.uxStreamBufferSpace
                0x0000d738       0x3c ..\obj\FreeRTOS_Sockets.o
 .text.uxStreamBufferDistance
                0x0000d774       0x3c ..\obj\FreeRTOS_Sockets.o
 .text.uxStreamBufferGetSpace
                0x0000d7b0       0x28 ..\obj\FreeRTOS_Sockets.o
 .text.uxStreamBufferFrontSpace
                0x0000d7d8       0x28 ..\obj\FreeRTOS_Sockets.o
 .text.uxStreamBufferGetSize
                0x0000d800       0x28 ..\obj\FreeRTOS_Sockets.o
 .text.uxStreamBufferGetPtr
                0x0000d828       0x40 ..\obj\FreeRTOS_Sockets.o
 .text.prvValidSocket
                0x0000d868       0x58 ..\obj\FreeRTOS_Sockets.o
 .text.vNetworkSocketsInit
                0x0000d8c0       0x8c ..\obj\FreeRTOS_Sockets.o
                0x0000d8c0                vNetworkSocketsInit
 .text.prvDetermineSocketSize
                0x0000d94c       0x64 ..\obj\FreeRTOS_Sockets.o
 .text.FreeRTOS_socket
                0x0000d9b0      0x134 ..\obj\FreeRTOS_Sockets.o
                0x0000d9b0                FreeRTOS_socket
 .text.FreeRTOS_CreateSocketSet
                0x0000dae4       0x44 ..\obj\FreeRTOS_Sockets.o
                0x0000dae4                FreeRTOS_CreateSocketSet
 .text.FreeRTOS_DeleteSocketSet
                0x0000db28       0x24 ..\obj\FreeRTOS_Sockets.o
                0x0000db28                FreeRTOS_DeleteSocketSet
 .text.FreeRTOS_FD_SET
                0x0000db4c       0x4c ..\obj\FreeRTOS_Sockets.o
                0x0000db4c                FreeRTOS_FD_SET
 .text.FreeRTOS_FD_CLR
                0x0000db98       0x48 ..\obj\FreeRTOS_Sockets.o
                0x0000db98                FreeRTOS_FD_CLR
 .text.FreeRTOS_select
                0x0000dbe0       0x7c ..\obj\FreeRTOS_Sockets.o
                0x0000dbe0                FreeRTOS_select
 .text.prvFindSelectedSocket
                0x0000dc5c       0x5c ..\obj\FreeRTOS_Sockets.o
 .text.FreeRTOS_bind
                0x0000dcb8       0xc0 ..\obj\FreeRTOS_Sockets.o
                0x0000dcb8                FreeRTOS_bind
 .text.vSocketBind
                0x0000dd78       0xd0 ..\obj\FreeRTOS_Sockets.o
                0x0000dd78                vSocketBind
 .text.FreeRTOS_closesocket
                0x0000de48       0x4c ..\obj\FreeRTOS_Sockets.o
                0x0000de48                FreeRTOS_closesocket
 .text.vSocketClose
                0x0000de94       0xc0 ..\obj\FreeRTOS_Sockets.o
                0x0000de94                vSocketClose
 .text.prvTCPSetSocketCount
                0x0000df54       0x6c ..\obj\FreeRTOS_Sockets.o
 .text.FreeRTOS_setsockopt
                0x0000dfc0      0x32c ..\obj\FreeRTOS_Sockets.o
                0x0000dfc0                FreeRTOS_setsockopt
 .text.prvGetPrivatePortNumber
                0x0000e2ec       0x98 ..\obj\FreeRTOS_Sockets.o
 .text.pxListFindListItemWithValue
                0x0000e384       0x54 ..\obj\FreeRTOS_Sockets.o
 .text.pxUDPSocketLookup
                0x0000e3d8       0x30 ..\obj\FreeRTOS_Sockets.o
                0x0000e3d8                pxUDPSocketLookup
 .text.vSocketWakeUpUser
                0x0000e408       0x78 ..\obj\FreeRTOS_Sockets.o
                0x0000e408                vSocketWakeUpUser
 .text.FreeRTOS_accept
                0x0000e480      0x19c ..\obj\FreeRTOS_Sockets.o
                0x0000e480                FreeRTOS_accept
 .text.FreeRTOS_recv
                0x0000e61c      0x1a8 ..\obj\FreeRTOS_Sockets.o
                0x0000e61c                FreeRTOS_recv
 .text.prvTCPSendCheck
                0x0000e7c4       0x9c ..\obj\FreeRTOS_Sockets.o
 .text.FreeRTOS_send
                0x0000e860      0x180 ..\obj\FreeRTOS_Sockets.o
                0x0000e860                FreeRTOS_send
 .text.FreeRTOS_listen
                0x0000e9e0       0xd8 ..\obj\FreeRTOS_Sockets.o
                0x0000e9e0                FreeRTOS_listen
 .text.xTCPTimerCheck
                0x0000eab8       0xe4 ..\obj\FreeRTOS_Sockets.o
                0x0000eab8                xTCPTimerCheck
 .text.pxTCPSocketLookup
                0x0000eb9c       0x8c ..\obj\FreeRTOS_Sockets.o
                0x0000eb9c                pxTCPSocketLookup
 .text.prvTCPCreateStream
                0x0000ec28       0xbc ..\obj\FreeRTOS_Sockets.o
 .text.lTCPAddRxdata
                0x0000ece4       0xc4 ..\obj\FreeRTOS_Sockets.o
                0x0000ece4                lTCPAddRxdata
 .text.FreeRTOS_tx_space
                0x0000eda8       0x48 ..\obj\FreeRTOS_Sockets.o
                0x0000eda8                FreeRTOS_tx_space
 .text.FreeRTOS_tx_size
                0x0000edf0       0x44 ..\obj\FreeRTOS_Sockets.o
                0x0000edf0                FreeRTOS_tx_size
 .text.FreeRTOS_rx_size
                0x0000ee34       0x44 ..\obj\FreeRTOS_Sockets.o
                0x0000ee34                FreeRTOS_rx_size
 .text.vSocketSelect
                0x0000ee78      0x210 ..\obj\FreeRTOS_Sockets.o
                0x0000ee78                vSocketSelect
 .text.FF_Mounted
                0x0000f088       0x28 ..\obj\ff_sys.o
 .text.FF_FS_Find
                0x0000f0b0       0xf8 ..\obj\ff_sys.o
                0x0000f0b0                FF_FS_Find
 .text.memcmp   0x0000f1a8       0x64 C:\Program Files (x86)\GNU Tools ARM Embedded\5.4 2016q2\arm-none-eabi\lib\armv7-m\libc.a(lib_a-memcmp.o)
                0x0000f1a8                memcmp
 .text          0x0000f20c       0xec C:\Program Files (x86)\GNU Tools ARM Embedded\5.4 2016q2\arm-none-eabi\lib\armv7-m\libc.a(lib_a-memcpy.o)
                0x0000f20c                memcpy
 .text.memmove  0x0000f2f8       0xc8 C:\Program Files (x86)\GNU Tools ARM Embedded\5.4 2016q2\arm-none-eabi\lib\armv7-m\libc.a(lib_a-memmove.o)
                0x0000f2f8                memmove
 .text.memset   0x0000f3c0       0x9c C:\Program Files (x86)\GNU Tools ARM Embedded\5.4 2016q2\arm-none-eabi\lib\armv7-m\libc.a(lib_a-memset.o)
                0x0000f3c0                memset
 .text.rand     0x0000f45c       0x40 C:\Program Files (x86)\GNU Tools ARM Embedded\5.4 2016q2\arm-none-eabi\lib\armv7-m\libc.a(lib_a-rand.o)
                0x0000f45c                rand
 .text.snprintf
                0x0000f49c       0x98 C:\Program Files (x86)\GNU Tools ARM Embedded\5.4 2016q2\arm-none-eabi\lib\armv7-m\libc.a(lib_a-snprintf.o)
                0x0000f49c                snprintf
 .text.sprintf  0x0000f534       0x4c C:\Program Files (x86)\GNU Tools ARM Embedded\5.4 2016q2\arm-none-eabi\lib\armv7-m\libc.a(lib_a-sprintf.o)
                0x0000f534                sprintf
 .text.strchr   0x0000f580       0xd0 C:\Program Files (x86)\GNU Tools ARM Embedded\5.4 2016q2\arm-none-eabi\lib\armv7-m\libc.a(lib_a-strchr.o)
                0x0000f580                strchr
 .text          0x0000f650      0x1bc C:\Program Files (x86)\GNU Tools ARM Embedded\5.4 2016q2\arm-none-eabi\lib\armv7-m\libc.a(lib_a-strcmp.o)
                0x0000f650                strcmp
 .text.strcpy   0x0000f80c       0xbc C:\Program Files (x86)\GNU Tools ARM Embedded\5.4 2016q2\arm-none-eabi\lib\armv7-m\libc.a(lib_a-strcpy.o)
                0x0000f80c                strcpy
 .text.strlen   0x0000f8c8       0x5c C:\Program Files (x86)\GNU Tools ARM Embedded\5.4 2016q2\arm-none-eabi\lib\armv7-m\libc.a(lib_a-strlen-stub.o)
                0x0000f8c8                strlen
 .text.strncpy  0x0000f924       0x68 C:\Program Files (x86)\GNU Tools ARM Embedded\5.4 2016q2\arm-none-eabi\lib\armv7-m\libc.a(lib_a-strncpy.o)
                0x0000f924                strncpy
 .text._svfprintf_r
                0x0000f98c     0x175c C:\Program Files (x86)\GNU Tools ARM Embedded\5.4 2016q2\arm-none-eabi\lib\armv7-m\libc.a(lib_a-svfprintf.o)
                0x0000f98c                _svfprintf_r
 .text.quorem   0x000110e8      0x12c C:\Program Files (x86)\GNU Tools ARM Embedded\5.4 2016q2\arm-none-eabi\lib\armv7-m\libc.a(lib_a-dtoa.o)
 *fill*         0x00011214        0x4 
 .text._dtoa_r  0x00011218      0xe4c C:\Program Files (x86)\GNU Tools ARM Embedded\5.4 2016q2\arm-none-eabi\lib\armv7-m\libc.a(lib_a-dtoa.o)
                0x00011218                _dtoa_r
 .text._localeconv_r
                0x00012064        0x8 C:\Program Files (x86)\GNU Tools ARM Embedded\5.4 2016q2\arm-none-eabi\lib\armv7-m\libc.a(lib_a-locale.o)
                0x00012064                _localeconv_r
 .text._malloc_r
                0x0001206c      0x558 C:\Program Files (x86)\GNU Tools ARM Embedded\5.4 2016q2\arm-none-eabi\lib\armv7-m\libc.a(lib_a-mallocr.o)
                0x0001206c                _malloc_r
 .text.memchr   0x000125c4       0x8c C:\Program Files (x86)\GNU Tools ARM Embedded\5.4 2016q2\arm-none-eabi\lib\armv7-m\libc.a(lib_a-memchr-stub.o)
                0x000125c4                memchr
 .text.__malloc_lock
                0x00012650        0x4 C:\Program Files (x86)\GNU Tools ARM Embedded\5.4 2016q2\arm-none-eabi\lib\armv7-m\libc.a(lib_a-mlock.o)
                0x00012650                __malloc_lock
 .text.__malloc_unlock
                0x00012654        0x4 C:\Program Files (x86)\GNU Tools ARM Embedded\5.4 2016q2\arm-none-eabi\lib\armv7-m\libc.a(lib_a-mlock.o)
                0x00012654                __malloc_unlock
 .text._Balloc  0x00012658       0x50 C:\Program Files (x86)\GNU Tools ARM Embedded\5.4 2016q2\arm-none-eabi\lib\armv7-m\libc.a(lib_a-mprec.o)
                0x00012658                _Balloc
 .text._Bfree   0x000126a8       0x14 C:\Program Files (x86)\GNU Tools ARM Embedded\5.4 2016q2\arm-none-eabi\lib\armv7-m\libc.a(lib_a-mprec.o)
                0x000126a8                _Bfree
 .text.__multadd
                0x000126bc       0x80 C:\Program Files (x86)\GNU Tools ARM Embedded\5.4 2016q2\arm-none-eabi\lib\armv7-m\libc.a(lib_a-mprec.o)
                0x000126bc                __multadd
 .text.__hi0bits
                0x0001273c       0x40 C:\Program Files (x86)\GNU Tools ARM Embedded\5.4 2016q2\arm-none-eabi\lib\armv7-m\libc.a(lib_a-mprec.o)
                0x0001273c                __hi0bits
 .text.__lo0bits
                0x0001277c       0x5c C:\Program Files (x86)\GNU Tools ARM Embedded\5.4 2016q2\arm-none-eabi\lib\armv7-m\libc.a(lib_a-mprec.o)
                0x0001277c                __lo0bits
 .text.__i2b    0x000127d8       0x14 C:\Program Files (x86)\GNU Tools ARM Embedded\5.4 2016q2\arm-none-eabi\lib\armv7-m\libc.a(lib_a-mprec.o)
                0x000127d8                __i2b
 .text.__multiply
                0x000127ec      0x13c C:\Program Files (x86)\GNU Tools ARM Embedded\5.4 2016q2\arm-none-eabi\lib\armv7-m\libc.a(lib_a-mprec.o)
                0x000127ec                __multiply
 .text.__pow5mult
                0x00012928       0xa0 C:\Program Files (x86)\GNU Tools ARM Embedded\5.4 2016q2\arm-none-eabi\lib\armv7-m\libc.a(lib_a-mprec.o)
                0x00012928                __pow5mult
 .text.__lshift
                0x000129c8       0xac C:\Program Files (x86)\GNU Tools ARM Embedded\5.4 2016q2\arm-none-eabi\lib\armv7-m\libc.a(lib_a-mprec.o)
                0x000129c8                __lshift
 .text.__mcmp   0x00012a74       0x40 C:\Program Files (x86)\GNU Tools ARM Embedded\5.4 2016q2\arm-none-eabi\lib\armv7-m\libc.a(lib_a-mprec.o)
                0x00012a74                __mcmp
 .text.__mdiff  0x00012ab4      0x128 C:\Program Files (x86)\GNU Tools ARM Embedded\5.4 2016q2\arm-none-eabi\lib\armv7-m\libc.a(lib_a-mprec.o)
                0x00012ab4                __mdiff
 .text.__d2b    0x00012bdc       0xa8 C:\Program Files (x86)\GNU Tools ARM Embedded\5.4 2016q2\arm-none-eabi\lib\armv7-m\libc.a(lib_a-mprec.o)
                0x00012bdc                __d2b
 .text._sbrk_r  0x00012c84       0x24 C:\Program Files (x86)\GNU Tools ARM Embedded\5.4 2016q2\arm-none-eabi\lib\armv7-m\libc.a(lib_a-sbrkr.o)
                0x00012c84                _sbrk_r
 .text.__ssprint_r
                0x00012ca8      0x100 C:\Program Files (x86)\GNU Tools ARM Embedded\5.4 2016q2\arm-none-eabi\lib\armv7-m\libc.a(lib_a-svfiprintf.o)
                0x00012ca8                __ssprint_r
 .text._calloc_r
                0x00012da8       0x60 C:\Program Files (x86)\GNU Tools ARM Embedded\5.4 2016q2\arm-none-eabi\lib\armv7-m\libc.a(lib_a-callocr.o)
                0x00012da8                _calloc_r
 .text._malloc_trim_r
                0x00012e08       0x9c C:\Program Files (x86)\GNU Tools ARM Embedded\5.4 2016q2\arm-none-eabi\lib\armv7-m\libc.a(lib_a-freer.o)
                0x00012e08                _malloc_trim_r
 .text._free_r  0x00012ea4      0x1d0 C:\Program Files (x86)\GNU Tools ARM Embedded\5.4 2016q2\arm-none-eabi\lib\armv7-m\libc.a(lib_a-freer.o)
                0x00012ea4                _free_r
 .text._realloc_r
                0x00013074      0x3d4 C:\Program Files (x86)\GNU Tools ARM Embedded\5.4 2016q2\arm-none-eabi\lib\armv7-m\libc.a(lib_a-reallocr.o)
                0x00013074                _realloc_r
 .text._sbrk    0x00013448       0x1c C:\Program Files (x86)\GNU Tools ARM Embedded\5.4 2016q2\arm-none-eabi\lib\armv7-m\libnosys.a(sbrk.o)
                0x00013448                _sbrk
 .text          0x00013464      0x370 C:\Program Files (x86)\GNU Tools ARM Embedded\5.4 2016q2\lib\gcc\arm-none-eabi\5.4.1\armv7-m\libgcc.a(_arm_addsubdf3.o)
                0x00013464                __aeabi_drsub
                0x0001346c                __aeabi_dsub
                0x0001346c                __subdf3
                0x00013470                __aeabi_dadd
                0x00013470                __adddf3
                0x000136e8                __floatunsidf
                0x000136e8                __aeabi_ui2d
                0x00013708                __floatsidf
                0x00013708                __aeabi_i2d
                0x0001372c                __aeabi_f2d
                0x0001372c                __extendsfdf2
                0x00013768                __floatundidf
                0x00013768                __aeabi_ul2d
                0x00013778                __floatdidf
                0x00013778                __aeabi_l2d
 .text          0x000137d4      0x424 C:\Program Files (x86)\GNU Tools ARM Embedded\5.4 2016q2\lib\gcc\arm-none-eabi\5.4.1\armv7-m\libgcc.a(_arm_muldivdf3.o)
                0x000137d4                __aeabi_dmul
                0x000137d4                __muldf3
                0x00013a28                __divdf3
                0x00013a28                __aeabi_ddiv
 .text          0x00013bf8      0x110 C:\Program Files (x86)\GNU Tools ARM Embedded\5.4 2016q2\lib\gcc\arm-none-eabi\5.4.1\armv7-m\libgcc.a(_arm_cmpdf2.o)
                0x00013bf8                __gtdf2
                0x00013bf8                __gedf2
                0x00013c00                __ltdf2
                0x00013c00                __ledf2
                0x00013c08                __nedf2
                0x00013c08                __eqdf2
                0x00013c08                __cmpdf2
                0x00013c84                __aeabi_cdrcmple
                0x00013c94                __aeabi_cdcmpeq
                0x00013c94                __aeabi_cdcmple
                0x00013ca4                __aeabi_dcmpeq
                0x00013cb8                __aeabi_dcmplt
                0x00013ccc                __aeabi_dcmple
                0x00013ce0                __aeabi_dcmpge
                0x00013cf4                __aeabi_dcmpgt
 .text          0x00013d08       0x2c C:\Program Files (x86)\GNU Tools ARM Embedded\5.4 2016q2\lib\gcc\arm-none-eabi\5.4.1\armv7-m\libgcc.a(_arm_unorddf2.o)
                0x00013d08                __unorddf2
                0x00013d08                __aeabi_dcmpun
 .text          0x00013d34       0x50 C:\Program Files (x86)\GNU Tools ARM Embedded\5.4 2016q2\lib\gcc\arm-none-eabi\5.4.1\armv7-m\libgcc.a(_arm_fixdfsi.o)
                0x00013d34                __aeabi_d2iz
                0x00013d34                __fixdfsi
 .text          0x00013d84       0x30 C:\Program Files (x86)\GNU Tools ARM Embedded\5.4 2016q2\lib\gcc\arm-none-eabi\5.4.1\armv7-m\libgcc.a(_aeabi_uldivmod.o)
                0x00013d84                __aeabi_uldivmod
 .text          0x00013db4      0x2ec C:\Program Files (x86)\GNU Tools ARM Embedded\5.4 2016q2\lib\gcc\arm-none-eabi\5.4.1\armv7-m\libgcc.a(_udivmoddi4.o)
                0x00013db4                __udivmoddi4
 .text          0x000140a0        0x4 C:\Program Files (x86)\GNU Tools ARM Embedded\5.4 2016q2\lib\gcc\arm-none-eabi\5.4.1\armv7-m\libgcc.a(_dvmd_tls.o)
                0x000140a0                __aeabi_idiv0
                0x000140a0                __aeabi_ldiv0
 *(.init)
 *(.fini)
 *crtbegin.o(.ctors)
 *crtbegin?.o(.ctors)
 *(EXCLUDE_FILE(*crtend.o *crtend?.o) .ctors)
 *(SORT(.ctors.*))
 *(.ctors)
 *crtbegin.o(.dtors)
 *crtbegin?.o(.dtors)
 *(EXCLUDE_FILE(*crtend.o *crtend?.o) .dtors)
 *(SORT(.dtors.*))
 *(.dtors)
 *(.rodata*)
 .rodata        0x000140a4       0x17 ..\obj\FreeRTOS_TCP_server.o
 *fill*         0x000140bb        0x1 
 .rodata        0x000140bc        0xb ..\obj\ff_dev_support.o
                0x000140bc                pcDevicePath
 *fill*         0x000140c7        0x1 
 .rodata        0x000140c8      0x14d ..\obj\FreeRTOS_HTTP_server.o
 *fill*         0x00014215        0x3 
 .rodata        0x00014218       0x28 ..\obj\FreeRTOS_IP.o
                0x00014218                xBroadcastMACAddress
 .rodata        0x00014240        0x7 ..\obj\lpc17xx_emac.o
                0x00014240                EMAC_clkdiv
 *fill*         0x00014247        0x1 
 .rodata        0x00014248       0x26 ..\obj\ff_file.o
 *fill*         0x0001426e        0x2 
 .rodata        0x00014270      0x700 ..\obj\ff_crc.o
                0x00014270                crc32_table
 .rodata        0x00014970       0x26 ..\obj\FreeRTOS_ARP.o
 *fill*         0x00014996        0x2 
 .rodata        0x00014998       0x3c ..\obj\main.o
                0x00014998                ETHERNET_MAC_ADDRESS
                0x000149a0                APP_DEFAULT_IP_ADDRESS
                0x000149a4                APP_DEFAULT_NETMASK
                0x000149a8                APP_DEFAULT_GATEWAY
                0x000149ac                APP_DEFAULT_NAMESERVER
 .rodata        0x000149d4        0xd ..\obj\timers.o
 *fill*         0x000149e1        0x3 
 .rodata        0x000149e4       0x26 ..\obj\ff_dir.o
 *fill*         0x00014a0a        0x2 
 .rodata        0x00014a0c        0x5 ..\obj\tasks.o
 *fill*         0x00014a11        0x3 
 .rodata        0x00014a14        0xc ..\obj\NetworkInterface.o
 .rodata        0x00014a20        0xe ..\obj\BufferAllocation_2.o
                0x00014a20                xBufferAllocFixedSize
 *fill*         0x00014a2e        0x2 
 .rodata        0x00014a30      0x19a ..\obj\ff_ioman.o
 *fill*         0x00014bca        0x2 
 .rodata        0x00014bcc       0x4a ..\obj\ff_stdio.o
 *fill*         0x00014c16        0x2 
 .rodata        0x00014c18      0x13c ..\obj\FreeRTOS_HTTP_commands.o
                0x00014c60                xWebCommands
 .rodata        0x00014d54       0x4b ..\obj\ff_sys.o
 *fill*         0x00014d9f        0x1 
 .rodata.blanks.7055
                0x00014da0       0x10 C:\Program Files (x86)\GNU Tools ARM Embedded\5.4 2016q2\arm-none-eabi\lib\armv7-m\libc.a(lib_a-svfprintf.o)
 .rodata.str1.4
                0x00014db0       0x42 C:\Program Files (x86)\GNU Tools ARM Embedded\5.4 2016q2\arm-none-eabi\lib\armv7-m\libc.a(lib_a-svfprintf.o)
 *fill*         0x00014df2        0x2 
 .rodata.zeroes.7056
                0x00014df4       0x10 C:\Program Files (x86)\GNU Tools ARM Embedded\5.4 2016q2\arm-none-eabi\lib\armv7-m\libc.a(lib_a-svfprintf.o)
 .rodata.str1.4
                0x00014e04       0x10 C:\Program Files (x86)\GNU Tools ARM Embedded\5.4 2016q2\arm-none-eabi\lib\armv7-m\libc.a(lib_a-dtoa.o)
                                 0x12 (size before relaxing)
 .rodata.str1.4
                0x00014e14        0x2 C:\Program Files (x86)\GNU Tools ARM Embedded\5.4 2016q2\arm-none-eabi\lib\armv7-m\libc.a(lib_a-impure.o)
 *fill*         0x00014e16        0x2 
 .rodata.str1.4
                0x00014e18        0xc C:\Program Files (x86)\GNU Tools ARM Embedded\5.4 2016q2\arm-none-eabi\lib\armv7-m\libc.a(lib_a-locale.o)
                                 0x12 (size before relaxing)
 *fill*         0x00014e24        0x4 
 .rodata.__mprec_tens
                0x00014e28       0xc8 C:\Program Files (x86)\GNU Tools ARM Embedded\5.4 2016q2\arm-none-eabi\lib\armv7-m\libc.a(lib_a-mprec.o)
                0x00014e28                __mprec_tens
 .rodata.__mprec_bigtens
                0x00014ef0       0x28 C:\Program Files (x86)\GNU Tools ARM Embedded\5.4 2016q2\arm-none-eabi\lib\armv7-m\libc.a(lib_a-mprec.o)
                0x00014ef0                __mprec_bigtens
 .rodata.p05.5396
                0x00014f18        0xc C:\Program Files (x86)\GNU Tools ARM Embedded\5.4 2016q2\arm-none-eabi\lib\armv7-m\libc.a(lib_a-mprec.o)
 *(.eh_fram e*)

.glue_7         0x00014f24        0x0
 .glue_7        0x00014f24        0x0 linker stubs

.glue_7t        0x00014f24        0x0
 .glue_7t       0x00014f24        0x0 linker stubs

.vfp11_veneer   0x00014f24        0x0
 .vfp11_veneer  0x00014f24        0x0 linker stubs

.v4_bx          0x00014f24        0x0
 .v4_bx         0x00014f24        0x0 linker stubs

.iplt           0x00014f24        0x0
 .iplt          0x00014f24        0x0 ..\obj\FreeRTOS_TCP_server.o

.ARM.extab
 *(.ARM.extab* .gnu.linkonce.armextab.*)
                0x00014f24                __exidx_start = .

.ARM.exidx      0x00014f24        0x8
 *(.ARM.exidx* .gnu.linkonce.armexidx.*)
 .ARM.exidx     0x00014f24        0x8 C:\Program Files (x86)\GNU Tools ARM Embedded\5.4 2016q2\lib\gcc\arm-none-eabi\5.4.1\armv7-m\libgcc.a(_udivmoddi4.o)
                0x00014f2c                __exidx_end = .
                0x00014f2c                __etext = .
                0x00014f2c                _sidata = __etext

.rel.dyn        0x00014f2c        0x0
 .rel.iplt      0x00014f2c        0x0 ..\obj\FreeRTOS_TCP_server.o

.data           0x10000000      0x904 load address 0x00014f2c
                0x10000000                __data_start__ = .
                0x10000000                _sdata = __data_start__
 *(vtable)
 *(.data*)
 .data          0x10000000       0x18 ..\obj\FreeRTOS_UDP_IP.o
                0x10000000                xDefaultPartUDPPacketHeader
 .data          0x10000018       0x68 ..\obj\FreeRTOS_HTTP_server.o
 .data          0x10000080        0x4 ..\obj\system_LPC17xx.o
                0x10000080                SystemCoreClock
 .data          0x10000084        0x4 ..\obj\port.o
 .data          0x10000088        0x4 ..\obj\heap_2.o
 *fill*         0x1000008c        0x4 
 .data.impure_data
                0x10000090      0x428 C:\Program Files (x86)\GNU Tools ARM Embedded\5.4 2016q2\arm-none-eabi\lib\armv7-m\libc.a(lib_a-impure.o)
 .data._impure_ptr
                0x100004b8        0x4 C:\Program Files (x86)\GNU Tools ARM Embedded\5.4 2016q2\arm-none-eabi\lib\armv7-m\libc.a(lib_a-impure.o)
                0x100004b8                _impure_ptr
 .data.lconv    0x100004bc       0x38 C:\Program Files (x86)\GNU Tools ARM Embedded\5.4 2016q2\arm-none-eabi\lib\armv7-m\libc.a(lib_a-locale.o)
 .data.__malloc_av_
                0x100004f4      0x408 C:\Program Files (x86)\GNU Tools ARM Embedded\5.4 2016q2\arm-none-eabi\lib\armv7-m\libc.a(lib_a-mallocr.o)
                0x100004f4                __malloc_av_
 .data.__malloc_trim_threshold
                0x100008fc        0x4 C:\Program Files (x86)\GNU Tools ARM Embedded\5.4 2016q2\arm-none-eabi\lib\armv7-m\libc.a(lib_a-mallocr.o)
                0x100008fc                __malloc_trim_threshold
 .data.__malloc_sbrk_base
                0x10000900        0x4 C:\Program Files (x86)\GNU Tools ARM Embedded\5.4 2016q2\arm-none-eabi\lib\armv7-m\libc.a(lib_a-mallocr.o)
                0x10000900                __malloc_sbrk_base
                0x10000904                . = ALIGN (0x4)
                [!provide]                PROVIDE (__preinit_array_start, .)
 *(.preinit_array)
                [!provide]                PROVIDE (__preinit_array_end, .)
                0x10000904                . = ALIGN (0x4)
                [!provide]                PROVIDE (__init_array_start, .)
 *(SORT(.init_array.*))
 *(.init_array)
                [!provide]                PROVIDE (__init_array_end, .)
                0x10000904                . = ALIGN (0x4)
                [!provide]                PROVIDE (__fini_array_start, .)
 *(SORT(.fini_array.*))
 *(.fini_array)
                [!provide]                PROVIDE (__fini_array_end, .)
 *(.jcr*)
                0x10000904                . = ALIGN (0x4)
                0x10000904                __data_end__ = .
                0x10000904                _edata = __data_end__

.igot.plt       0x10000904        0x0 load address 0x00015830
 .igot.plt      0x10000904        0x0 ..\obj\FreeRTOS_TCP_server.o

.bss            0x10000908     0x6f6c load address 0x00015838
                0x10000908                . = ALIGN (0x4)
                0x10000908                __bss_start__ = .
                0x10000908                _sbss = __bss_start__
 *(.bss*)
 .bss           0x10000908       0x70 ..\obj\FreeRTOS_IP.o
                0x10000908                xNetworkEventQueue
                0x1000090c                usPacketIdentifier
                0x10000910                xNetworkAddressing
                0x10000924                xDefaultAddressing
 .bss           0x10000978     0x2a64 ..\obj\lpc17xx_emac.o
 .bss           0x100033dc       0x1c ..\obj\FreeRTOS_TCP_WIN.o
                0x100033f4                xTCPWindowLoggingLevel
 .bss           0x100033f8       0x4c ..\obj\FreeRTOS_ARP.o
 .bss           0x10003444        0x4 ..\obj\main.o
 .bss           0x10003448        0x4 ..\obj\FreeRTOS_TCP_IP.o
                0x10003448                ulNextInitialSequenceNumber
 .bss           0x1000344c       0xfc ..\obj\timers.o
 .bss           0x10003548      0x6f8 ..\obj\staticAllocationImpl.o
 .bss           0x10003c40      0x140 ..\obj\tasks.o
                0x10003c40                pxCurrentTCB
 .bss           0x10003d80        0x4 ..\obj\NetworkInterface.o
 .bss           0x10003d84      0xf1c ..\obj\BufferAllocation_2.o
 .bss           0x10004ca0        0xc ..\obj\port.o
 .bss           0x10004cac     0x2814 ..\obj\heap_2.o
 .bss           0x100074c0        0x8 ..\obj\FreeRTOS_Sockets.o
 .bss           0x100074c8       0xc4 ..\obj\ff_sys.o
 .bss.__malloc_max_total_mem
                0x1000758c        0x4 C:\Program Files (x86)\GNU Tools ARM Embedded\5.4 2016q2\arm-none-eabi\lib\armv7-m\libc.a(lib_a-mallocr.o)
                0x1000758c                __malloc_max_total_mem
 .bss.__malloc_max_sbrked_mem
                0x10007590        0x4 C:\Program Files (x86)\GNU Tools ARM Embedded\5.4 2016q2\arm-none-eabi\lib\armv7-m\libc.a(lib_a-mallocr.o)
                0x10007590                __malloc_max_sbrked_mem
 .bss.__malloc_top_pad
                0x10007594        0x4 C:\Program Files (x86)\GNU Tools ARM Embedded\5.4 2016q2\arm-none-eabi\lib\armv7-m\libc.a(lib_a-mallocr.o)
                0x10007594                __malloc_top_pad
 .bss.__malloc_current_mallinfo
                0x10007598       0x28 C:\Program Files (x86)\GNU Tools ARM Embedded\5.4 2016q2\arm-none-eabi\lib\armv7-m\libc.a(lib_a-mallocr.o)
                0x10007598                __malloc_current_mallinfo
 .bss.heap_end.4167
                0x100075c0        0x4 C:\Program Files (x86)\GNU Tools ARM Embedded\5.4 2016q2\arm-none-eabi\lib\armv7-m\libnosys.a(sbrk.o)
 *(COMMON)
 COMMON         0x100075c4      0x180 ..\obj\ff_dev_support.o
                0x100075c4                xFiles
 COMMON         0x10007744        0x4 ..\obj\kit1768.o
                0x10007744                SysTickCounter
 COMMON         0x10007748      0x100 ..\obj\queue.o
                0x10007748                xQueueRegistry
 COMMON         0x10007848       0x28 ..\obj\FreeRTOS_Sockets.o
                0x10007848                xBoundTCPSocketsList
                0x1000785c                xBoundUDPSocketsList
 COMMON         0x10007870        0x4 C:\Program Files (x86)\GNU Tools ARM Embedded\5.4 2016q2\arm-none-eabi\lib\armv7-m\libc.a(lib_a-reent.o)
                0x10007870                errno
                0x10007874                . = ALIGN (0x4)
                0x10007874                __bss_end__ = .
                0x10007874                _ebss = __bss_end__

.heap           0x10007874        0x0
                0x10007874                __end__ = .
                0x10007874                _end = __end__
                0x10007874                end = __end__
 *(.heap*)
                0x10007874                __HeapLimit = .

.co_stack       0x10007874      0x404 load address 0x0001c7a4
                0x10007878                . = ALIGN (0x8)
 *fill*         0x10007874        0x4 
 *(.co_stack .co_stack.*)
 .co_stack      0x10007878      0x400 ..\obj\startup_LPC17xx.o
                0x10007878                pulStack
                0x10008000                __StackTop = (ORIGIN (ram) + LENGTH (ram))
                0x10007bfc                __StackLimit = (__StackTop - SIZEOF (.co_stack))
                [!provide]                PROVIDE (__stack, __StackTop)
                0x00000001                ASSERT ((__StackLimit >= __HeapLimit), region ram  overflowed with stack)
LOAD C:\Program Files (x86)\GNU Tools ARM Embedded\5.4 2016q2\arm-none-eabi\lib\armv7-m\libc.a
LOAD ..\obj\FreeRTOS_TCP_server.o
LOAD ..\obj\ff_dev_support.o
LOAD ..\obj\FreeRTOS_UDP_IP.o
LOAD ..\obj\FreeRTOS_Stream_Buffer.o
LOAD ..\obj\FreeRTOS_DNS.o
LOAD ..\obj\configurationManager.o
LOAD ..\obj\kit1768.o
LOAD ..\obj\lpc17xx_clkpwr.o
LOAD ..\obj\FreeRTOS_HTTP_server.o
LOAD ..\obj\FreeRTOS_IP.o
LOAD ..\obj\system_LPC17xx.o
LOAD ..\obj\lpc17xx_emac.o
LOAD ..\obj\ff_file.o
LOAD ..\obj\ff_crc.o
LOAD ..\obj\FreeRTOS_TCP_WIN.o
LOAD ..\obj\ff_time.o
LOAD ..\obj\FreeRTOS_ARP.o
LOAD ..\obj\main.o
LOAD ..\obj\FreeRTOS_TCP_IP.o
LOAD ..\obj\timers.o
LOAD ..\obj\ff_string.o
LOAD ..\obj\ff_dir.o
LOAD ..\obj\ff_format.o
LOAD ..\obj\lpc17xx_gpio.o
LOAD ..\obj\staticAllocationImpl.o
LOAD ..\obj\tasks.o
LOAD ..\obj\startup_LPC17xx.o
LOAD ..\obj\lpc17xx_libcfg_default.o
LOAD ..\obj\NetworkInterface.o
LOAD ..\obj\lpc17xx_pinsel.o
LOAD ..\obj\BufferAllocation_2.o
LOAD ..\obj\list.o
LOAD ..\obj\ff_memory.o
LOAD ..\obj\port.o
LOAD ..\obj\queue.o
LOAD ..\obj\ff_ioman.o
LOAD ..\obj\ff_fat.o
LOAD ..\obj\ff_stdio.o
LOAD ..\obj\event_groups.o
LOAD ..\obj\ff_locking.o
LOAD ..\obj\FreeRTOS_HTTP_commands.o
LOAD ..\obj\ff_error.o
LOAD ..\obj\FreeRTOS_DHCP.o
LOAD ..\obj\heap_2.o
LOAD ..\obj\ff_ramdisk.o
LOAD ..\obj\FreeRTOS_Sockets.o
LOAD ..\obj\ff_sys.o
LOAD C:\Program Files (x86)\GNU Tools ARM Embedded\5.4 2016q2\arm-none-eabi\lib\armv7-m\libc.a
LOAD C:\Program Files (x86)\GNU Tools ARM Embedded\5.4 2016q2\arm-none-eabi\lib\armv7-m\libm.a
LOAD C:\Program Files (x86)\GNU Tools ARM Embedded\5.4 2016q2\arm-none-eabi\lib\armv7-m\libg.a
LOAD C:\Program Files (x86)\GNU Tools ARM Embedded\5.4 2016q2\arm-none-eabi\lib\armv7-m\libnosys.a
LOAD C:\Program Files (x86)\GNU Tools ARM Embedded\5.4 2016q2\lib\gcc\arm-none-eabi\5.4.1\armv7-m\libgcc.a
START GROUP
LOAD C:\Program Files (x86)\GNU Tools ARM Embedded\5.4 2016q2\lib\gcc\arm-none-eabi\5.4.1\armv7-m\libgcc.a
LOAD C:\Program Files (x86)\GNU Tools ARM Embedded\5.4 2016q2\arm-none-eabi\lib\armv7-m\libg.a
LOAD C:\Program Files (x86)\GNU Tools ARM Embedded\5.4 2016q2\arm-none-eabi\lib\armv7-m\libc.a
END GROUP
OUTPUT(m3webbackbone.elf elf32-littlearm)

.debug_info     0x00000000    0x1b1c4
 .debug_info    0x00000000      0x634 ..\obj\FreeRTOS_TCP_server.o
 .debug_info    0x00000634      0x98b ..\obj\ff_dev_support.o
 .debug_info    0x00000fbf      0xe53 ..\obj\FreeRTOS_UDP_IP.o
 .debug_info    0x00001e12      0x454 ..\obj\FreeRTOS_Stream_Buffer.o
 .debug_info    0x00002266       0xac ..\obj\configurationManager.o
 .debug_info    0x00002312      0x376 ..\obj\kit1768.o
 .debug_info    0x00002688      0x67d ..\obj\lpc17xx_clkpwr.o
 .debug_info    0x00002d05      0xcea ..\obj\FreeRTOS_HTTP_server.o
 .debug_info    0x000039ef     0x1e64 ..\obj\FreeRTOS_IP.o
 .debug_info    0x00005853      0x4db ..\obj\system_LPC17xx.o
 .debug_info    0x00005d2e      0xcb1 ..\obj\lpc17xx_emac.o
 .debug_info    0x000069df     0x190f ..\obj\ff_file.o
 .debug_info    0x000082ee      0x233 ..\obj\ff_crc.o
 .debug_info    0x00008521     0x1020 ..\obj\FreeRTOS_TCP_WIN.o
 .debug_info    0x00009541      0x78e ..\obj\FreeRTOS_ARP.o
 .debug_info    0x00009ccf      0x389 ..\obj\main.o
 .debug_info    0x0000a058     0x21c6 ..\obj\FreeRTOS_TCP_IP.o
 .debug_info    0x0000c21e      0xd52 ..\obj\timers.o
 .debug_info    0x0000cf70      0x3c9 ..\obj\ff_string.o
 .debug_info    0x0000d339     0x18c4 ..\obj\ff_dir.o
 .debug_info    0x0000ebfd      0xd59 ..\obj\lpc17xx_gpio.o
 .debug_info    0x0000f956      0x2e8 ..\obj\staticAllocationImpl.o
 .debug_info    0x0000fc3e     0x18cb ..\obj\tasks.o
 .debug_info    0x00011509       0xee ..\obj\startup_LPC17xx.o
 .debug_info    0x000115f7      0x387 ..\obj\NetworkInterface.o
 .debug_info    0x0001197e      0x49b ..\obj\BufferAllocation_2.o
 .debug_info    0x00011e19      0x2a0 ..\obj\list.o
 .debug_info    0x000120b9      0x3ae ..\obj\port.o
 .debug_info    0x00012467     0x1178 ..\obj\queue.o
 .debug_info    0x000135df     0x1288 ..\obj\ff_ioman.o
 .debug_info    0x00014867     0x1278 ..\obj\ff_fat.o
 .debug_info    0x00015adf     0x1522 ..\obj\ff_stdio.o
 .debug_info    0x00017001      0x7ba ..\obj\event_groups.o
 .debug_info    0x000177bb      0x735 ..\obj\ff_locking.o
 .debug_info    0x00017ef0      0x1b0 ..\obj\FreeRTOS_HTTP_commands.o
 .debug_info    0x000180a0      0x2df ..\obj\heap_2.o
 .debug_info    0x0001837f     0x2629 ..\obj\FreeRTOS_Sockets.o
 .debug_info    0x0001a9a8      0x81c ..\obj\ff_sys.o

.debug_abbrev   0x00000000     0x4552
 .debug_abbrev  0x00000000      0x1e2 ..\obj\FreeRTOS_TCP_server.o
 .debug_abbrev  0x000001e2      0x186 ..\obj\ff_dev_support.o
 .debug_abbrev  0x00000368      0x244 ..\obj\FreeRTOS_UDP_IP.o
 .debug_abbrev  0x000005ac      0x10a ..\obj\FreeRTOS_Stream_Buffer.o
 .debug_abbrev  0x000006b6       0x54 ..\obj\configurationManager.o
 .debug_abbrev  0x0000070a      0x183 ..\obj\kit1768.o
 .debug_abbrev  0x0000088d      0x1c7 ..\obj\lpc17xx_clkpwr.o
 .debug_abbrev  0x00000a54      0x288 ..\obj\FreeRTOS_HTTP_server.o
 .debug_abbrev  0x00000cdc      0x320 ..\obj\FreeRTOS_IP.o
 .debug_abbrev  0x00000ffc      0x101 ..\obj\system_LPC17xx.o
 .debug_abbrev  0x000010fd      0x248 ..\obj\lpc17xx_emac.o
 .debug_abbrev  0x00001345      0x28d ..\obj\ff_file.o
 .debug_abbrev  0x000015d2       0xeb ..\obj\ff_crc.o
 .debug_abbrev  0x000016bd      0x225 ..\obj\FreeRTOS_TCP_WIN.o
 .debug_abbrev  0x000018e2      0x1e7 ..\obj\FreeRTOS_ARP.o
 .debug_abbrev  0x00001ac9      0x18b ..\obj\main.o
 .debug_abbrev  0x00001c54      0x34a ..\obj\FreeRTOS_TCP_IP.o
 .debug_abbrev  0x00001f9e      0x1f7 ..\obj\timers.o
 .debug_abbrev  0x00002195      0x10d ..\obj\ff_string.o
 .debug_abbrev  0x000022a2      0x272 ..\obj\ff_dir.o
 .debug_abbrev  0x00002514      0x20c ..\obj\lpc17xx_gpio.o
 .debug_abbrev  0x00002720       0xc3 ..\obj\staticAllocationImpl.o
 .debug_abbrev  0x000027e3      0x29e ..\obj\tasks.o
 .debug_abbrev  0x00002a81       0xa7 ..\obj\startup_LPC17xx.o
 .debug_abbrev  0x00002b28      0x16a ..\obj\NetworkInterface.o
 .debug_abbrev  0x00002c92      0x176 ..\obj\BufferAllocation_2.o
 .debug_abbrev  0x00002e08       0xbc ..\obj\list.o
 .debug_abbrev  0x00002ec4      0x1f7 ..\obj\port.o
 .debug_abbrev  0x000030bb      0x265 ..\obj\queue.o
 .debug_abbrev  0x00003320      0x29f ..\obj\ff_ioman.o
 .debug_abbrev  0x000035bf      0x23b ..\obj\ff_fat.o
 .debug_abbrev  0x000037fa      0x23b ..\obj\ff_stdio.o
 .debug_abbrev  0x00003a35      0x1e2 ..\obj\event_groups.o
 .debug_abbrev  0x00003c17      0x151 ..\obj\ff_locking.o
 .debug_abbrev  0x00003d68       0xe5 ..\obj\FreeRTOS_HTTP_commands.o
 .debug_abbrev  0x00003e4d      0x150 ..\obj\heap_2.o
 .debug_abbrev  0x00003f9d      0x3a0 ..\obj\FreeRTOS_Sockets.o
 .debug_abbrev  0x0000433d      0x215 ..\obj\ff_sys.o

.debug_aranges  0x00000000     0x17d0
 .debug_aranges
                0x00000000       0x40 ..\obj\FreeRTOS_TCP_server.o
 .debug_aranges
                0x00000040       0x58 ..\obj\ff_dev_support.o
 .debug_aranges
                0x00000098       0x28 ..\obj\FreeRTOS_UDP_IP.o
 .debug_aranges
                0x000000c0       0x58 ..\obj\FreeRTOS_Stream_Buffer.o
 .debug_aranges
                0x00000118       0x38 ..\obj\configurationManager.o
 .debug_aranges
                0x00000150       0x80 ..\obj\kit1768.o
 .debug_aranges
                0x000001d0       0x58 ..\obj\lpc17xx_clkpwr.o
 .debug_aranges
                0x00000228       0x58 ..\obj\FreeRTOS_HTTP_server.o
 .debug_aranges
                0x00000280      0x158 ..\obj\FreeRTOS_IP.o
 .debug_aranges
                0x000003d8       0x28 ..\obj\system_LPC17xx.o
 .debug_aranges
                0x00000400       0xd8 ..\obj\lpc17xx_emac.o
 .debug_aranges
                0x000004d8      0x130 ..\obj\ff_file.o
 .debug_aranges
                0x00000608       0x30 ..\obj\ff_crc.o
 .debug_aranges
                0x00000638      0x118 ..\obj\FreeRTOS_TCP_WIN.o
 .debug_aranges
                0x00000750       0x60 ..\obj\FreeRTOS_ARP.o
 .debug_aranges
                0x000007b0       0x38 ..\obj\main.o
 .debug_aranges
                0x000007e8      0x168 ..\obj\FreeRTOS_TCP_IP.o
 .debug_aranges
                0x00000950       0xc0 ..\obj\timers.o
 .debug_aranges
                0x00000a10       0x50 ..\obj\ff_string.o
 .debug_aranges
                0x00000a60      0x148 ..\obj\ff_dir.o
 .debug_aranges
                0x00000ba8       0xf8 ..\obj\lpc17xx_gpio.o
 .debug_aranges
                0x00000ca0       0x28 ..\obj\staticAllocationImpl.o
 .debug_aranges
                0x00000cc8      0x1d0 ..\obj\tasks.o
 .debug_aranges
                0x00000e98       0x28 ..\obj\startup_LPC17xx.o
 .debug_aranges
                0x00000ec0       0x40 ..\obj\NetworkInterface.o
 .debug_aranges
                0x00000f00       0x58 ..\obj\BufferAllocation_2.o
 .debug_aranges
                0x00000f58       0x40 ..\obj\list.o
 .debug_aranges
                0x00000f98       0x78 ..\obj\port.o
 .debug_aranges
                0x00001010      0x118 ..\obj\queue.o
 .debug_aranges
                0x00001128       0xf0 ..\obj\ff_ioman.o
 .debug_aranges
                0x00001218       0xe8 ..\obj\ff_fat.o
 .debug_aranges
                0x00001300      0x120 ..\obj\ff_stdio.o
 .debug_aranges
                0x00001420       0x70 ..\obj\event_groups.o
 .debug_aranges
                0x00001490       0x80 ..\obj\ff_locking.o
 .debug_aranges
                0x00001510       0x20 ..\obj\FreeRTOS_HTTP_commands.o
 .debug_aranges
                0x00001530       0x40 ..\obj\heap_2.o
 .debug_aranges
                0x00001570      0x208 ..\obj\FreeRTOS_Sockets.o
 .debug_aranges
                0x00001778       0x58 ..\obj\ff_sys.o

.debug_ranges   0x00000000     0x1630
 .debug_ranges  0x00000000       0x30 ..\obj\FreeRTOS_TCP_server.o
 .debug_ranges  0x00000030       0x48 ..\obj\ff_dev_support.o
 .debug_ranges  0x00000078       0x18 ..\obj\FreeRTOS_UDP_IP.o
 .debug_ranges  0x00000090       0x48 ..\obj\FreeRTOS_Stream_Buffer.o
 .debug_ranges  0x000000d8       0x28 ..\obj\configurationManager.o
 .debug_ranges  0x00000100       0x70 ..\obj\kit1768.o
 .debug_ranges  0x00000170       0x48 ..\obj\lpc17xx_clkpwr.o
 .debug_ranges  0x000001b8       0x48 ..\obj\FreeRTOS_HTTP_server.o
 .debug_ranges  0x00000200      0x148 ..\obj\FreeRTOS_IP.o
 .debug_ranges  0x00000348       0x18 ..\obj\system_LPC17xx.o
 .debug_ranges  0x00000360       0xc8 ..\obj\lpc17xx_emac.o
 .debug_ranges  0x00000428      0x150 ..\obj\ff_file.o
 .debug_ranges  0x00000578       0x20 ..\obj\ff_crc.o
 .debug_ranges  0x00000598      0x108 ..\obj\FreeRTOS_TCP_WIN.o
 .debug_ranges  0x000006a0       0x50 ..\obj\FreeRTOS_ARP.o
 .debug_ranges  0x000006f0       0x28 ..\obj\main.o
 .debug_ranges  0x00000718      0x170 ..\obj\FreeRTOS_TCP_IP.o
 .debug_ranges  0x00000888       0xb0 ..\obj\timers.o
 .debug_ranges  0x00000938       0x40 ..\obj\ff_string.o
 .debug_ranges  0x00000978      0x150 ..\obj\ff_dir.o
 .debug_ranges  0x00000ac8       0xe8 ..\obj\lpc17xx_gpio.o
 .debug_ranges  0x00000bb0       0x18 ..\obj\staticAllocationImpl.o
 .debug_ranges  0x00000bc8      0x1c0 ..\obj\tasks.o
 .debug_ranges  0x00000d88       0x18 ..\obj\startup_LPC17xx.o
 .debug_ranges  0x00000da0       0x30 ..\obj\NetworkInterface.o
 .debug_ranges  0x00000dd0       0x48 ..\obj\BufferAllocation_2.o
 .debug_ranges  0x00000e18       0x30 ..\obj\list.o
 .debug_ranges  0x00000e48       0x68 ..\obj\port.o
 .debug_ranges  0x00000eb0      0x108 ..\obj\queue.o
 .debug_ranges  0x00000fb8      0x110 ..\obj\ff_ioman.o
 .debug_ranges  0x000010c8       0xd8 ..\obj\ff_fat.o
 .debug_ranges  0x000011a0      0x110 ..\obj\ff_stdio.o
 .debug_ranges  0x000012b0       0x60 ..\obj\event_groups.o
 .debug_ranges  0x00001310       0x70 ..\obj\ff_locking.o
 .debug_ranges  0x00001380       0x10 ..\obj\FreeRTOS_HTTP_commands.o
 .debug_ranges  0x00001390       0x30 ..\obj\heap_2.o
 .debug_ranges  0x000013c0      0x228 ..\obj\FreeRTOS_Sockets.o
 .debug_ranges  0x000015e8       0x48 ..\obj\ff_sys.o

.debug_line     0x00000000     0xc04c
 .debug_line    0x00000000      0x3dd ..\obj\FreeRTOS_TCP_server.o
 .debug_line    0x000003dd      0x375 ..\obj\ff_dev_support.o
 .debug_line    0x00000752      0x3f7 ..\obj\FreeRTOS_UDP_IP.o
 .debug_line    0x00000b49      0x3c3 ..\obj\FreeRTOS_Stream_Buffer.o
 .debug_line    0x00000f0c       0xbf ..\obj\configurationManager.o
 .debug_line    0x00000fcb      0x36a ..\obj\kit1768.o
 .debug_line    0x00001335      0x2cc ..\obj\lpc17xx_clkpwr.o
 .debug_line    0x00001601      0x554 ..\obj\FreeRTOS_HTTP_server.o
 .debug_line    0x00001b55      0x86f ..\obj\FreeRTOS_IP.o
 .debug_line    0x000023c4      0x239 ..\obj\system_LPC17xx.o
 .debug_line    0x000025fd      0x55e ..\obj\lpc17xx_emac.o
 .debug_line    0x00002b5b      0xa29 ..\obj\ff_file.o
 .debug_line    0x00003584      0x17b ..\obj\ff_crc.o
 .debug_line    0x000036ff      0x7d3 ..\obj\FreeRTOS_TCP_WIN.o
 .debug_line    0x00003ed2      0x4a7 ..\obj\FreeRTOS_ARP.o
 .debug_line    0x00004379      0x320 ..\obj\main.o
 .debug_line    0x00004699      0xbee ..\obj\FreeRTOS_TCP_IP.o
 .debug_line    0x00005287      0x4cc ..\obj\timers.o
 .debug_line    0x00005753      0x308 ..\obj\ff_string.o
 .debug_line    0x00005a5b      0xad8 ..\obj\ff_dir.o
 .debug_line    0x00006533      0x4ae ..\obj\lpc17xx_gpio.o
 .debug_line    0x000069e1      0x231 ..\obj\staticAllocationImpl.o
 .debug_line    0x00006c12      0xb58 ..\obj\tasks.o
 .debug_line    0x0000776a       0xb7 ..\obj\startup_LPC17xx.o
 .debug_line    0x00007821      0x41c ..\obj\NetworkInterface.o
 .debug_line    0x00007c3d      0x43e ..\obj\BufferAllocation_2.o
 .debug_line    0x0000807b      0x26b ..\obj\list.o
 .debug_line    0x000082e6      0x318 ..\obj\port.o
 .debug_line    0x000085fe      0x70f ..\obj\queue.o
 .debug_line    0x00008d0d      0x8a0 ..\obj\ff_ioman.o
 .debug_line    0x000095ad      0x69d ..\obj\ff_fat.o
 .debug_line    0x00009c4a      0x7be ..\obj\ff_stdio.o
 .debug_line    0x0000a408      0x380 ..\obj\event_groups.o
 .debug_line    0x0000a788      0x373 ..\obj\ff_locking.o
 .debug_line    0x0000aafb      0x177 ..\obj\FreeRTOS_HTTP_commands.o
 .debug_line    0x0000ac72      0x2cb ..\obj\heap_2.o
 .debug_line    0x0000af3d      0xd41 ..\obj\FreeRTOS_Sockets.o
 .debug_line    0x0000bc7e      0x3ce ..\obj\ff_sys.o

.debug_str      0x00000000     0x88e0
 .debug_str     0x00000000      0x4a8 ..\obj\FreeRTOS_TCP_server.o
                                0x55e (size before relaxing)
 .debug_str     0x000004a8      0x5ea ..\obj\ff_dev_support.o
                                0x7fd (size before relaxing)
 .debug_str     0x00000a92      0xa9b ..\obj\FreeRTOS_UDP_IP.o
                                0xdce (size before relaxing)
 .debug_str     0x0000152d      0x173 ..\obj\FreeRTOS_Stream_Buffer.o
                                0x346 (size before relaxing)
 .debug_str     0x000016a0       0xaa ..\obj\configurationManager.o
                                0x1aa (size before relaxing)
 .debug_str     0x0000174a      0x1e7 ..\obj\kit1768.o
                                0x333 (size before relaxing)
 .debug_str     0x00001931      0x2e9 ..\obj\lpc17xx_clkpwr.o
                                0x43c (size before relaxing)
 .debug_str     0x00001c1a      0x313 ..\obj\FreeRTOS_HTTP_server.o
                                0xac5 (size before relaxing)
 .debug_str     0x00001f2d      0xc07 ..\obj\FreeRTOS_IP.o
                               0x19dd (size before relaxing)
 .debug_str     0x00002b34       0x80 ..\obj\system_LPC17xx.o
                                0x37c (size before relaxing)
 .debug_str     0x00002bb4      0x4e9 ..\obj\lpc17xx_emac.o
                                0x747 (size before relaxing)
 .debug_str     0x0000309d      0x53a ..\obj\ff_file.o
                                0xbad (size before relaxing)
 .debug_str     0x000035d7       0xcd ..\obj\ff_crc.o
                                0x228 (size before relaxing)
 .debug_str     0x000036a4      0x434 ..\obj\FreeRTOS_TCP_WIN.o
                                0x96c (size before relaxing)
 .debug_str     0x00003ad8      0x1da ..\obj\FreeRTOS_ARP.o
                                0x885 (size before relaxing)
 .debug_str     0x00003cb2      0x17b ..\obj\main.o
                                0x3b7 (size before relaxing)
 .debug_str     0x00003e2d      0x593 ..\obj\FreeRTOS_TCP_IP.o
                               0x15b1 (size before relaxing)
 .debug_str     0x000043c0      0x617 ..\obj\timers.o
                                0x8f9 (size before relaxing)
 .debug_str     0x000049d7      0x14a ..\obj\ff_string.o
                                0x2fd (size before relaxing)
 .debug_str     0x00004b21      0x4cb ..\obj\ff_dir.o
                                0xc47 (size before relaxing)
 .debug_str     0x00004fec      0x46c ..\obj\lpc17xx_gpio.o
                                0x606 (size before relaxing)
 .debug_str     0x00005458      0x141 ..\obj\staticAllocationImpl.o
                                0x371 (size before relaxing)
 .debug_str     0x00005599      0xbb5 ..\obj\tasks.o
                                0xfe0 (size before relaxing)
 .debug_str     0x0000614e       0xc9 ..\obj\startup_LPC17xx.o
                                0x160 (size before relaxing)
 .debug_str     0x00006217      0x12a ..\obj\NetworkInterface.o
                                0x480 (size before relaxing)
 .debug_str     0x00006341      0x21a ..\obj\BufferAllocation_2.o
                                0x54f (size before relaxing)
 .debug_str     0x0000655b       0xb3 ..\obj\list.o
                                0x2b3 (size before relaxing)
 .debug_str     0x0000660e      0x233 ..\obj\port.o
                                0x43a (size before relaxing)
 .debug_str     0x00006841      0x4f5 ..\obj\queue.o
                                0x912 (size before relaxing)
 .debug_str     0x00006d36      0x524 ..\obj\ff_ioman.o
                                0xb26 (size before relaxing)
 .debug_str     0x0000725a      0x312 ..\obj\ff_fat.o
                                0x93a (size before relaxing)
 .debug_str     0x0000756c      0x49b ..\obj\ff_stdio.o
                                0xc34 (size before relaxing)
 .debug_str     0x00007a07      0x2ba ..\obj\event_groups.o
                                0x618 (size before relaxing)
 .debug_str     0x00007cc1      0x143 ..\obj\ff_locking.o
                                0x66a (size before relaxing)
 .debug_str     0x00007e04       0x7b ..\obj\FreeRTOS_HTTP_commands.o
                                0x329 (size before relaxing)
 .debug_str     0x00007e7f      0x178 ..\obj\heap_2.o
                                0x2fe (size before relaxing)
 .debug_str     0x00007ff7      0x7fd ..\obj\FreeRTOS_Sockets.o
                               0x179b (size before relaxing)
 .debug_str     0x000087f4       0xec ..\obj\ff_sys.o
                                0x690 (size before relaxing)

.comment        0x00000000       0x6e
 .comment       0x00000000       0x6e ..\obj\FreeRTOS_TCP_server.o
                                 0x6f (size before relaxing)
 .comment       0x0000006e       0x6f ..\obj\ff_dev_support.o
 .comment       0x0000006e       0x6f ..\obj\FreeRTOS_UDP_IP.o
 .comment       0x0000006e       0x6f ..\obj\FreeRTOS_Stream_Buffer.o
 .comment       0x0000006e       0x6f ..\obj\configurationManager.o
 .comment       0x0000006e       0x6f ..\obj\kit1768.o
 .comment       0x0000006e       0x6f ..\obj\lpc17xx_clkpwr.o
 .comment       0x0000006e       0x6f ..\obj\FreeRTOS_HTTP_server.o
 .comment       0x0000006e       0x6f ..\obj\FreeRTOS_IP.o
 .comment       0x0000006e       0x6f ..\obj\system_LPC17xx.o
 .comment       0x0000006e       0x6f ..\obj\lpc17xx_emac.o
 .comment       0x0000006e       0x6f ..\obj\ff_file.o
 .comment       0x0000006e       0x6f ..\obj\ff_crc.o
 .comment       0x0000006e       0x6f ..\obj\FreeRTOS_TCP_WIN.o
 .comment       0x0000006e       0x6f ..\obj\FreeRTOS_ARP.o
 .comment       0x0000006e       0x6f ..\obj\main.o
 .comment       0x0000006e       0x6f ..\obj\FreeRTOS_TCP_IP.o
 .comment       0x0000006e       0x6f ..\obj\timers.o
 .comment       0x0000006e       0x6f ..\obj\ff_string.o