Archive member included to satisfy reference by file (symbol)

c:/program files (x86)/atollic/truestudio for arm 6.0.0/armtools/bin/../lib/gcc/arm-atollic-eabi/5.3.1/../../../../arm-atollic-eabi/lib/armv7-m\libc_nano.a(lib_a-memcpy-stub.o)
                              FreeRTOS\Source\queue.o (memcpy)

Allocating common symbols
Common symbol       size              file

SysTickCounter      0x4               ChipSpecific\LandTiger2\kit1768\kit1768.o

Discarded input sections

 .text          0x00000000        0x0 c:/program files (x86)/atollic/truestudio for arm 6.0.0/armtools/bin/../lib/gcc/arm-atollic-eabi/5.3.1/armv7-m/crti.o
 .data          0x00000000        0x0 c:/program files (x86)/atollic/truestudio for arm 6.0.0/armtools/bin/../lib/gcc/arm-atollic-eabi/5.3.1/armv7-m/crti.o
 .bss           0x00000000        0x0 c:/program files (x86)/atollic/truestudio for arm 6.0.0/armtools/bin/../lib/gcc/arm-atollic-eabi/5.3.1/armv7-m/crti.o
 .data          0x00000000        0x4 c:/program files (x86)/atollic/truestudio for arm 6.0.0/armtools/bin/../lib/gcc/arm-atollic-eabi/5.3.1/armv7-m/crtbegin.o
 .text          0x00000000        0x0 BusinessLogic\managers\networkManager.o
 .data          0x00000000        0x0 BusinessLogic\managers\networkManager.o
 .bss           0x00000000        0x0 BusinessLogic\managers\networkManager.o
 .debug_info    0x00000000       0x64 BusinessLogic\managers\networkManager.o
 .debug_abbrev  0x00000000       0x26 BusinessLogic\managers\networkManager.o
 .debug_aranges
                0x00000000       0x18 BusinessLogic\managers\networkManager.o
 .debug_line    0x00000000       0x1d BusinessLogic\managers\networkManager.o
 .debug_str     0x00000000      0x163 BusinessLogic\managers\networkManager.o
 .comment       0x00000000       0x7f BusinessLogic\managers\networkManager.o
 .ARM.attributes
                0x00000000       0x33 BusinessLogic\managers\networkManager.o
 .text          0x00000000        0x0 ChipSpecific\LandTiger2\cmsis_boot\startup\startup_LPC17xx.o
 .data          0x00000000        0x0 ChipSpecific\LandTiger2\cmsis_boot\startup\startup_LPC17xx.o
 .bss           0x00000000        0x0 ChipSpecific\LandTiger2\cmsis_boot\startup\startup_LPC17xx.o
 .text          0x00000000        0x0 ChipSpecific\LandTiger2\cmsis_boot\system_LPC17xx.o
 .data          0x00000000        0x0 ChipSpecific\LandTiger2\cmsis_boot\system_LPC17xx.o
 .bss           0x00000000        0x0 ChipSpecific\LandTiger2\cmsis_boot\system_LPC17xx.o
 .text.SystemCoreClockUpdate
                0x00000000       0xb8 ChipSpecific\LandTiger2\cmsis_boot\system_LPC17xx.o
 .data.SystemCoreClock
                0x00000000        0x4 ChipSpecific\LandTiger2\cmsis_boot\system_LPC17xx.o
 .text          0x00000000        0x0 ChipSpecific\LandTiger2\kit1768\kit1768.o
 .data          0x00000000        0x0 ChipSpecific\LandTiger2\kit1768\kit1768.o
 .bss           0x00000000        0x0 ChipSpecific\LandTiger2\kit1768\kit1768.o
 .text.KIT1768_10msDelay
                0x00000000       0x10 ChipSpecific\LandTiger2\kit1768\kit1768.o
 .text.KIT1768_Init
                0x00000000       0xa4 ChipSpecific\LandTiger2\kit1768\kit1768.o
 .text.KIT1768_Led_Enable
                0x00000000       0x10 ChipSpecific\LandTiger2\kit1768\kit1768.o
 .text.KIT1768_Led_Ein
                0x00000000       0x64 ChipSpecific\LandTiger2\kit1768\kit1768.o
 .text.KIT1768_Led_Aus
                0x00000000       0x64 ChipSpecific\LandTiger2\kit1768\kit1768.o
 .text.KIT1768_Alle_Led_Ein
                0x00000000       0x28 ChipSpecific\LandTiger2\kit1768\kit1768.o
 .text.KIT1768_Alle_Led_Aus
                0x00000000       0x24 ChipSpecific\LandTiger2\kit1768\kit1768.o
 .text.KIT1768_Segment_Ein
                0x00000000       0x88 ChipSpecific\LandTiger2\kit1768\kit1768.o
 .text.KIT1768_Lese_Taste
                0x00000000       0x78 ChipSpecific\LandTiger2\kit1768\kit1768.o
 .text.KIT1768_Lese_Alle_Tasten
                0x00000000       0x20 ChipSpecific\LandTiger2\kit1768\kit1768.o
 .text.KIT1768_Lese_Schalter
                0x00000000       0x78 ChipSpecific\LandTiger2\kit1768\kit1768.o
 .text.KIT1768_Lese_Alle_Schalter
                0x00000000       0x20 ChipSpecific\LandTiger2\kit1768\kit1768.o
 .rodata.SEGMENT_TABLE
                0x00000000        0xa ChipSpecific\LandTiger2\kit1768\kit1768.o
 .text          0x00000000        0x0 ChipSpecific\LandTiger2\lpc17xx_lib\source\lpc17xx_clkpwr.o
 .data          0x00000000        0x0 ChipSpecific\LandTiger2\lpc17xx_lib\source\lpc17xx_clkpwr.o
 .bss           0x00000000        0x0 ChipSpecific\LandTiger2\lpc17xx_lib\source\lpc17xx_clkpwr.o
 .text.CLKPWR_SetPCLKDiv
                0x00000000       0x54 ChipSpecific\LandTiger2\lpc17xx_lib\source\lpc17xx_clkpwr.o
 .text.CLKPWR_GetPCLKSEL
                0x00000000       0x20 ChipSpecific\LandTiger2\lpc17xx_lib\source\lpc17xx_clkpwr.o
 .text.CLKPWR_GetPCLK
                0x00000000       0x40 ChipSpecific\LandTiger2\lpc17xx_lib\source\lpc17xx_clkpwr.o
 .text.CLKPWR_ConfigPPWR
                0x00000000       0x34 ChipSpecific\LandTiger2\lpc17xx_lib\source\lpc17xx_clkpwr.o
 .text.CLKPWR_Sleep
                0x00000000       0x10 ChipSpecific\LandTiger2\lpc17xx_lib\source\lpc17xx_clkpwr.o
 .text.CLKPWR_DeepSleep
                0x00000000       0x1c ChipSpecific\LandTiger2\lpc17xx_lib\source\lpc17xx_clkpwr.o
 .text.CLKPWR_PowerDown
                0x00000000       0x1c ChipSpecific\LandTiger2\lpc17xx_lib\source\lpc17xx_clkpwr.o
 .text.CLKPWR_DeepPowerDown
                0x00000000       0x1c ChipSpecific\LandTiger2\lpc17xx_lib\source\lpc17xx_clkpwr.o
 .debug_info    0x00000000      0x6d3 ChipSpecific\LandTiger2\lpc17xx_lib\source\lpc17xx_clkpwr.o
 .debug_abbrev  0x00000000      0x234 ChipSpecific\LandTiger2\lpc17xx_lib\source\lpc17xx_clkpwr.o
 .debug_loc     0x00000000      0x267 ChipSpecific\LandTiger2\lpc17xx_lib\source\lpc17xx_clkpwr.o
 .debug_aranges
                0x00000000       0x58 ChipSpecific\LandTiger2\lpc17xx_lib\source\lpc17xx_clkpwr.o
 .debug_ranges  0x00000000       0x60 ChipSpecific\LandTiger2\lpc17xx_lib\source\lpc17xx_clkpwr.o
 .debug_line    0x00000000      0x335 ChipSpecific\LandTiger2\lpc17xx_lib\source\lpc17xx_clkpwr.o
 .debug_str     0x00000000      0x453 ChipSpecific\LandTiger2\lpc17xx_lib\source\lpc17xx_clkpwr.o
 .comment       0x00000000       0x7f ChipSpecific\LandTiger2\lpc17xx_lib\source\lpc17xx_clkpwr.o
 .debug_frame   0x00000000       0xa0 ChipSpecific\LandTiger2\lpc17xx_lib\source\lpc17xx_clkpwr.o
 .ARM.attributes
                0x00000000       0x33 ChipSpecific\LandTiger2\lpc17xx_lib\source\lpc17xx_clkpwr.o
 .text          0x00000000        0x0 ChipSpecific\LandTiger2\lpc17xx_lib\source\lpc17xx_emac.o
 .data          0x00000000        0x0 ChipSpecific\LandTiger2\lpc17xx_lib\source\lpc17xx_emac.o
 .bss           0x00000000        0x0 ChipSpecific\LandTiger2\lpc17xx_lib\source\lpc17xx_emac.o
 .text.EMAC_DeInit
                0x00000000       0x1c ChipSpecific\LandTiger2\lpc17xx_lib\source\lpc17xx_emac.o
 .text.EMAC_CheckPHYStatus
                0x00000000       0x68 ChipSpecific\LandTiger2\lpc17xx_lib\source\lpc17xx_emac.o
 .text.EMAC_UpdatePHYStatus
                0x00000000       0x8c ChipSpecific\LandTiger2\lpc17xx_lib\source\lpc17xx_emac.o
 .text.EMAC_SetPHYMode
                0x00000000      0x190 ChipSpecific\LandTiger2\lpc17xx_lib\source\lpc17xx_emac.o
 .text.EMAC_Init
                0x00000000      0x1d4 ChipSpecific\LandTiger2\lpc17xx_lib\source\lpc17xx_emac.o
 .text.EMAC_SetHashFilter
                0x00000000       0xe0 ChipSpecific\LandTiger2\lpc17xx_lib\source\lpc17xx_emac.o
 .text.EMAC_SetFilterMode
                0x00000000       0x28 ChipSpecific\LandTiger2\lpc17xx_lib\source\lpc17xx_emac.o
 .text.EMAC_GetWoLStatus
                0x00000000       0x18 ChipSpecific\LandTiger2\lpc17xx_lib\source\lpc17xx_emac.o
 .text.EMAC_WritePacketBuffer
                0x00000000       0x40 ChipSpecific\LandTiger2\lpc17xx_lib\source\lpc17xx_emac.o
 .text.EMAC_ReadPacketBuffer
                0x00000000       0x30 ChipSpecific\LandTiger2\lpc17xx_lib\source\lpc17xx_emac.o
 .text.EMAC_IntCmd
                0x00000000       0x28 ChipSpecific\LandTiger2\lpc17xx_lib\source\lpc17xx_emac.o
 .text.EMAC_IntGetStatus
                0x00000000       0x18 ChipSpecific\LandTiger2\lpc17xx_lib\source\lpc17xx_emac.o
 .text.EMAC_CheckReceiveIndex
                0x00000000       0x14 ChipSpecific\LandTiger2\lpc17xx_lib\source\lpc17xx_emac.o
 .text.EMAC_CheckTransmitIndex
                0x00000000       0x18 ChipSpecific\LandTiger2\lpc17xx_lib\source\lpc17xx_emac.o
 .text.EMAC_CheckReceiveDataStatus
                0x00000000       0x1c ChipSpecific\LandTiger2\lpc17xx_lib\source\lpc17xx_emac.o
 .text.EMAC_GetReceiveDataSize
                0x00000000       0x18 ChipSpecific\LandTiger2\lpc17xx_lib\source\lpc17xx_emac.o
 .text.EMAC_UpdateRxConsumeIndex
                0x00000000       0x18 ChipSpecific\LandTiger2\lpc17xx_lib\source\lpc17xx_emac.o
 .text.EMAC_UpdateTxProduceIndex
                0x00000000       0x18 ChipSpecific\LandTiger2\lpc17xx_lib\source\lpc17xx_emac.o
 .rodata.EMAC_clkdiv
                0x00000000        0x7 ChipSpecific\LandTiger2\lpc17xx_lib\source\lpc17xx_emac.o
 .bss.Tx_Stat   0x00000000        0xc ChipSpecific\LandTiger2\lpc17xx_lib\source\lpc17xx_emac.o
 .bss.Rx_Desc   0x00000000       0x20 ChipSpecific\LandTiger2\lpc17xx_lib\source\lpc17xx_emac.o
 .bss.tx_buf    0x00000000     0x1200 ChipSpecific\LandTiger2\lpc17xx_lib\source\lpc17xx_emac.o
 .bss.Rx_Stat   0x00000000       0x20 ChipSpecific\LandTiger2\lpc17xx_lib\source\lpc17xx_emac.o
 .bss.Tx_Desc   0x00000000       0x18 ChipSpecific\LandTiger2\lpc17xx_lib\source\lpc17xx_emac.o
 .bss.rx_buf    0x00000000     0x1800 ChipSpecific\LandTiger2\lpc17xx_lib\source\lpc17xx_emac.o
 .debug_info    0x00000000      0xfeb ChipSpecific\LandTiger2\lpc17xx_lib\source\lpc17xx_emac.o
 .debug_abbrev  0x00000000      0x2db ChipSpecific\LandTiger2\lpc17xx_lib\source\lpc17xx_emac.o
 .debug_loc     0x00000000      0xc2f ChipSpecific\LandTiger2\lpc17xx_lib\source\lpc17xx_emac.o
 .debug_aranges
                0x00000000       0xa8 ChipSpecific\LandTiger2\lpc17xx_lib\source\lpc17xx_emac.o
 .debug_ranges  0x00000000      0x228 ChipSpecific\LandTiger2\lpc17xx_lib\source\lpc17xx_emac.o
 .debug_line    0x00000000      0x5ff ChipSpecific\LandTiger2\lpc17xx_lib\source\lpc17xx_emac.o
 .debug_str     0x00000000      0x770 ChipSpecific\LandTiger2\lpc17xx_lib\source\lpc17xx_emac.o
 .comment       0x00000000       0x7f ChipSpecific\LandTiger2\lpc17xx_lib\source\lpc17xx_emac.o
 .debug_frame   0x00000000      0x1b4 ChipSpecific\LandTiger2\lpc17xx_lib\source\lpc17xx_emac.o
 .ARM.attributes
                0x00000000       0x33 ChipSpecific\LandTiger2\lpc17xx_lib\source\lpc17xx_emac.o
 .text          0x00000000        0x0 ChipSpecific\LandTiger2\lpc17xx_lib\source\lpc17xx_gpio.o
 .data          0x00000000        0x0 ChipSpecific\LandTiger2\lpc17xx_lib\source\lpc17xx_gpio.o
 .bss           0x00000000        0x0 ChipSpecific\LandTiger2\lpc17xx_lib\source\lpc17xx_gpio.o
 .text.GPIO_SetDir
                0x00000000       0x24 ChipSpecific\LandTiger2\lpc17xx_lib\source\lpc17xx_gpio.o
 .text.GPIO_SetValue
                0x00000000       0x14 ChipSpecific\LandTiger2\lpc17xx_lib\source\lpc17xx_gpio.o
 .text.GPIO_ClearValue
                0x00000000       0x14 ChipSpecific\LandTiger2\lpc17xx_lib\source\lpc17xx_gpio.o
 .text.GPIO_ReadValue
                0x00000000       0x18 ChipSpecific\LandTiger2\lpc17xx_lib\source\lpc17xx_gpio.o
 .text.GPIO_IntCmd
                0x00000000       0x30 ChipSpecific\LandTiger2\lpc17xx_lib\source\lpc17xx_gpio.o
 .text.GPIO_GetIntStatus
                0x00000000       0x48 ChipSpecific\LandTiger2\lpc17xx_lib\source\lpc17xx_gpio.o
 .text.GPIO_ClearInt
                0x00000000       0x18 ChipSpecific\LandTiger2\lpc17xx_lib\source\lpc17xx_gpio.o
 .text.FIO_SetDir
                0x00000000       0x24 ChipSpecific\LandTiger2\lpc17xx_lib\source\lpc17xx_gpio.o
 .text.FIO_SetValue
                0x00000000       0x14 ChipSpecific\LandTiger2\lpc17xx_lib\source\lpc17xx_gpio.o
 .text.FIO_ClearValue
                0x00000000       0x14 ChipSpecific\LandTiger2\lpc17xx_lib\source\lpc17xx_gpio.o
 .text.FIO_ReadValue
                0x00000000       0x18 ChipSpecific\LandTiger2\lpc17xx_lib\source\lpc17xx_gpio.o
 .text.FIO_IntCmd
                0x00000000        0x4 ChipSpecific\LandTiger2\lpc17xx_lib\source\lpc17xx_gpio.o
 .text.FIO_GetIntStatus
                0x00000000        0x4 ChipSpecific\LandTiger2\lpc17xx_lib\source\lpc17xx_gpio.o
 .text.FIO_ClearInt
                0x00000000       0x18 ChipSpecific\LandTiger2\lpc17xx_lib\source\lpc17xx_gpio.o
 .text.FIO_SetMask
                0x00000000       0x24 ChipSpecific\LandTiger2\lpc17xx_lib\source\lpc17xx_gpio.o
 .text.FIO_HalfWordSetDir
                0x00000000       0x4c ChipSpecific\LandTiger2\lpc17xx_lib\source\lpc17xx_gpio.o
 .text.FIO_HalfWordSetMask
                0x00000000       0x4c ChipSpecific\LandTiger2\lpc17xx_lib\source\lpc17xx_gpio.o
 .text.FIO_HalfWordSetValue
                0x00000000       0x1c ChipSpecific\LandTiger2\lpc17xx_lib\source\lpc17xx_gpio.o
 .text.FIO_HalfWordClearValue
                0x00000000       0x1c ChipSpecific\LandTiger2\lpc17xx_lib\source\lpc17xx_gpio.o
 .text.FIO_HalfWordReadValue
                0x00000000       0x24 ChipSpecific\LandTiger2\lpc17xx_lib\source\lpc17xx_gpio.o
 .text.FIO_ByteSetDir
                0x00000000       0x34 ChipSpecific\LandTiger2\lpc17xx_lib\source\lpc17xx_gpio.o
 .text.FIO_ByteSetMask
                0x00000000       0x38 ChipSpecific\LandTiger2\lpc17xx_lib\source\lpc17xx_gpio.o
 .text.FIO_ByteSetValue
                0x00000000       0x1c ChipSpecific\LandTiger2\lpc17xx_lib\source\lpc17xx_gpio.o
 .text.FIO_ByteClearValue
                0x00000000       0x1c ChipSpecific\LandTiger2\lpc17xx_lib\source\lpc17xx_gpio.o
 .text.FIO_ByteReadValue
                0x00000000       0x24 ChipSpecific\LandTiger2\lpc17xx_lib\source\lpc17xx_gpio.o
 .rodata.CSWTCH.9
                0x00000000       0x14 ChipSpecific\LandTiger2\lpc17xx_lib\source\lpc17xx_gpio.o
 .debug_info    0x00000000      0xeae ChipSpecific\LandTiger2\lpc17xx_lib\source\lpc17xx_gpio.o
 .debug_abbrev  0x00000000      0x24b ChipSpecific\LandTiger2\lpc17xx_lib\source\lpc17xx_gpio.o
 .debug_loc     0x00000000      0x85d ChipSpecific\LandTiger2\lpc17xx_lib\source\lpc17xx_gpio.o
 .debug_aranges
                0x00000000       0xe0 ChipSpecific\LandTiger2\lpc17xx_lib\source\lpc17xx_gpio.o
 .debug_ranges  0x00000000       0xd0 ChipSpecific\LandTiger2\lpc17xx_lib\source\lpc17xx_gpio.o
 .debug_line    0x00000000      0x495 ChipSpecific\LandTiger2\lpc17xx_lib\source\lpc17xx_gpio.o
 .debug_str     0x00000000      0x61d ChipSpecific\LandTiger2\lpc17xx_lib\source\lpc17xx_gpio.o
 .comment       0x00000000       0x7f ChipSpecific\LandTiger2\lpc17xx_lib\source\lpc17xx_gpio.o
 .debug_frame   0x00000000      0x208 ChipSpecific\LandTiger2\lpc17xx_lib\source\lpc17xx_gpio.o
 .ARM.attributes
                0x00000000       0x33 ChipSpecific\LandTiger2\lpc17xx_lib\source\lpc17xx_gpio.o
 .text          0x00000000        0x0 ChipSpecific\LandTiger2\lpc17xx_lib\source\lpc17xx_libcfg_default.o
 .data          0x00000000        0x0 ChipSpecific\LandTiger2\lpc17xx_lib\source\lpc17xx_libcfg_default.o
 .bss           0x00000000        0x0 ChipSpecific\LandTiger2\lpc17xx_lib\source\lpc17xx_libcfg_default.o
 .text.check_failed
                0x00000000        0x4 ChipSpecific\LandTiger2\lpc17xx_lib\source\lpc17xx_libcfg_default.o
 .debug_info    0x00000000       0xd5 ChipSpecific\LandTiger2\lpc17xx_lib\source\lpc17xx_libcfg_default.o
 .debug_abbrev  0x00000000       0x6c ChipSpecific\LandTiger2\lpc17xx_lib\source\lpc17xx_libcfg_default.o
 .debug_aranges
                0x00000000       0x20 ChipSpecific\LandTiger2\lpc17xx_lib\source\lpc17xx_libcfg_default.o
 .debug_ranges  0x00000000       0x10 ChipSpecific\LandTiger2\lpc17xx_lib\source\lpc17xx_libcfg_default.o
 .debug_line    0x00000000      0x157 ChipSpecific\LandTiger2\lpc17xx_lib\source\lpc17xx_libcfg_default.o
 .debug_str     0x00000000      0x1c1 ChipSpecific\LandTiger2\lpc17xx_lib\source\lpc17xx_libcfg_default.o
 .comment       0x00000000       0x7f ChipSpecific\LandTiger2\lpc17xx_lib\source\lpc17xx_libcfg_default.o
 .debug_frame   0x00000000       0x20 ChipSpecific\LandTiger2\lpc17xx_lib\source\lpc17xx_libcfg_default.o
 .ARM.attributes
                0x00000000       0x33 ChipSpecific\LandTiger2\lpc17xx_lib\source\lpc17xx_libcfg_default.o
 .text          0x00000000        0x0 ChipSpecific\LandTiger2\lpc17xx_lib\source\lpc17xx_pinsel.o
 .data          0x00000000        0x0 ChipSpecific\LandTiger2\lpc17xx_lib\source\lpc17xx_pinsel.o
 .bss           0x00000000        0x0 ChipSpecific\LandTiger2\lpc17xx_lib\source\lpc17xx_pinsel.o
 .text.PINSEL_ConfigTraceFunc
                0x00000000       0x24 ChipSpecific\LandTiger2\lpc17xx_lib\source\lpc17xx_pinsel.o
 .text.PINSEL_SetI2C0Pins
                0x00000000       0x14 ChipSpecific\LandTiger2\lpc17xx_lib\source\lpc17xx_pinsel.o
 .text.PINSEL_ConfigPin
                0x00000000       0x9c ChipSpecific\LandTiger2\lpc17xx_lib\source\lpc17xx_pinsel.o
 .debug_info    0x00000000      0x505 ChipSpecific\LandTiger2\lpc17xx_lib\source\lpc17xx_pinsel.o
 .debug_abbrev  0x00000000      0x184 ChipSpecific\LandTiger2\lpc17xx_lib\source\lpc17xx_pinsel.o
 .debug_loc     0x00000000      0x165 ChipSpecific\LandTiger2\lpc17xx_lib\source\lpc17xx_pinsel.o
 .debug_aranges
                0x00000000       0x30 ChipSpecific\LandTiger2\lpc17xx_lib\source\lpc17xx_pinsel.o
 .debug_ranges  0x00000000       0x78 ChipSpecific\LandTiger2\lpc17xx_lib\source\lpc17xx_pinsel.o
 .debug_line    0x00000000      0x2ae ChipSpecific\LandTiger2\lpc17xx_lib\source\lpc17xx_pinsel.o
 .debug_str     0x00000000      0x426 ChipSpecific\LandTiger2\lpc17xx_lib\source\lpc17xx_pinsel.o
 .comment       0x00000000       0x7f ChipSpecific\LandTiger2\lpc17xx_lib\source\lpc17xx_pinsel.o
 .debug_frame   0x00000000       0x58 ChipSpecific\LandTiger2\lpc17xx_lib\source\lpc17xx_pinsel.o
 .ARM.attributes
                0x00000000       0x33 ChipSpecific\LandTiger2\lpc17xx_lib\source\lpc17xx_pinsel.o
 .text          0x00000000        0x0 FreeRTOS\Source\event_groups.o
 .data          0x00000000        0x0 FreeRTOS\Source\event_groups.o
 .bss           0x00000000        0x0 FreeRTOS\Source\event_groups.o
 .text.xEventGroupCreate
                0x00000000       0x1c FreeRTOS\Source\event_groups.o
 .text.xEventGroupWaitBits
                0x00000000       0xb0 FreeRTOS\Source\event_groups.o
 .text.xEventGroupClearBits
                0x00000000       0x1c FreeRTOS\Source\event_groups.o
 .text.xEventGroupGetBitsFromISR
                0x00000000       0x1c FreeRTOS\Source\event_groups.o
 .text.xEventGroupSetBits
                0x00000000       0x68 FreeRTOS\Source\event_groups.o
 .text.xEventGroupSync
                0x00000000       0x90 FreeRTOS\Source\event_groups.o
 .text.vEventGroupDelete
                0x00000000       0x2c FreeRTOS\Source\event_groups.o
 .text.vEventGroupSetBitsCallback
                0x00000000        0x4 FreeRTOS\Source\event_groups.o
 .text.vEventGroupClearBitsCallback
                0x00000000       0x1c FreeRTOS\Source\event_groups.o
 .debug_info    0x00000000      0x963 FreeRTOS\Source\event_groups.o
 .debug_abbrev  0x00000000      0x28c FreeRTOS\Source\event_groups.o
 .debug_loc     0x00000000      0x920 FreeRTOS\Source\event_groups.o
 .debug_aranges
                0x00000000       0x60 FreeRTOS\Source\event_groups.o
 .debug_ranges  0x00000000       0xb8 FreeRTOS\Source\event_groups.o
 .debug_line    0x00000000      0x34b FreeRTOS\Source\event_groups.o
 .debug_str     0x00000000      0x5f7 FreeRTOS\Source\event_groups.o
 .comment       0x00000000       0x7f FreeRTOS\Source\event_groups.o
 .debug_frame   0x00000000      0x104 FreeRTOS\Source\event_groups.o
 .ARM.attributes
                0x00000000       0x33 FreeRTOS\Source\event_groups.o
 .text          0x00000000        0x0 FreeRTOS\Source\list.o
 .data          0x00000000        0x0 FreeRTOS\Source\list.o
 .bss           0x00000000        0x0 FreeRTOS\Source\list.o
 .text.vListInitialise
                0x00000000       0x18 FreeRTOS\Source\list.o
 .text.vListInitialiseItem
                0x00000000        0x8 FreeRTOS\Source\list.o
 .text.vListInsertEnd
                0x00000000       0x1c FreeRTOS\Source\list.o
 .text.vListInsert
                0x00000000       0x34 FreeRTOS\Source\list.o
 .text.uxListRemove
                0x00000000       0x28 FreeRTOS\Source\list.o
 .debug_info    0x00000000      0x29f FreeRTOS\Source\list.o
 .debug_abbrev  0x00000000       0xdc FreeRTOS\Source\list.o
 .debug_loc     0x00000000       0x69 FreeRTOS\Source\list.o
 .debug_aranges
                0x00000000       0x40 FreeRTOS\Source\list.o
 .debug_ranges  0x00000000       0x30 FreeRTOS\Source\list.o
 .debug_line    0x00000000      0x249 FreeRTOS\Source\list.o
 .debug_str     0x00000000      0x2bf FreeRTOS\Source\list.o
 .comment       0x00000000       0x7f FreeRTOS\Source\list.o
 .debug_frame   0x00000000       0x88 FreeRTOS\Source\list.o
 .ARM.attributes
                0x00000000       0x33 FreeRTOS\Source\list.o
 .text          0x00000000        0x0 FreeRTOS\Source\portable\GCC\ARM_CM3\port.o
 .data          0x00000000        0x0 FreeRTOS\Source\portable\GCC\ARM_CM3\port.o
 .bss           0x00000000        0x0 FreeRTOS\Source\portable\GCC\ARM_CM3\port.o
 .text.prvTaskExitError
                0x00000000       0x14 FreeRTOS\Source\portable\GCC\ARM_CM3\port.o
 .text.prvPortStartFirstTask
                0x00000000       0x20 FreeRTOS\Source\portable\GCC\ARM_CM3\port.o
 .text.pxPortInitialiseStack
                0x00000000       0x24 FreeRTOS\Source\portable\GCC\ARM_CM3\port.o
 .text.vPortSVCHandler
                0x00000000       0x24 FreeRTOS\Source\portable\GCC\ARM_CM3\port.o
 .text.vPortEndScheduler
                0x00000000        0x4 FreeRTOS\Source\portable\GCC\ARM_CM3\port.o
 .text.vPortEnterCritical
                0x00000000       0x20 FreeRTOS\Source\portable\GCC\ARM_CM3\port.o
 .text.vPortExitCritical
                0x00000000       0x14 FreeRTOS\Source\portable\GCC\ARM_CM3\port.o
 .text.xPortPendSVHandler
                0x00000000       0x44 FreeRTOS\Source\portable\GCC\ARM_CM3\port.o
 .text.xPortSysTickHandler
                0x00000000       0x2c FreeRTOS\Source\portable\GCC\ARM_CM3\port.o
 .text.vPortSetupTimerInterrupt
                0x00000000       0x2c FreeRTOS\Source\portable\GCC\ARM_CM3\port.o
 .text.xPortStartScheduler
                0x00000000       0x30 FreeRTOS\Source\portable\GCC\ARM_CM3\port.o
 .data.uxCriticalNesting
                0x00000000        0x4 FreeRTOS\Source\portable\GCC\ARM_CM3\port.o
 .debug_info    0x00000000      0x309 FreeRTOS\Source\portable\GCC\ARM_CM3\port.o
 .debug_abbrev  0x00000000      0x1da FreeRTOS\Source\portable\GCC\ARM_CM3\port.o
 .debug_loc     0x00000000       0x8e FreeRTOS\Source\portable\GCC\ARM_CM3\port.o
 .debug_aranges
                0x00000000       0x70 FreeRTOS\Source\portable\GCC\ARM_CM3\port.o
 .debug_ranges  0x00000000       0x60 FreeRTOS\Source\portable\GCC\ARM_CM3\port.o
 .debug_line    0x00000000      0x2c9 FreeRTOS\Source\portable\GCC\ARM_CM3\port.o
 .debug_str     0x00000000      0x32e FreeRTOS\Source\portable\GCC\ARM_CM3\port.o
 .comment       0x00000000       0x7f FreeRTOS\Source\portable\GCC\ARM_CM3\port.o
 .debug_frame   0x00000000       0xe8 FreeRTOS\Source\portable\GCC\ARM_CM3\port.o
 .ARM.attributes
                0x00000000       0x33 FreeRTOS\Source\portable\GCC\ARM_CM3\port.o
 .text          0x00000000        0x0 FreeRTOS\Source\portable\MemMang\heap_2.o
 .data          0x00000000        0x0 FreeRTOS\Source\portable\MemMang\heap_2.o
 .bss           0x00000000        0x0 FreeRTOS\Source\portable\MemMang\heap_2.o
 .text.pvPortMalloc
                0x00000000       0xc0 FreeRTOS\Source\portable\MemMang\heap_2.o
 .text.vPortFree
                0x00000000       0x40 FreeRTOS\Source\portable\MemMang\heap_2.o
 .text.xPortGetFreeHeapSize
                0x00000000        0xc FreeRTOS\Source\portable\MemMang\heap_2.o
 .text.vPortInitialiseBlocks
                0x00000000        0x4 FreeRTOS\Source\portable\MemMang\heap_2.o
 .bss.xStart    0x00000000        0x8 FreeRTOS\Source\portable\MemMang\heap_2.o
 .bss.ucHeap    0x00000000     0xc800 FreeRTOS\Source\portable\MemMang\heap_2.o
 .data.xFreeBytesRemaining
                0x00000000        0x4 FreeRTOS\Source\portable\MemMang\heap_2.o
 .bss.xEnd      0x00000000        0x8 FreeRTOS\Source\portable\MemMang\heap_2.o
 .bss.xHeapHasBeenInitialised.5132
                0x00000000        0x4 FreeRTOS\Source\portable\MemMang\heap_2.o
 .debug_info    0x00000000      0x350 FreeRTOS\Source\portable\MemMang\heap_2.o
 .debug_abbrev  0x00000000      0x1cc FreeRTOS\Source\portable\MemMang\heap_2.o
 .debug_loc     0x00000000      0x20e FreeRTOS\Source\portable\MemMang\heap_2.o
 .debug_aranges
                0x00000000       0x38 FreeRTOS\Source\portable\MemMang\heap_2.o
 .debug_ranges  0x00000000       0x60 FreeRTOS\Source\portable\MemMang\heap_2.o
 .debug_line    0x00000000      0x2f6 FreeRTOS\Source\portable\MemMang\heap_2.o
 .debug_str     0x00000000      0x329 FreeRTOS\Source\portable\MemMang\heap_2.o
 .comment       0x00000000       0x7f FreeRTOS\Source\portable\MemMang\heap_2.o
 .debug_frame   0x00000000       0x74 FreeRTOS\Source\portable\MemMang\heap_2.o
 .ARM.attributes
                0x00000000       0x33 FreeRTOS\Source\portable\MemMang\heap_2.o
 .text          0x00000000        0x0 FreeRTOS\Source\queue.o
 .data          0x00000000        0x0 FreeRTOS\Source\queue.o
 .bss           0x00000000        0x0 FreeRTOS\Source\queue.o
 .text.prvCopyDataToQueue
                0x00000000       0x80 FreeRTOS\Source\queue.o
 .text.prvCopyDataFromQueue
                0x00000000       0x24 FreeRTOS\Source\queue.o
 .text.prvUnlockQueue
                0x00000000       0x94 FreeRTOS\Source\queue.o
 .text.xQueueGenericReset
                0x00000000       0x7c FreeRTOS\Source\queue.o
 .text.xQueueGenericCreate
                0x00000000       0x30 FreeRTOS\Source\queue.o
 .text.xQueueGenericSend
                0x00000000      0x114 FreeRTOS\Source\queue.o
 .text.xQueueCreateMutex
                0x00000000       0x24 FreeRTOS\Source\queue.o
 .text.xQueueGiveMutexRecursive
                0x00000000       0x2c FreeRTOS\Source\queue.o
 .text.xQueueGenericSendFromISR
                0x00000000       0x6c FreeRTOS\Source\queue.o
 .text.xQueueGiveFromISR
                0x00000000       0x60 FreeRTOS\Source\queue.o
 .text.xQueueGenericReceive
                0x00000000      0x150 FreeRTOS\Source\queue.o
 .text.xQueueTakeMutexRecursive
                0x00000000       0x30 FreeRTOS\Source\queue.o
 .text.xQueueReceiveFromISR
                0x00000000       0x70 FreeRTOS\Source\queue.o
 .text.xQueuePeekFromISR
                0x00000000       0x34 FreeRTOS\Source\queue.o
 .text.uxQueueMessagesWaiting
                0x00000000       0x14 FreeRTOS\Source\queue.o
 .text.uxQueueSpacesAvailable
                0x00000000       0x18 FreeRTOS\Source\queue.o
 .text.uxQueueMessagesWaitingFromISR
                0x00000000        0x4 FreeRTOS\Source\queue.o
 .text.vQueueDelete
                0x00000000        0x4 FreeRTOS\Source\queue.o
 .text.xQueueIsQueueEmptyFromISR
                0x00000000        0xc FreeRTOS\Source\queue.o
 .text.xQueueIsQueueFullFromISR
                0x00000000       0x10 FreeRTOS\Source\queue.o
 .debug_info    0x00000000     0x136c FreeRTOS\Source\queue.o
 .debug_abbrev  0x00000000      0x28b FreeRTOS\Source\queue.o
 .debug_loc     0x00000000      0xfe3 FreeRTOS\Source\queue.o
 .debug_aranges
                0x00000000       0xb8 FreeRTOS\Source\queue.o
 .debug_ranges  0x00000000      0x1e8 FreeRTOS\Source\queue.o
 .debug_line    0x00000000      0x635 FreeRTOS\Source\queue.o
 .debug_str     0x00000000      0x82b FreeRTOS\Source\queue.o
 .comment       0x00000000       0x7f FreeRTOS\Source\queue.o
 .debug_frame   0x00000000      0x250 FreeRTOS\Source\queue.o
 .ARM.attributes
                0x00000000       0x33 FreeRTOS\Source\queue.o
 .text          0x00000000        0x0 FreeRTOS\Source\tasks.o
 .data          0x00000000        0x0 FreeRTOS\Source\tasks.o
 .bss           0x00000000        0x0 FreeRTOS\Source\tasks.o
 .text.prvResetNextTaskUnblockTime.part.1
                0x00000000       0x18 FreeRTOS\Source\tasks.o
 .text.prvAddCurrentTaskToDelayedList
                0x00000000       0x90 FreeRTOS\Source\tasks.o
 .text.vTaskSwitchContext.part.4
                0x00000000       0x4c FreeRTOS\Source\tasks.o
 .text.xTaskCreate
                0x00000000      0x1d4 FreeRTOS\Source\tasks.o
 .text.vTaskDelete
                0x00000000       0xe4 FreeRTOS\Source\tasks.o
 .text.uxTaskPriorityGet
                0x00000000       0x28 FreeRTOS\Source\tasks.o
 .text.uxTaskPriorityGetFromISR
                0x00000000       0x30 FreeRTOS\Source\tasks.o
 .text.vTaskPrioritySet
                0x00000000       0xd0 FreeRTOS\Source\tasks.o
 .text.vTaskSuspend
                0x00000000       0xf4 FreeRTOS\Source\tasks.o
 .text.vTaskResume
                0x00000000       0x9c FreeRTOS\Source\tasks.o
 .text.xTaskResumeFromISR
                0x00000000       0xb0 FreeRTOS\Source\tasks.o
 .text.vTaskStartScheduler
                0x00000000       0x64 FreeRTOS\Source\tasks.o
 .text.vTaskEndScheduler
                0x00000000       0x20 FreeRTOS\Source\tasks.o
 .text.vTaskSuspendAll
                0x00000000       0x10 FreeRTOS\Source\tasks.o
 .text.xTaskGetTickCount
                0x00000000        0xc FreeRTOS\Source\tasks.o
 .text.xTaskGetTickCountFromISR
                0x00000000        0xc FreeRTOS\Source\tasks.o
 .text.uxTaskGetNumberOfTasks
                0x00000000        0xc FreeRTOS\Source\tasks.o
 .text.pcTaskGetName
                0x00000000       0x14 FreeRTOS\Source\tasks.o
 .text.xTaskIncrementTick
                0x00000000      0x148 FreeRTOS\Source\tasks.o
 .text.xTaskResumeAll
                0x00000000      0x104 FreeRTOS\Source\tasks.o
 .text.vTaskDelayUntil
                0x00000000       0x5c FreeRTOS\Source\tasks.o
 .text.vTaskDelay
                0x00000000       0x38 FreeRTOS\Source\tasks.o
 .text.prvIdleTask
                0x00000000       0x98 FreeRTOS\Source\tasks.o
 .text.vTaskSwitchContext
                0x00000000       0x1c FreeRTOS\Source\tasks.o
 .text.vTaskPlaceOnEventList
                0x00000000       0x20 FreeRTOS\Source\tasks.o
 .text.vTaskPlaceOnUnorderedEventList
                0x00000000       0x28 FreeRTOS\Source\tasks.o
 .text.xTaskRemoveFromEventList
                0x00000000       0x74 FreeRTOS\Source\tasks.o
 .text.vTaskRemoveFromUnorderedEventList
                0x00000000       0x5c FreeRTOS\Source\tasks.o
 .text.vTaskSetTimeOutState
                0x00000000       0x18 FreeRTOS\Source\tasks.o
 .text.xTaskCheckForTimeOut
                0x00000000       0x60 FreeRTOS\Source\tasks.o
 .text.vTaskMissedYield
                0x00000000        0xc FreeRTOS\Source\tasks.o
 .text.xTaskGetCurrentTaskHandle
                0x00000000        0xc FreeRTOS\Source\tasks.o
 .text.vTaskPriorityInherit
                0x00000000       0xa0 FreeRTOS\Source\tasks.o
 .text.xTaskPriorityDisinherit
                0x00000000       0x84 FreeRTOS\Source\tasks.o
 .text.uxTaskResetEventItemValue
                0x00000000       0x18 FreeRTOS\Source\tasks.o
 .text.pvTaskIncrementMutexHeldCount
                0x00000000       0x18 FreeRTOS\Source\tasks.o
 .text.ulTaskNotifyTake
                0x00000000       0x6c FreeRTOS\Source\tasks.o
 .text.xTaskNotifyWait
                0x00000000       0x94 FreeRTOS\Source\tasks.o
 .text.xTaskGenericNotify
                0x00000000       0xb8 FreeRTOS\Source\tasks.o
 .text.xTaskGenericNotifyFromISR
                0x00000000       0xd8 FreeRTOS\Source\tasks.o
 .text.vTaskNotifyGiveFromISR
                0x00000000       0xb4 FreeRTOS\Source\tasks.o
 .text.xTaskNotifyStateClear
                0x00000000       0x30 FreeRTOS\Source\tasks.o
 .bss.xNumOfOverflows
                0x00000000        0x4 FreeRTOS\Source\tasks.o
 .bss.pxDelayedTaskList
                0x00000000        0x4 FreeRTOS\Source\tasks.o
 .rodata.str1.4
                0x00000000        0x5 FreeRTOS\Source\tasks.o
 .bss.xSchedulerRunning
                0x00000000        0x4 FreeRTOS\Source\tasks.o
 .bss.uxSchedulerSuspended
                0x00000000        0x4 FreeRTOS\Source\tasks.o
 .bss.xDelayedTaskList1
                0x00000000       0x14 FreeRTOS\Source\tasks.o
 .bss.uxPendedTicks
                0x00000000        0x4 FreeRTOS\Source\tasks.o
 .bss.pxReadyTasksLists
                0x00000000       0x64 FreeRTOS\Source\tasks.o
 .bss.xTasksWaitingTermination
                0x00000000       0x14 FreeRTOS\Source\tasks.o
 .bss.uxDeletedTasksWaitingCleanUp
                0x00000000        0x4 FreeRTOS\Source\tasks.o
 .bss.pxCurrentTCB
                0x00000000        0x4 FreeRTOS\Source\tasks.o
 .bss.xNextTaskUnblockTime
                0x00000000        0x4 FreeRTOS\Source\tasks.o
 .bss.xIdleTaskHandle
                0x00000000        0x4 FreeRTOS\Source\tasks.o
 .bss.xTickCount
                0x00000000        0x4 FreeRTOS\Source\tasks.o
 .bss.pxOverflowDelayedTaskList
                0x00000000        0x4 FreeRTOS\Source\tasks.o
 .bss.xPendingReadyList
                0x00000000       0x14 FreeRTOS\Source\tasks.o
 .bss.uxTaskNumber
                0x00000000        0x4 FreeRTOS\Source\tasks.o
 .bss.uxCurrentNumberOfTasks
                0x00000000        0x4 FreeRTOS\Source\tasks.o
 .bss.xDelayedTaskList2
                0x00000000       0x14 FreeRTOS\Source\tasks.o
 .bss.xSuspendedTaskList
                0x00000000       0x14 FreeRTOS\Source\tasks.o
 .bss.uxTopReadyPriority
                0x00000000        0x4 FreeRTOS\Source\tasks.o
 .bss.xYieldPending
                0x00000000        0x4 FreeRTOS\Source\tasks.o
 .debug_info    0x00000000     0x1f74 FreeRTOS\Source\tasks.o
 .debug_abbrev  0x00000000      0x396 FreeRTOS\Source\tasks.o
 .debug_loc     0x00000000     0x1823 FreeRTOS\Source\tasks.o
 .debug_aranges
                0x00000000      0x160 FreeRTOS\Source\tasks.o
 .debug_ranges  0x00000000      0x418 FreeRTOS\Source\tasks.o
 .debug_line    0x00000000      0xae0 FreeRTOS\Source\tasks.o
 .debug_str     0x00000000      0xdbf FreeRTOS\Source\tasks.o
 .comment       0x00000000       0x7f FreeRTOS\Source\tasks.o
 .debug_frame   0x00000000      0x4cc FreeRTOS\Source\tasks.o
 .ARM.attributes
                0x00000000       0x33 FreeRTOS\Source\tasks.o
 .text          0x00000000        0x0 FreeRTOS\Source\timers.o
 .data          0x00000000        0x0 FreeRTOS\Source\timers.o
 .bss           0x00000000        0x0 FreeRTOS\Source\timers.o
 .debug_info    0x00000000       0x79 FreeRTOS\Source\timers.o
 .debug_abbrev  0x00000000       0x26 FreeRTOS\Source\timers.o
 .debug_aranges
                0x00000000       0x18 FreeRTOS\Source\timers.o
 .debug_line    0x00000000       0x1d FreeRTOS\Source\timers.o
 .debug_str     0x00000000      0x16e FreeRTOS\Source\timers.o
 .comment       0x00000000       0x7f FreeRTOS\Source\timers.o
 .ARM.attributes
                0x00000000       0x33 FreeRTOS\Source\timers.o
 .text          0x00000000        0x0 main.o
 .data          0x00000000        0x0 main.o
 .bss           0x00000000        0x0 main.o
 .text          0x00000000        0x0 c:/program files (x86)/atollic/truestudio for arm 6.0.0/armtools/bin/../lib/gcc/arm-atollic-eabi/5.3.1/../../../../arm-atollic-eabi/lib/armv7-m\libc_nano.a(lib_a-memcpy-stub.o)
 .data          0x00000000        0x0 c:/program files (x86)/atollic/truestudio for arm 6.0.0/armtools/bin/../lib/gcc/arm-atollic-eabi/5.3.1/../../../../arm-atollic-eabi/lib/armv7-m\libc_nano.a(lib_a-memcpy-stub.o)
 .bss           0x00000000        0x0 c:/program files (x86)/atollic/truestudio for arm 6.0.0/armtools/bin/../lib/gcc/arm-atollic-eabi/5.3.1/../../../../arm-atollic-eabi/lib/armv7-m\libc_nano.a(lib_a-memcpy-stub.o)
 .text.memcpy   0x00000000       0x16 c:/program files (x86)/atollic/truestudio for arm 6.0.0/armtools/bin/../lib/gcc/arm-atollic-eabi/5.3.1/../../../../arm-atollic-eabi/lib/armv7-m\libc_nano.a(lib_a-memcpy-stub.o)
 .debug_frame   0x00000000       0x28 c:/program files (x86)/atollic/truestudio for arm 6.0.0/armtools/bin/../lib/gcc/arm-atollic-eabi/5.3.1/../../../../arm-atollic-eabi/lib/armv7-m\libc_nano.a(lib_a-memcpy-stub.o)
 .ARM.attributes
                0x00000000       0x2d c:/program files (x86)/atollic/truestudio for arm 6.0.0/armtools/bin/../lib/gcc/arm-atollic-eabi/5.3.1/../../../../arm-atollic-eabi/lib/armv7-m\libc_nano.a(lib_a-memcpy-stub.o)
 .text          0x00000000        0x0 c:/program files (x86)/atollic/truestudio for arm 6.0.0/armtools/bin/../lib/gcc/arm-atollic-eabi/5.3.1/armv7-m/crtend.o
 .data          0x00000000        0x0 c:/program files (x86)/atollic/truestudio for arm 6.0.0/armtools/bin/../lib/gcc/arm-atollic-eabi/5.3.1/armv7-m/crtend.o
 .bss           0x00000000        0x0 c:/program files (x86)/atollic/truestudio for arm 6.0.0/armtools/bin/../lib/gcc/arm-atollic-eabi/5.3.1/armv7-m/crtend.o
 .eh_frame      0x00000000        0x4 c:/program files (x86)/atollic/truestudio for arm 6.0.0/armtools/bin/../lib/gcc/arm-atollic-eabi/5.3.1/armv7-m/crtend.o
 .ARM.attributes
                0x00000000       0x2d c:/program files (x86)/atollic/truestudio for arm 6.0.0/armtools/bin/../lib/gcc/arm-atollic-eabi/5.3.1/armv7-m/crtend.o
 .text          0x00000000        0x0 c:/program files (x86)/atollic/truestudio for arm 6.0.0/armtools/bin/../lib/gcc/arm-atollic-eabi/5.3.1/armv7-m/crtn.o
 .data          0x00000000        0x0 c:/program files (x86)/atollic/truestudio for arm 6.0.0/armtools/bin/../lib/gcc/arm-atollic-eabi/5.3.1/armv7-m/crtn.o
 .bss           0x00000000        0x0 c:/program files (x86)/atollic/truestudio for arm 6.0.0/armtools/bin/../lib/gcc/arm-atollic-eabi/5.3.1/armv7-m/crtn.o

Memory Configuration

Name             Origin             Length             Attributes
FLASH            0x00000000         0x00080000         xr
RAM              0x10000000         0x00008000         xrw
RAM1             0x2007c000         0x00004000         xrw
RAM2             0x20080000         0x00004000         xrw
MEMORY_B1        0x80000000         0x00000000         xr
*default*        0x00000000         0xffffffff

Linker script and memory map

LOAD c:/program files (x86)/atollic/truestudio for arm 6.0.0/armtools/bin/../lib/gcc/arm-atollic-eabi/5.3.1/armv7-m/crti.o
LOAD c:/program files (x86)/atollic/truestudio for arm 6.0.0/armtools/bin/../lib/gcc/arm-atollic-eabi/5.3.1/armv7-m/crtbegin.o
LOAD BusinessLogic\managers\networkManager.o
LOAD ChipSpecific\LandTiger2\cmsis_boot\startup\startup_LPC17xx.o
LOAD ChipSpecific\LandTiger2\cmsis_boot\system_LPC17xx.o
LOAD ChipSpecific\LandTiger2\kit1768\kit1768.o
LOAD ChipSpecific\LandTiger2\lpc17xx_lib\source\lpc17xx_clkpwr.o
LOAD ChipSpecific\LandTiger2\lpc17xx_lib\source\lpc17xx_emac.o
LOAD ChipSpecific\LandTiger2\lpc17xx_lib\source\lpc17xx_gpio.o
LOAD ChipSpecific\LandTiger2\lpc17xx_lib\source\lpc17xx_libcfg_default.o
LOAD ChipSpecific\LandTiger2\lpc17xx_lib\source\lpc17xx_pinsel.o
LOAD FreeRTOS\Source\event_groups.o
LOAD FreeRTOS\Source\list.o
LOAD FreeRTOS\Source\portable\GCC\ARM_CM3\port.o
LOAD FreeRTOS\Source\portable\MemMang\heap_2.o
LOAD FreeRTOS\Source\queue.o
LOAD FreeRTOS\Source\tasks.o
LOAD FreeRTOS\Source\timers.o
LOAD main.o
START GROUP
LOAD c:/program files (x86)/atollic/truestudio for arm 6.0.0/armtools/bin/../lib/gcc/arm-atollic-eabi/5.3.1/../../../../arm-atollic-eabi/lib/armv7-m\libc_nano.a
LOAD c:/program files (x86)/atollic/truestudio for arm 6.0.0/armtools/bin/../lib/gcc/arm-atollic-eabi/5.3.1/../../../../arm-atollic-eabi/lib/armv7-m\libm.a
END GROUP
                0x00000080                malloc_getpagesize_P = 0x80
START GROUP
LOAD c:/program files (x86)/atollic/truestudio for arm 6.0.0/armtools/bin/../lib/gcc/arm-atollic-eabi/5.3.1/armv7-m\libgcc.a
LOAD c:/program files (x86)/atollic/truestudio for arm 6.0.0/armtools/bin/../lib/gcc/arm-atollic-eabi/5.3.1/../../../../arm-atollic-eabi/lib/armv7-m\libc_nano.a
END GROUP
START GROUP
LOAD c:/program files (x86)/atollic/truestudio for arm 6.0.0/armtools/bin/../lib/gcc/arm-atollic-eabi/5.3.1/armv7-m\libgcc.a
LOAD c:/program files (x86)/atollic/truestudio for arm 6.0.0/armtools/bin/../lib/gcc/arm-atollic-eabi/5.3.1/../../../../arm-atollic-eabi/lib/armv7-m\libc_nano.a
LOAD c:/program files (x86)/atollic/truestudio for arm 6.0.0/armtools/bin/../lib/gcc/arm-atollic-eabi/5.3.1/../../../../arm-atollic-eabi/lib/armv7-m\libnosys.a
END GROUP
START GROUP
LOAD c:/program files (x86)/atollic/truestudio for arm 6.0.0/armtools/bin/../lib/gcc/arm-atollic-eabi/5.3.1/armv7-m\libgcc.a
LOAD c:/program files (x86)/atollic/truestudio for arm 6.0.0/armtools/bin/../lib/gcc/arm-atollic-eabi/5.3.1/../../../../arm-atollic-eabi/lib/armv7-m\libc_nano.a
LOAD c:/program files (x86)/atollic/truestudio for arm 6.0.0/armtools/bin/../lib/gcc/arm-atollic-eabi/5.3.1/../../../../arm-atollic-eabi/lib/armv7-m\libnosys.a
END GROUP
LOAD c:/program files (x86)/atollic/truestudio for arm 6.0.0/armtools/bin/../lib/gcc/arm-atollic-eabi/5.3.1/armv7-m/crtend.o
LOAD c:/program files (x86)/atollic/truestudio for arm 6.0.0/armtools/bin/../lib/gcc/arm-atollic-eabi/5.3.1/armv7-m/crtn.o
                0x10008000                _estack = 0x10008000
                0x00000000                _Min_Heap_Size = 0x0
                0x00000100                _Min_Stack_Size = 0x100

.isr_vector     0x00000000       0xcc
                0x00000000                . = ALIGN (0x4)
                0x00000000                _isr_vector = .
 *(.isr_vector)
 .isr_vector    0x00000000       0xcc ChipSpecific\LandTiger2\cmsis_boot\startup\startup_LPC17xx.o
                0x00000000                g_pfnVectors
                0x000000cc                . = ALIGN (0x4)

.text           0x000000cc      0x1c8
                0x000000cc                . = ALIGN (0x4)
 *(.text)
 .text          0x000000cc       0x40 c:/program files (x86)/atollic/truestudio for arm 6.0.0/armtools/bin/../lib/gcc/arm-atollic-eabi/5.3.1/armv7-m/crtbegin.o
 *(.text*)
 .text.Default_Handler
                0x0000010c        0x4 ChipSpecific\LandTiger2\cmsis_boot\startup\startup_LPC17xx.o
                0x0000010c                TIMER2_IRQHandler
                0x0000010c                DebugMon_Handler
                0x0000010c                RIT_IRQHandler
                0x0000010c                I2C0_IRQHandler
                0x0000010c                HardFault_Handler
                0x0000010c                USBActivity_IRQHandler
                0x0000010c                PWM1_IRQHandler
                0x0000010c                PendSV_Handler
                0x0000010c                NMI_Handler
                0x0000010c                I2C1_IRQHandler
                0x0000010c                EINT2_IRQHandler
                0x0000010c                UART1_IRQHandler
                0x0000010c                EINT3_IRQHandler
                0x0000010c                CANActivity_IRQHandler
                0x0000010c                TIMER3_IRQHandler
                0x0000010c                UART0_IRQHandler
                0x0000010c                UsageFault_Handler
                0x0000010c                PLL0_IRQHandler
                0x0000010c                CAN_IRQHandler
                0x0000010c                PLL1_IRQHandler
                0x0000010c                SSP0_IRQHandler
                0x0000010c                I2S_IRQHandler
                0x0000010c                I2C2_IRQHandler
                0x0000010c                RTC_IRQHandler
                0x0000010c                TIMER0_IRQHandler
                0x0000010c                SPI_IRQHandler
                0x0000010c                EINT1_IRQHandler
                0x0000010c                TIMER1_IRQHandler
                0x0000010c                UART2_IRQHandler
                0x0000010c                ADC_IRQHandler
                0x0000010c                SSP1_IRQHandler
                0x0000010c                USB_IRQHandler
                0x0000010c                BOD_IRQHandler
                0x0000010c                MemManage_Handler
                0x0000010c                WDT_IRQHandler
                0x0000010c                SVC_Handler
                0x0000010c                QEI_IRQHandler
                0x0000010c                EINT0_IRQHandler
                0x0000010c                DMA_IRQHandler
                0x0000010c                BusFault_Handler
                0x0000010c                UART3_IRQHandler
                0x0000010c                MCPWM_IRQHandler
                0x0000010c                ENET_IRQHandler
 .text.Default_Reset_Handler
                0x00000110       0x58 ChipSpecific\LandTiger2\cmsis_boot\startup\startup_LPC17xx.o
                0x00000110                Default_Reset_Handler
                0x00000110                Reset_Handler
 .text.SystemInit
                0x00000168       0xfc ChipSpecific\LandTiger2\cmsis_boot\system_LPC17xx.o
                0x00000168                SystemInit
 .text.SysTick_Handler
                0x00000264       0x14 ChipSpecific\LandTiger2\kit1768\kit1768.o
                0x00000264                SysTick_Handler
 .text.startup.main
                0x00000278        0x4 main.o
                0x00000278                main
 *(.glue_7)
 .glue_7        0x0000027c        0x0 linker stubs
 *(.glue_7t)
 .glue_7t       0x0000027c        0x0 linker stubs
 *(.eh_frame)
 .eh_frame      0x0000027c        0x0 c:/program files (x86)/atollic/truestudio for arm 6.0.0/armtools/bin/../lib/gcc/arm-atollic-eabi/5.3.1/armv7-m/crtbegin.o
 *(.init)
 .init          0x0000027c        0x4 c:/program files (x86)/atollic/truestudio for arm 6.0.0/armtools/bin/../lib/gcc/arm-atollic-eabi/5.3.1/armv7-m/crti.o
                0x0000027c                _init
 .init          0x00000280        0x8 c:/program files (x86)/atollic/truestudio for arm 6.0.0/armtools/bin/../lib/gcc/arm-atollic-eabi/5.3.1/armv7-m/crtn.o
 *(.fini)
 .fini          0x00000288        0x4 c:/program files (x86)/atollic/truestudio for arm 6.0.0/armtools/bin/../lib/gcc/arm-atollic-eabi/5.3.1/armv7-m/crti.o
                0x00000288                _fini
 .fini          0x0000028c        0x8 c:/program files (x86)/atollic/truestudio for arm 6.0.0/armtools/bin/../lib/gcc/arm-atollic-eabi/5.3.1/armv7-m/crtn.o
                0x00000294                . = ALIGN (0x4)
                0x00000294                _etext = .

.vfp11_veneer   0x00000294        0x0
 .vfp11_veneer  0x00000294        0x0 linker stubs

.v4_bx          0x00000294        0x0
 .v4_bx         0x00000294        0x0 linker stubs

.iplt           0x00000294        0x0
 .iplt          0x00000294        0x0 c:/program files (x86)/atollic/truestudio for arm 6.0.0/armtools/bin/../lib/gcc/arm-atollic-eabi/5.3.1/armv7-m/crtbegin.o

.rel.dyn        0x00000294        0x0
 .rel.iplt      0x00000294        0x0 c:/program files (x86)/atollic/truestudio for arm 6.0.0/armtools/bin/../lib/gcc/arm-atollic-eabi/5.3.1/armv7-m/crtbegin.o

.rodata         0x00000294        0x0
                0x00000294                . = ALIGN (0x4)
 *(.rodata)
 *(.rodata*)
                0x00000294                . = ALIGN (0x4)

.ARM.extab
 *(.ARM.extab* .gnu.linkonce.armextab.*)

.ARM            0x00000294        0x0
                0x00000294                __exidx_start = .
 *(.ARM.exidx*)
                0x00000294                __exidx_end = .

.preinit_array  0x00000294        0x0
                [!provide]                PROVIDE (__preinit_array_start, .)
 *(.preinit_array*)
                [!provide]                PROVIDE (__preinit_array_end, .)

.init_array     0x00000294        0x4
                [!provide]                PROVIDE (__init_array_start, .)
 *(SORT(.init_array.*))
 *(.init_array*)
 .init_array    0x00000294        0x4 c:/program files (x86)/atollic/truestudio for arm 6.0.0/armtools/bin/../lib/gcc/arm-atollic-eabi/5.3.1/armv7-m/crtbegin.o
                [!provide]                PROVIDE (__init_array_end, .)

.fini_array     0x00000298        0x4
                [!provide]                PROVIDE (__fini_array_start, .)
 *(SORT(.fini_array.*))
 *(.fini_array*)
 .fini_array    0x00000298        0x4 c:/program files (x86)/atollic/truestudio for arm 6.0.0/armtools/bin/../lib/gcc/arm-atollic-eabi/5.3.1/armv7-m/crtbegin.o
                [!provide]                PROVIDE (__fini_array_end, .)
                0x0000029c                _sidata = LOADADDR (.data)

.data           0x10000000        0x0 load address 0x0000029c
                0x10000000                . = ALIGN (0x4)
                0x10000000                _sdata = .
 *(.data)
 *(.data*)
                0x10000000                . = ALIGN (0x4)
                0x10000000                _edata = .

.igot.plt       0x10000000        0x0 load address 0x0000029c
 .igot.plt      0x10000000        0x0 c:/program files (x86)/atollic/truestudio for arm 6.0.0/armtools/bin/../lib/gcc/arm-atollic-eabi/5.3.1/armv7-m/crtbegin.o

.co_stack       0x10000000      0x400 load address 0x0000029c
 .co_stack      0x10000000      0x400 ChipSpecific\LandTiger2\cmsis_boot\startup\startup_LPC17xx.o
                0x10000000                pulStack
                0x10000400                . = ALIGN (0x4)

.bss            0x10000400       0x20 load address 0x0000069c
                0x10000400                _sbss = .
                0x10000400                __bss_start__ = _sbss
 *(.bss)
 .bss           0x10000400       0x1c c:/program files (x86)/atollic/truestudio for arm 6.0.0/armtools/bin/../lib/gcc/arm-atollic-eabi/5.3.1/armv7-m/crtbegin.o
 *(.bss*)
 *(COMMON)
 COMMON         0x1000041c        0x4 ChipSpecific\LandTiger2\kit1768\kit1768.o
                0x1000041c                SysTickCounter
                0x10000420                . = ALIGN (0x4)
                0x10000420                _ebss = .
                0x10000420                __bss_end__ = _ebss

._user_heap_stack
                0x10000420      0x100 load address 0x0000069c
                0x10000420                . = ALIGN (0x4)
                [!provide]                PROVIDE (end, .)
                [!provide]                PROVIDE (_end, .)
                0x10000420                . = (. + _Min_Heap_Size)
                0x10000520                . = (. + _Min_Stack_Size)
 *fill*         0x10000420      0x100 
                0x10000520                . = ALIGN (0x4)

.memory_b1_text
 *(.mb1text)
 *(.mb1text*)
 *(.mb1rodata)
 *(.mb1rodata*)

/DISCARD/
 libc.a(*)
 libm.a(*)
 libgcc.a(*)

.ARM.attributes
                0x00000000       0x2b
 *(.ARM.attributes)
 .ARM.attributes
                0x00000000       0x1d c:/program files (x86)/atollic/truestudio for arm 6.0.0/armtools/bin/../lib/gcc/arm-atollic-eabi/5.3.1/armv7-m/crti.o
 .ARM.attributes
                0x0000001d       0x2d c:/program files (x86)/atollic/truestudio for arm 6.0.0/armtools/bin/../lib/gcc/arm-atollic-eabi/5.3.1/armv7-m/crtbegin.o
 .ARM.attributes
                0x0000004a       0x33 ChipSpecific\LandTiger2\cmsis_boot\startup\startup_LPC17xx.o
 .ARM.attributes
                0x0000007d       0x33 ChipSpecific\LandTiger2\cmsis_boot\system_LPC17xx.o
 .ARM.attributes
                0x000000b0       0x33 ChipSpecific\LandTiger2\kit1768\kit1768.o
 .ARM.attributes
                0x000000e3       0x33 main.o
 .ARM.attributes
                0x00000116       0x1d c:/program files (x86)/atollic/truestudio for arm 6.0.0/armtools/bin/../lib/gcc/arm-atollic-eabi/5.3.1/armv7-m/crtn.o
OUTPUT(M3WebBackbone.elf elf32-littlearm)

.debug_info     0x00000000      0xfd9
 .debug_info    0x00000000      0x118 ChipSpecific\LandTiger2\cmsis_boot\startup\startup_LPC17xx.o
 .debug_info    0x00000118      0x4df ChipSpecific\LandTiger2\cmsis_boot\system_LPC17xx.o
 .debug_info    0x000005f7      0x9a0 ChipSpecific\LandTiger2\kit1768\kit1768.o
 .debug_info    0x00000f97       0x42 main.o

.debug_abbrev   0x00000000      0x432
 .debug_abbrev  0x00000000       0xe3 ChipSpecific\LandTiger2\cmsis_boot\startup\startup_LPC17xx.o
 .debug_abbrev  0x000000e3      0x103 ChipSpecific\LandTiger2\cmsis_boot\system_LPC17xx.o
 .debug_abbrev  0x000001e6      0x215 ChipSpecific\LandTiger2\kit1768\kit1768.o
 .debug_abbrev  0x000003fb       0x37 main.o

.debug_loc      0x00000000      0x5fa
 .debug_loc     0x00000000       0x2b ChipSpecific\LandTiger2\cmsis_boot\startup\startup_LPC17xx.o
 .debug_loc     0x0000002b      0x5cf ChipSpecific\LandTiger2\kit1768\kit1768.o

.debug_aranges  0x00000000       0xf0
 .debug_aranges
                0x00000000       0x28 ChipSpecific\LandTiger2\cmsis_boot\startup\startup_LPC17xx.o
 .debug_aranges
                0x00000028       0x28 ChipSpecific\LandTiger2\cmsis_boot\system_LPC17xx.o
 .debug_aranges
                0x00000050       0x80 ChipSpecific\LandTiger2\kit1768\kit1768.o
 .debug_aranges
                0x000000d0       0x20 main.o

.debug_ranges   0x00000000       0xc8
 .debug_ranges  0x00000000       0x18 ChipSpecific\LandTiger2\cmsis_boot\startup\startup_LPC17xx.o
 .debug_ranges  0x00000018       0x18 ChipSpecific\LandTiger2\cmsis_boot\system_LPC17xx.o
 .debug_ranges  0x00000030       0x88 ChipSpecific\LandTiger2\kit1768\kit1768.o
 .debug_ranges  0x000000b8       0x10 main.o

.debug_line     0x00000000      0x745
 .debug_line    0x00000000       0x8c ChipSpecific\LandTiger2\cmsis_boot\startup\startup_LPC17xx.o
 .debug_line    0x0000008c      0x276 ChipSpecific\LandTiger2\cmsis_boot\system_LPC17xx.o
 .debug_line    0x00000302      0x40b ChipSpecific\LandTiger2\kit1768\kit1768.o
 .debug_line    0x0000070d       0x38 main.o

.debug_str      0x00000000      0x5ff
 .debug_str     0x00000000      0x16e ChipSpecific\LandTiger2\cmsis_boot\startup\startup_LPC17xx.o
                                0x180 (size before relaxing)
 .debug_str     0x0000016e      0x277 ChipSpecific\LandTiger2\cmsis_boot\system_LPC17xx.o
                                0x38c (size before relaxing)
 .debug_str     0x000003e5      0x210 ChipSpecific\LandTiger2\kit1768\kit1768.o
                                0x37c (size before relaxing)
 .debug_str     0x000005f5        0xa main.o
                                 0xc3 (size before relaxing)

.comment        0x00000000       0x7e
 .comment       0x00000000       0x7e ChipSpecific\LandTiger2\cmsis_boot\startup\startup_LPC17xx.o
                                 0x7f (size before relaxing)
 .comment       0x0000007e       0x7f ChipSpecific\LandTiger2\cmsis_boot\system_LPC17xx.o
 .comment       0x0000007e       0x7f ChipSpecific\LandTiger2\kit1768\kit1768.o
 .comment       0x0000007e       0x7f main.o

.debug_frame    0x00000000      0x1f4
 .debug_frame   0x00000000       0x3c ChipSpecific\LandTiger2\cmsis_boot\startup\startup_LPC17xx.o
 .debug_frame   0x0000003c       0x48 ChipSpecific\LandTiger2\cmsis_boot\system_LPC17xx.o
 .debug_frame   0x00000084      0x150 ChipSpecific\LandTiger2\kit1768\kit1768.o
 .debug_frame   0x000001d4       0x20 main.o

Cross Reference Table

Symbol                                            File
ADC_IRQHandler                                    ChipSpecific\LandTiger2\cmsis_boot\startup\startup_LPC17xx.o
BOD_IRQHandler                                    ChipSpecific\LandTiger2\cmsis_boot\startup\startup_LPC17xx.o
BusFault_Handler                                  ChipSpecific\LandTiger2\cmsis_boot\startup\startup_LPC17xx.o
CANActivity_IRQHandler                            ChipSpecific\LandTiger2\cmsis_boot\startup\startup_LPC17xx.o
CAN_IRQHandler                                    ChipSpecific\LandTiger2\cmsis_boot\startup\startup_LPC17xx.o
CLKPWR_ConfigPPWR                                 ChipSpecific\LandTiger2\lpc17xx_lib\source\lpc17xx_clkpwr.o
                                                  ChipSpecific\LandTiger2\lpc17xx_lib\source\lpc17xx_emac.o
CLKPWR_DeepPowerDown                              ChipSpecific\LandTiger2\lpc17xx_lib\source\lpc17xx_clkpwr.o
CLKPWR_DeepSleep                                  ChipSpecific\LandTiger2\lpc17xx_lib\source\lpc17xx_clkpwr.o
CLKPWR_GetPCLK                                    ChipSpecific\LandTiger2\lpc17xx_lib\source\lpc17xx_clkpwr.o
CLKPWR_GetPCLKSEL                                 ChipSpecific\LandTiger2\lpc17xx_lib\source\lpc17xx_clkpwr.o
CLKPWR_PowerDown                                  ChipSpecific\LandTiger2\lpc17xx_lib\source\lpc17xx_clkpwr.o
CLKPWR_SetPCLKDiv                                 ChipSpecific\LandTiger2\lpc17xx_lib\source\lpc17xx_clkpwr.o
CLKPWR_Sleep                                      ChipSpecific\LandTiger2\lpc17xx_lib\source\lpc17xx_clkpwr.o
DMA_IRQHandler                                    ChipSpecific\LandTiger2\cmsis_boot\startup\startup_LPC17xx.o
DebugMon_Handler                                  ChipSpecific\LandTiger2\cmsis_boot\startup\startup_LPC17xx.o
Default_Reset_Handler                             ChipSpecific\LandTiger2\cmsis_boot\startup\startup_LPC17xx.o
EINT0_IRQHandler                                  ChipSpecific\LandTiger2\cmsis_boot\startup\startup_LPC17xx.o
EINT1_IRQHandler                                  ChipSpecific\LandTiger2\cmsis_boot\startup\startup_LPC17xx.o
EINT2_IRQHandler                                  ChipSpecific\LandTiger2\cmsis_boot\startup\startup_LPC17xx.o
EINT3_IRQHandler                                  ChipSpecific\LandTiger2\cmsis_boot\startup\startup_LPC17xx.o
EMAC_CheckPHYStatus                               ChipSpecific\LandTiger2\lpc17xx_lib\source\lpc17xx_emac.o
EMAC_CheckReceiveDataStatus                       ChipSpecific\LandTiger2\lpc17xx_lib\source\lpc17xx_emac.o
EMAC_CheckReceiveIndex                            ChipSpecific\LandTiger2\lpc17xx_lib\source\lpc17xx_emac.o
EMAC_CheckTransmitIndex                           ChipSpecific\LandTiger2\lpc17xx_lib\source\lpc17xx_emac.o
EMAC_DeInit                                       ChipSpecific\LandTiger2\lpc17xx_lib\source\lpc17xx_emac.o
EMAC_GetReceiveDataSize                           ChipSpecific\LandTiger2\lpc17xx_lib\source\lpc17xx_emac.o
EMAC_GetWoLStatus                                 ChipSpecific\LandTiger2\lpc17xx_lib\source\lpc17xx_emac.o
EMAC_Init                                         ChipSpecific\LandTiger2\lpc17xx_lib\source\lpc17xx_emac.o
EMAC_IntCmd                                       ChipSpecific\LandTiger2\lpc17xx_lib\source\lpc17xx_emac.o
EMAC_IntGetStatus                                 ChipSpecific\LandTiger2\lpc17xx_lib\source\lpc17xx_emac.o
EMAC_ReadPacketBuffer                             ChipSpecific\LandTiger2\lpc17xx_lib\source\lpc17xx_emac.o
EMAC_SetFilterMode                                ChipSpecific\LandTiger2\lpc17xx_lib\source\lpc17xx_emac.o
EMAC_SetHashFilter                                ChipSpecific\LandTiger2\lpc17xx_lib\source\lpc17xx_emac.o
EMAC_SetPHYMode                                   ChipSpecific\LandTiger2\lpc17xx_lib\source\lpc17xx_emac.o
EMAC_UpdatePHYStatus                              ChipSpecific\LandTiger2\lpc17xx_lib\source\lpc17xx_emac.o
EMAC_UpdateRxConsumeIndex                         ChipSpecific\LandTiger2\lpc17xx_lib\source\lpc17xx_emac.o
EMAC_UpdateTxProduceIndex                         ChipSpecific\LandTiger2\lpc17xx_lib\source\lpc17xx_emac.o
EMAC_WritePacketBuffer                            ChipSpecific\LandTiger2\lpc17xx_lib\source\lpc17xx_emac.o
EMAC_clkdiv                                       ChipSpecific\LandTiger2\lpc17xx_lib\source\lpc17xx_emac.o
ENET_IRQHandler                                   ChipSpecific\LandTiger2\cmsis_boot\startup\startup_LPC17xx.o
FIO_ByteClearValue                                ChipSpecific\LandTiger2\lpc17xx_lib\source\lpc17xx_gpio.o
FIO_ByteReadValue                                 ChipSpecific\LandTiger2\lpc17xx_lib\source\lpc17xx_gpio.o
FIO_ByteSetDir                                    ChipSpecific\LandTiger2\lpc17xx_lib\source\lpc17xx_gpio.o
FIO_ByteSetMask                                   ChipSpecific\LandTiger2\lpc17xx_lib\source\lpc17xx_gpio.o
FIO_ByteSetValue                                  ChipSpecific\LandTiger2\lpc17xx_lib\source\lpc17xx_gpio.o
FIO_ClearInt                                      ChipSpecific\LandTiger2\lpc17xx_lib\source\lpc17xx_gpio.o
FIO_ClearValue                                    ChipSpecific\LandTiger2\lpc17xx_lib\source\lpc17xx_gpio.o
FIO_GetIntStatus                                  ChipSpecific\LandTiger2\lpc17xx_lib\source\lpc17xx_gpio.o
FIO_HalfWordClearValue                            ChipSpecific\LandTiger2\lpc17xx_lib\source\lpc17xx_gpio.o
FIO_HalfWordReadValue                             ChipSpecific\LandTiger2\lpc17xx_lib\source\lpc17xx_gpio.o
FIO_HalfWordSetDir                                ChipSpecific\LandTiger2\lpc17xx_lib\source\lpc17xx_gpio.o
FIO_HalfWordSetMask                               ChipSpecific\LandTiger2\lpc17xx_lib\source\lpc17xx_gpio.o
FIO_HalfWordSetValue                              ChipSpecific\LandTiger2\lpc17xx_lib\source\lpc17xx_gpio.o
FIO_IntCmd                                        ChipSpecific\LandTiger2\lpc17xx_lib\source\lpc17xx_gpio.o
FIO_ReadValue                                     ChipSpecific\LandTiger2\lpc17xx_lib\source\lpc17xx_gpio.o
FIO_SetDir                                        ChipSpecific\LandTiger2\lpc17xx_lib\source\lpc17xx_gpio.o
FIO_SetMask                                       ChipSpecific\LandTiger2\lpc17xx_lib\source\lpc17xx_gpio.o
FIO_SetValue                                      ChipSpecific\LandTiger2\lpc17xx_lib\source\lpc17xx_gpio.o
GPIO_ClearInt                                     ChipSpecific\LandTiger2\lpc17xx_lib\source\lpc17xx_gpio.o
GPIO_ClearValue                                   ChipSpecific\LandTiger2\lpc17xx_lib\source\lpc17xx_gpio.o
                                                  ChipSpecific\LandTiger2\kit1768\kit1768.o
GPIO_GetIntStatus                                 ChipSpecific\LandTiger2\lpc17xx_lib\source\lpc17xx_gpio.o
GPIO_IntCmd                                       ChipSpecific\LandTiger2\lpc17xx_lib\source\lpc17xx_gpio.o
GPIO_ReadValue                                    ChipSpecific\LandTiger2\lpc17xx_lib\source\lpc17xx_gpio.o
                                                  ChipSpecific\LandTiger2\kit1768\kit1768.o
GPIO_SetDir                                       ChipSpecific\LandTiger2\lpc17xx_lib\source\lpc17xx_gpio.o
                                                  ChipSpecific\LandTiger2\kit1768\kit1768.o
GPIO_SetValue                                     ChipSpecific\LandTiger2\lpc17xx_lib\source\lpc17xx_gpio.o
                                                  ChipSpecific\LandTiger2\kit1768\kit1768.o
HardFault_Handler                                 ChipSpecific\LandTiger2\cmsis_boot\startup\startup_LPC17xx.o
I2C0_IRQHandler                                   ChipSpecific\LandTiger2\cmsis_boot\startup\startup_LPC17xx.o
I2C1_IRQHandler                                   ChipSpecific\LandTiger2\cmsis_boot\startup\startup_LPC17xx.o
I2C2_IRQHandler                                   ChipSpecific\LandTiger2\cmsis_boot\startup\startup_LPC17xx.o
I2S_IRQHandler                                    ChipSpecific\LandTiger2\cmsis_boot\startup\startup_LPC17xx.o
KIT1768_10msDelay                                 ChipSpecific\LandTiger2\kit1768\kit1768.o
KIT1768_Alle_Led_Aus                              ChipSpecific\LandTiger2\kit1768\kit1768.o
KIT1768_Alle_Led_Ein                              ChipSpecific\LandTiger2\kit1768\kit1768.o
KIT1768_Init                                      ChipSpecific\LandTiger2\kit1768\kit1768.o
KIT1768_Led_Aus                                   ChipSpecific\LandTiger2\kit1768\kit1768.o
KIT1768_Led_Ein                                   ChipSpecific\LandTiger2\kit1768\kit1768.o
KIT1768_Led_Enable                                ChipSpecific\LandTiger2\kit1768\kit1768.o
KIT1768_Lese_Alle_Schalter                        ChipSpecific\LandTiger2\kit1768\kit1768.o
KIT1768_Lese_Alle_Tasten                          ChipSpecific\LandTiger2\kit1768\kit1768.o
KIT1768_Lese_Schalter                             ChipSpecific\LandTiger2\kit1768\kit1768.o
KIT1768_Lese_Taste                                ChipSpecific\LandTiger2\kit1768\kit1768.o
KIT1768_Segment_Ein                               ChipSpecific\LandTiger2\kit1768\kit1768.o
MCPWM_IRQHandler                                  ChipSpecific\LandTiger2\cmsis_boot\startup\startup_LPC17xx.o
MemManage_Handler                                 ChipSpecific\LandTiger2\cmsis_boot\startup\startup_LPC17xx.o
NMI_Handler                                       ChipSpecific\LandTiger2\cmsis_boot\startup\startup_LPC17xx.o
PINSEL_ConfigPin                                  ChipSpecific\LandTiger2\lpc17xx_lib\source\lpc17xx_pinsel.o
PINSEL_ConfigTraceFunc                            ChipSpecific\LandTiger2\lpc17xx_lib\source\lpc17xx_pinsel.o
PINSEL_SetI2C0Pins                                ChipSpecific\LandTiger2\lpc17xx_lib\source\lpc17xx_pinsel.o
PLL0_IRQHandler                                   ChipSpecific\LandTiger2\cmsis_boot\startup\startup_LPC17xx.o
PLL1_IRQHandler                                   ChipSpecific\LandTiger2\cmsis_boot\startup\startup_LPC17xx.o
PWM1_IRQHandler                                   ChipSpecific\LandTiger2\cmsis_boot\startup\startup_LPC17xx.o
PendSV_Handler                                    ChipSpecific\LandTiger2\cmsis_boot\startup\startup_LPC17xx.o
QEI_IRQHandler                                    ChipSpecific\LandTiger2\cmsis_boot\startup\startup_LPC17xx.o
RIT_IRQHandler                                    ChipSpecific\LandTiger2\cmsis_boot\startup\startup_LPC17xx.o
RTC_IRQHandler                                    ChipSpecific\LandTiger2\cmsis_boot\startup\startup_LPC17xx.o
Reset_Handler                                     ChipSpecific\LandTiger2\cmsis_boot\startup\startup_LPC17xx.o
SEGMENT_TABLE                                     ChipSpecific\LandTiger2\kit1768\kit1768.o
SPI_IRQHandler                                    ChipSpecific\LandTiger2\cmsis_boot\startup\startup_LPC17xx.o
SSP0_IRQHandler                                   ChipSpecific\LandTiger2\cmsis_boot\startup\startup_LPC17xx.o
SSP1_IRQHandler                                   ChipSpecific\LandTiger2\cmsis_boot\startup\startup_LPC17xx.o
SVC_Handler                                       ChipSpecific\LandTiger2\cmsis_boot\startup\startup_LPC17xx.o
SysTickCounter                                    ChipSpecific\LandTiger2\kit1768\kit1768.o
SysTick_Handler                                   ChipSpecific\LandTiger2\kit1768\kit1768.o
                                                  ChipSpecific\LandTiger2\cmsis_boot\startup\startup_LPC17xx.o
SystemCoreClock                                   ChipSpecific\LandTiger2\cmsis_boot\system_LPC17xx.o
                                                  ChipSpecific\LandTiger2\lpc17xx_lib\source\lpc17xx_emac.o
                                                  ChipSpecific\LandTiger2\lpc17xx_lib\source\lpc17xx_clkpwr.o
SystemCoreClockUpdate                             ChipSpecific\LandTiger2\cmsis_boot\system_LPC17xx.o
SystemInit                                        ChipSpecific\LandTiger2\cmsis_boot\system_LPC17xx.o
                                                  ChipSpecific\LandTiger2\cmsis_boot\startup\startup_LPC17xx.o
TIMER0_IRQHandler                                 ChipSpecific\LandTiger2\cmsis_boot\startup\startup_LPC17xx.o
TIMER1_IRQHandler                                 ChipSpecific\LandTiger2\cmsis_boot\startup\startup_LPC17xx.o
TIMER2_IRQHandler                                 ChipSpecific\LandTiger2\cmsis_boot\startup\startup_LPC17xx.o
TIMER3_IRQHandler                                 ChipSpecific\LandTiger2\cmsis_boot\startup\startup_LPC17xx.o
UART0_IRQHandler                                  ChipSpecific\LandTiger2\cmsis_boot\startup\startup_LPC17xx.o
UART1_IRQHandler                                  ChipSpecific\LandTiger2\cmsis_boot\startup\startup_LPC17xx.o
UART2_IRQHandler                                  ChipSpecific\LandTiger2\cmsis_boot\startup\startup_LPC17xx.o
UART3_IRQHandler                                  ChipSpecific\LandTiger2\cmsis_boot\startup\startup_LPC17xx.o
USBActivity_IRQHandler                            ChipSpecific\LandTiger2\cmsis_boot\startup\startup_LPC17xx.o
USB_IRQHandler                                    ChipSpecific\LandTiger2\cmsis_boot\startup\startup_LPC17xx.o
UsageFault_Handler                                ChipSpecific\LandTiger2\cmsis_boot\startup\startup_LPC17xx.o
WDT_IRQHandler                                    ChipSpecific\LandTiger2\cmsis_boot\startup\startup_LPC17xx.o
__deregister_frame_info                           c:/program files (x86)/atollic/truestudio for arm 6.0.0/armtools/bin/../lib/gcc/arm-atollic-eabi/5.3.1/armv7-m/crtbegin.o
__dso_handle                                      c:/program files (x86)/atollic/truestudio for arm 6.0.0/armtools/bin/../lib/gcc/arm-atollic-eabi/5.3.1/armv7-m/crtbegin.o
__register_frame_info                             c:/program files (x86)/atollic/truestudio for arm 6.0.0/armtools/bin/../lib/gcc/arm-atollic-eabi/5.3.1/armv7-m/crtbegin.o
_ebss                                             ChipSpecific\LandTiger2\cmsis_boot\startup\startup_LPC17xx.o
_edata                                            ChipSpecific\LandTiger2\cmsis_boot\startup\startup_LPC17xx.o
_fini                                             c:/program files (x86)/atollic/truestudio for arm 6.0.0/armtools/bin/../lib/gcc/arm-atollic-eabi/5.3.1/armv7-m/crti.o
_init                                             c:/program files (x86)/atollic/truestudio for arm 6.0.0/armtools/bin/../lib/gcc/arm-atollic-eabi/5.3.1/armv7-m/crti.o
_sbss                                             ChipSpecific\LandTiger2\cmsis_boot\startup\startup_LPC17xx.o
_sdata                                            ChipSpecific\LandTiger2\cmsis_boot\startup\startup_LPC17xx.o
_sidata                                           ChipSpecific\LandTiger2\cmsis_boot\startup\startup_LPC17xx.o
check_failed                                      ChipSpecific\LandTiger2\lpc17xx_lib\source\lpc17xx_libcfg_default.o
g_pfnVectors                                      ChipSpecific\LandTiger2\cmsis_boot\startup\startup_LPC17xx.o
main                                              main.o
                                                  ChipSpecific\LandTiger2\cmsis_boot\startup\startup_LPC17xx.o
memcpy                                            c:/program files (x86)/atollic/truestudio for arm 6.0.0/armtools/bin/../lib/gcc/arm-atollic-eabi/5.3.1/../../../../arm-atollic-eabi/lib/armv7-m\libc_nano.a(lib_a-memcpy-stub.o)
                                                  FreeRTOS\Source\queue.o
pcTaskGetName                                     FreeRTOS\Source\tasks.o
pulStack                                          ChipSpecific\LandTiger2\cmsis_boot\startup\startup_LPC17xx.o
pvPortMalloc                                      FreeRTOS\Source\portable\MemMang\heap_2.o
                                                  FreeRTOS\Source\tasks.o
                                                  FreeRTOS\Source\queue.o
                                                  FreeRTOS\Source\event_groups.o
pvTaskIncrementMutexHeldCount                     FreeRTOS\Source\tasks.o
                                                  FreeRTOS\Source\queue.o
pxCurrentTCB                                      FreeRTOS\Source\tasks.o
                                                  FreeRTOS\Source\portable\GCC\ARM_CM3\port.o
pxPortInitialiseStack                             FreeRTOS\Source\portable\GCC\ARM_CM3\port.o
                                                  FreeRTOS\Source\tasks.o
ulTaskNotifyTake                                  FreeRTOS\Source\tasks.o
uxListRemove                                      FreeRTOS\Source\list.o
                                                  FreeRTOS\Source\tasks.o
uxQueueMessagesWaiting                            FreeRTOS\Source\queue.o
uxQueueMessagesWaitingFromISR                     FreeRTOS\Source\queue.o
uxQueueSpacesAvailable                            FreeRTOS\Source\queue.o
uxTaskGetNumberOfTasks                            FreeRTOS\Source\tasks.o
uxTaskPriorityGet                                 FreeRTOS\Source\tasks.o
uxTaskPriorityGetFromISR                          FreeRTOS\Source\tasks.o
uxTaskResetEventItemValue                         FreeRTOS\Source\tasks.o
                                                  FreeRTOS\Source\event_groups.o
vApplicationTickHook                              FreeRTOS\Source\tasks.o
vEventGroupClearBitsCallback                      FreeRTOS\Source\event_groups.o
vEventGroupDelete                                 FreeRTOS\Source\event_groups.o
vEventGroupSetBitsCallback                        FreeRTOS\Source\event_groups.o
vListInitialise                                   FreeRTOS\Source\list.o
                                                  FreeRTOS\Source\tasks.o
                                                  FreeRTOS\Source\queue.o
                                                  FreeRTOS\Source\event_groups.o
vListInitialiseItem                               FreeRTOS\Source\list.o
                                                  FreeRTOS\Source\tasks.o
vListInsert                                       FreeRTOS\Source\list.o
                                                  FreeRTOS\Source\tasks.o
vListInsertEnd                                    FreeRTOS\Source\list.o
                                                  FreeRTOS\Source\tasks.o
vPortEndScheduler                                 FreeRTOS\Source\portable\GCC\ARM_CM3\port.o
                                                  FreeRTOS\Source\tasks.o
vPortEnterCritical                                FreeRTOS\Source\portable\GCC\ARM_CM3\port.o
                                                  FreeRTOS\Source\tasks.o
                                                  FreeRTOS\Source\queue.o
                                                  FreeRTOS\Source\event_groups.o
vPortExitCritical                                 FreeRTOS\Source\portable\GCC\ARM_CM3\port.o
                                                  FreeRTOS\Source\tasks.o
                                                  FreeRTOS\Source\queue.o
                                                  FreeRTOS\Source\event_groups.o
vPortFree                                         FreeRTOS\Source\portable\MemMang\heap_2.o
                                                  FreeRTOS\Source\tasks.o
                                                  FreeRTOS\Source\queue.o
                                                  FreeRTOS\Source\event_groups.o
vPortInitialiseBlocks                             FreeRTOS\Source\portable\MemMang\heap_2.o
vPortSVCHandler                                   FreeRTOS\Source\portable\GCC\ARM_CM3\port.o
vPortSetupTimerInterrupt                          FreeRTOS\Source\portable\GCC\ARM_CM3\port.o
vQueueDelete                                      FreeRTOS\Source\queue.o
vTaskDelay                                        FreeRTOS\Source\tasks.o
vTaskDelayUntil                                   FreeRTOS\Source\tasks.o
vTaskDelete                                       FreeRTOS\Source\tasks.o
vTaskEndScheduler                                 FreeRTOS\Source\tasks.o
vTaskMissedYield                                  FreeRTOS\Source\tasks.o
                                                  FreeRTOS\Source\queue.o
vTaskNotifyGiveFromISR                            FreeRTOS\Source\tasks.o
vTaskPlaceOnEventList                             FreeRTOS\Source\tasks.o
                                                  FreeRTOS\Source\queue.o
vTaskPlaceOnUnorderedEventList                    FreeRTOS\Source\tasks.o
                                                  FreeRTOS\Source\event_groups.o
vTaskPriorityInherit                              FreeRTOS\Source\tasks.o
                                                  FreeRTOS\Source\queue.o
vTaskPrioritySet                                  FreeRTOS\Source\tasks.o
vTaskRemoveFromUnorderedEventList                 FreeRTOS\Source\tasks.o
                                                  FreeRTOS\Source\event_groups.o
vTaskResume                                       FreeRTOS\Source\tasks.o
vTaskSetTimeOutState                              FreeRTOS\Source\tasks.o
                                                  FreeRTOS\Source\queue.o
vTaskStartScheduler                               FreeRTOS\Source\tasks.o
vTaskSuspend                                      FreeRTOS\Source\tasks.o
vTaskSuspendAll                                   FreeRTOS\Source\tasks.o
                                                  FreeRTOS\Source\queue.o
                                                  FreeRTOS\Source\portable\MemMang\heap_2.o
                                                  FreeRTOS\Source\event_groups.o
vTaskSwitchContext                                FreeRTOS\Source\tasks.o
                                                  FreeRTOS\Source\portable\GCC\ARM_CM3\port.o
xEventGroupClearBits                              FreeRTOS\Source\event_groups.o
xEventGroupCreate                                 FreeRTOS\Source\event_groups.o
xEventGroupGetBitsFromISR                         FreeRTOS\Source\event_groups.o
xEventGroupSetBits                                FreeRTOS\Source\event_groups.o
xEventGroupSync                                   FreeRTOS\Source\event_groups.o
xEventGroupWaitBits                               FreeRTOS\Source\event_groups.o
xPortGetFreeHeapSize                              FreeRTOS\Source\portable\MemMang\heap_2.o
xPortPendSVHandler                                FreeRTOS\Source\portable\GCC\ARM_CM3\port.o
xPortStartScheduler                               FreeRTOS\Source\portable\GCC\ARM_CM3\port.o
                                                  FreeRTOS\Source\tasks.o
xPortSysTickHandler                               FreeRTOS\Source\portable\GCC\ARM_CM3\port.o
xQueueCreateMutex                                 FreeRTOS\Source\queue.o
xQueueGenericCreate                               FreeRTOS\Source\queue.o
xQueueGenericReceive                              FreeRTOS\Source\queue.o
xQueueGenericReset                                FreeRTOS\Source\queue.o
xQueueGenericSend                                 FreeRTOS\Source\queue.o
xQueueGenericSendFromISR                          FreeRTOS\Source\queue.o
xQueueGiveFromISR                                 FreeRTOS\Source\queue.o
xQueueGiveMutexRecursive                          FreeRTOS\Source\queue.o
xQueueIsQueueEmptyFromISR                         FreeRTOS\Source\queue.o
xQueueIsQueueFullFromISR                          FreeRTOS\Source\queue.o
xQueuePeekFromISR                                 FreeRTOS\Source\queue.o
xQueueReceiveFromISR                              FreeRTOS\Source\queue.o
xQueueTakeMutexRecursive                          FreeRTOS\Source\queue.o
xTaskCheckForTimeOut                              FreeRTOS\Source\tasks.o
                                                  FreeRTOS\Source\queue.o
xTaskCreate                                       FreeRTOS\Source\tasks.o
xTaskGenericNotify                                FreeRTOS\Source\tasks.o
xTaskGenericNotifyFromISR                         FreeRTOS\Source\tasks.o
xTaskGetCurrentTaskHandle                         FreeRTOS\Source\tasks.o
                                                  FreeRTOS\Source\queue.o
xTaskGetTickCount                                 FreeRTOS\Source\tasks.o
xTaskGetTickCountFromISR                          FreeRTOS\Source\tasks.o
xTaskIncrementTick                                FreeRTOS\Source\tasks.o
                                                  FreeRTOS\Source\portable\GCC\ARM_CM3\port.o
xTaskNotifyStateClear                             FreeRTOS\Source\tasks.o
xTaskNotifyWait                                   FreeRTOS\Source\tasks.o
xTaskPriorityDisinherit                           FreeRTOS\Source\tasks.o
                                                  FreeRTOS\Source\queue.o
xTaskRemoveFromEventList                          FreeRTOS\Source\tasks.o
                                                  FreeRTOS\Source\queue.o
xTaskResumeAll                                    FreeRTOS\Source\tasks.o
                                                  FreeRTOS\Source\queue.o
                                                  FreeRTOS\Source\portable\MemMang\heap_2.o
                                                  FreeRTOS\Source\event_groups.o
xTaskResumeFromISR                                FreeRTOS\Source\tasks.o
