Archive member included to satisfy reference by file (symbol)

c:/program files (x86)/atollic/truestudio for arm 6.0.0/armtools/bin/../lib/gcc/arm-atollic-eabi/5.3.1/../../../../arm-atollic-eabi/lib/armv7-m\libc_nano.a(lib_a-memcmp.o)
                              FreeRTOS-Plus-FAT\ff_dev_support.o (memcmp)
c:/program files (x86)/atollic/truestudio for arm 6.0.0/armtools/bin/../lib/gcc/arm-atollic-eabi/5.3.1/../../../../arm-atollic-eabi/lib/armv7-m\libc_nano.a(lib_a-memcpy-stub.o)
                              FreeRTOS\Source\queue.o (memcpy)
c:/program files (x86)/atollic/truestudio for arm 6.0.0/armtools/bin/../lib/gcc/arm-atollic-eabi/5.3.1/../../../../arm-atollic-eabi/lib/armv7-m\libc_nano.a(lib_a-memmove.o)
                              FreeRTOS-Plus-TCP\FreeRTOS_IP.o (memmove)
c:/program files (x86)/atollic/truestudio for arm 6.0.0/armtools/bin/../lib/gcc/arm-atollic-eabi/5.3.1/../../../../arm-atollic-eabi/lib/armv7-m\libc_nano.a(lib_a-memset.o)
                              FreeRTOS-Plus-FAT\ff_dir.o (memset)
c:/program files (x86)/atollic/truestudio for arm 6.0.0/armtools/bin/../lib/gcc/arm-atollic-eabi/5.3.1/../../../../arm-atollic-eabi/lib/armv7-m\libc_nano.a(lib_a-rand.o)
                              FreeRTOS-Plus-FAT\ff_format.o (rand)
c:/program files (x86)/atollic/truestudio for arm 6.0.0/armtools/bin/../lib/gcc/arm-atollic-eabi/5.3.1/../../../../arm-atollic-eabi/lib/armv7-m\libc_nano.a(lib_a-snprintf.o)
                              FreeRTOS-Plus-FAT\ff_dev_support.o (snprintf)
c:/program files (x86)/atollic/truestudio for arm 6.0.0/armtools/bin/../lib/gcc/arm-atollic-eabi/5.3.1/../../../../arm-atollic-eabi/lib/armv7-m\libc_nano.a(lib_a-sprintf.o)
                              FreeRTOS-Plus-FAT\ff_dir.o (sprintf)
c:/program files (x86)/atollic/truestudio for arm 6.0.0/armtools/bin/../lib/gcc/arm-atollic-eabi/5.3.1/../../../../arm-atollic-eabi/lib/armv7-m\libc_nano.a(lib_a-strchr.o)
                              FreeRTOS-Plus-FAT\ff_dir.o (strchr)
c:/program files (x86)/atollic/truestudio for arm 6.0.0/armtools/bin/../lib/gcc/arm-atollic-eabi/5.3.1/../../../../arm-atollic-eabi/lib/armv7-m\libc_nano.a(lib_a-strcmp.o)
                              FreeRTOS-Plus-FAT\ff_dev_support.o (strcmp)
c:/program files (x86)/atollic/truestudio for arm 6.0.0/armtools/bin/../lib/gcc/arm-atollic-eabi/5.3.1/../../../../arm-atollic-eabi/lib/armv7-m\libc_nano.a(lib_a-strcpy.o)
                              FreeRTOS-Plus-FAT\ff_dir.o (strcpy)
c:/program files (x86)/atollic/truestudio for arm 6.0.0/armtools/bin/../lib/gcc/arm-atollic-eabi/5.3.1/../../../../arm-atollic-eabi/lib/armv7-m\libc_nano.a(lib_a-strlen.o)
                              FreeRTOS-Plus-FAT\ff_dev_support.o (strlen)
c:/program files (x86)/atollic/truestudio for arm 6.0.0/armtools/bin/../lib/gcc/arm-atollic-eabi/5.3.1/../../../../arm-atollic-eabi/lib/armv7-m\libc_nano.a(lib_a-strncpy.o)
                              FreeRTOS-Plus-FAT\ff_dir.o (strncpy)
c:/program files (x86)/atollic/truestudio for arm 6.0.0/armtools/bin/../lib/gcc/arm-atollic-eabi/5.3.1/../../../../arm-atollic-eabi/lib/armv7-m\libc_nano.a(lib_a-impure.o)
                              c:/program files (x86)/atollic/truestudio for arm 6.0.0/armtools/bin/../lib/gcc/arm-atollic-eabi/5.3.1/../../../../arm-atollic-eabi/lib/armv7-m\libc_nano.a(lib_a-rand.o) (_impure_ptr)
c:/program files (x86)/atollic/truestudio for arm 6.0.0/armtools/bin/../lib/gcc/arm-atollic-eabi/5.3.1/../../../../arm-atollic-eabi/lib/armv7-m\libc_nano.a(lib_a-malloc.o)
                              c:/program files (x86)/atollic/truestudio for arm 6.0.0/armtools/bin/../lib/gcc/arm-atollic-eabi/5.3.1/../../../../arm-atollic-eabi/lib/armv7-m\libc_nano.a(lib_a-rand.o) (malloc)
c:/program files (x86)/atollic/truestudio for arm 6.0.0/armtools/bin/../lib/gcc/arm-atollic-eabi/5.3.1/../../../../arm-atollic-eabi/lib/armv7-m\libc_nano.a(lib_a-nano-freer.o)
                              c:/program files (x86)/atollic/truestudio for arm 6.0.0/armtools/bin/../lib/gcc/arm-atollic-eabi/5.3.1/../../../../arm-atollic-eabi/lib/armv7-m\libc_nano.a(lib_a-malloc.o) (_free_r)
c:/program files (x86)/atollic/truestudio for arm 6.0.0/armtools/bin/../lib/gcc/arm-atollic-eabi/5.3.1/../../../../arm-atollic-eabi/lib/armv7-m\libc_nano.a(lib_a-nano-mallocr.o)
                              c:/program files (x86)/atollic/truestudio for arm 6.0.0/armtools/bin/../lib/gcc/arm-atollic-eabi/5.3.1/../../../../arm-atollic-eabi/lib/armv7-m\libc_nano.a(lib_a-malloc.o) (_malloc_r)
c:/program files (x86)/atollic/truestudio for arm 6.0.0/armtools/bin/../lib/gcc/arm-atollic-eabi/5.3.1/../../../../arm-atollic-eabi/lib/armv7-m\libc_nano.a(lib_a-nano-svfprintf.o)
                              c:/program files (x86)/atollic/truestudio for arm 6.0.0/armtools/bin/../lib/gcc/arm-atollic-eabi/5.3.1/../../../../arm-atollic-eabi/lib/armv7-m\libc_nano.a(lib_a-snprintf.o) (_svfprintf_r)
[...]
Memory Configuration

Name             Origin             Length             Attributes
FLASH            0x00000000         0x00080000         xr
RAM              0x10000000         0x00008000         xrw
RAM1             0x2007c000         0x00004000         xrw
RAM2             0x20080000         0x00004000         xrw
MEMORY_B1        0x80000000         0x00000000         xr
*default*        0x00000000         0xffffffff

Linker script and memory map

LOAD c:/program files (x86)/atollic/truestudio for arm 6.0.0/armtools/bin/../lib/gcc/arm-atollic-eabi/5.3.1/armv7-m/crti.o
LOAD c:/program files (x86)/atollic/truestudio for arm 6.0.0/armtools/bin/../lib/gcc/arm-atollic-eabi/5.3.1/armv7-m/crtbegin.o
LOAD BusinessLogic\managers\networkManager.o
LOAD ChipSpecific\LandTiger2\cmsis_boot\startup\startup_LPC17xx.o
LOAD ChipSpecific\LandTiger2\cmsis_boot\system_LPC17xx.o
LOAD ChipSpecific\LandTiger2\kit1768\kit1768.o
LOAD ChipSpecific\LandTiger2\lpc17xx_lib\source\lpc17xx_clkpwr.o
LOAD ChipSpecific\LandTiger2\lpc17xx_lib\source\lpc17xx_emac.o
LOAD ChipSpecific\LandTiger2\lpc17xx_lib\source\lpc17xx_gpio.o
LOAD ChipSpecific\LandTiger2\lpc17xx_lib\source\lpc17xx_libcfg_default.o
LOAD ChipSpecific\LandTiger2\lpc17xx_lib\source\lpc17xx_pinsel.o
LOAD FreeRTOS\Source\event_groups.o
LOAD FreeRTOS\Source\list.o
LOAD FreeRTOS\Source\portable\GCC\ARM_CM3\port.o
LOAD FreeRTOS\Source\portable\MemMang\heap_2.o
LOAD FreeRTOS\Source\queue.o
LOAD FreeRTOS\Source\tasks.o
LOAD FreeRTOS\Source\timers.o
LOAD FreeRTOS-Plus-FAT\ff_crc.o
LOAD FreeRTOS-Plus-FAT\ff_dev_support.o
LOAD FreeRTOS-Plus-FAT\ff_dir.o
LOAD FreeRTOS-Plus-FAT\ff_error.o
LOAD FreeRTOS-Plus-FAT\ff_fat.o
LOAD FreeRTOS-Plus-FAT\ff_file.o
LOAD FreeRTOS-Plus-FAT\ff_format.o
LOAD FreeRTOS-Plus-FAT\ff_ioman.o
LOAD FreeRTOS-Plus-FAT\ff_locking.o
LOAD FreeRTOS-Plus-FAT\ff_memory.o
LOAD FreeRTOS-Plus-FAT\ff_stdio.o
LOAD FreeRTOS-Plus-FAT\ff_string.o
LOAD FreeRTOS-Plus-FAT\ff_sys.o
LOAD FreeRTOS-Plus-FAT\ff_time.o
LOAD FreeRTOS-Plus-FAT\portable\common\ff_ramdisk.o
LOAD FreeRTOS-Plus-TCP\FreeRTOS_ARP.o
LOAD FreeRTOS-Plus-TCP\FreeRTOS_DHCP.o
LOAD FreeRTOS-Plus-TCP\FreeRTOS_DNS.o
LOAD FreeRTOS-Plus-TCP\FreeRTOS_IP.o
LOAD FreeRTOS-Plus-TCP\FreeRTOS_Sockets.o
LOAD FreeRTOS-Plus-TCP\FreeRTOS_Stream_Buffer.o
LOAD FreeRTOS-Plus-TCP\FreeRTOS_TCP_IP.o
LOAD FreeRTOS-Plus-TCP\FreeRTOS_TCP_WIN.o
LOAD FreeRTOS-Plus-TCP\FreeRTOS_UDP_IP.o
LOAD FreeRTOS-Plus-TCP\portable\BufferManagement\BufferAllocation_2.o
LOAD FreeRTOS-Plus-TCP\portable\NetworkInterface\LPC1768\NetworkInterface.o
LOAD FreeRTOS-Plus-TCP\protocols\Common\FreeRTOS_TCP_server.o
LOAD FreeRTOS-Plus-TCP\protocols\FTP\FreeRTOS_FTP_commands.o
LOAD FreeRTOS-Plus-TCP\protocols\FTP\FreeRTOS_FTP_server.o
LOAD FreeRTOS-Plus-TCP\protocols\HTTP\FreeRTOS_HTTP_commands.o
LOAD FreeRTOS-Plus-TCP\protocols\HTTP\FreeRTOS_HTTP_server.o
LOAD main.o
START GROUP
LOAD c:/program files (x86)/atollic/truestudio for arm 6.0.0/armtools/bin/../lib/gcc/arm-atollic-eabi/5.3.1/../../../../arm-atollic-eabi/lib/armv7-m\libc_nano.a
LOAD c:/program files (x86)/atollic/truestudio for arm 6.0.0/armtools/bin/../lib/gcc/arm-atollic-eabi/5.3.1/../../../../arm-atollic-eabi/lib/armv7-m\libm.a
END GROUP
                0x00000080                malloc_getpagesize_P = 0x80
START GROUP
LOAD c:/program files (x86)/atollic/truestudio for arm 6.0.0/armtools/bin/../lib/gcc/arm-atollic-eabi/5.3.1/armv7-m\libgcc.a
LOAD c:/program files (x86)/atollic/truestudio for arm 6.0.0/armtools/bin/../lib/gcc/arm-atollic-eabi/5.3.1/../../../../arm-atollic-eabi/lib/armv7-m\libc_nano.a
END GROUP
START GROUP
LOAD c:/program files (x86)/atollic/truestudio for arm 6.0.0/armtools/bin/../lib/gcc/arm-atollic-eabi/5.3.1/armv7-m\libgcc.a
LOAD c:/program files (x86)/atollic/truestudio for arm 6.0.0/armtools/bin/../lib/gcc/arm-atollic-eabi/5.3.1/../../../../arm-atollic-eabi/lib/armv7-m\libc_nano.a
LOAD c:/program files (x86)/atollic/truestudio for arm 6.0.0/armtools/bin/../lib/gcc/arm-atollic-eabi/5.3.1/../../../../arm-atollic-eabi/lib/armv7-m\libnosys.a
END GROUP
START GROUP
LOAD c:/program files (x86)/atollic/truestudio for arm 6.0.0/armtools/bin/../lib/gcc/arm-atollic-eabi/5.3.1/armv7-m\libgcc.a
LOAD c:/program files (x86)/atollic/truestudio for arm 6.0.0/armtools/bin/../lib/gcc/arm-atollic-eabi/5.3.1/../../../../arm-atollic-eabi/lib/armv7-m\libc_nano.a
LOAD c:/program files (x86)/atollic/truestudio for arm 6.0.0/armtools/bin/../lib/gcc/arm-atollic-eabi/5.3.1/../../../../arm-atollic-eabi/lib/armv7-m\libnosys.a
END GROUP
LOAD c:/program files (x86)/atollic/truestudio for arm 6.0.0/armtools/bin/../lib/gcc/arm-atollic-eabi/5.3.1/armv7-m/crtend.o
LOAD c:/program files (x86)/atollic/truestudio for arm 6.0.0/armtools/bin/../lib/gcc/arm-atollic-eabi/5.3.1/armv7-m/crtn.o
                0x10008000                _estack = 0x10008000
                0x00000000                _Min_Heap_Size = 0x0
                0x00000100                _Min_Stack_Size = 0x100

.isr_vector     0x00000000       0xcc
                0x00000000                . = ALIGN (0x4)
                0x00000000                _isr_vector = .
 *(.isr_vector)
 .isr_vector    0x00000000       0xcc ChipSpecific\LandTiger2\cmsis_boot\startup\startup_LPC17xx.o
                0x00000000                g_pfnVectors
                0x000000cc                . = ALIGN (0x4)

.text           0x000000cc      0x1c8
                0x000000cc                . = ALIGN (0x4)
 *(.text)
 .text          0x000000cc       0x40 c:/program files (x86)/atollic/truestudio for arm 6.0.0/armtools/bin/../lib/gcc/arm-atollic-eabi/5.3.1/armv7-m/crtbegin.o
 *(.text*)
 .text.Default_Handler
                0x0000010c        0x4 ChipSpecific\LandTiger2\cmsis_boot\startup\startup_LPC17xx.o
                0x0000010c                TIMER2_IRQHandler
                0x0000010c                DebugMon_Handler
                0x0000010c                RIT_IRQHandler
                0x0000010c                I2C0_IRQHandler
                0x0000010c                HardFault_Handler
                0x0000010c                USBActivity_IRQHandler
                0x0000010c                PWM1_IRQHandler
                0x0000010c                PendSV_Handler
                0x0000010c                NMI_Handler
                0x0000010c                I2C1_IRQHandler
                0x0000010c                EINT2_IRQHandler
                0x0000010c                UART1_IRQHandler
                0x0000010c                EINT3_IRQHandler
                0x0000010c                CANActivity_IRQHandler
                0x0000010c                TIMER3_IRQHandler
                0x0000010c                UART0_IRQHandler
                0x0000010c                UsageFault_Handler
                0x0000010c                PLL0_IRQHandler
                0x0000010c                CAN_IRQHandler
                0x0000010c                PLL1_IRQHandler
                0x0000010c                SSP0_IRQHandler
                0x0000010c                I2S_IRQHandler
                0x0000010c                I2C2_IRQHandler
                0x0000010c                RTC_IRQHandler
                0x0000010c                TIMER0_IRQHandler
                0x0000010c                SPI_IRQHandler
                0x0000010c                EINT1_IRQHandler
                0x0000010c                TIMER1_IRQHandler
                0x0000010c                UART2_IRQHandler
                0x0000010c                ADC_IRQHandler
                0x0000010c                SSP1_IRQHandler
                0x0000010c                USB_IRQHandler
                0x0000010c                BOD_IRQHandler
                0x0000010c                MemManage_Handler
                0x0000010c                WDT_IRQHandler
                0x0000010c                SVC_Handler
                0x0000010c                QEI_IRQHandler
                0x0000010c                EINT0_IRQHandler
                0x0000010c                DMA_IRQHandler
                0x0000010c                BusFault_Handler
                0x0000010c                UART3_IRQHandler
                0x0000010c                MCPWM_IRQHandler
                0x0000010c                ENET_IRQHandler
 .text.Default_Reset_Handler
                0x00000110       0x58 ChipSpecific\LandTiger2\cmsis_boot\startup\startup_LPC17xx.o
                0x00000110                Default_Reset_Handler
                0x00000110                Reset_Handler
 .text.SystemInit
                0x00000168       0xfc ChipSpecific\LandTiger2\cmsis_boot\system_LPC17xx.o
                0x00000168                SystemInit
 .text.SysTick_Handler
                0x00000264       0x14 ChipSpecific\LandTiger2\kit1768\kit1768.o
                0x00000264                SysTick_Handler
 .text.startup.main
                0x00000278        0x4 main.o
                0x00000278                main
 *(.glue_7)
 .glue_7        0x0000027c        0x0 linker stubs
 *(.glue_7t)
 .glue_7t       0x0000027c        0x0 linker stubs
 *(.eh_frame)
 .eh_frame      0x0000027c        0x0 c:/program files (x86)/atollic/truestudio for arm 6.0.0/armtools/bin/../lib/gcc/arm-atollic-eabi/5.3.1/armv7-m/crtbegin.o
 *(.init)
 .init          0x0000027c        0x4 c:/program files (x86)/atollic/truestudio for arm 6.0.0/armtools/bin/../lib/gcc/arm-atollic-eabi/5.3.1/armv7-m/crti.o
                0x0000027c                _init
 .init          0x00000280        0x8 c:/program files (x86)/atollic/truestudio for arm 6.0.0/armtools/bin/../lib/gcc/arm-atollic-eabi/5.3.1/armv7-m/crtn.o
 *(.fini)
 .fini          0x00000288        0x4 c:/program files (x86)/atollic/truestudio for arm 6.0.0/armtools/bin/../lib/gcc/arm-atollic-eabi/5.3.1/armv7-m/crti.o
                0x00000288                _fini
 .fini          0x0000028c        0x8 c:/program files (x86)/atollic/truestudio for arm 6.0.0/armtools/bin/../lib/gcc/arm-atollic-eabi/5.3.1/armv7-m/crtn.o
                0x00000294                . = ALIGN (0x4)
                0x00000294                _etext = .

.vfp11_veneer   0x00000294        0x0
 .vfp11_veneer  0x00000294        0x0 linker stubs

.v4_bx          0x00000294        0x0
 .v4_bx         0x00000294        0x0 linker stubs

.iplt           0x00000294        0x0
 .iplt          0x00000294        0x0 c:/program files (x86)/atollic/truestudio for arm 6.0.0/armtools/bin/../lib/gcc/arm-atollic-eabi/5.3.1/armv7-m/crtbegin.o

.rel.dyn        0x00000294        0x0
 .rel.iplt      0x00000294        0x0 c:/program files (x86)/atollic/truestudio for arm 6.0.0/armtools/bin/../lib/gcc/arm-atollic-eabi/5.3.1/armv7-m/crtbegin.o

.rodata         0x00000294        0x0
                0x00000294                . = ALIGN (0x4)
 *(.rodata)
 *(.rodata*)
                0x00000294                . = ALIGN (0x4)

.ARM.extab
 *(.ARM.extab* .gnu.linkonce.armextab.*)

.ARM            0x00000294        0x0
                0x00000294                __exidx_start = .
 *(.ARM.exidx*)
                0x00000294                __exidx_end = .

.preinit_array  0x00000294        0x0
                [!provide]                PROVIDE (__preinit_array_start, .)
 *(.preinit_array*)
                [!provide]                PROVIDE (__preinit_array_end, .)

.init_array     0x00000294        0x4
                [!provide]                PROVIDE (__init_array_start, .)
 *(SORT(.init_array.*))
 *(.init_array*)
 .init_array    0x00000294        0x4 c:/program files (x86)/atollic/truestudio for arm 6.0.0/armtools/bin/../lib/gcc/arm-atollic-eabi/5.3.1/armv7-m/crtbegin.o
                [!provide]                PROVIDE (__init_array_end, .)

.fini_array     0x00000298        0x4
                [!provide]                PROVIDE (__fini_array_start, .)
 *(SORT(.fini_array.*))
 *(.fini_array*)
 .fini_array    0x00000298        0x4 c:/program files (x86)/atollic/truestudio for arm 6.0.0/armtools/bin/../lib/gcc/arm-atollic-eabi/5.3.1/armv7-m/crtbegin.o
                [!provide]                PROVIDE (__fini_array_end, .)
                0x0000029c                _sidata = LOADADDR (.data)

.data           0x10000000        0x0 load address 0x0000029c
                0x10000000                . = ALIGN (0x4)
                0x10000000                _sdata = .
 *(.data)
 *(.data*)
                0x10000000                . = ALIGN (0x4)
                0x10000000                _edata = .

.igot.plt       0x10000000        0x0 load address 0x0000029c
 .igot.plt      0x10000000        0x0 c:/program files (x86)/atollic/truestudio for arm 6.0.0/armtools/bin/../lib/gcc/arm-atollic-eabi/5.3.1/armv7-m/crtbegin.o

.co_stack       0x10000000      0x400 load address 0x0000029c
 .co_stack      0x10000000      0x400 ChipSpecific\LandTiger2\cmsis_boot\startup\startup_LPC17xx.o
                0x10000000                pulStack
                0x10000400                . = ALIGN (0x4)

.bss            0x10000400       0x20 load address 0x0000069c
                0x10000400                _sbss = .
                0x10000400                __bss_start__ = _sbss
 *(.bss)
 .bss           0x10000400       0x1c c:/program files (x86)/atollic/truestudio for arm 6.0.0/armtools/bin/../lib/gcc/arm-atollic-eabi/5.3.1/armv7-m/crtbegin.o
 *(.bss*)
 *(COMMON)
 COMMON         0x1000041c        0x4 ChipSpecific\LandTiger2\kit1768\kit1768.o
                0x1000041c                SysTickCounter
                0x10000420                . = ALIGN (0x4)
                0x10000420                _ebss = .
                0x10000420                __bss_end__ = _ebss

._user_heap_stack
                0x10000420      0x100 load address 0x0000069c
                0x10000420                . = ALIGN (0x4)
                0x10000420                PROVIDE (end, .)
                [!provide]                PROVIDE (_end, .)
                0x10000420                . = (. + _Min_Heap_Size)
                0x10000520                . = (. + _Min_Stack_Size)
 *fill*         0x10000420      0x100 
                0x10000520                . = ALIGN (0x4)

.memory_b1_text
 *(.mb1text)
 *(.mb1text*)
 *(.mb1rodata)
 *(.mb1rodata*)

/DISCARD/
 libc.a(*)
 libm.a(*)
 libgcc.a(*)

.ARM.attributes
                0x00000000       0x29
 *(.ARM.attributes)
 .ARM.attributes
                0x00000000       0x1d c:/program files (x86)/atollic/truestudio for arm 6.0.0/armtools/bin/../lib/gcc/arm-atollic-eabi/5.3.1/armv7-m/crti.o
 .ARM.attributes
                0x0000001d       0x2d c:/program files (x86)/atollic/truestudio for arm 6.0.0/armtools/bin/../lib/gcc/arm-atollic-eabi/5.3.1/armv7-m/crtbegin.o
 .ARM.attributes
                0x0000004a       0x33 ChipSpecific\LandTiger2\cmsis_boot\startup\startup_LPC17xx.o
 .ARM.attributes
                0x0000007d       0x33 ChipSpecific\LandTiger2\cmsis_boot\system_LPC17xx.o
 .ARM.attributes
                0x000000b0       0x33 ChipSpecific\LandTiger2\kit1768\kit1768.o
 .ARM.attributes
                0x000000e3       0x33 main.o
 .ARM.attributes
                0x00000116       0x1d c:/program files (x86)/atollic/truestudio for arm 6.0.0/armtools/bin/../lib/gcc/arm-atollic-eabi/5.3.1/armv7-m/crtn.o
OUTPUT(M3WebBackbone.elf elf32-littlearm)

.debug_info     0x00000000      0xfd9
 .debug_info    0x00000000      0x118 ChipSpecific\LandTiger2\cmsis_boot\startup\startup_LPC17xx.o
 .debug_info    0x00000118      0x4df ChipSpecific\LandTiger2\cmsis_boot\system_LPC17xx.o
 .debug_info    0x000005f7      0x9a0 ChipSpecific\LandTiger2\kit1768\kit1768.o
 .debug_info    0x00000f97       0x42 main.o

.debug_abbrev   0x00000000      0x432
 .debug_abbrev  0x00000000       0xe3 ChipSpecific\LandTiger2\cmsis_boot\startup\startup_LPC17xx.o
 .debug_abbrev  0x000000e3      0x103 ChipSpecific\LandTiger2\cmsis_boot\system_LPC17xx.o
 .debug_abbrev  0x000001e6      0x215 ChipSpecific\LandTiger2\kit1768\kit1768.o
 .debug_abbrev  0x000003fb       0x37 main.o

.debug_loc      0x00000000      0x5fa
 .debug_loc     0x00000000       0x2b ChipSpecific\LandTiger2\cmsis_boot\startup\startup_LPC17xx.o
 .debug_loc     0x0000002b      0x5cf ChipSpecific\LandTiger2\kit1768\kit1768.o

.debug_aranges  0x00000000       0xf0
 .debug_aranges
                0x00000000       0x28 ChipSpecific\LandTiger2\cmsis_boot\startup\startup_LPC17xx.o
 .debug_aranges
                0x00000028       0x28 ChipSpecific\LandTiger2\cmsis_boot\system_LPC17xx.o
 .debug_aranges
                0x00000050       0x80 ChipSpecific\LandTiger2\kit1768\kit1768.o
 .debug_aranges
                0x000000d0       0x20 main.o

.debug_ranges   0x00000000       0xc8
 .debug_ranges  0x00000000       0x18 ChipSpecific\LandTiger2\cmsis_boot\startup\startup_LPC17xx.o
 .debug_ranges  0x00000018       0x18 ChipSpecific\LandTiger2\cmsis_boot\system_LPC17xx.o
 .debug_ranges  0x00000030       0x88 ChipSpecific\LandTiger2\kit1768\kit1768.o
 .debug_ranges  0x000000b8       0x10 main.o

.debug_line     0x00000000      0x70b
 .debug_line    0x00000000       0x8c ChipSpecific\LandTiger2\cmsis_boot\startup\startup_LPC17xx.o
 .debug_line    0x0000008c      0x23c ChipSpecific\LandTiger2\cmsis_boot\system_LPC17xx.o
 .debug_line    0x000002c8      0x40b ChipSpecific\LandTiger2\kit1768\kit1768.o
 .debug_line    0x000006d3       0x38 main.o

.debug_str      0x00000000      0x5ff
 .debug_str     0x00000000      0x16e ChipSpecific\LandTiger2\cmsis_boot\startup\startup_LPC17xx.o
                                0x180 (size before relaxing)
 .debug_str     0x0000016e      0x277 ChipSpecific\LandTiger2\cmsis_boot\system_LPC17xx.o
                                0x38c (size before relaxing)
 .debug_str     0x000003e5      0x210 ChipSpecific\LandTiger2\kit1768\kit1768.o
                                0x37c (size before relaxing)
 .debug_str     0x000005f5        0xa main.o
                                 0xc3 (size before relaxing)

.comment        0x00000000       0x7e
 .comment       0x00000000       0x7e ChipSpecific\LandTiger2\cmsis_boot\startup\startup_LPC17xx.o
                                 0x7f (size before relaxing)
 .comment       0x0000007e       0x7f ChipSpecific\LandTiger2\cmsis_boot\system_LPC17xx.o
 .comment       0x0000007e       0x7f ChipSpecific\LandTiger2\kit1768\kit1768.o
 .comment       0x0000007e       0x7f main.o

.debug_frame    0x00000000      0x1f4
 .debug_frame   0x00000000       0x3c ChipSpecific\LandTiger2\cmsis_boot\startup\startup_LPC17xx.o
 .debug_frame   0x0000003c       0x48 ChipSpecific\LandTiger2\cmsis_boot\system_LPC17xx.o
 .debug_frame   0x00000084      0x150 ChipSpecific\LandTiger2\kit1768\kit1768.o
 .debug_frame   0x000001d4       0x20 main.o

Cross Reference Table

Symbol                                            File
ADC_IRQHandler                                    ChipSpecific\LandTiger2\cmsis_boot\startup\startup_LPC17xx.o
BOD_IRQHandler                                    ChipSpecific\LandTiger2\cmsis_boot\startup\startup_LPC17xx.o
BusFault_Handler                                  ChipSpecific\LandTiger2\cmsis_boot\startup\startup_LPC17xx.o
CANActivity_IRQHandler                            ChipSpecific\LandTiger2\cmsis_boot\startup\startup_LPC17xx.o
CAN_IRQHandler                                    ChipSpecific\LandTiger2\cmsis_boot\startup\startup_LPC17xx.o
CLKPWR_ConfigPPWR                                 ChipSpecific\LandTiger2\lpc17xx_lib\source\lpc17xx_clkpwr.o
                                                  ChipSpecific\LandTiger2\lpc17xx_lib\source\lpc17xx_emac.o
CLKPWR_DeepPowerDown                              ChipSpecific\LandTiger2\lpc17xx_lib\source\lpc17xx_clkpwr.o
CLKPWR_DeepSleep                                  ChipSpecific\LandTiger2\lpc17xx_lib\source\lpc17xx_clkpwr.o
CLKPWR_GetPCLK                                    ChipSpecific\LandTiger2\lpc17xx_lib\source\lpc17xx_clkpwr.o
CLKPWR_GetPCLKSEL                                 ChipSpecific\LandTiger2\lpc17xx_lib\source\lpc17xx_clkpwr.o
CLKPWR_PowerDown                                  ChipSpecific\LandTiger2\lpc17xx_lib\source\lpc17xx_clkpwr.o
CLKPWR_SetPCLKDiv                                 ChipSpecific\LandTiger2\lpc17xx_lib\source\lpc17xx_clkpwr.o
CLKPWR_Sleep                                      ChipSpecific\LandTiger2\lpc17xx_lib\source\lpc17xx_clkpwr.o
DMA_IRQHandler                                    ChipSpecific\LandTiger2\cmsis_boot\startup\startup_LPC17xx.o
DebugMon_Handler                                  ChipSpecific\LandTiger2\cmsis_boot\startup\startup_LPC17xx.o
Default_Reset_Handler                             ChipSpecific\LandTiger2\cmsis_boot\startup\startup_LPC17xx.o
EINT0_IRQHandler                                  ChipSpecific\LandTiger2\cmsis_boot\startup\startup_LPC17xx.o
EINT1_IRQHandler                                  ChipSpecific\LandTiger2\cmsis_boot\startup\startup_LPC17xx.o
EINT2_IRQHandler                                  ChipSpecific\LandTiger2\cmsis_boot\startup\startup_LPC17xx.o
EINT3_IRQHandler                                  ChipSpecific\LandTiger2\cmsis_boot\startup\startup_LPC17xx.o
EMAC_CheckPHYStatus                               ChipSpecific\LandTiger2\lpc17xx_lib\source\lpc17xx_emac.o
EMAC_CheckReceiveDataStatus                       ChipSpecific\LandTiger2\lpc17xx_lib\source\lpc17xx_emac.o
EMAC_CheckReceiveIndex                            ChipSpecific\LandTiger2\lpc17xx_lib\source\lpc17xx_emac.o
EMAC_CheckTransmitIndex                           ChipSpecific\LandTiger2\lpc17xx_lib\source\lpc17xx_emac.o
EMAC_DeInit                                       ChipSpecific\LandTiger2\lpc17xx_lib\source\lpc17xx_emac.o
EMAC_GetReceiveDataSize                           ChipSpecific\LandTiger2\lpc17xx_lib\source\lpc17xx_emac.o
EMAC_GetWoLStatus                                 ChipSpecific\LandTiger2\lpc17xx_lib\source\lpc17xx_emac.o
EMAC_Init                                         ChipSpecific\LandTiger2\lpc17xx_lib\source\lpc17xx_emac.o
EMAC_IntCmd                                       ChipSpecific\LandTiger2\lpc17xx_lib\source\lpc17xx_emac.o
EMAC_IntGetStatus                                 ChipSpecific\LandTiger2\lpc17xx_lib\source\lpc17xx_emac.o
EMAC_ReadPacketBuffer                             ChipSpecific\LandTiger2\lpc17xx_lib\source\lpc17xx_emac.o
EMAC_SetFilterMode                                ChipSpecific\LandTiger2\lpc17xx_lib\source\lpc17xx_emac.o
EMAC_SetHashFilter                                ChipSpecific\LandTiger2\lpc17xx_lib\source\lpc17xx_emac.o
EMAC_SetPHYMode                                   ChipSpecific\LandTiger2\lpc17xx_lib\source\lpc17xx_emac.o
EMAC_UpdatePHYStatus                              ChipSpecific\LandTiger2\lpc17xx_lib\source\lpc17xx_emac.o
EMAC_UpdateRxConsumeIndex                         ChipSpecific\LandTiger2\lpc17xx_lib\source\lpc17xx_emac.o
EMAC_UpdateTxProduceIndex                         ChipSpecific\LandTiger2\lpc17xx_lib\source\lpc17xx_emac.o
EMAC_WritePacketBuffer                            ChipSpecific\LandTiger2\lpc17xx_lib\source\lpc17xx_emac.o
EMAC_clkdiv                                       ChipSpecific\LandTiger2\lpc17xx_lib\source\lpc17xx_emac.o
ENET_IRQHandler                                   ChipSpecific\LandTiger2\cmsis_boot\startup\startup_LPC17xx.o
FF_Assert_Lock                                    FreeRTOS-Plus-FAT\ff_locking.o
                                                  FreeRTOS-Plus-FAT\ff_fat.o
FF_BlockRead                                      FreeRTOS-Plus-FAT\ff_ioman.o
                                                  FreeRTOS-Plus-FAT\ff_file.o
FF_BlockWrite                                     FreeRTOS-Plus-FAT\ff_ioman.o
                                                  FreeRTOS-Plus-FAT\ff_format.o
                                                  FreeRTOS-Plus-FAT\ff_file.o
                                                  FreeRTOS-Plus-FAT\ff_fat.o
FF_BufferProceed                                  FreeRTOS-Plus-FAT\ff_locking.o
                                                  FreeRTOS-Plus-FAT\ff_ioman.o
FF_BufferWait                                     FreeRTOS-Plus-FAT\ff_locking.o
                                                  FreeRTOS-Plus-FAT\ff_ioman.o
FF_BytesLeft                                      FreeRTOS-Plus-FAT\ff_file.o
FF_CheckValid                                     FreeRTOS-Plus-FAT\ff_file.o
                                                  FreeRTOS-Plus-FAT\ff_stdio.o
FF_CleanupEntryFetch                              FreeRTOS-Plus-FAT\ff_dir.o
                                                  FreeRTOS-Plus-FAT\ff_file.o
FF_ClearCluster                                   FreeRTOS-Plus-FAT\ff_fat.o
                                                  FreeRTOS-Plus-FAT\ff_dir.o
FF_Close                                          FreeRTOS-Plus-FAT\ff_file.o
                                                  FreeRTOS-Plus-FAT\ff_stdio.o
FF_Cluster2LBA                                    FreeRTOS-Plus-FAT\ff_fat.o
                                                  FreeRTOS-Plus-FAT\ff_file.o
                                                  FreeRTOS-Plus-FAT\ff_dir.o
FF_CountFreeClusters                              FreeRTOS-Plus-FAT\ff_fat.o
                                                  FreeRTOS-Plus-FAT\ff_ioman.o
                                                  FreeRTOS-Plus-FAT\ff_dir.o
FF_CreateClusterChain                             FreeRTOS-Plus-FAT\ff_fat.o
                                                  FreeRTOS-Plus-FAT\ff_file.o
                                                  FreeRTOS-Plus-FAT\ff_dir.o
FF_CreateDirent                                   FreeRTOS-Plus-FAT\ff_dir.o
                                                  FreeRTOS-Plus-FAT\ff_file.o
FF_CreateEvents                                   FreeRTOS-Plus-FAT\ff_locking.o
                                                  FreeRTOS-Plus-FAT\ff_ioman.o
FF_CreateFile                                     FreeRTOS-Plus-FAT\ff_dir.o
                                                  FreeRTOS-Plus-FAT\ff_file.o
FF_CreateIOManger                                 FreeRTOS-Plus-FAT\ff_ioman.o
                                                  FreeRTOS-Plus-FAT\portable\common\ff_ramdisk.o
FF_CreateShortName                                FreeRTOS-Plus-FAT\ff_dir.o
                                                  FreeRTOS-Plus-FAT\ff_stdio.o
                                                  FreeRTOS-Plus-FAT\ff_file.o
FF_DecreaseFreeClusters                           FreeRTOS-Plus-FAT\ff_ioman.o
                                                  FreeRTOS-Plus-FAT\ff_file.o
                                                  FreeRTOS-Plus-FAT\ff_fat.o
                                                  FreeRTOS-Plus-FAT\ff_dir.o
FF_DeleteIOManager                                FreeRTOS-Plus-FAT\ff_ioman.o
                                                  FreeRTOS-Plus-FAT\portable\common\ff_ramdisk.o
FF_Device_Close                                   FreeRTOS-Plus-FAT\ff_dev_support.o
                                                  FreeRTOS-Plus-FAT\ff_stdio.o
FF_Device_GetDirEnt                               FreeRTOS-Plus-FAT\ff_dev_support.o
                                                  FreeRTOS-Plus-FAT\ff_stdio.o
FF_Device_Open                                    FreeRTOS-Plus-FAT\ff_dev_support.o
                                                  FreeRTOS-Plus-FAT\ff_stdio.o
FF_Device_Read                                    FreeRTOS-Plus-FAT\ff_dev_support.o
                                                  FreeRTOS-Plus-FAT\ff_stdio.o
FF_Device_Seek                                    FreeRTOS-Plus-FAT\ff_dev_support.o
                                                  FreeRTOS-Plus-FAT\ff_stdio.o
FF_Device_Write                                   FreeRTOS-Plus-FAT\ff_dev_support.o
                                                  FreeRTOS-Plus-FAT\ff_stdio.o
FF_ExtendDirectory                                FreeRTOS-Plus-FAT\ff_dir.o
FF_FS_Add                                         FreeRTOS-Plus-FAT\ff_sys.o
                                                  FreeRTOS-Plus-FAT\portable\common\ff_ramdisk.o
FF_FS_Count                                       FreeRTOS-Plus-FAT\ff_sys.o
                                                  FreeRTOS-Plus-FAT\ff_stdio.o
FF_FS_Find                                        FreeRTOS-Plus-FAT\ff_sys.o
                                                  FreeRTOS-Plus-FAT\ff_stdio.o
FF_FS_Get                                         FreeRTOS-Plus-FAT\ff_sys.o
                                                  FreeRTOS-Plus-FAT\ff_stdio.o
FF_FS_Init                                        FreeRTOS-Plus-FAT\ff_sys.o
FF_FS_Remove                                      FreeRTOS-Plus-FAT\ff_sys.o
FF_FetchEntryWithContext                          FreeRTOS-Plus-FAT\ff_dir.o
                                                  FreeRTOS-Plus-FAT\ff_file.o
FF_FileSize                                       FreeRTOS-Plus-FAT\ff_file.o
                                                  FreeRTOS-Plus-FAT\ff_stdio.o
FF_FindDir                                        FreeRTOS-Plus-FAT\ff_dir.o
                                                  FreeRTOS-Plus-FAT\ff_stdio.o
                                                  FreeRTOS-Plus-FAT\ff_file.o
FF_FindEndOfChain                                 FreeRTOS-Plus-FAT\ff_fat.o
                                                  FreeRTOS-Plus-FAT\ff_file.o
                                                  FreeRTOS-Plus-FAT\ff_dir.o
FF_FindEntryInDir                                 FreeRTOS-Plus-FAT\ff_dir.o
                                                  FreeRTOS-Plus-FAT\ff_stdio.o
                                                  FreeRTOS-Plus-FAT\ff_file.o
FF_FindFirst                                      FreeRTOS-Plus-FAT\ff_dir.o
                                                  FreeRTOS-Plus-FAT\ff_stdio.o
                                                  FreeRTOS-Plus-FAT\ff_file.o
FF_FindFreeCluster                                FreeRTOS-Plus-FAT\ff_fat.o
                                                  FreeRTOS-Plus-FAT\ff_ioman.o
                                                  FreeRTOS-Plus-FAT\ff_file.o
                                                  FreeRTOS-Plus-FAT\ff_dir.o
FF_FindNext                                       FreeRTOS-Plus-FAT\ff_dir.o
                                                  FreeRTOS-Plus-FAT\ff_stdio.o
                                                  FreeRTOS-Plus-FAT\ff_file.o
FF_FindShortName                                  FreeRTOS-Plus-FAT\ff_dir.o
FF_FlushCache                                     FreeRTOS-Plus-FAT\ff_ioman.o
                                                  FreeRTOS-Plus-FAT\portable\common\ff_ramdisk.o
                                                  FreeRTOS-Plus-FAT\ff_format.o
                                                  FreeRTOS-Plus-FAT\ff_file.o
                                                  FreeRTOS-Plus-FAT\ff_dir.o
FF_Format                                         FreeRTOS-Plus-FAT\ff_format.o
                                                  FreeRTOS-Plus-FAT\portable\common\ff_ramdisk.o
FF_GetBuffer                                      FreeRTOS-Plus-FAT\ff_ioman.o
                                                  FreeRTOS-Plus-FAT\ff_format.o
                                                  FreeRTOS-Plus-FAT\ff_fat.o
                                                  FreeRTOS-Plus-FAT\ff_dir.o
FF_GetC                                           FreeRTOS-Plus-FAT\ff_file.o
                                                  FreeRTOS-Plus-FAT\ff_stdio.o
FF_GetCRC16                                       FreeRTOS-Plus-FAT\ff_crc.o
                                                  FreeRTOS-Plus-FAT\ff_dir.o
FF_GetCRC32                                       FreeRTOS-Plus-FAT\ff_crc.o
                                                  FreeRTOS-Plus-FAT\ff_ioman.o
FF_GetCRC8                                        FreeRTOS-Plus-FAT\ff_crc.o
FF_GetChainLength                                 FreeRTOS-Plus-FAT\ff_fat.o
                                                  FreeRTOS-Plus-FAT\ff_file.o
                                                  FreeRTOS-Plus-FAT\ff_dir.o
FF_GetEntry                                       FreeRTOS-Plus-FAT\ff_dir.o
                                                  FreeRTOS-Plus-FAT\ff_file.o
FF_GetFreeSize                                    FreeRTOS-Plus-FAT\ff_fat.o
                                                  FreeRTOS-Plus-FAT\portable\common\ff_ramdisk.o
                                                  FreeRTOS-Plus-FAT\ff_stdio.o
FF_GetLine                                        FreeRTOS-Plus-FAT\ff_file.o
                                                  FreeRTOS-Plus-FAT\ff_stdio.o
FF_GetModeBits                                    FreeRTOS-Plus-FAT\ff_file.o
                                                  FreeRTOS-Plus-FAT\ff_stdio.o
FF_GetPartitionBlockSize                          FreeRTOS-Plus-FAT\ff_ioman.o
FF_GetUtf16SequenceLen                            FreeRTOS-Plus-FAT\ff_string.o
FF_GetVolumeSize                                  FreeRTOS-Plus-FAT\ff_ioman.o
FF_Has_Lock                                       FreeRTOS-Plus-FAT\ff_locking.o
                                                  FreeRTOS-Plus-FAT\ff_fat.o
FF_IOMAN_InitBufferDescriptors                    FreeRTOS-Plus-FAT\ff_ioman.o
                                                  FreeRTOS-Plus-FAT\ff_format.o
FF_IncreaseFreeClusters                           FreeRTOS-Plus-FAT\ff_ioman.o
                                                  FreeRTOS-Plus-FAT\ff_fat.o
FF_InitEntryFetch                                 FreeRTOS-Plus-FAT\ff_dir.o
                                                  FreeRTOS-Plus-FAT\ff_file.o
FF_Invalidate                                     FreeRTOS-Plus-FAT\ff_file.o
FF_LockDirectory                                  FreeRTOS-Plus-FAT\ff_locking.o
                                                  FreeRTOS-Plus-FAT\ff_file.o
                                                  FreeRTOS-Plus-FAT\ff_dir.o
FF_LockFAT                                        FreeRTOS-Plus-FAT\ff_locking.o
                                                  FreeRTOS-Plus-FAT\ff_ioman.o
                                                  FreeRTOS-Plus-FAT\ff_file.o
                                                  FreeRTOS-Plus-FAT\ff_fat.o
                                                  FreeRTOS-Plus-FAT\ff_dir.o
FF_MkDir                                          FreeRTOS-Plus-FAT\ff_dir.o
                                                  FreeRTOS-Plus-FAT\ff_stdio.o
FF_Mount                                          FreeRTOS-Plus-FAT\ff_ioman.o
                                                  FreeRTOS-Plus-FAT\portable\common\ff_ramdisk.o
FF_Move                                           FreeRTOS-Plus-FAT\ff_file.o
                                                  FreeRTOS-Plus-FAT\ff_stdio.o
FF_Open                                           FreeRTOS-Plus-FAT\ff_file.o
                                                  FreeRTOS-Plus-FAT\ff_stdio.o
FF_Partition                                      FreeRTOS-Plus-FAT\ff_format.o
                                                  FreeRTOS-Plus-FAT\portable\common\ff_ramdisk.o
FF_PartitionSearch                                FreeRTOS-Plus-FAT\ff_ioman.o
                                                  FreeRTOS-Plus-FAT\ff_format.o
FF_PendSemaphore                                  FreeRTOS-Plus-FAT\ff_locking.o
                                                  FreeRTOS-Plus-FAT\ff_ioman.o
                                                  FreeRTOS-Plus-FAT\ff_file.o
FF_PopulateLongDirent                             FreeRTOS-Plus-FAT\ff_dir.o
FF_PopulateShortDirent                            FreeRTOS-Plus-FAT\ff_dir.o
FF_PushEntryWithContext                           FreeRTOS-Plus-FAT\ff_dir.o
                                                  FreeRTOS-Plus-FAT\ff_file.o
FF_PutC                                           FreeRTOS-Plus-FAT\ff_file.o
                                                  FreeRTOS-Plus-FAT\ff_stdio.o
FF_PutEntry                                       FreeRTOS-Plus-FAT\ff_dir.o
                                                  FreeRTOS-Plus-FAT\ff_file.o
FF_RAMDiskDelete                                  FreeRTOS-Plus-FAT\portable\common\ff_ramdisk.o
FF_RAMDiskFlush                                   FreeRTOS-Plus-FAT\portable\common\ff_ramdisk.o
FF_RAMDiskInit                                    FreeRTOS-Plus-FAT\portable\common\ff_ramdisk.o
FF_RAMDiskShowPartition                           FreeRTOS-Plus-FAT\portable\common\ff_ramdisk.o
FF_Read                                           FreeRTOS-Plus-FAT\ff_file.o
                                                  FreeRTOS-Plus-FAT\ff_stdio.o
FF_ReadParts                                      FreeRTOS-Plus-FAT\ff_ioman.o
FF_ReleaseBuffer                                  FreeRTOS-Plus-FAT\ff_ioman.o
                                                  FreeRTOS-Plus-FAT\ff_format.o
                                                  FreeRTOS-Plus-FAT\ff_fat.o
                                                  FreeRTOS-Plus-FAT\ff_dir.o
FF_ReleaseFATBuffers                              FreeRTOS-Plus-FAT\ff_fat.o
                                                  FreeRTOS-Plus-FAT\ff_file.o
                                                  FreeRTOS-Plus-FAT\ff_dir.o
FF_ReleaseSemaphore                               FreeRTOS-Plus-FAT\ff_locking.o
                                                  FreeRTOS-Plus-FAT\ff_ioman.o
                                                  FreeRTOS-Plus-FAT\ff_file.o
FF_RmDir                                          FreeRTOS-Plus-FAT\ff_file.o
                                                  FreeRTOS-Plus-FAT\ff_stdio.o
FF_RmFile                                         FreeRTOS-Plus-FAT\ff_file.o
                                                  FreeRTOS-Plus-FAT\ff_stdio.o
FF_RmLFNs                                         FreeRTOS-Plus-FAT\ff_dir.o
                                                  FreeRTOS-Plus-FAT\ff_file.o
FF_Seek                                           FreeRTOS-Plus-FAT\ff_file.o
                                                  FreeRTOS-Plus-FAT\ff_stdio.o
FF_SetEof                                         FreeRTOS-Plus-FAT\ff_file.o
                                                  FreeRTOS-Plus-FAT\ff_stdio.o
FF_SetPerm                                        FreeRTOS-Plus-FAT\ff_file.o
FF_Sleep                                          FreeRTOS-Plus-FAT\ff_locking.o
FF_TraverseFAT                                    FreeRTOS-Plus-FAT\ff_fat.o
                                                  FreeRTOS-Plus-FAT\ff_file.o
                                                  FreeRTOS-Plus-FAT\ff_dir.o
FF_TrySemaphore                                   FreeRTOS-Plus-FAT\ff_locking.o
FF_UnlinkClusterChain                             FreeRTOS-Plus-FAT\ff_fat.o
                                                  FreeRTOS-Plus-FAT\ff_file.o
                                                  FreeRTOS-Plus-FAT\ff_dir.o
FF_UnlockDirectory                                FreeRTOS-Plus-FAT\ff_locking.o
                                                  FreeRTOS-Plus-FAT\ff_file.o
                                                  FreeRTOS-Plus-FAT\ff_dir.o
FF_UnlockFAT                                      FreeRTOS-Plus-FAT\ff_locking.o
                                                  FreeRTOS-Plus-FAT\ff_ioman.o
                                                  FreeRTOS-Plus-FAT\ff_file.o
                                                  FreeRTOS-Plus-FAT\ff_fat.o
                                                  FreeRTOS-Plus-FAT\ff_dir.o
FF_Unmount                                        FreeRTOS-Plus-FAT\ff_ioman.o
FF_Utf16ctoUtf8c                                  FreeRTOS-Plus-FAT\ff_string.o
                                                  FreeRTOS-Plus-FAT\ff_dir.o
FF_Utf8ctoUtf16c                                  FreeRTOS-Plus-FAT\ff_string.o
FF_Write                                          FreeRTOS-Plus-FAT\ff_file.o
                                                  FreeRTOS-Plus-FAT\ff_stdio.o
FF_getClusterChainNumber                          FreeRTOS-Plus-FAT\ff_fat.o
                                                  FreeRTOS-Plus-FAT\ff_file.o
                                                  FreeRTOS-Plus-FAT\ff_dir.o
FF_getClusterPosition                             FreeRTOS-Plus-FAT\ff_fat.o
                                                  FreeRTOS-Plus-FAT\ff_file.o
FF_getFATEntry                                    FreeRTOS-Plus-FAT\ff_fat.o
                                                  FreeRTOS-Plus-FAT\ff_file.o
FF_getMajorBlockNumber                            FreeRTOS-Plus-FAT\ff_fat.o
                                                  FreeRTOS-Plus-FAT\ff_file.o
                                                  FreeRTOS-Plus-FAT\ff_dir.o
FF_getMinorBlockEntry                             FreeRTOS-Plus-FAT\ff_fat.o
                                                  FreeRTOS-Plus-FAT\ff_file.o
                                                  FreeRTOS-Plus-FAT\ff_dir.o
FF_getMinorBlockNumber                            FreeRTOS-Plus-FAT\ff_fat.o
                                                  FreeRTOS-Plus-FAT\ff_file.o
                                                  FreeRTOS-Plus-FAT\ff_dir.o
FF_isDirEmpty                                     FreeRTOS-Plus-FAT\ff_file.o
                                                  FreeRTOS-Plus-FAT\ff_stdio.o
FF_isEOF                                          FreeRTOS-Plus-FAT\ff_file.o
FF_isEndOfChain                                   FreeRTOS-Plus-FAT\ff_fat.o
FF_putFATEntry                                    FreeRTOS-Plus-FAT\ff_fat.o
                                                  FreeRTOS-Plus-FAT\ff_file.o
                                                  FreeRTOS-Plus-FAT\ff_dir.o
FF_strmatch                                       FreeRTOS-Plus-FAT\ff_string.o
                                                  FreeRTOS-Plus-FAT\ff_stdio.o
                                                  FreeRTOS-Plus-FAT\ff_file.o
FF_strtok                                         FreeRTOS-Plus-FAT\ff_string.o
                                                  FreeRTOS-Plus-FAT\ff_dir.o
FF_tolower                                        FreeRTOS-Plus-FAT\ff_string.o
                                                  FreeRTOS-Plus-FAT\ff_dir.o
FF_toupper                                        FreeRTOS-Plus-FAT\ff_string.o
FIO_ByteClearValue                                ChipSpecific\LandTiger2\lpc17xx_lib\source\lpc17xx_gpio.o
FIO_ByteReadValue                                 ChipSpecific\LandTiger2\lpc17xx_lib\source\lpc17xx_gpio.o
FIO_ByteSetDir                                    ChipSpecific\LandTiger2\lpc17xx_lib\source\lpc17xx_gpio.o
FIO_ByteSetMask                                   ChipSpecific\LandTiger2\lpc17xx_lib\source\lpc17xx_gpio.o
FIO_ByteSetValue                                  ChipSpecific\LandTiger2\lpc17xx_lib\source\lpc17xx_gpio.o
FIO_ClearInt                                      ChipSpecific\LandTiger2\lpc17xx_lib\source\lpc17xx_gpio.o
FIO_ClearValue                                    ChipSpecific\LandTiger2\lpc17xx_lib\source\lpc17xx_gpio.o
FIO_GetIntStatus                                  ChipSpecific\LandTiger2\lpc17xx_lib\source\lpc17xx_gpio.o
FIO_HalfWordClearValue                            ChipSpecific\LandTiger2\lpc17xx_lib\source\lpc17xx_gpio.o
FIO_HalfWordReadValue                             ChipSpecific\LandTiger2\lpc17xx_lib\source\lpc17xx_gpio.o
FIO_HalfWordSetDir                                ChipSpecific\LandTiger2\lpc17xx_lib\source\lpc17xx_gpio.o
FIO_HalfWordSetMask                               ChipSpecific\LandTiger2\lpc17xx_lib\source\lpc17xx_gpio.o
FIO_HalfWordSetValue                              ChipSpecific\LandTiger2\lpc17xx_lib\source\lpc17xx_gpio.o
FIO_IntCmd                                        ChipSpecific\LandTiger2\lpc17xx_lib\source\lpc17xx_gpio.o
FIO_ReadValue                                     ChipSpecific\LandTiger2\lpc17xx_lib\source\lpc17xx_gpio.o
FIO_SetDir                                        ChipSpecific\LandTiger2\lpc17xx_lib\source\lpc17xx_gpio.o
FIO_SetMask                                       ChipSpecific\LandTiger2\lpc17xx_lib\source\lpc17xx_gpio.o
FIO_SetValue                                      ChipSpecific\LandTiger2\lpc17xx_lib\source\lpc17xx_gpio.o
FreeRTOS_ClearARP                                 FreeRTOS-Plus-TCP\FreeRTOS_ARP.o
FreeRTOS_CreateSocketSet                          FreeRTOS-Plus-TCP\FreeRTOS_Sockets.o
                                                  FreeRTOS-Plus-TCP\protocols\Common\FreeRTOS_TCP_server.o
FreeRTOS_CreateTCPServer                          FreeRTOS-Plus-TCP\protocols\Common\FreeRTOS_TCP_server.o
FreeRTOS_DeleteSocketSet                          FreeRTOS-Plus-TCP\FreeRTOS_Sockets.o
                                                  FreeRTOS-Plus-TCP\protocols\Common\FreeRTOS_TCP_server.o
FreeRTOS_FD_CLR                                   FreeRTOS-Plus-TCP\FreeRTOS_Sockets.o
                                                  FreeRTOS-Plus-TCP\protocols\HTTP\FreeRTOS_HTTP_server.o
FreeRTOS_FD_ISSET                                 FreeRTOS-Plus-TCP\FreeRTOS_Sockets.o
FreeRTOS_FD_SET                                   FreeRTOS-Plus-TCP\FreeRTOS_Sockets.o
                                                  FreeRTOS-Plus-TCP\protocols\HTTP\FreeRTOS_HTTP_server.o
                                                  FreeRTOS-Plus-TCP\protocols\Common\FreeRTOS_TCP_server.o
FreeRTOS_GetAddressConfiguration                  FreeRTOS-Plus-TCP\FreeRTOS_IP.o
FreeRTOS_GetDNSServerAddress                      FreeRTOS-Plus-TCP\FreeRTOS_IP.o
FreeRTOS_GetGatewayAddress                        FreeRTOS-Plus-TCP\FreeRTOS_IP.o
FreeRTOS_GetIPAddress                             FreeRTOS-Plus-TCP\FreeRTOS_IP.o
                                                  FreeRTOS-Plus-TCP\protocols\Common\FreeRTOS_TCP_server.o
FreeRTOS_GetLocalAddress                          FreeRTOS-Plus-TCP\FreeRTOS_Sockets.o
FreeRTOS_GetMACAddress                            FreeRTOS-Plus-TCP\FreeRTOS_IP.o
FreeRTOS_GetNetmask                               FreeRTOS-Plus-TCP\FreeRTOS_IP.o
FreeRTOS_GetRemoteAddress                         FreeRTOS-Plus-TCP\FreeRTOS_Sockets.o
FreeRTOS_GetUDPPayloadBuffer                      FreeRTOS-Plus-TCP\FreeRTOS_IP.o
FreeRTOS_IPInit                                   FreeRTOS-Plus-TCP\FreeRTOS_IP.o
FreeRTOS_IsNetworkUp                              FreeRTOS-Plus-TCP\FreeRTOS_IP.o
FreeRTOS_NetworkDown                              FreeRTOS-Plus-TCP\FreeRTOS_IP.o
FreeRTOS_NetworkDownFromISR                       FreeRTOS-Plus-TCP\FreeRTOS_IP.o
FreeRTOS_OutputARPRequest                         FreeRTOS-Plus-TCP\FreeRTOS_ARP.o
                                                  FreeRTOS-Plus-TCP\FreeRTOS_TCP_IP.o
FreeRTOS_ReleaseUDPPayloadBuffer                  FreeRTOS-Plus-TCP\FreeRTOS_IP.o
FreeRTOS_SetAddressConfiguration                  FreeRTOS-Plus-TCP\FreeRTOS_IP.o
FreeRTOS_SetGatewayAddress                        FreeRTOS-Plus-TCP\FreeRTOS_IP.o
FreeRTOS_SetIPAddress                             FreeRTOS-Plus-TCP\FreeRTOS_IP.o
FreeRTOS_SetNetmask                               FreeRTOS-Plus-TCP\FreeRTOS_IP.o
FreeRTOS_TCPServerWork                            FreeRTOS-Plus-TCP\protocols\Common\FreeRTOS_TCP_server.o
FreeRTOS_accept                                   FreeRTOS-Plus-TCP\FreeRTOS_Sockets.o
                                                  FreeRTOS-Plus-TCP\protocols\Common\FreeRTOS_TCP_server.o
FreeRTOS_bind                                     FreeRTOS-Plus-TCP\FreeRTOS_Sockets.o
                                                  FreeRTOS-Plus-TCP\protocols\Common\FreeRTOS_TCP_server.o
FreeRTOS_closesocket                              FreeRTOS-Plus-TCP\FreeRTOS_Sockets.o
                                                  FreeRTOS-Plus-TCP\protocols\HTTP\FreeRTOS_HTTP_server.o
                                                  FreeRTOS-Plus-TCP\protocols\Common\FreeRTOS_TCP_server.o
                                                  FreeRTOS-Plus-TCP\FreeRTOS_TCP_IP.o
FreeRTOS_connect                                  FreeRTOS-Plus-TCP\FreeRTOS_Sockets.o
FreeRTOS_connstatus                               FreeRTOS-Plus-TCP\FreeRTOS_Sockets.o
FreeRTOS_get_rx_buf                               FreeRTOS-Plus-TCP\FreeRTOS_Sockets.o
FreeRTOS_get_tx_head                              FreeRTOS-Plus-TCP\FreeRTOS_Sockets.o
FreeRTOS_inet_addr                                FreeRTOS-Plus-TCP\FreeRTOS_Sockets.o
FreeRTOS_issocketconnected                        FreeRTOS-Plus-TCP\FreeRTOS_Sockets.o
FreeRTOS_listen                                   FreeRTOS-Plus-TCP\FreeRTOS_Sockets.o
                                                  FreeRTOS-Plus-TCP\protocols\Common\FreeRTOS_TCP_server.o
FreeRTOS_maywrite                                 FreeRTOS-Plus-TCP\FreeRTOS_Sockets.o
FreeRTOS_mss                                      FreeRTOS-Plus-TCP\FreeRTOS_Sockets.o
FreeRTOS_netstat                                  FreeRTOS-Plus-TCP\FreeRTOS_Sockets.o
FreeRTOS_recv                                     FreeRTOS-Plus-TCP\FreeRTOS_Sockets.o
                                                  FreeRTOS-Plus-TCP\protocols\HTTP\FreeRTOS_HTTP_server.o
FreeRTOS_recvfrom                                 FreeRTOS-Plus-TCP\FreeRTOS_Sockets.o
FreeRTOS_rx_size                                  FreeRTOS-Plus-TCP\FreeRTOS_Sockets.o
FreeRTOS_select                                   FreeRTOS-Plus-TCP\FreeRTOS_Sockets.o
                                                  FreeRTOS-Plus-TCP\protocols\Common\FreeRTOS_TCP_server.o
FreeRTOS_send                                     FreeRTOS-Plus-TCP\FreeRTOS_Sockets.o
                                                  FreeRTOS-Plus-TCP\protocols\HTTP\FreeRTOS_HTTP_server.o
FreeRTOS_sendto                                   FreeRTOS-Plus-TCP\FreeRTOS_Sockets.o
FreeRTOS_setsockopt                               FreeRTOS-Plus-TCP\FreeRTOS_Sockets.o
                                                  FreeRTOS-Plus-TCP\protocols\Common\FreeRTOS_TCP_server.o
FreeRTOS_shutdown                                 FreeRTOS-Plus-TCP\FreeRTOS_Sockets.o
FreeRTOS_socket                                   FreeRTOS-Plus-TCP\FreeRTOS_Sockets.o
                                                  FreeRTOS-Plus-TCP\protocols\Common\FreeRTOS_TCP_server.o
                                                  FreeRTOS-Plus-TCP\FreeRTOS_TCP_IP.o
FreeRTOS_tx_size                                  FreeRTOS-Plus-TCP\FreeRTOS_Sockets.o
FreeRTOS_tx_space                                 FreeRTOS-Plus-TCP\FreeRTOS_Sockets.o
                                                  FreeRTOS-Plus-TCP\protocols\HTTP\FreeRTOS_HTTP_server.o
GPIO_ClearInt                                     ChipSpecific\LandTiger2\lpc17xx_lib\source\lpc17xx_gpio.o
GPIO_ClearValue                                   ChipSpecific\LandTiger2\lpc17xx_lib\source\lpc17xx_gpio.o
                                                  ChipSpecific\LandTiger2\kit1768\kit1768.o
GPIO_GetIntStatus                                 ChipSpecific\LandTiger2\lpc17xx_lib\source\lpc17xx_gpio.o
GPIO_IntCmd                                       ChipSpecific\LandTiger2\lpc17xx_lib\source\lpc17xx_gpio.o
GPIO_ReadValue                                    ChipSpecific\LandTiger2\lpc17xx_lib\source\lpc17xx_gpio.o
                                                  ChipSpecific\LandTiger2\kit1768\kit1768.o
GPIO_SetDir                                       ChipSpecific\LandTiger2\lpc17xx_lib\source\lpc17xx_gpio.o
                                                  ChipSpecific\LandTiger2\kit1768\kit1768.o
GPIO_SetValue                                     ChipSpecific\LandTiger2\lpc17xx_lib\source\lpc17xx_gpio.o
                                                  ChipSpecific\LandTiger2\kit1768\kit1768.o
HardFault_Handler                                 ChipSpecific\LandTiger2\cmsis_boot\startup\startup_LPC17xx.o
I2C0_IRQHandler                                   ChipSpecific\LandTiger2\cmsis_boot\startup\startup_LPC17xx.o
I2C1_IRQHandler                                   ChipSpecific\LandTiger2\cmsis_boot\startup\startup_LPC17xx.o
I2C2_IRQHandler                                   ChipSpecific\LandTiger2\cmsis_boot\startup\startup_LPC17xx.o
I2S_IRQHandler                                    ChipSpecific\LandTiger2\cmsis_boot\startup\startup_LPC17xx.o
KIT1768_10msDelay                                 ChipSpecific\LandTiger2\kit1768\kit1768.o
KIT1768_Alle_Led_Aus                              ChipSpecific\LandTiger2\kit1768\kit1768.o
KIT1768_Alle_Led_Ein                              ChipSpecific\LandTiger2\kit1768\kit1768.o
KIT1768_Init                                      ChipSpecific\LandTiger2\kit1768\kit1768.o
KIT1768_Led_Aus                                   ChipSpecific\LandTiger2\kit1768\kit1768.o
KIT1768_Led_Ein                                   ChipSpecific\LandTiger2\kit1768\kit1768.o
KIT1768_Led_Enable                                ChipSpecific\LandTiger2\kit1768\kit1768.o
KIT1768_Lese_Alle_Schalter                        ChipSpecific\LandTiger2\kit1768\kit1768.o
KIT1768_Lese_Alle_Tasten                          ChipSpecific\LandTiger2\kit1768\kit1768.o
KIT1768_Lese_Schalter                             ChipSpecific\LandTiger2\kit1768\kit1768.o
KIT1768_Lese_Taste                                ChipSpecific\LandTiger2\kit1768\kit1768.o
KIT1768_Segment_Ein                               ChipSpecific\LandTiger2\kit1768\kit1768.o
MCPWM_IRQHandler                                  ChipSpecific\LandTiger2\cmsis_boot\startup\startup_LPC17xx.o
MemManage_Handler                                 ChipSpecific\LandTiger2\cmsis_boot\startup\startup_LPC17xx.o
NMI_Handler                                       ChipSpecific\LandTiger2\cmsis_boot\startup\startup_LPC17xx.o
PINSEL_ConfigPin                                  ChipSpecific\LandTiger2\lpc17xx_lib\source\lpc17xx_pinsel.o
PINSEL_ConfigTraceFunc                            ChipSpecific\LandTiger2\lpc17xx_lib\source\lpc17xx_pinsel.o
PINSEL_SetI2C0Pins                                ChipSpecific\LandTiger2\lpc17xx_lib\source\lpc17xx_pinsel.o
PLL0_IRQHandler                                   ChipSpecific\LandTiger2\cmsis_boot\startup\startup_LPC17xx.o
PLL1_IRQHandler                                   ChipSpecific\LandTiger2\cmsis_boot\startup\startup_LPC17xx.o
PWM1_IRQHandler                                   ChipSpecific\LandTiger2\cmsis_boot\startup\startup_LPC17xx.o
PendSV_Handler                                    ChipSpecific\LandTiger2\cmsis_boot\startup\startup_LPC17xx.o
QEI_IRQHandler                                    ChipSpecific\LandTiger2\cmsis_boot\startup\startup_LPC17xx.o
RIT_IRQHandler                                    ChipSpecific\LandTiger2\cmsis_boot\startup\startup_LPC17xx.o
RTC_IRQHandler                                    ChipSpecific\LandTiger2\cmsis_boot\startup\startup_LPC17xx.o
Reset_Handler                                     ChipSpecific\LandTiger2\cmsis_boot\startup\startup_LPC17xx.o
SEGMENT_TABLE                                     ChipSpecific\LandTiger2\kit1768\kit1768.o
SPI_IRQHandler                                    ChipSpecific\LandTiger2\cmsis_boot\startup\startup_LPC17xx.o
SSP0_IRQHandler                                   ChipSpecific\LandTiger2\cmsis_boot\startup\startup_LPC17xx.o
SSP1_IRQHandler                                   ChipSpecific\LandTiger2\cmsis_boot\startup\startup_LPC17xx.o
SVC_Handler                                       ChipSpecific\LandTiger2\cmsis_boot\startup\startup_LPC17xx.o
SysTickCounter                                    ChipSpecific\LandTiger2\kit1768\kit1768.o
SysTick_Handler                                   ChipSpecific\LandTiger2\kit1768\kit1768.o
                                                  ChipSpecific\LandTiger2\cmsis_boot\startup\startup_LPC17xx.o
SystemCoreClock                                   ChipSpecific\LandTiger2\cmsis_boot\system_LPC17xx.o
                                                  ChipSpecific\LandTiger2\lpc17xx_lib\source\lpc17xx_emac.o
                                                  ChipSpecific\LandTiger2\lpc17xx_lib\source\lpc17xx_clkpwr.o
SystemCoreClockUpdate                             ChipSpecific\LandTiger2\cmsis_boot\system_LPC17xx.o
SystemInit                                        ChipSpecific\LandTiger2\cmsis_boot\system_LPC17xx.o
                                                  ChipSpecific\LandTiger2\cmsis_boot\startup\startup_LPC17xx.o
TIMER0_IRQHandler                                 ChipSpecific\LandTiger2\cmsis_boot\startup\startup_LPC17xx.o
TIMER1_IRQHandler                                 ChipSpecific\LandTiger2\cmsis_boot\startup\startup_LPC17xx.o
TIMER2_IRQHandler                                 ChipSpecific\LandTiger2\cmsis_boot\startup\startup_LPC17xx.o
TIMER3_IRQHandler                                 ChipSpecific\LandTiger2\cmsis_boot\startup\startup_LPC17xx.o
UART0_IRQHandler                                  ChipSpecific\LandTiger2\cmsis_boot\startup\startup_LPC17xx.o
UART1_IRQHandler                                  ChipSpecific\LandTiger2\cmsis_boot\startup\startup_LPC17xx.o
UART2_IRQHandler                                  ChipSpecific\LandTiger2\cmsis_boot\startup\startup_LPC17xx.o
UART3_IRQHandler                                  ChipSpecific\LandTiger2\cmsis_boot\startup\startup_LPC17xx.o
USBActivity_IRQHandler                            ChipSpecific\LandTiger2\cmsis_boot\startup\startup_LPC17xx.o
USB_IRQHandler                                    ChipSpecific\LandTiger2\cmsis_boot\startup\startup_LPC17xx.o
UsageFault_Handler                                ChipSpecific\LandTiger2\cmsis_boot\startup\startup_LPC17xx.o
WDT_IRQHandler                                    ChipSpecific\LandTiger2\cmsis_boot\startup\startup_LPC17xx.o
__aeabi_idiv0                                     c:/program files (x86)/atollic/truestudio for arm 6.0.0/armtools/bin/../lib/gcc/arm-atollic-eabi/5.3.1/armv7-m\libgcc.a(_dvmd_tls.o)
__aeabi_ldiv0                                     c:/program files (x86)/atollic/truestudio for arm 6.0.0/armtools/bin/../lib/gcc/arm-atollic-eabi/5.3.1/armv7-m\libgcc.a(_dvmd_tls.o)
                                                  c:/program files (x86)/atollic/truestudio for arm 6.0.0/armtools/bin/../lib/gcc/arm-atollic-eabi/5.3.1/armv7-m\libgcc.a(_aeabi_uldivmod.o)
__aeabi_uldivmod                                  c:/program files (x86)/atollic/truestudio for arm 6.0.0/armtools/bin/../lib/gcc/arm-atollic-eabi/5.3.1/armv7-m\libgcc.a(_aeabi_uldivmod.o)
                                                  FreeRTOS-Plus-FAT\ff_format.o
__deregister_frame_info                           c:/program files (x86)/atollic/truestudio for arm 6.0.0/armtools/bin/../lib/gcc/arm-atollic-eabi/5.3.1/armv7-m/crtbegin.o
__dso_handle                                      c:/program files (x86)/atollic/truestudio for arm 6.0.0/armtools/bin/../lib/gcc/arm-atollic-eabi/5.3.1/armv7-m/crtbegin.o
__malloc_free_list                                c:/program files (x86)/atollic/truestudio for arm 6.0.0/armtools/bin/../lib/gcc/arm-atollic-eabi/5.3.1/../../../../arm-atollic-eabi/lib/armv7-m\libc_nano.a(lib_a-nano-mallocr.o)
                                                  c:/program files (x86)/atollic/truestudio for arm 6.0.0/armtools/bin/../lib/gcc/arm-atollic-eabi/5.3.1/../../../../arm-atollic-eabi/lib/armv7-m\libc_nano.a(lib_a-nano-freer.o)
__malloc_lock                                     c:/program files (x86)/atollic/truestudio for arm 6.0.0/armtools/bin/../lib/gcc/arm-atollic-eabi/5.3.1/../../../../arm-atollic-eabi/lib/armv7-m\libc_nano.a(lib_a-mlock.o)
                                                  c:/program files (x86)/atollic/truestudio for arm 6.0.0/armtools/bin/../lib/gcc/arm-atollic-eabi/5.3.1/../../../../arm-atollic-eabi/lib/armv7-m\libc_nano.a(lib_a-nano-mallocr.o)
                                                  c:/program files (x86)/atollic/truestudio for arm 6.0.0/armtools/bin/../lib/gcc/arm-atollic-eabi/5.3.1/../../../../arm-atollic-eabi/lib/armv7-m\libc_nano.a(lib_a-nano-freer.o)
__malloc_sbrk_start                               c:/program files (x86)/atollic/truestudio for arm 6.0.0/armtools/bin/../lib/gcc/arm-atollic-eabi/5.3.1/../../../../arm-atollic-eabi/lib/armv7-m\libc_nano.a(lib_a-nano-mallocr.o)
__malloc_unlock                                   c:/program files (x86)/atollic/truestudio for arm 6.0.0/armtools/bin/../lib/gcc/arm-atollic-eabi/5.3.1/../../../../arm-atollic-eabi/lib/armv7-m\libc_nano.a(lib_a-mlock.o)
                                                  c:/program files (x86)/atollic/truestudio for arm 6.0.0/armtools/bin/../lib/gcc/arm-atollic-eabi/5.3.1/../../../../arm-atollic-eabi/lib/armv7-m\libc_nano.a(lib_a-nano-mallocr.o)
                                                  c:/program files (x86)/atollic/truestudio for arm 6.0.0/armtools/bin/../lib/gcc/arm-atollic-eabi/5.3.1/../../../../arm-atollic-eabi/lib/armv7-m\libc_nano.a(lib_a-nano-freer.o)
__register_frame_info                             c:/program files (x86)/atollic/truestudio for arm 6.0.0/armtools/bin/../lib/gcc/arm-atollic-eabi/5.3.1/armv7-m/crtbegin.o
__sf_fake_stderr                                  c:/program files (x86)/atollic/truestudio for arm 6.0.0/armtools/bin/../lib/gcc/arm-atollic-eabi/5.3.1/../../../../arm-atollic-eabi/lib/armv7-m\libc_nano.a(lib_a-impure.o)
__sf_fake_stdin                                   c:/program files (x86)/atollic/truestudio for arm 6.0.0/armtools/bin/../lib/gcc/arm-atollic-eabi/5.3.1/../../../../arm-atollic-eabi/lib/armv7-m\libc_nano.a(lib_a-impure.o)
__sf_fake_stdout                                  c:/program files (x86)/atollic/truestudio for arm 6.0.0/armtools/bin/../lib/gcc/arm-atollic-eabi/5.3.1/../../../../arm-atollic-eabi/lib/armv7-m\libc_nano.a(lib_a-impure.o)
__ssprint_r                                       c:/program files (x86)/atollic/truestudio for arm 6.0.0/armtools/bin/../lib/gcc/arm-atollic-eabi/5.3.1/../../../../arm-atollic-eabi/lib/armv7-m\libc_nano.a(lib_a-nano-svfprintf.o)
__ssputs_r                                        c:/program files (x86)/atollic/truestudio for arm 6.0.0/armtools/bin/../lib/gcc/arm-atollic-eabi/5.3.1/../../../../arm-atollic-eabi/lib/armv7-m\libc_nano.a(lib_a-nano-svfprintf.o)
__udivmoddi4                                      c:/program files (x86)/atollic/truestudio for arm 6.0.0/armtools/bin/../lib/gcc/arm-atollic-eabi/5.3.1/armv7-m\libgcc.a(_udivmoddi4.o)
                                                  c:/program files (x86)/atollic/truestudio for arm 6.0.0/armtools/bin/../lib/gcc/arm-atollic-eabi/5.3.1/armv7-m\libgcc.a(_aeabi_uldivmod.o)
_ebss                                             ChipSpecific\LandTiger2\cmsis_boot\startup\startup_LPC17xx.o
_edata                                            ChipSpecific\LandTiger2\cmsis_boot\startup\startup_LPC17xx.o
_fini                                             c:/program files (x86)/atollic/truestudio for arm 6.0.0/armtools/bin/../lib/gcc/arm-atollic-eabi/5.3.1/armv7-m/crti.o
_free_r                                           c:/program files (x86)/atollic/truestudio for arm 6.0.0/armtools/bin/../lib/gcc/arm-atollic-eabi/5.3.1/../../../../arm-atollic-eabi/lib/armv7-m\libc_nano.a(lib_a-nano-freer.o)
                                                  c:/program files (x86)/atollic/truestudio for arm 6.0.0/armtools/bin/../lib/gcc/arm-atollic-eabi/5.3.1/../../../../arm-atollic-eabi/lib/armv7-m\libc_nano.a(lib_a-reent.o)
                                                  c:/program files (x86)/atollic/truestudio for arm 6.0.0/armtools/bin/../lib/gcc/arm-atollic-eabi/5.3.1/../../../../arm-atollic-eabi/lib/armv7-m\libc_nano.a(lib_a-nano-reallocr.o)
                                                  c:/program files (x86)/atollic/truestudio for arm 6.0.0/armtools/bin/../lib/gcc/arm-atollic-eabi/5.3.1/../../../../arm-atollic-eabi/lib/armv7-m\libc_nano.a(lib_a-nano-svfprintf.o)
                                                  c:/program files (x86)/atollic/truestudio for arm 6.0.0/armtools/bin/../lib/gcc/arm-atollic-eabi/5.3.1/../../../../arm-atollic-eabi/lib/armv7-m\libc_nano.a(lib_a-malloc.o)
_global_impure_ptr                                c:/program files (x86)/atollic/truestudio for arm 6.0.0/armtools/bin/../lib/gcc/arm-atollic-eabi/5.3.1/../../../../arm-atollic-eabi/lib/armv7-m\libc_nano.a(lib_a-impure.o)
_impure_ptr                                       c:/program files (x86)/atollic/truestudio for arm 6.0.0/armtools/bin/../lib/gcc/arm-atollic-eabi/5.3.1/../../../../arm-atollic-eabi/lib/armv7-m\libc_nano.a(lib_a-impure.o)
                                                  c:/program files (x86)/atollic/truestudio for arm 6.0.0/armtools/bin/../lib/gcc/arm-atollic-eabi/5.3.1/../../../../arm-atollic-eabi/lib/armv7-m\libc_nano.a(lib_a-reent.o)
                                                  c:/program files (x86)/atollic/truestudio for arm 6.0.0/armtools/bin/../lib/gcc/arm-atollic-eabi/5.3.1/../../../../arm-atollic-eabi/lib/armv7-m\libc_nano.a(lib_a-malloc.o)
                                                  c:/program files (x86)/atollic/truestudio for arm 6.0.0/armtools/bin/../lib/gcc/arm-atollic-eabi/5.3.1/../../../../arm-atollic-eabi/lib/armv7-m\libc_nano.a(lib_a-sprintf.o)
                                                  c:/program files (x86)/atollic/truestudio for arm 6.0.0/armtools/bin/../lib/gcc/arm-atollic-eabi/5.3.1/../../../../arm-atollic-eabi/lib/armv7-m\libc_nano.a(lib_a-snprintf.o)
                                                  c:/program files (x86)/atollic/truestudio for arm 6.0.0/armtools/bin/../lib/gcc/arm-atollic-eabi/5.3.1/../../../../arm-atollic-eabi/lib/armv7-m\libc_nano.a(lib_a-rand.o)
_init                                             c:/program files (x86)/atollic/truestudio for arm 6.0.0/armtools/bin/../lib/gcc/arm-atollic-eabi/5.3.1/armv7-m/crti.o
_malloc_r                                         c:/program files (x86)/atollic/truestudio for arm 6.0.0/armtools/bin/../lib/gcc/arm-atollic-eabi/5.3.1/../../../../arm-atollic-eabi/lib/armv7-m\libc_nano.a(lib_a-nano-mallocr.o)
                                                  c:/program files (x86)/atollic/truestudio for arm 6.0.0/armtools/bin/../lib/gcc/arm-atollic-eabi/5.3.1/../../../../arm-atollic-eabi/lib/armv7-m\libc_nano.a(lib_a-nano-reallocr.o)
                                                  c:/program files (x86)/atollic/truestudio for arm 6.0.0/armtools/bin/../lib/gcc/arm-atollic-eabi/5.3.1/../../../../arm-atollic-eabi/lib/armv7-m\libc_nano.a(lib_a-nano-svfprintf.o)
                                                  c:/program files (x86)/atollic/truestudio for arm 6.0.0/armtools/bin/../lib/gcc/arm-atollic-eabi/5.3.1/../../../../arm-atollic-eabi/lib/armv7-m\libc_nano.a(lib_a-malloc.o)
_malloc_usable_size_r                             c:/program files (x86)/atollic/truestudio for arm 6.0.0/armtools/bin/../lib/gcc/arm-atollic-eabi/5.3.1/../../../../arm-atollic-eabi/lib/armv7-m\libc_nano.a(lib_a-nano-msizer.o)
                                                  c:/program files (x86)/atollic/truestudio for arm 6.0.0/armtools/bin/../lib/gcc/arm-atollic-eabi/5.3.1/../../../../arm-atollic-eabi/lib/armv7-m\libc_nano.a(lib_a-nano-reallocr.o)
_printf_common                                    c:/program files (x86)/atollic/truestudio for arm 6.0.0/armtools/bin/../lib/gcc/arm-atollic-eabi/5.3.1/../../../../arm-atollic-eabi/lib/armv7-m\libc_nano.a(lib_a-nano-vfprintf_i.o)
_printf_float                                     c:/program files (x86)/atollic/truestudio for arm 6.0.0/armtools/bin/../lib/gcc/arm-atollic-eabi/5.3.1/../../../../arm-atollic-eabi/lib/armv7-m\libc_nano.a(lib_a-nano-svfprintf.o)
_printf_i                                         c:/program files (x86)/atollic/truestudio for arm 6.0.0/armtools/bin/../lib/gcc/arm-atollic-eabi/5.3.1/../../../../arm-atollic-eabi/lib/armv7-m\libc_nano.a(lib_a-nano-vfprintf_i.o)
                                                  c:/program files (x86)/atollic/truestudio for arm 6.0.0/armtools/bin/../lib/gcc/arm-atollic-eabi/5.3.1/../../../../arm-atollic-eabi/lib/armv7-m\libc_nano.a(lib_a-nano-svfprintf.o)
_realloc_r                                        c:/program files (x86)/atollic/truestudio for arm 6.0.0/armtools/bin/../lib/gcc/arm-atollic-eabi/5.3.1/../../../../arm-atollic-eabi/lib/armv7-m\libc_nano.a(lib_a-nano-reallocr.o)
                                                  c:/program files (x86)/atollic/truestudio for arm 6.0.0/armtools/bin/../lib/gcc/arm-atollic-eabi/5.3.1/../../../../arm-atollic-eabi/lib/armv7-m\libc_nano.a(lib_a-nano-svfprintf.o)
_reclaim_reent                                    c:/program files (x86)/atollic/truestudio for arm 6.0.0/armtools/bin/../lib/gcc/arm-atollic-eabi/5.3.1/../../../../arm-atollic-eabi/lib/armv7-m\libc_nano.a(lib_a-reent.o)
_sbrk                                             c:/program files (x86)/atollic/truestudio for arm 6.0.0/armtools/bin/../lib/gcc/arm-atollic-eabi/5.3.1/../../../../arm-atollic-eabi/lib/armv7-m\libnosys.a(sbrk.o)
                                                  c:/program files (x86)/atollic/truestudio for arm 6.0.0/armtools/bin/../lib/gcc/arm-atollic-eabi/5.3.1/../../../../arm-atollic-eabi/lib/armv7-m\libc_nano.a(lib_a-sbrkr.o)
_sbrk_r                                           c:/program files (x86)/atollic/truestudio for arm 6.0.0/armtools/bin/../lib/gcc/arm-atollic-eabi/5.3.1/../../../../arm-atollic-eabi/lib/armv7-m\libc_nano.a(lib_a-sbrkr.o)
                                                  c:/program files (x86)/atollic/truestudio for arm 6.0.0/armtools/bin/../lib/gcc/arm-atollic-eabi/5.3.1/../../../../arm-atollic-eabi/lib/armv7-m\libc_nano.a(lib_a-nano-mallocr.o)
_sbss                                             ChipSpecific\LandTiger2\cmsis_boot\startup\startup_LPC17xx.o
_sdata                                            ChipSpecific\LandTiger2\cmsis_boot\startup\startup_LPC17xx.o
_sidata                                           ChipSpecific\LandTiger2\cmsis_boot\startup\startup_LPC17xx.o
_siprintf_r                                       c:/program files (x86)/atollic/truestudio for arm 6.0.0/armtools/bin/../lib/gcc/arm-atollic-eabi/5.3.1/../../../../arm-atollic-eabi/lib/armv7-m\libc_nano.a(lib_a-sprintf.o)
_sniprintf_r                                      c:/program files (x86)/atollic/truestudio for arm 6.0.0/armtools/bin/../lib/gcc/arm-atollic-eabi/5.3.1/../../../../arm-atollic-eabi/lib/armv7-m\libc_nano.a(lib_a-snprintf.o)
_snprintf_r                                       c:/program files (x86)/atollic/truestudio for arm 6.0.0/armtools/bin/../lib/gcc/arm-atollic-eabi/5.3.1/../../../../arm-atollic-eabi/lib/armv7-m\libc_nano.a(lib_a-snprintf.o)
_sprintf_r                                        c:/program files (x86)/atollic/truestudio for arm 6.0.0/armtools/bin/../lib/gcc/arm-atollic-eabi/5.3.1/../../../../arm-atollic-eabi/lib/armv7-m\libc_nano.a(lib_a-sprintf.o)
_svfiprintf_r                                     c:/program files (x86)/atollic/truestudio for arm 6.0.0/armtools/bin/../lib/gcc/arm-atollic-eabi/5.3.1/../../../../arm-atollic-eabi/lib/armv7-m\libc_nano.a(lib_a-nano-svfprintf.o)
_svfprintf_r                                      c:/program files (x86)/atollic/truestudio for arm 6.0.0/armtools/bin/../lib/gcc/arm-atollic-eabi/5.3.1/../../../../arm-atollic-eabi/lib/armv7-m\libc_nano.a(lib_a-nano-svfprintf.o)
                                                  c:/program files (x86)/atollic/truestudio for arm 6.0.0/armtools/bin/../lib/gcc/arm-atollic-eabi/5.3.1/../../../../arm-atollic-eabi/lib/armv7-m\libc_nano.a(lib_a-sprintf.o)
                                                  c:/program files (x86)/atollic/truestudio for arm 6.0.0/armtools/bin/../lib/gcc/arm-atollic-eabi/5.3.1/../../../../arm-atollic-eabi/lib/armv7-m\libc_nano.a(lib_a-snprintf.o)
check_failed                                      ChipSpecific\LandTiger2\lpc17xx_lib\source\lpc17xx_libcfg_default.o
cleanup_glue                                      c:/program files (x86)/atollic/truestudio for arm 6.0.0/armtools/bin/../lib/gcc/arm-atollic-eabi/5.3.1/../../../../arm-atollic-eabi/lib/armv7-m\libc_nano.a(lib_a-reent.o)
crc32_table                                       FreeRTOS-Plus-FAT\ff_crc.o
eARPGetCacheEntry                                 FreeRTOS-Plus-TCP\FreeRTOS_ARP.o
                                                  FreeRTOS-Plus-TCP\FreeRTOS_UDP_IP.o
                                                  FreeRTOS-Plus-TCP\FreeRTOS_TCP_IP.o
eARPProcessPacket                                 FreeRTOS-Plus-TCP\FreeRTOS_ARP.o
                                                  FreeRTOS-Plus-TCP\FreeRTOS_IP.o
eConsiderFrameForProcessing                       FreeRTOS-Plus-TCP\FreeRTOS_IP.o
end                                               c:/program files (x86)/atollic/truestudio for arm 6.0.0/armtools/bin/../lib/gcc/arm-atollic-eabi/5.3.1/../../../../arm-atollic-eabi/lib/armv7-m\libnosys.a(sbrk.o)
errno                                             c:/program files (x86)/atollic/truestudio for arm 6.0.0/armtools/bin/../lib/gcc/arm-atollic-eabi/5.3.1/../../../../arm-atollic-eabi/lib/armv7-m\libc_nano.a(lib_a-reent.o)
                                                  c:/program files (x86)/atollic/truestudio for arm 6.0.0/armtools/bin/../lib/gcc/arm-atollic-eabi/5.3.1/../../../../arm-atollic-eabi/lib/armv7-m\libc_nano.a(lib_a-sbrkr.o)
ff_chdir                                          FreeRTOS-Plus-FAT\ff_stdio.o
ff_diskfree                                       FreeRTOS-Plus-FAT\ff_stdio.o
ff_fclose                                         FreeRTOS-Plus-FAT\ff_stdio.o
                                                  FreeRTOS-Plus-TCP\protocols\HTTP\FreeRTOS_HTTP_server.o
ff_feof                                           FreeRTOS-Plus-FAT\ff_stdio.o
ff_fgetc                                          FreeRTOS-Plus-FAT\ff_stdio.o
ff_fgets                                          FreeRTOS-Plus-FAT\ff_stdio.o
ff_filelength                                     FreeRTOS-Plus-FAT\ff_stdio.o
ff_finddir                                        FreeRTOS-Plus-FAT\ff_stdio.o
ff_findfirst                                      FreeRTOS-Plus-FAT\ff_stdio.o
ff_findnext                                       FreeRTOS-Plus-FAT\ff_stdio.o
ff_fopen                                          FreeRTOS-Plus-FAT\ff_stdio.o
                                                  FreeRTOS-Plus-TCP\protocols\HTTP\FreeRTOS_HTTP_server.o
ff_fputc                                          FreeRTOS-Plus-FAT\ff_stdio.o
ff_fread                                          FreeRTOS-Plus-FAT\ff_stdio.o
                                                  FreeRTOS-Plus-TCP\protocols\HTTP\FreeRTOS_HTTP_server.o
ff_fseek                                          FreeRTOS-Plus-FAT\ff_stdio.o
ff_ftell                                          FreeRTOS-Plus-FAT\ff_stdio.o
ff_fwrite                                         FreeRTOS-Plus-FAT\ff_stdio.o
ff_getcwd                                         FreeRTOS-Plus-FAT\ff_stdio.o
ff_isdirempty                                     FreeRTOS-Plus-FAT\ff_stdio.o
ff_mkdir                                          FreeRTOS-Plus-FAT\ff_stdio.o
ff_remove                                         FreeRTOS-Plus-FAT\ff_stdio.o
ff_rename                                         FreeRTOS-Plus-FAT\ff_stdio.o
ff_rewind                                         FreeRTOS-Plus-FAT\ff_stdio.o
ff_rmdir                                          FreeRTOS-Plus-FAT\ff_stdio.o
ff_seteof                                         FreeRTOS-Plus-FAT\ff_stdio.o
ff_stat                                           FreeRTOS-Plus-FAT\ff_stdio.o
ff_truncate                                       FreeRTOS-Plus-FAT\ff_stdio.o
free                                              c:/program files (x86)/atollic/truestudio for arm 6.0.0/armtools/bin/../lib/gcc/arm-atollic-eabi/5.3.1/../../../../arm-atollic-eabi/lib/armv7-m\libc_nano.a(lib_a-malloc.o)
g_pfnVectors                                      ChipSpecific\LandTiger2\cmsis_boot\startup\startup_LPC17xx.o
lTCPAddRxdata                                     FreeRTOS-Plus-TCP\FreeRTOS_Sockets.o
                                                  FreeRTOS-Plus-TCP\FreeRTOS_TCP_IP.o
lTCPWindowRxCheck                                 FreeRTOS-Plus-TCP\FreeRTOS_TCP_WIN.o
                                                  FreeRTOS-Plus-TCP\FreeRTOS_TCP_IP.o
lTCPWindowTxAdd                                   FreeRTOS-Plus-TCP\FreeRTOS_TCP_WIN.o
                                                  FreeRTOS-Plus-TCP\FreeRTOS_TCP_IP.o
main                                              main.o
                                                  ChipSpecific\LandTiger2\cmsis_boot\startup\startup_LPC17xx.o
malloc                                            c:/program files (x86)/atollic/truestudio for arm 6.0.0/armtools/bin/../lib/gcc/arm-atollic-eabi/5.3.1/../../../../arm-atollic-eabi/lib/armv7-m\libc_nano.a(lib_a-malloc.o)
                                                  c:/program files (x86)/atollic/truestudio for arm 6.0.0/armtools/bin/../lib/gcc/arm-atollic-eabi/5.3.1/../../../../arm-atollic-eabi/lib/armv7-m\libc_nano.a(lib_a-rand.o)
memchr                                            c:/program files (x86)/atollic/truestudio for arm 6.0.0/armtools/bin/../lib/gcc/arm-atollic-eabi/5.3.1/../../../../arm-atollic-eabi/lib/armv7-m\libc_nano.a(lib_a-memchr-stub.o)
                                                  c:/program files (x86)/atollic/truestudio for arm 6.0.0/armtools/bin/../lib/gcc/arm-atollic-eabi/5.3.1/../../../../arm-atollic-eabi/lib/armv7-m\libc_nano.a(lib_a-nano-vfprintf_i.o)
                                                  c:/program files (x86)/atollic/truestudio for arm 6.0.0/armtools/bin/../lib/gcc/arm-atollic-eabi/5.3.1/../../../../arm-atollic-eabi/lib/armv7-m\libc_nano.a(lib_a-nano-svfprintf.o)
memcmp                                            c:/program files (x86)/atollic/truestudio for arm 6.0.0/armtools/bin/../lib/gcc/arm-atollic-eabi/5.3.1/../../../../arm-atollic-eabi/lib/armv7-m\libc_nano.a(lib_a-memcmp.o)
                                                  FreeRTOS-Plus-TCP\protocols\HTTP\FreeRTOS_HTTP_server.o
                                                  FreeRTOS-Plus-TCP\FreeRTOS_IP.o
                                                  FreeRTOS-Plus-TCP\FreeRTOS_ARP.o
                                                  FreeRTOS-Plus-FAT\ff_sys.o
                                                  FreeRTOS-Plus-FAT\ff_ioman.o
                                                  FreeRTOS-Plus-FAT\ff_dir.o
                                                  FreeRTOS-Plus-FAT\ff_dev_support.o
memcpy                                            c:/program files (x86)/atollic/truestudio for arm 6.0.0/armtools/bin/../lib/gcc/arm-atollic-eabi/5.3.1/../../../../arm-atollic-eabi/lib/armv7-m\libc_nano.a(lib_a-memcpy-stub.o)
                                                  c:/program files (x86)/atollic/truestudio for arm 6.0.0/armtools/bin/../lib/gcc/arm-atollic-eabi/5.3.1/../../../../arm-atollic-eabi/lib/armv7-m\libc_nano.a(lib_a-nano-reallocr.o)
                                                  c:/program files (x86)/atollic/truestudio for arm 6.0.0/armtools/bin/../lib/gcc/arm-atollic-eabi/5.3.1/../../../../arm-atollic-eabi/lib/armv7-m\libc_nano.a(lib_a-nano-svfprintf.o)
                                                  FreeRTOS-Plus-TCP\protocols\Common\FreeRTOS_TCP_server.o
                                                  FreeRTOS-Plus-TCP\portable\BufferManagement\BufferAllocation_2.o
                                                  FreeRTOS-Plus-TCP\FreeRTOS_TCP_IP.o
                                                  FreeRTOS-Plus-TCP\FreeRTOS_Stream_Buffer.o
                                                  FreeRTOS-Plus-TCP\FreeRTOS_Sockets.o
                                                  FreeRTOS-Plus-TCP\FreeRTOS_IP.o
                                                  FreeRTOS-Plus-FAT\portable\common\ff_ramdisk.o
                                                  FreeRTOS-Plus-FAT\ff_string.o
                                                  FreeRTOS-Plus-FAT\ff_stdio.o
                                                  FreeRTOS-Plus-FAT\ff_file.o
                                                  FreeRTOS-Plus-FAT\ff_dir.o
                                                  FreeRTOS\Source\queue.o
memmove                                           c:/program files (x86)/atollic/truestudio for arm 6.0.0/armtools/bin/../lib/gcc/arm-atollic-eabi/5.3.1/../../../../arm-atollic-eabi/lib/armv7-m\libc_nano.a(lib_a-memmove.o)
                                                  c:/program files (x86)/atollic/truestudio for arm 6.0.0/armtools/bin/../lib/gcc/arm-atollic-eabi/5.3.1/../../../../arm-atollic-eabi/lib/armv7-m\libc_nano.a(lib_a-nano-svfprintf.o)
                                                  FreeRTOS-Plus-TCP\FreeRTOS_IP.o
memset                                            c:/program files (x86)/atollic/truestudio for arm 6.0.0/armtools/bin/../lib/gcc/arm-atollic-eabi/5.3.1/../../../../arm-atollic-eabi/lib/armv7-m\libc_nano.a(lib_a-memset.o)
                                                  FreeRTOS-Plus-TCP\protocols\Common\FreeRTOS_TCP_server.o
                                                  FreeRTOS-Plus-TCP\FreeRTOS_TCP_WIN.o
                                                  FreeRTOS-Plus-TCP\FreeRTOS_TCP_IP.o
                                                  FreeRTOS-Plus-TCP\FreeRTOS_Sockets.o
                                                  FreeRTOS-Plus-TCP\FreeRTOS_ARP.o
                                                  FreeRTOS-Plus-FAT\portable\common\ff_ramdisk.o
                                                  FreeRTOS-Plus-FAT\ff_sys.o
                                                  FreeRTOS-Plus-FAT\ff_stdio.o
                                                  FreeRTOS-Plus-FAT\ff_ioman.o
                                                  FreeRTOS-Plus-FAT\ff_format.o
                                                  FreeRTOS-Plus-FAT\ff_file.o
                                                  FreeRTOS-Plus-FAT\ff_fat.o
                                                  FreeRTOS-Plus-FAT\ff_dir.o
pcDevicePath                                      FreeRTOS-Plus-FAT\ff_dev_support.o
pcQueueGetName                                    FreeRTOS\Source\queue.o
pcTaskGetName                                     FreeRTOS\Source\tasks.o
pcTimerGetName                                    FreeRTOS\Source\timers.o
prvGetFromFATBuffers                              FreeRTOS-Plus-FAT\ff_fat.o
pucGetNetworkBuffer                               FreeRTOS-Plus-TCP\portable\BufferManagement\BufferAllocation_2.o
pulStack                                          ChipSpecific\LandTiger2\cmsis_boot\startup\startup_LPC17xx.o
pvPortMalloc                                      FreeRTOS\Source\portable\MemMang\heap_2.o
                                                  FreeRTOS-Plus-TCP\protocols\Common\FreeRTOS_TCP_server.o
                                                  FreeRTOS-Plus-TCP\portable\BufferManagement\BufferAllocation_2.o
                                                  FreeRTOS-Plus-TCP\FreeRTOS_TCP_WIN.o
                                                  FreeRTOS-Plus-TCP\FreeRTOS_Sockets.o
                                                  FreeRTOS-Plus-FAT\portable\common\ff_ramdisk.o
                                                  FreeRTOS-Plus-FAT\ff_stdio.o
                                                  FreeRTOS-Plus-FAT\ff_ioman.o
                                                  FreeRTOS-Plus-FAT\ff_format.o
                                                  FreeRTOS-Plus-FAT\ff_file.o
                                                  FreeRTOS\Source\timers.o
                                                  FreeRTOS\Source\tasks.o
                                                  FreeRTOS\Source\queue.o
                                                  FreeRTOS\Source\event_groups.o
pvTaskGetThreadLocalStoragePointer                FreeRTOS\Source\tasks.o
                                                  FreeRTOS-Plus-FAT\ff_stdio.o
pvTaskIncrementMutexHeldCount                     FreeRTOS\Source\tasks.o
                                                  FreeRTOS\Source\queue.o
pvTimerGetTimerID                                 FreeRTOS\Source\timers.o
pxCurrentTCB                                      FreeRTOS\Source\tasks.o
                                                  FreeRTOS\Source\portable\GCC\ARM_CM3\port.o
pxDuplicateNetworkBufferWithDescriptor            FreeRTOS-Plus-TCP\FreeRTOS_IP.o
pxFindFile                                        FreeRTOS-Plus-FAT\ff_dev_support.o
pxGetNetworkBufferWithDescriptor                  FreeRTOS-Plus-TCP\portable\BufferManagement\BufferAllocation_2.o
                                                  FreeRTOS-Plus-TCP\FreeRTOS_TCP_IP.o
                                                  FreeRTOS-Plus-TCP\FreeRTOS_Sockets.o
                                                  FreeRTOS-Plus-TCP\FreeRTOS_IP.o
                                                  FreeRTOS-Plus-TCP\FreeRTOS_ARP.o
pxPortInitialiseStack                             FreeRTOS\Source\portable\GCC\ARM_CM3\port.o
                                                  FreeRTOS\Source\tasks.o
pxResizeNetworkBufferWithDescriptor               FreeRTOS-Plus-TCP\portable\BufferManagement\BufferAllocation_2.o
pxTCPSocketLookup                                 FreeRTOS-Plus-TCP\FreeRTOS_Sockets.o
                                                  FreeRTOS-Plus-TCP\FreeRTOS_TCP_IP.o
pxUDPPayloadBuffer_to_NetworkBuffer               FreeRTOS-Plus-TCP\FreeRTOS_IP.o
                                                  FreeRTOS-Plus-TCP\FreeRTOS_Sockets.o
pxUDPSocketLookup                                 FreeRTOS-Plus-TCP\FreeRTOS_Sockets.o
                                                  FreeRTOS-Plus-TCP\FreeRTOS_UDP_IP.o
rand                                              c:/program files (x86)/atollic/truestudio for arm 6.0.0/armtools/bin/../lib/gcc/arm-atollic-eabi/5.3.1/../../../../arm-atollic-eabi/lib/armv7-m\libc_nano.a(lib_a-rand.o)
                                                  FreeRTOS-Plus-TCP\FreeRTOS_Sockets.o
                                                  FreeRTOS-Plus-FAT\ff_format.o
siprintf                                          c:/program files (x86)/atollic/truestudio for arm 6.0.0/armtools/bin/../lib/gcc/arm-atollic-eabi/5.3.1/../../../../arm-atollic-eabi/lib/armv7-m\libc_nano.a(lib_a-sprintf.o)
sniprintf                                         c:/program files (x86)/atollic/truestudio for arm 6.0.0/armtools/bin/../lib/gcc/arm-atollic-eabi/5.3.1/../../../../arm-atollic-eabi/lib/armv7-m\libc_nano.a(lib_a-snprintf.o)
snprintf                                          c:/program files (x86)/atollic/truestudio for arm 6.0.0/armtools/bin/../lib/gcc/arm-atollic-eabi/5.3.1/../../../../arm-atollic-eabi/lib/armv7-m\libc_nano.a(lib_a-snprintf.o)
                                                  FreeRTOS-Plus-TCP\protocols\HTTP\FreeRTOS_HTTP_server.o
                                                  FreeRTOS-Plus-FAT\ff_stdio.o
                                                  FreeRTOS-Plus-FAT\ff_dev_support.o
sprintf                                           c:/program files (x86)/atollic/truestudio for arm 6.0.0/armtools/bin/../lib/gcc/arm-atollic-eabi/5.3.1/../../../../arm-atollic-eabi/lib/armv7-m\libc_nano.a(lib_a-sprintf.o)
                                                  FreeRTOS-Plus-FAT\ff_dir.o
srand                                             c:/program files (x86)/atollic/truestudio for arm 6.0.0/armtools/bin/../lib/gcc/arm-atollic-eabi/5.3.1/../../../../arm-atollic-eabi/lib/armv7-m\libc_nano.a(lib_a-rand.o)
strcasecmp                                        FreeRTOS-Plus-FAT\ff_dir.o
                                                  FreeRTOS-Plus-TCP\protocols\HTTP\FreeRTOS_HTTP_server.o
strchr                                            c:/program files (x86)/atollic/truestudio for arm 6.0.0/armtools/bin/../lib/gcc/arm-atollic-eabi/5.3.1/../../../../arm-atollic-eabi/lib/armv7-m\libc_nano.a(lib_a-strchr.o)
                                                  FreeRTOS-Plus-TCP\protocols\HTTP\FreeRTOS_HTTP_server.o
                                                  FreeRTOS-Plus-FAT\ff_dir.o
strcmp                                            c:/program files (x86)/atollic/truestudio for arm 6.0.0/armtools/bin/../lib/gcc/arm-atollic-eabi/5.3.1/../../../../arm-atollic-eabi/lib/armv7-m\libc_nano.a(lib_a-strcmp.o)
                                                  FreeRTOS-Plus-FAT\ff_stdio.o
                                                  FreeRTOS-Plus-FAT\ff_file.o
                                                  FreeRTOS-Plus-FAT\ff_dir.o
                                                  FreeRTOS-Plus-FAT\ff_dev_support.o
strcpy                                            c:/program files (x86)/atollic/truestudio for arm 6.0.0/armtools/bin/../lib/gcc/arm-atollic-eabi/5.3.1/../../../../arm-atollic-eabi/lib/armv7-m\libc_nano.a(lib_a-strcpy.o)
                                                  FreeRTOS-Plus-TCP\protocols\HTTP\FreeRTOS_HTTP_server.o
                                                  FreeRTOS-Plus-FAT\ff_stdio.o
                                                  FreeRTOS-Plus-FAT\ff_dir.o
strlen                                            c:/program files (x86)/atollic/truestudio for arm 6.0.0/armtools/bin/../lib/gcc/arm-atollic-eabi/5.3.1/../../../../arm-atollic-eabi/lib/armv7-m\libc_nano.a(lib_a-strlen.o)
                                                  FreeRTOS-Plus-TCP\protocols\Common\FreeRTOS_TCP_server.o
                                                  FreeRTOS-Plus-FAT\ff_sys.o
                                                  FreeRTOS-Plus-FAT\ff_string.o
                                                  FreeRTOS-Plus-FAT\ff_stdio.o
                                                  FreeRTOS-Plus-FAT\ff_file.o
                                                  FreeRTOS-Plus-FAT\ff_dir.o
                                                  FreeRTOS-Plus-FAT\ff_dev_support.o
strncpy                                           c:/program files (x86)/atollic/truestudio for arm 6.0.0/armtools/bin/../lib/gcc/arm-atollic-eabi/5.3.1/../../../../arm-atollic-eabi/lib/armv7-m\libc_nano.a(lib_a-strncpy.o)
                                                  FreeRTOS-Plus-FAT\ff_sys.o
                                                  FreeRTOS-Plus-FAT\ff_stdio.o
                                                  FreeRTOS-Plus-FAT\ff_file.o
                                                  FreeRTOS-Plus-FAT\ff_dir.o
ucAssumeFATType                                   FreeRTOS-Plus-FAT\ff_ioman.o
ucHeap                                            FreeRTOS\Source\portable\MemMang\heap_2.o
ulNextInitialSequenceNumber                       FreeRTOS-Plus-TCP\FreeRTOS_TCP_IP.o
                                                  FreeRTOS-Plus-TCP\FreeRTOS_Sockets.o
                                                  FreeRTOS-Plus-TCP\FreeRTOS_IP.o
ulTCPWindowTxAck                                  FreeRTOS-Plus-TCP\FreeRTOS_TCP_WIN.o
                                                  FreeRTOS-Plus-TCP\FreeRTOS_TCP_IP.o
ulTCPWindowTxGet                                  FreeRTOS-Plus-TCP\FreeRTOS_TCP_WIN.o
                                                  FreeRTOS-Plus-TCP\FreeRTOS_TCP_IP.o
ulTCPWindowTxSack                                 FreeRTOS-Plus-TCP\FreeRTOS_TCP_WIN.o
                                                  FreeRTOS-Plus-TCP\FreeRTOS_TCP_IP.o
ulTaskNotifyTake                                  FreeRTOS\Source\tasks.o
usGenerateChecksum                                FreeRTOS-Plus-TCP\FreeRTOS_IP.o
usGenerateProtocolChecksum                        FreeRTOS-Plus-TCP\FreeRTOS_IP.o
usPacketIdentifier                                FreeRTOS-Plus-TCP\FreeRTOS_IP.o
                                                  FreeRTOS-Plus-TCP\FreeRTOS_TCP_IP.o
uxGetMinimumFreeNetworkBuffers                    FreeRTOS-Plus-TCP\portable\BufferManagement\BufferAllocation_2.o
uxGetNumberOfFreeNetworkBuffers                   FreeRTOS-Plus-TCP\portable\BufferManagement\BufferAllocation_2.o
uxListRemove                                      FreeRTOS\Source\list.o
                                                  FreeRTOS-Plus-TCP\portable\BufferManagement\BufferAllocation_2.o
                                                  FreeRTOS-Plus-TCP\FreeRTOS_TCP_WIN.o
                                                  FreeRTOS-Plus-TCP\FreeRTOS_Sockets.o
                                                  FreeRTOS\Source\timers.o
                                                  FreeRTOS\Source\tasks.o
uxQueueMessagesWaiting                            FreeRTOS\Source\queue.o
                                                  FreeRTOS-Plus-TCP\FreeRTOS_IP.o
uxQueueMessagesWaitingFromISR                     FreeRTOS\Source\queue.o
uxQueueSpacesAvailable                            FreeRTOS\Source\queue.o
uxStreamBufferAdd                                 FreeRTOS-Plus-TCP\FreeRTOS_Stream_Buffer.o
                                                  FreeRTOS-Plus-TCP\FreeRTOS_Sockets.o
uxStreamBufferGet                                 FreeRTOS-Plus-TCP\FreeRTOS_Stream_Buffer.o
                                                  FreeRTOS-Plus-TCP\FreeRTOS_TCP_IP.o
                                                  FreeRTOS-Plus-TCP\FreeRTOS_Sockets.o
uxTaskGetNumberOfTasks                            FreeRTOS\Source\tasks.o
uxTaskPriorityGet                                 FreeRTOS\Source\tasks.o
uxTaskPriorityGetFromISR                          FreeRTOS\Source\tasks.o
uxTaskResetEventItemValue                         FreeRTOS\Source\tasks.o
                                                  FreeRTOS\Source\event_groups.o
vARPAgeCache                                      FreeRTOS-Plus-TCP\FreeRTOS_ARP.o
                                                  FreeRTOS-Plus-TCP\FreeRTOS_IP.o